Java HotSpot(TM) 64-Bit Server VM (25.60-b23) for linux-amd64 JRE (1.8.0_60-b27), built on Aug  4 2015 12:19:40 by "java_re" with gcc 4.3.0 20080428 (Red Hat 4.3.0-8)
Memory: 4k page, physical 16303120k(4397560k free), swap 3998716k(3513908k free)
CommandLine flags: -XX:InitialHeapSize=260849920 -XX:MaxHeapSize=4173598720 -XX:MaxNewSize=348966912 -XX:MaxTenuringThreshold=6 -XX:OldPLABSize=16 -XX:+PrintGC -XX:+PrintGCDateStamps -XX:+PrintGCDetails -XX:+PrintGCTimeStamps -XX:+UseCompressedClassPointers -XX:+UseCompressedOops -XX:+UseConcMarkSweepGC -XX:+UseParNewGC 
2018-01-06T18:56:06.313+0300: 0.150: [GC (Allocation Failure) 2018-01-06T18:56:06.313+0300: 0.150: [ParNew: 68273K->8511K(76800K), 0.0132430 secs] 68273K->64092K(247488K), 0.0133660 secs] [Times: user=0.01 sys=0.01, real=0.02 secs] 
2018-01-06T18:56:06.341+0300: 0.179: [GC (Allocation Failure) 2018-01-06T18:56:06.341+0300: 0.179: [ParNew: 76695K->8512K(76800K), 0.0262058 secs] 132276K->132188K(247488K), 0.0262854 secs] [Times: user=0.04 sys=0.01, real=0.03 secs] 
2018-01-06T18:56:06.368+0300: 0.206: [GC (CMS Initial Mark) [1 CMS-initial-mark: 123676K(170688K)] 132561K(247488K), 0.0003503 secs] [Times: user=0.00 sys=0.00, real=0.00 secs] 
2018-01-06T18:56:06.368+0300: 0.206: [CMS-concurrent-mark-start]
2018-01-06T18:56:06.392+0300: 0.230: [CMS-concurrent-mark: 0.024/0.024 secs] [Times: user=0.03 sys=0.00, real=0.02 secs] 
2018-01-06T18:56:06.392+0300: 0.230: [GC (Allocation Failure) 2018-01-06T18:56:06.392+0300: 0.230: [ParNew: 76477K->8508K(76800K), 0.0129427 secs] 200154K->199909K(268804K), 0.0130187 secs] [Times: user=0.02 sys=0.01, real=0.02 secs] 
2018-01-06T18:56:06.405+0300: 0.243: [CMS-concurrent-preclean-start]
2018-01-06T18:56:06.406+0300: 0.244: [CMS-concurrent-preclean: 0.001/0.001 secs] [Times: user=0.00 sys=0.00, real=0.00 secs] 
2018-01-06T18:56:06.406+0300: 0.244: [CMS-concurrent-abortable-preclean-start]
2018-01-06T18:56:06.419+0300: 0.257: [GC (Allocation Failure) 2018-01-06T18:56:06.419+0300: 0.257: [ParNew: 76741K->8512K(76800K), 0.0159925 secs] 268142K->267953K(336744K), 0.0160928 secs] [Times: user=0.03 sys=0.01, real=0.01 secs] 
2018-01-06T18:56:06.448+0300: 0.286: [GC (Allocation Failure) 2018-01-06T18:56:06.448+0300: 0.286: [ParNew: 76800K->8504K(76800K), 0.0156393 secs] 336241K->336009K(404864K), 0.0157213 secs] [Times: user=0.02 sys=0.01, real=0.02 secs] 
2018-01-06T18:56:06.476+0300: 0.314: [GC (Allocation Failure) 2018-01-06T18:56:06.476+0300: 0.314: [ParNew: 76244K->8509K(76800K), 0.0187746 secs] 403748K->403560K(472524K), 0.0188597 secs] [Times: user=0.03 sys=0.01, real=0.01 secs] 
2018-01-06T18:56:06.507+0300: 0.345: [GC (Allocation Failure) 2018-01-06T18:56:06.507+0300: 0.345: [ParNew: 76797K->8508K(76800K), 0.0160489 secs] 471848K->471680K(540576K), 0.0161478 secs] [Times: user=0.03 sys=0.02, real=0.02 secs] 
2018-01-06T18:56:06.536+0300: 0.374: [GC (Allocation Failure) 2018-01-06T18:56:06.536+0300: 0.374: [ParNew: 76594K->8509K(76800K), 0.0225988 secs] 539766K->539705K(608632K), 0.0226865 secs] [Times: user=0.04 sys=0.00, real=0.02 secs] 
2018-01-06T18:56:06.572+0300: 0.410: [GC (Allocation Failure) 2018-01-06T18:56:06.572+0300: 0.410: [ParNew: 76656K->8506K(76800K), 0.0124635 secs] 607851K->607751K(676692K), 0.0125593 secs] [Times: user=0.02 sys=0.02, real=0.02 secs] 
2018-01-06T18:56:06.597+0300: 0.435: [GC (Allocation Failure) 2018-01-06T18:56:06.598+0300: 0.435: [ParNew: 76562K->8511K(76800K), 0.0150233 secs] 675806K->675735K(744576K), 0.0151033 secs] [Times: user=0.03 sys=0.02, real=0.01 secs] 
2018-01-06T18:56:06.625+0300: 0.463: [GC (Allocation Failure) 2018-01-06T18:56:06.625+0300: 0.463: [ParNew: 76280K->8505K(76800K), 0.0148119 secs] 743503K->743394K(812188K), 0.0148945 secs] [Times: user=0.01 sys=0.02, real=0.01 secs] 
2018-01-06T18:56:06.653+0300: 0.491: [GC (Allocation Failure) 2018-01-06T18:56:06.653+0300: 0.491: [ParNew: 76318K->8488K(76800K), 0.0123141 secs] 811208K->811036K(879996K), 0.0124168 secs] [Times: user=0.02 sys=0.02, real=0.02 secs] 
2018-01-06T18:56:06.678+0300: 0.516: [GC (Allocation Failure) 2018-01-06T18:56:06.678+0300: 0.516: [ParNew: 76288K->8509K(76800K), 0.0124090 secs] 878835K->878586K(947452K), 0.0124907 secs] [Times: user=0.02 sys=0.02, real=0.01 secs] 
2018-01-06T18:56:06.704+0300: 0.541: [GC (Allocation Failure) 2018-01-06T18:56:06.704+0300: 0.541: [ParNew: 76654K->8490K(76800K), 0.0131890 secs] 946731K->946685K(1015620K), 0.0132753 secs] [Times: user=0.03 sys=0.01, real=0.01 secs] 
2018-01-06T18:56:06.730+0300: 0.568: [GC (Allocation Failure) 2018-01-06T18:56:06.730+0300: 0.568: [ParNew: 76337K->8500K(76800K), 0.0168344 secs] 1014532K->1014413K(1083280K), 0.0169259 secs] [Times: user=0.03 sys=0.01, real=0.02 secs] 
2018-01-06T18:56:06.760+0300: 0.598: [GC (Allocation Failure) 2018-01-06T18:56:06.760+0300: 0.598: [ParNew: 76596K->8500K(76800K), 0.0186901 secs] 1082509K->1082374K(1151240K), 0.0187790 secs] [Times: user=0.04 sys=0.00, real=0.02 secs] 
2018-01-06T18:56:06.792+0300: 0.630: [GC (Allocation Failure) 2018-01-06T18:56:06.792+0300: 0.630: [ParNew: 76541K->8493K(76800K), 0.0135150 secs] 1150415K->1150294K(1219156K), 0.0135905 secs] [Times: user=0.03 sys=0.02, real=0.02 secs] 
2018-01-06T18:56:06.818+0300: 0.656: [GC (Allocation Failure) 2018-01-06T18:56:06.818+0300: 0.656: [ParNew: 76306K->8511K(76800K), 0.0174767 secs] 1218107K->1217943K(1286760K), 0.0175757 secs] [Times: user=0.03 sys=0.01, real=0.02 secs] 
2018-01-06T18:56:06.848+0300: 0.686: [GC (Allocation Failure) 2018-01-06T18:56:06.848+0300: 0.686: [ParNew: 76275K->8505K(76800K), 0.0146925 secs] 1285708K->1285619K(1354428K), 0.0147735 secs] [Times: user=0.02 sys=0.02, real=0.01 secs] 
2018-01-06T18:56:06.875+0300: 0.713: [GC (Allocation Failure) 2018-01-06T18:56:06.875+0300: 0.713: [ParNew: 76515K->8482K(76800K), 0.0132562 secs] 1353629K->1353599K(1422448K), 0.0133316 secs] [Times: user=0.03 sys=0.02, real=0.01 secs] 
2018-01-06T18:56:06.901+0300: 0.739: [GC (Allocation Failure) 2018-01-06T18:56:06.901+0300: 0.739: [ParNew: 76605K->8511K(76800K), 0.0135815 secs] 1421722K->1421632K(1490408K), 0.0136583 secs] [Times: user=0.03 sys=0.02, real=0.01 secs] 
2018-01-06T18:56:06.928+0300: 0.765: [GC (Allocation Failure) 2018-01-06T18:56:06.928+0300: 0.765: [ParNew: 76710K->8507K(76800K), 0.0147597 secs] 1489832K->1489567K(1558312K), 0.0148390 secs] [Times: user=0.02 sys=0.01, real=0.01 secs] 
2018-01-06T18:56:06.955+0300: 0.792: [GC (Allocation Failure) 2018-01-06T18:56:06.955+0300: 0.793: [ParNew: 76786K->8510K(76800K), 0.0125074 secs] 1557846K->1557788K(1626572K), 0.0126006 secs] [Times: user=0.03 sys=0.02, real=0.02 secs] 
2018-01-06T18:56:06.980+0300: 0.817: [GC (Allocation Failure) 2018-01-06T18:56:06.980+0300: 0.817: [ParNew: 76454K->8503K(76800K), 0.0133236 secs] 1625732K->1625544K(1694436K), 0.0134099 secs] [Times: user=0.02 sys=0.01, real=0.01 secs] 
2018-01-06T18:56:07.005+0300: 0.843: [GC (Allocation Failure) 2018-01-06T18:56:07.005+0300: 0.843: [ParNew: 76409K->8485K(76800K), 0.0126696 secs] 1693450K->1693337K(1762188K), 0.0127505 secs] [Times: user=0.04 sys=0.02, real=0.01 secs] 
2018-01-06T18:56:07.031+0300: 0.869: [GC (Allocation Failure) 2018-01-06T18:56:07.031+0300: 0.869: [ParNew: 76619K->8503K(76800K), 0.0137270 secs] 1761471K->1761404K(1830312K), 0.0138053 secs] [Times: user=0.03 sys=0.01, real=0.02 secs] 
2018-01-06T18:56:07.057+0300: 0.895: [GC (Allocation Failure) 2018-01-06T18:56:07.057+0300: 0.895: [ParNew: 76480K->8510K(76800K), 0.0137564 secs] 1829381K->1828968K(1897756K), 0.0138327 secs] [Times: user=0.02 sys=0.03, real=0.01 secs] 
2018-01-06T18:56:07.071+0300: 0.909: [CMS-concurrent-abortable-preclean: 0.091/0.665 secs] [Times: user=1.03 sys=0.37, real=0.66 secs] 
2018-01-06T18:56:07.071+0300: 0.909: [GC (CMS Final Remark) [YG occupancy: 8946 K (76800 K)]2018-01-06T18:56:07.071+0300: 0.909: [Rescan (parallel) , 0.0009059 secs]2018-01-06T18:56:07.072+0300: 0.910: [weak refs processing, 0.0000177 secs]2018-01-06T18:56:07.072+0300: 0.910: [class unloading, 0.0003477 secs]2018-01-06T18:56:07.072+0300: 0.910: [scrub symbol table, 0.0003265 secs]2018-01-06T18:56:07.073+0300: 0.911: [scrub string table, 0.0002141 secs][1 CMS-remark: 1820457K(1820956K)] 1829404K(1897756K), 0.0018950 secs] [Times: user=0.01 sys=0.00, real=0.00 secs] 
2018-01-06T18:56:07.073+0300: 0.911: [CMS-concurrent-sweep-start]
2018-01-06T18:56:07.073+0300: 0.911: [CMS-concurrent-sweep: 0.000/0.000 secs] [Times: user=0.00 sys=0.00, real=0.00 secs] 
2018-01-06T18:56:07.075+0300: 0.913: [CMS-concurrent-reset-start]
2018-01-06T18:56:07.090+0300: 0.928: [GC (Allocation Failure) 2018-01-06T18:56:07.090+0300: 0.928: [ParNew: 76611K->8502K(76800K), 0.0131002 secs] 1897062K->1896883K(3110888K), 0.0131946 secs] [Times: user=0.04 sys=0.01, real=0.02 secs] 
2018-01-06T18:56:07.104+0300: 0.941: [CMS-concurrent-reset: 0.016/0.029 secs] [Times: user=0.07 sys=0.02, real=0.04 secs] 
2018-01-06T18:56:07.116+0300: 0.954: [GC (Allocation Failure) 2018-01-06T18:56:07.116+0300: 0.954: [ParNew: 76526K->8510K(76800K), 0.0135651 secs] 1964908K->1964786K(3110888K), 0.0136509 secs] [Times: user=0.04 sys=0.01, real=0.01 secs] 
2018-01-06T18:56:07.130+0300: 0.968: [GC (CMS Initial Mark) [1 CMS-initial-mark: 1956275K(3034088K)] 1965534K(3110888K), 0.0001521 secs] [Times: user=0.00 sys=0.00, real=0.00 secs] 
2018-01-06T18:56:07.130+0300: 0.968: [CMS-concurrent-mark-start]
2018-01-06T18:56:07.154+0300: 0.992: [CMS-concurrent-mark: 0.024/0.024 secs] [Times: user=0.05 sys=0.00, real=0.02 secs] 
2018-01-06T18:56:07.154+0300: 0.992: [CMS-concurrent-preclean-start]
2018-01-06T18:56:07.159+0300: 0.997: [CMS-concurrent-preclean: 0.005/0.005 secs] [Times: user=0.02 sys=0.00, real=0.01 secs] 
2018-01-06T18:56:07.159+0300: 0.997: [CMS-concurrent-abortable-preclean-start]
2018-01-06T18:56:07.255+0300: 1.093: [GC (Allocation Failure) 2018-01-06T18:56:07.255+0300: 1.093: [ParNew2018-01-06T18:56:07.268+0300: 1.106: [CMS-concurrent-abortable-preclean: 0.005/0.109 secs] [Times: user=0.15 sys=0.01, real=0.11 secs] 
: 76798K->8510K(76800K), 0.0228568 secs] 2033074K->2008004K(3110888K), 0.0229415 secs] [Times: user=0.05 sys=0.00, real=0.03 secs] 
2018-01-06T18:56:07.278+0300: 1.116: [GC (CMS Final Remark) [YG occupancy: 8521 K (76800 K)]2018-01-06T18:56:07.278+0300: 1.116: [Rescan (parallel) , 0.0069073 secs]2018-01-06T18:56:07.285+0300: 1.123: [weak refs processing, 0.0000293 secs]2018-01-06T18:56:07.285+0300: 1.123: [class unloading, 0.0004215 secs]2018-01-06T18:56:07.285+0300: 1.123: [scrub symbol table, 0.0003128 secs]2018-01-06T18:56:07.286+0300: 1.123: [scrub string table, 0.0002149 secs][1 CMS-remark: 1999494K(3034088K)] 2008015K(3110888K), 0.0080016 secs] [Times: user=0.02 sys=0.00, real=0.01 secs] 
2018-01-06T18:56:07.286+0300: 1.124: [CMS-concurrent-sweep-start]
2018-01-06T18:56:07.287+0300: 1.125: [CMS-concurrent-sweep: 0.001/0.001 secs] [Times: user=0.01 sys=0.00, real=0.00 secs] 
2018-01-06T18:56:07.288+0300: 1.126: [CMS-concurrent-reset-start]
2018-01-06T18:56:07.295+0300: 1.133: [CMS-concurrent-reset: 0.008/0.008 secs] [Times: user=0.01 sys=0.00, real=0.01 secs] 
2018-01-06T18:56:07.457+0300: 1.295: [GC (Allocation Failure) 2018-01-06T18:56:07.457+0300: 1.295: [ParNew: 76798K->8511K(76800K), 0.0256967 secs] 2076253K->2030391K(3409228K), 0.0258074 secs] [Times: user=0.05 sys=0.01, real=0.03 secs] 
2018-01-06T18:56:07.635+0300: 1.473: [GC (Allocation Failure) 2018-01-06T18:56:07.635+0300: 1.473: [ParNew: 76101K->8512K(76800K), 0.0381192 secs] 2097980K->2057554K(3409228K), 0.0382044 secs] [Times: user=0.07 sys=0.00, real=0.03 secs] 
2018-01-06T18:56:07.685+0300: 1.523: [GC (Allocation Failure) 2018-01-06T18:56:07.685+0300: 1.523: [ParNew: 76541K->8491K(76800K), 0.0283226 secs] 2125583K->2125469K(3409228K), 0.0284222 secs] [Times: user=0.08 sys=0.01, real=0.02 secs] 
2018-01-06T18:56:07.726+0300: 1.564: [GC (Allocation Failure) 2018-01-06T18:56:07.726+0300: 1.564: [ParNew: 76742K->8511K(76800K), 0.0176480 secs] 2193720K->2193629K(3409228K), 0.0177362 secs] [Times: user=0.05 sys=0.00, real=0.02 secs] 
2018-01-06T18:56:07.759+0300: 1.597: [GC (Allocation Failure) 2018-01-06T18:56:07.759+0300: 1.597: [ParNew: 76266K->8509K(76800K), 0.0142165 secs] 2261383K->2261214K(3409228K), 0.0143093 secs] [Times: user=0.05 sys=0.01, real=0.01 secs] 
2018-01-06T18:56:07.786+0300: 1.624: [GC (Allocation Failure) 2018-01-06T18:56:07.786+0300: 1.624: [ParNew: 76721K->8510K(76800K), 0.0137066 secs] 2329426K->2329298K(3409228K), 0.0137941 secs] [Times: user=0.04 sys=0.01, real=0.01 secs] 
2018-01-06T18:56:07.812+0300: 1.650: [GC (Allocation Failure) 2018-01-06T18:56:07.812+0300: 1.650: [ParNew: 76317K->8502K(76800K), 0.0141246 secs] 2397104K->2397044K(3409228K), 0.0142172 secs] [Times: user=0.04 sys=0.01, real=0.02 secs] 
2018-01-06T18:56:07.826+0300: 1.664: [GC (CMS Initial Mark) [1 CMS-initial-mark: 2388541K(3332428K)] 2397827K(3409228K), 0.0002274 secs] [Times: user=0.01 sys=0.00, real=0.00 secs] 
2018-01-06T18:56:07.827+0300: 1.664: [CMS-concurrent-mark-start]
2018-01-06T18:56:07.839+0300: 1.677: [GC (Allocation Failure) 2018-01-06T18:56:07.839+0300: 1.677: [ParNew: 76733K->8507K(76800K), 0.0158533 secs] 2465274K->2465196K(3409228K), 0.0159584 secs] [Times: user=0.04 sys=0.02, real=0.02 secs] 
2018-01-06T18:56:07.868+0300: 1.706: [CMS-concurrent-mark: 0.026/0.042 secs] [Times: user=0.08 sys=0.02, real=0.04 secs] 
2018-01-06T18:56:07.869+0300: 1.706: [GC (Allocation Failure) 2018-01-06T18:56:07.869+0300: 1.706: [ParNew: 76539K->8504K(76800K), 0.0138524 secs] 2533229K->2533089K(3409228K), 0.0139121 secs] [Times: user=0.04 sys=0.01, real=0.01 secs] 
2018-01-06T18:56:07.883+0300: 1.720: [CMS-concurrent-preclean-start]
2018-01-06T18:56:07.890+0300: 1.727: [CMS-concurrent-preclean: 0.007/0.007 secs] [Times: user=0.01 sys=0.00, real=0.01 secs] 
2018-01-06T18:56:07.890+0300: 1.728: [CMS-concurrent-abortable-preclean-start]
2018-01-06T18:56:07.896+0300: 1.734: [GC (Allocation Failure) 2018-01-06T18:56:07.896+0300: 1.734: [ParNew: 76792K->8511K(76800K), 0.0177618 secs] 2601377K->2601198K(3409228K), 0.0178523 secs] [Times: user=0.04 sys=0.01, real=0.01 secs] 
2018-01-06T18:56:07.914+0300: 1.752: [CMS-concurrent-abortable-preclean: 0.006/0.024 secs] [Times: user=0.06 sys=0.01, real=0.02 secs] 
2018-01-06T18:56:07.914+0300: 1.752: [GC (CMS Final Remark) [YG occupancy: 9076 K (76800 K)]2018-01-06T18:56:07.914+0300: 1.752: [Rescan (parallel) , 0.0024185 secs]2018-01-06T18:56:07.916+0300: 1.754: [weak refs processing, 0.0000245 secs]2018-01-06T18:56:07.916+0300: 1.754: [class unloading, 0.0003908 secs]2018-01-06T18:56:07.917+0300: 1.755: [scrub symbol table, 0.0003183 secs]2018-01-06T18:56:07.917+0300: 1.755: [scrub string table, 0.0002090 secs][1 CMS-remark: 2592686K(3332428K)] 2601763K(3409228K), 0.0034438 secs] [Times: user=0.01 sys=0.00, real=0.01 secs] 
2018-01-06T18:56:07.917+0300: 1.755: [CMS-concurrent-sweep-start]
2018-01-06T18:56:07.921+0300: 1.758: [CMS-concurrent-sweep: 0.003/0.003 secs] [Times: user=0.00 sys=0.00, real=0.00 secs] 
2018-01-06T18:56:07.921+0300: 1.759: [CMS-concurrent-reset-start]
2018-01-06T18:56:07.932+0300: 1.770: [CMS-concurrent-reset: 0.011/0.011 secs] [Times: user=0.03 sys=0.00, real=0.01 secs] 
2018-01-06T18:56:07.933+0300: 1.771: [GC (Allocation Failure) 2018-01-06T18:56:07.933+0300: 1.771: [ParNew: 76665K->8509K(76800K), 0.0167168 secs] 619741K->619633K(3409228K), 0.0168016 secs] [Times: user=0.05 sys=0.00, real=0.02 secs] 
2018-01-06T18:56:07.962+0300: 1.800: [GC (Allocation Failure) 2018-01-06T18:56:07.962+0300: 1.800: [ParNew: 76498K->8510K(76800K), 0.0153862 secs] 687622K->687566K(3409228K), 0.0154801 secs] [Times: user=0.06 sys=0.00, real=0.02 secs] 
2018-01-06T18:56:07.989+0300: 1.827: [GC (Allocation Failure) 2018-01-06T18:56:07.989+0300: 1.827: [ParNew: 76739K->8510K(76800K), 0.0192110 secs] 755796K->755673K(3409228K), 0.0193144 secs] [Times: user=0.06 sys=0.00, real=0.02 secs] 
2018-01-06T18:56:08.020+0300: 1.858: [GC (Allocation Failure) 2018-01-06T18:56:08.020+0300: 1.858: [ParNew: 76798K->8508K(76800K), 0.0159038 secs] 823961K->823540K(3409228K), 0.0159854 secs] [Times: user=0.06 sys=0.00, real=0.02 secs] 
2018-01-06T18:56:08.048+0300: 1.886: [GC (Allocation Failure) 2018-01-06T18:56:08.048+0300: 1.886: [ParNew: 76525K->8508K(76800K), 0.0145227 secs] 891557K->891493K(3409228K), 0.0146070 secs] [Times: user=0.06 sys=0.00, real=0.01 secs] 
2018-01-06T18:56:08.074+0300: 1.912: [GC (Allocation Failure) 2018-01-06T18:56:08.074+0300: 1.912: [ParNew: 76796K->8510K(76800K), 0.0145189 secs] 959781K->959655K(3409228K), 0.0145925 secs] [Times: user=0.06 sys=0.00, real=0.02 secs] 
2018-01-06T18:56:08.100+0300: 1.937: [GC (Allocation Failure) 2018-01-06T18:56:08.100+0300: 1.938: [ParNew: 76689K->8508K(76800K), 0.0199499 secs] 1027834K->1027680K(3409228K), 0.0200255 secs] [Times: user=0.05 sys=0.00, real=0.02 secs] 
2018-01-06T18:56:08.131+0300: 1.969: [GC (Allocation Failure) 2018-01-06T18:56:08.131+0300: 1.969: [ParNew: 76394K->8509K(76800K), 0.0143286 secs] 1095566K->1095442K(3409228K), 0.0144234 secs] [Times: user=0.06 sys=0.00, real=0.02 secs] 
2018-01-06T18:56:08.157+0300: 1.995: [GC (Allocation Failure) 2018-01-06T18:56:08.157+0300: 1.995: [ParNew: 76575K->8499K(76800K), 0.0159304 secs] 1163508K->1163401K(3409228K), 0.0160331 secs] [Times: user=0.06 sys=0.00, real=0.01 secs] 
2018-01-06T18:56:08.184+0300: 2.022: [GC (Allocation Failure) 2018-01-06T18:56:08.184+0300: 2.022: [ParNew: 76741K->8511K(76800K), 0.0150974 secs] 1231643K->1231437K(3409228K), 0.0151835 secs] [Times: user=0.06 sys=0.00, real=0.01 secs] 
2018-01-06T18:56:08.212+0300: 2.050: [GC (Allocation Failure) 2018-01-06T18:56:08.212+0300: 2.050: [ParNew: 76464K->8510K(76800K), 0.0153337 secs] 1299391K->1299253K(3409228K), 0.0154379 secs] [Times: user=0.05 sys=0.00, real=0.02 secs] 
2018-01-06T18:56:08.239+0300: 2.076: [GC (Allocation Failure) 2018-01-06T18:56:08.239+0300: 2.077: [ParNew: 76711K->8504K(76800K), 0.0163771 secs] 1367455K->1367314K(3409228K), 0.0166717 secs] [Times: user=0.05 sys=0.00, real=0.02 secs] 
2018-01-06T18:56:08.267+0300: 2.105: [GC (Allocation Failure) 2018-01-06T18:56:08.267+0300: 2.105: [ParNew: 76613K->8511K(76800K), 0.0150780 secs] 1435423K->1435348K(3409228K), 0.0151644 secs] [Times: user=0.06 sys=0.00, real=0.01 secs] 
2018-01-06T18:56:08.295+0300: 2.133: [GC (Allocation Failure) 2018-01-06T18:56:08.295+0300: 2.133: [ParNew: 76526K->8498K(76800K), 0.0199603 secs] 1503364K->1503299K(3409228K), 0.0200601 secs] [Times: user=0.06 sys=0.00, real=0.02 secs] 
2018-01-06T18:56:08.327+0300: 2.164: [GC (Allocation Failure) 2018-01-06T18:56:08.327+0300: 2.165: [ParNew: 76566K->8511K(76800K), 0.0159415 secs] 1571368K->1571272K(3409228K), 0.0160271 secs] [Times: user=0.06 sys=0.00, real=0.01 secs] 
2018-01-06T18:56:08.355+0300: 2.192: [GC (Allocation Failure) 2018-01-06T18:56:08.355+0300: 2.192: [ParNew: 76348K->8502K(76800K), 0.0152926 secs] 1639109K->1638926K(3409228K), 0.0153825 secs] [Times: user=0.06 sys=0.00, real=0.02 secs] 
2018-01-06T18:56:08.381+0300: 2.219: [GC (Allocation Failure) 2018-01-06T18:56:08.381+0300: 2.219: [ParNew: 76527K->8503K(76800K), 0.0152427 secs] 1706951K->1706825K(3409228K), 0.0153324 secs] [Times: user=0.05 sys=0.00, real=0.02 secs] 
2018-01-06T18:56:08.409+0300: 2.246: [GC (Allocation Failure) 2018-01-06T18:56:08.409+0300: 2.246: [ParNew: 76667K->8505K(76800K), 0.0181013 secs] 1774989K->1774791K(3409228K), 0.0181821 secs] [Times: user=0.07 sys=0.00, real=0.02 secs] 
2018-01-06T18:56:08.439+0300: 2.277: [GC (Allocation Failure) 2018-01-06T18:56:08.439+0300: 2.277: [ParNew: 76551K->8503K(76800K), 0.0163372 secs] 1842837K->1842792K(3409228K), 0.0164388 secs] [Times: user=0.06 sys=0.00, real=0.02 secs] 
2018-01-06T18:56:08.467+0300: 2.304: [GC (Allocation Failure) 2018-01-06T18:56:08.467+0300: 2.304: [ParNew: 76523K->8505K(76800K), 0.0154843 secs] 1910812K->1910516K(3409228K), 0.0155698 secs] [Times: user=0.06 sys=0.00, real=0.01 secs] 
2018-01-06T18:56:08.493+0300: 2.331: [GC (Allocation Failure) 2018-01-06T18:56:08.493+0300: 2.331: [ParNew: 76164K->8511K(76800K), 0.0190716 secs] 1978175K->1977949K(3409228K), 0.0191593 secs] [Times: user=0.06 sys=0.00, real=0.02 secs] 
2018-01-06T18:56:08.686+0300: 2.524: [GC (Allocation Failure) 2018-01-06T18:56:08.686+0300: 2.524: [ParNew: 76799K->8510K(76800K), 0.0323744 secs] 2046237K->2001384K(3409228K), 0.0324588 secs] [Times: user=0.09 sys=0.00, real=0.03 secs] 
2018-01-06T18:56:08.905+0300: 2.742: [GC (Allocation Failure) 2018-01-06T18:56:08.905+0300: 2.742: [ParNew: 76798K->8511K(76800K), 0.0302292 secs] 2069672K->2023874K(3409228K), 0.0303308 secs] [Times: user=0.08 sys=0.00, real=0.02 secs] 
2018-01-06T18:56:09.023+0300: 2.861: [GC (Allocation Failure) 2018-01-06T18:56:09.023+0300: 2.861: [ParNew: 76475K->8511K(76800K), 0.0231815 secs] 2091838K->2071378K(3409228K), 0.0232721 secs] [Times: user=0.07 sys=0.00, real=0.03 secs] 
2018-01-06T18:56:09.058+0300: 2.896: [GC (Allocation Failure) 2018-01-06T18:56:09.058+0300: 2.896: [ParNew: 76401K->8511K(76800K), 0.0183423 secs] 2139268K->2139133K(3409228K), 0.0184270 secs] [Times: user=0.07 sys=0.00, real=0.02 secs] 
2018-01-06T18:56:09.087+0300: 2.925: [GC (Allocation Failure) 2018-01-06T18:56:09.088+0300: 2.925: [ParNew: 76340K->8503K(76800K), 0.0157406 secs] 2206962K->2206355K(3409228K), 0.0158278 secs] [Times: user=0.06 sys=0.00, real=0.02 secs] 
2018-01-06T18:56:09.116+0300: 2.953: [GC (Allocation Failure) 2018-01-06T18:56:09.116+0300: 2.953: [ParNew: 76458K->8507K(76800K), 0.0162672 secs] 2274310K->2274180K(3409228K), 0.0163613 secs] [Times: user=0.06 sys=0.00, real=0.01 secs] 
2018-01-06T18:56:09.143+0300: 2.981: [GC (Allocation Failure) 2018-01-06T18:56:09.143+0300: 2.981: [ParNew: 76723K->8509K(76800K), 0.0160271 secs] 2342396K->2342142K(3409228K), 0.0161158 secs] [Times: user=0.06 sys=0.00, real=0.01 secs] 
2018-01-06T18:56:09.171+0300: 3.009: [GC (Allocation Failure) 2018-01-06T18:56:09.171+0300: 3.009: [ParNew: 76415K->8511K(76800K), 0.0164922 secs] 2410049K->2410003K(3409228K), 0.0165765 secs] [Times: user=0.05 sys=0.00, real=0.02 secs] 
2018-01-06T18:56:09.199+0300: 3.037: [GC (Allocation Failure) 2018-01-06T18:56:09.199+0300: 3.037: [ParNew: 76760K->8511K(76800K), 0.0183644 secs] 2478253K->2478135K(3409228K), 0.0184444 secs] [Times: user=0.06 sys=0.00, real=0.02 secs] 
2018-01-06T18:56:09.229+0300: 3.067: [GC (Allocation Failure) 2018-01-06T18:56:09.229+0300: 3.067: [ParNew: 76605K->8511K(76800K), 0.0144265 secs] 2546229K->2546039K(3409228K), 0.0145084 secs] [Times: user=0.06 sys=0.00, real=0.02 secs] 
2018-01-06T18:56:09.244+0300: 3.082: [GC (CMS Initial Mark) [1 CMS-initial-mark: 2537527K(3332428K)] 2546758K(3409228K), 0.0002448 secs] [Times: user=0.00 sys=0.00, real=0.00 secs] 
2018-01-06T18:56:09.244+0300: 3.082: [CMS-concurrent-mark-start]
2018-01-06T18:56:09.256+0300: 3.094: [GC (Allocation Failure) 2018-01-06T18:56:09.256+0300: 3.094: [ParNew: 76700K->8504K(76800K), 0.0156987 secs] 2614227K->2614137K(3409228K), 0.0157838 secs] [Times: user=0.05 sys=0.01, real=0.01 secs] 
2018-01-06T18:56:09.286+0300: 3.124: [CMS-concurrent-mark: 0.026/0.042 secs] [Times: user=0.10 sys=0.01, real=0.04 secs] 
2018-01-06T18:56:09.286+0300: 3.124: [GC (Allocation Failure) 2018-01-06T18:56:09.286+0300: 3.124: [ParNew: 76441K->8498K(76800K), 0.0153826 secs] 2682075K->2682002K(3409228K), 0.0154742 secs] [Times: user=0.03 sys=0.03, real=0.01 secs] 
2018-01-06T18:56:09.302+0300: 3.139: [CMS-concurrent-preclean-start]
2018-01-06T18:56:09.307+0300: 3.145: [CMS-concurrent-preclean: 0.006/0.006 secs] [Times: user=0.01 sys=0.00, real=0.01 secs] 
2018-01-06T18:56:09.307+0300: 3.145: [CMS-concurrent-abortable-preclean-start]
2018-01-06T18:56:09.317+0300: 3.154: [GC (Allocation Failure) 2018-01-06T18:56:09.317+0300: 3.155: [ParNew: 76500K->8511K(76800K), 0.0150315 secs] 2750004K->2749919K(3409228K), 0.0151168 secs] [Times: user=0.06 sys=0.00, real=0.01 secs] 
2018-01-06T18:56:09.332+0300: 3.170: [CMS-concurrent-abortable-preclean: 0.009/0.024 secs] [Times: user=0.07 sys=0.00, real=0.02 secs] 
2018-01-06T18:56:09.332+0300: 3.170: [GC (CMS Final Remark) [YG occupancy: 8955 K (76800 K)]2018-01-06T18:56:09.332+0300: 3.170: [Rescan (parallel) , 0.0016049 secs]2018-01-06T18:56:09.334+0300: 3.171: [weak refs processing, 0.0000251 secs]2018-01-06T18:56:09.334+0300: 3.171: [class unloading, 0.0004007 secs]2018-01-06T18:56:09.334+0300: 3.172: [scrub symbol table, 0.0003121 secs]2018-01-06T18:56:09.334+0300: 3.172: [scrub string table, 0.0002034 secs][1 CMS-remark: 2741407K(3332428K)] 2750363K(3409228K), 0.0026485 secs] [Times: user=0.00 sys=0.00, real=0.00 secs] 
2018-01-06T18:56:09.335+0300: 3.173: [CMS-concurrent-sweep-start]
2018-01-06T18:56:09.338+0300: 3.176: [CMS-concurrent-sweep: 0.003/0.003 secs] [Times: user=0.00 sys=0.00, real=0.01 secs] 
2018-01-06T18:56:09.338+0300: 3.176: [CMS-concurrent-reset-start]
2018-01-06T18:56:09.350+0300: 3.187: [CMS-concurrent-reset: 0.012/0.012 secs] [Times: user=0.02 sys=0.00, real=0.01 secs] 
2018-01-06T18:56:09.350+0300: 3.188: [GC (Allocation Failure) 2018-01-06T18:56:09.351+0300: 3.188: [ParNew: 76378K->8510K(76800K), 0.0151085 secs] 784424K->783865K(3409228K), 0.0151744 secs] [Times: user=0.05 sys=0.00, real=0.02 secs] 
2018-01-06T18:56:09.377+0300: 3.215: [GC (Allocation Failure) 2018-01-06T18:56:09.378+0300: 3.215: [ParNew: 76553K->8510K(76800K), 0.0156493 secs] 851908K->851832K(3409228K), 0.0157332 secs] [Times: user=0.05 sys=0.00, real=0.01 secs] 
2018-01-06T18:56:09.405+0300: 3.243: [GC (Allocation Failure) 2018-01-06T18:56:09.405+0300: 3.243: [ParNew: 76788K->8510K(76800K), 0.0226292 secs] 920109K->919993K(3409228K), 0.0227250 secs] [Times: user=0.09 sys=0.00, real=0.02 secs] 
2018-01-06T18:56:09.439+0300: 3.277: [GC (Allocation Failure) 2018-01-06T18:56:09.439+0300: 3.277: [ParNew: 76583K->8510K(76800K), 0.0151287 secs] 988066K->987959K(3409228K), 0.0152177 secs] [Times: user=0.06 sys=0.00, real=0.01 secs] 
2018-01-06T18:56:09.466+0300: 3.303: [GC (Allocation Failure) 2018-01-06T18:56:09.466+0300: 3.303: [ParNew: 76406K->8506K(76800K), 0.0150989 secs] 1055855K->1055697K(3409228K), 0.0151830 secs] [Times: user=0.05 sys=0.00, real=0.01 secs] 
2018-01-06T18:56:09.493+0300: 3.331: [GC (Allocation Failure) 2018-01-06T18:56:09.493+0300: 3.331: [ParNew: 76299K->8503K(76800K), 0.0161988 secs] 1123491K->1123399K(3409228K), 0.0162980 secs] [Times: user=0.06 sys=0.00, real=0.02 secs] 
2018-01-06T18:56:09.521+0300: 3.359: [GC (Allocation Failure) 2018-01-06T18:56:09.521+0300: 3.359: [ParNew: 76641K->8510K(76800K), 0.0155320 secs] 1191537K->1191476K(3409228K), 0.0156286 secs] [Times: user=0.06 sys=0.00, real=0.02 secs] 
2018-01-06T18:56:09.548+0300: 3.386: [GC (Allocation Failure) 2018-01-06T18:56:09.548+0300: 3.386: [ParNew: 76679K->8496K(76800K), 0.0154867 secs] 1259646K->1259584K(3409228K), 0.0155767 secs] [Times: user=0.06 sys=0.00, real=0.02 secs] 
2018-01-06T18:56:09.575+0300: 3.413: [GC (Allocation Failure) 2018-01-06T18:56:09.575+0300: 3.413: [ParNew: 76784K->8510K(76800K), 0.0170767 secs] 1327872K->1327742K(3409228K), 0.0171699 secs] [Times: user=0.05 sys=0.01, real=0.02 secs] 
2018-01-06T18:56:09.605+0300: 3.442: [GC (Allocation Failure) 2018-01-06T18:56:09.605+0300: 3.442: [ParNew: 76654K->8501K(76800K), 0.0158322 secs] 1395886K->1395779K(3409228K), 0.0159220 secs] [Times: user=0.06 sys=0.00, real=0.01 secs] 
2018-01-06T18:56:09.632+0300: 3.469: [GC (Allocation Failure) 2018-01-06T18:56:09.632+0300: 3.469: [ParNew: 76529K->8509K(76800K), 0.0158462 secs] 1463807K->1463685K(3409228K), 0.0159378 secs] [Times: user=0.06 sys=0.00, real=0.02 secs] 
2018-01-06T18:56:09.659+0300: 3.497: [GC (Allocation Failure) 2018-01-06T18:56:09.659+0300: 3.497: [ParNew: 76480K->8510K(76800K), 0.0154359 secs] 1531656K->1531506K(3409228K), 0.0155263 secs] [Times: user=0.06 sys=0.00, real=0.01 secs] 
2018-01-06T18:56:09.686+0300: 3.524: [GC (Allocation Failure) 2018-01-06T18:56:09.686+0300: 3.524: [ParNew: 76753K->8511K(76800K), 0.0172907 secs] 1599749K->1599698K(3409228K), 0.0173812 secs] [Times: user=0.06 sys=0.00, real=0.02 secs] 
2018-01-06T18:56:09.715+0300: 3.553: [GC (Allocation Failure) 2018-01-06T18:56:09.715+0300: 3.553: [ParNew: 76640K->8494K(76800K), 0.0144961 secs] 1667827K->1667706K(3409228K), 0.0145867 secs] [Times: user=0.06 sys=0.00, real=0.02 secs] 
2018-01-06T18:56:09.741+0300: 3.579: [GC (Allocation Failure) 2018-01-06T18:56:09.741+0300: 3.579: [ParNew: 76524K->8510K(76800K), 0.0163566 secs] 1735736K->1735689K(3409228K), 0.0164457 secs] [Times: user=0.05 sys=0.00, real=0.02 secs] 
2018-01-06T18:56:09.769+0300: 3.607: [GC (Allocation Failure) 2018-01-06T18:56:09.769+0300: 3.607: [ParNew: 76403K->8508K(76800K), 0.0170731 secs] 1803582K->1803482K(3409228K), 0.0171647 secs] [Times: user=0.06 sys=0.00, real=0.02 secs] 
2018-01-06T18:56:09.799+0300: 3.636: [GC (Allocation Failure) 2018-01-06T18:56:09.799+0300: 3.636: [ParNew: 76103K->8511K(76800K), 0.0171265 secs] 1871077K->1870958K(3409228K), 0.0172206 secs] [Times: user=0.06 sys=0.00, real=0.02 secs] 
2018-01-06T18:56:09.827+0300: 3.665: [GC (Allocation Failure) 2018-01-06T18:56:09.827+0300: 3.665: [ParNew: 76523K->8509K(76800K), 0.0154847 secs] 1938970K->1938607K(3409228K), 0.0155693 secs] [Times: user=0.06 sys=0.00, real=0.01 secs] 
2018-01-06T18:56:09.927+0300: 3.765: [GC (Allocation Failure) 2018-01-06T18:56:09.927+0300: 3.765: [ParNew: 76797K->8511K(76800K), 0.0163867 secs] 2006895K->1987272K(3409228K), 0.0164690 secs] [Times: user=0.06 sys=0.00, real=0.02 secs] 
2018-01-06T18:56:10.127+0300: 3.964: [GC (Allocation Failure) 2018-01-06T18:56:10.127+0300: 3.964: [ParNew: 76799K->8511K(76800K), 0.0176004 secs] 2055560K->2009704K(3409228K), 0.0176878 secs] [Times: user=0.06 sys=0.00, real=0.02 secs] 
2018-01-06T18:56:10.328+0300: 4.166: [GC (Allocation Failure) 2018-01-06T18:56:10.328+0300: 4.166: [ParNew: 76799K->8512K(76800K), 0.0272349 secs] 2077992K->2032201K(3409228K), 0.0273225 secs] [Times: user=0.07 sys=0.00, real=0.03 secs] 
2018-01-06T18:56:10.367+0300: 4.205: [GC (Allocation Failure) 2018-01-06T18:56:10.367+0300: 4.205: [ParNew: 76711K->8489K(76800K), 0.0187129 secs] 2100400K->2100065K(3409228K), 0.0188026 secs] [Times: user=0.07 sys=0.00, real=0.02 secs] 
2018-01-06T18:56:10.398+0300: 4.236: [GC (Allocation Failure) 2018-01-06T18:56:10.398+0300: 4.236: [ParNew: 76647K->8511K(76800K), 0.0177743 secs] 2168222K->2168124K(3409228K), 0.0178841 secs] [Times: user=0.06 sys=0.00, real=0.02 secs] 
2018-01-06T18:56:10.427+0300: 4.265: [GC (Allocation Failure) 2018-01-06T18:56:10.427+0300: 4.265: [ParNew: 76728K->8500K(76800K), 0.0159226 secs] 2236341K->2236233K(3409228K), 0.0160145 secs] [Times: user=0.06 sys=0.00, real=0.02 secs] 
2018-01-06T18:56:10.455+0300: 4.293: [GC (Allocation Failure) 2018-01-06T18:56:10.455+0300: 4.293: [ParNew: 76243K->8508K(76800K), 0.0156489 secs] 2303976K->2303853K(3409228K), 0.0157397 secs] [Times: user=0.06 sys=0.00, real=0.02 secs] 
2018-01-06T18:56:10.482+0300: 4.319: [GC (Allocation Failure) 2018-01-06T18:56:10.482+0300: 4.319: [ParNew: 76322K->8502K(76800K), 0.0159314 secs] 2371666K->2371504K(3409228K), 0.0160146 secs] [Times: user=0.06 sys=0.00, real=0.02 secs] 
2018-01-06T18:56:10.510+0300: 4.348: [GC (Allocation Failure) 2018-01-06T18:56:10.510+0300: 4.348: [ParNew: 76769K->8508K(76800K), 0.0158826 secs] 2439771K->2439677K(3409228K), 0.0159738 secs] [Times: user=0.06 sys=0.00, real=0.02 secs] 
2018-01-06T18:56:10.538+0300: 4.376: [GC (Allocation Failure) 2018-01-06T18:56:10.538+0300: 4.376: [ParNew: 76596K->8510K(76800K), 0.0167006 secs] 2507765K->2507706K(3409228K), 0.0167842 secs] [Times: user=0.06 sys=0.00, real=0.01 secs] 
2018-01-06T18:56:10.566+0300: 4.404: [GC (Allocation Failure) 2018-01-06T18:56:10.566+0300: 4.404: [ParNew: 76309K->8463K(76800K), 0.0149616 secs] 2575505K->2575342K(3409228K), 0.0150392 secs] [Times: user=0.06 sys=0.00, real=0.01 secs] 
2018-01-06T18:56:10.593+0300: 4.430: [GC (Allocation Failure) 2018-01-06T18:56:10.593+0300: 4.430: [ParNew: 76656K->8511K(76800K), 0.0176483 secs] 2643535K->2643390K(3409228K), 0.0177519 secs] [Times: user=0.06 sys=0.00, real=0.02 secs] 
2018-01-06T18:56:10.622+0300: 4.460: [GC (Allocation Failure) 2018-01-06T18:56:10.622+0300: 4.460: [ParNew: 76538K->8505K(76800K), 0.0153578 secs] 2711417K->2711333K(3409228K), 0.0154461 secs] [Times: user=0.06 sys=0.00, real=0.02 secs] 
2018-01-06T18:56:10.639+0300: 4.477: [GC (CMS Initial Mark) [1 CMS-initial-mark: 2702828K(3332428K)] 2724023K(3409228K), 0.0003652 secs] [Times: user=0.00 sys=0.00, real=0.00 secs] 
2018-01-06T18:56:10.640+0300: 4.477: [CMS-concurrent-mark-start]
2018-01-06T18:56:10.650+0300: 4.488: [GC (Allocation Failure) 2018-01-06T18:56:10.650+0300: 4.488: [ParNew: 76563K->8501K(76800K), 0.0159199 secs] 2779391K->2779347K(3409228K), 0.0160210 secs] [Times: user=0.06 sys=0.00, real=0.02 secs] 
2018-01-06T18:56:10.681+0300: 4.519: [CMS-concurrent-mark: 0.026/0.042 secs] [Times: user=0.10 sys=0.00, real=0.04 secs] 
2018-01-06T18:56:10.681+0300: 4.519: [GC (Allocation Failure) 2018-01-06T18:56:10.682+0300: 4.519: [ParNew: 76789K->8510K(76800K), 0.0169834 secs] 2847635K->2847464K(3409228K), 0.0170390 secs] [Times: user=0.04 sys=0.00, real=0.02 secs] 
2018-01-06T18:56:10.699+0300: 4.536: [CMS-concurrent-preclean-start]
2018-01-06T18:56:10.705+0300: 4.543: [CMS-concurrent-preclean: 0.006/0.006 secs] [Times: user=0.02 sys=0.00, real=0.01 secs] 
2018-01-06T18:56:10.705+0300: 4.543: [CMS-concurrent-abortable-preclean-start]
2018-01-06T18:56:10.711+0300: 4.549: [GC (Allocation Failure) 2018-01-06T18:56:10.711+0300: 4.549: [ParNew: 76441K->8508K(76800K), 0.0139586 secs] 2915395K->2915335K(3409228K), 0.0140496 secs] [Times: user=0.05 sys=0.01, real=0.02 secs] 
2018-01-06T18:56:10.725+0300: 4.563: [CMS-concurrent-abortable-preclean: 0.006/0.021 secs] [Times: user=0.06 sys=0.01, real=0.02 secs] 
2018-01-06T18:56:10.726+0300: 4.563: [GC (CMS Final Remark) [YG occupancy: 10294 K (76800 K)]2018-01-06T18:56:10.726+0300: 4.563: [Rescan (parallel) , 0.0017817 secs]2018-01-06T18:56:10.727+0300: 4.565: [weak refs processing, 0.0000263 secs]2018-01-06T18:56:10.727+0300: 4.565: [class unloading, 0.0003867 secs]2018-01-06T18:56:10.728+0300: 4.566: [scrub symbol table, 0.0007490 secs]2018-01-06T18:56:10.729+0300: 4.566: [scrub string table, 0.0002085 secs][1 CMS-remark: 2906827K(3332428K)] 2917121K(3409228K), 0.0032448 secs] [Times: user=0.00 sys=0.00, real=0.00 secs] 
2018-01-06T18:56:10.729+0300: 4.567: [CMS-concurrent-sweep-start]
2018-01-06T18:56:10.733+0300: 4.570: [CMS-concurrent-sweep: 0.004/0.004 secs] [Times: user=0.01 sys=0.00, real=0.00 secs] 
2018-01-06T18:56:10.733+0300: 4.570: [CMS-concurrent-reset-start]
2018-01-06T18:56:10.744+0300: 4.581: [CMS-concurrent-reset: 0.011/0.011 secs] [Times: user=0.02 sys=0.00, real=0.02 secs] 
2018-01-06T18:56:10.744+0300: 4.581: [GC (Allocation Failure) 2018-01-06T18:56:10.744+0300: 4.582: [ParNew: 76186K->8505K(76800K), 0.0169025 secs] 951423K->951287K(3409228K), 0.0169579 secs] [Times: user=0.06 sys=0.00, real=0.01 secs] 
2018-01-06T18:56:10.772+0300: 4.610: [GC (Allocation Failure) 2018-01-06T18:56:10.772+0300: 4.610: [ParNew: 76582K->8496K(76800K), 0.0148633 secs] 1019365K->1019298K(3409228K), 0.0149506 secs] [Times: user=0.06 sys=0.00, real=0.02 secs] 
2018-01-06T18:56:10.799+0300: 4.637: [GC (Allocation Failure) 2018-01-06T18:56:10.799+0300: 4.637: [ParNew: 76387K->8506K(76800K), 0.0187543 secs] 1087189K->1086957K(3409228K), 0.0188362 secs] [Times: user=0.06 sys=0.00, real=0.02 secs] 
2018-01-06T18:56:10.829+0300: 4.667: [GC (Allocation Failure) 2018-01-06T18:56:10.829+0300: 4.667: [ParNew: 76671K->8498K(76800K), 0.0149816 secs] 1155122K->1155012K(3409228K), 0.0150658 secs] [Times: user=0.06 sys=0.00, real=0.02 secs] 
2018-01-06T18:56:10.856+0300: 4.693: [GC (Allocation Failure) 2018-01-06T18:56:10.856+0300: 4.693: [ParNew: 76251K->8511K(76800K), 0.0154611 secs] 1222765K->1222362K(3409228K), 0.0155547 secs] [Times: user=0.06 sys=0.00, real=0.01 secs] 
2018-01-06T18:56:10.882+0300: 4.720: [GC (Allocation Failure) 2018-01-06T18:56:10.882+0300: 4.720: [ParNew: 76406K->8511K(76800K), 0.0161584 secs] 1290257K->1290132K(3409228K), 0.0162433 secs] [Times: user=0.06 sys=0.00, real=0.02 secs] 
2018-01-06T18:56:10.911+0300: 4.749: [GC (Allocation Failure) 2018-01-06T18:56:10.911+0300: 4.749: [ParNew: 76683K->8507K(76800K), 0.0167126 secs] 1358304K->1358158K(3409228K), 0.0168244 secs] [Times: user=0.06 sys=0.00, real=0.02 secs] 
2018-01-06T18:56:10.939+0300: 4.777: [GC (Allocation Failure) 2018-01-06T18:56:10.939+0300: 4.777: [ParNew: 76725K->8511K(76800K), 0.0154201 secs] 1426376K->1426252K(3409228K), 0.0155081 secs] [Times: user=0.06 sys=0.00, real=0.01 secs] 
2018-01-06T18:56:10.966+0300: 4.804: [GC (Allocation Failure) 2018-01-06T18:56:10.966+0300: 4.804: [ParNew: 76626K->8507K(76800K), 0.0152479 secs] 1494367K->1494323K(3409228K), 0.0153493 secs] [Times: user=0.06 sys=0.00, real=0.01 secs] 
2018-01-06T18:56:10.993+0300: 4.831: [GC (Allocation Failure) 2018-01-06T18:56:10.993+0300: 4.831: [ParNew: 76660K->8511K(76800K), 0.0219391 secs] 1562476K->1562286K(3409228K), 0.0220419 secs] [Times: user=0.08 sys=0.00, real=0.03 secs] 
2018-01-06T18:56:11.027+0300: 4.865: [GC (Allocation Failure) 2018-01-06T18:56:11.027+0300: 4.865: [ParNew: 76791K->8511K(76800K), 0.0157778 secs] 1630566K->1630510K(3409228K), 0.0158551 secs] [Times: user=0.06 sys=0.00, real=0.01 secs] 
2018-01-06T18:56:11.054+0300: 4.892: [GC (Allocation Failure) 2018-01-06T18:56:11.054+0300: 4.892: [ParNew: 76568K->8511K(76800K), 0.0158824 secs] 1698567K->1698460K(3409228K), 0.0159596 secs] [Times: user=0.06 sys=0.00, real=0.02 secs] 
2018-01-06T18:56:11.082+0300: 4.919: [GC (Allocation Failure) 2018-01-06T18:56:11.082+0300: 4.919: [ParNew: 76521K->8501K(76800K), 0.0159214 secs] 1766469K->1766266K(3409228K), 0.0159951 secs] [Times: user=0.06 sys=0.00, real=0.02 secs] 
2018-01-06T18:56:11.111+0300: 4.948: [GC (Allocation Failure) 2018-01-06T18:56:11.111+0300: 4.949: [ParNew: 76154K->8508K(76800K), 0.0171074 secs] 1833920K->1833710K(3409228K), 0.0172022 secs] [Times: user=0.06 sys=0.00, real=0.02 secs] 
2018-01-06T18:56:11.139+0300: 4.977: [GC (Allocation Failure) 2018-01-06T18:56:11.140+0300: 4.977: [ParNew: 76680K->8504K(76800K), 0.0154846 secs] 1901882K->1901809K(3409228K), 0.0155653 secs] [Times: user=0.06 sys=0.00, real=0.01 secs] 
2018-01-06T18:56:11.166+0300: 5.004: [GC (Allocation Failure) 2018-01-06T18:56:11.167+0300: 5.004: [ParNew: 76525K->8510K(76800K), 0.0155643 secs] 1969830K->1969674K(3409228K), 0.0156522 secs] [Times: user=0.06 sys=0.00, real=0.01 secs] 
2018-01-06T18:56:11.265+0300: 5.103: [GC (Allocation Failure) 2018-01-06T18:56:11.265+0300: 5.103: [ParNew: 76798K->8510K(76800K), 0.0330266 secs] 2037962K->2022599K(3409228K), 0.0330932 secs] [Times: user=0.08 sys=0.00, real=0.03 secs] 
2018-01-06T18:56:11.493+0300: 5.330: [GC (Allocation Failure) 2018-01-06T18:56:11.493+0300: 5.330: [ParNew: 76798K->8510K(76800K), 0.0212971 secs] 2090887K->2045012K(3409228K), 0.0213847 secs] [Times: user=0.06 sys=0.00, real=0.02 secs] 
2018-01-06T18:56:11.708+0300: 5.545: [GC (Allocation Failure) 2018-01-06T18:56:11.708+0300: 5.546: [ParNew: 76798K->8512K(76800K), 0.0440187 secs] 2113300K->2067453K(3409228K), 0.0441068 secs] [Times: user=0.07 sys=0.00, real=0.04 secs] 
2018-01-06T18:56:11.782+0300: 5.620: [GC (Allocation Failure) 2018-01-06T18:56:11.782+0300: 5.620: [ParNew: 76152K->8511K(76800K), 0.0276920 secs] 2135093K->2130684K(3409228K), 0.0277823 secs] [Times: user=0.06 sys=0.01, real=0.03 secs] 
2018-01-06T18:56:11.822+0300: 5.660: [GC (Allocation Failure) 2018-01-06T18:56:11.822+0300: 5.660: [ParNew: 76415K->8507K(76800K), 0.0226325 secs] 2198588K->2198414K(3409228K), 0.0227079 secs] [Times: user=0.05 sys=0.00, real=0.03 secs] 
2018-01-06T18:56:11.858+0300: 5.696: [GC (Allocation Failure) 2018-01-06T18:56:11.858+0300: 5.696: [ParNew: 76250K->8510K(76800K), 0.0275836 secs] 2266157K->2266048K(3409228K), 0.0276729 secs] [Times: user=0.05 sys=0.00, real=0.03 secs] 
2018-01-06T18:56:11.899+0300: 5.737: [GC (Allocation Failure) 2018-01-06T18:56:11.899+0300: 5.737: [ParNew: 76539K->8511K(76800K), 0.0270699 secs] 2334077K->2333967K(3409228K), 0.0271617 secs] [Times: user=0.07 sys=0.00, real=0.03 secs] 
2018-01-06T18:56:11.940+0300: 5.778: [GC (Allocation Failure) 2018-01-06T18:56:11.940+0300: 5.778: [ParNew: 76542K->8504K(76800K), 0.0269898 secs] 2401997K->2401885K(3409228K), 0.0270727 secs] [Times: user=0.06 sys=0.00, real=0.03 secs] 
2018-01-06T18:56:11.988+0300: 5.826: [GC (Allocation Failure) 2018-01-06T18:56:11.988+0300: 5.826: [ParNew: 76792K->8500K(76800K), 0.0341581 secs] 2470173K->2469700K(3409228K), 0.0342527 secs] [Times: user=0.07 sys=0.00, real=0.03 secs] 
2018-01-06T18:56:12.034+0300: 5.872: [GC (Allocation Failure) 2018-01-06T18:56:12.034+0300: 5.872: [ParNew: 76609K->8508K(76800K), 0.0146573 secs] 2537809K->2537741K(3409228K), 0.0147462 secs] [Times: user=0.04 sys=0.02, real=0.02 secs] 
2018-01-06T18:56:12.061+0300: 5.898: [GC (Allocation Failure) 2018-01-06T18:56:12.061+0300: 5.898: [ParNew: 76431K->8504K(76800K), 0.0162288 secs] 2605664K->2605567K(3409228K), 0.0163178 secs] [Times: user=0.02 sys=0.03, real=0.02 secs] 
2018-01-06T18:56:12.088+0300: 5.926: [GC (Allocation Failure) 2018-01-06T18:56:12.088+0300: 5.926: [ParNew: 76133K->8502K(76800K), 0.0141883 secs] 2673196K->2673093K(3409228K), 0.0142767 secs] [Times: user=0.04 sys=0.02, real=0.01 secs] 
2018-01-06T18:56:12.120+0300: 5.958: [GC (Allocation Failure) 2018-01-06T18:56:12.120+0300: 5.958: [ParNew: 76652K->8510K(76800K), 0.0182505 secs] 2741243K->2741149K(3409228K), 0.0183484 secs] [Times: user=0.05 sys=0.01, real=0.02 secs] 
2018-01-06T18:56:12.151+0300: 5.989: [GC (Allocation Failure) 2018-01-06T18:56:12.151+0300: 5.989: [ParNew: 76347K->8502K(76800K), 0.0165374 secs] 2808986K->2808720K(3409228K), 0.0166443 secs] [Times: user=0.04 sys=0.02, real=0.02 secs] 
2018-01-06T18:56:12.181+0300: 6.019: [GC (Allocation Failure) 2018-01-06T18:56:12.181+0300: 6.019: [ParNew: 76568K->8501K(76800K), 0.0169271 secs] 2876786K->2876716K(3409228K), 0.0170187 secs] [Times: user=0.04 sys=0.02, real=0.02 secs] 
2018-01-06T18:56:12.198+0300: 6.036: [GC (CMS Initial Mark) [1 CMS-initial-mark: 2868214K(3332428K)] 2877334K(3409228K), 0.0002068 secs] [Times: user=0.00 sys=0.00, real=0.00 secs] 
2018-01-06T18:56:12.199+0300: 6.036: [CMS-concurrent-mark-start]
2018-01-06T18:56:12.213+0300: 6.051: [GC (Allocation Failure) 2018-01-06T18:56:12.214+0300: 6.051: [ParNew: 76702K->8511K(76800K), 0.0219362 secs] 2944917K->2944833K(3409228K), 0.0220236 secs] [Times: user=0.06 sys=0.00, real=0.03 secs] 
2018-01-06T18:56:12.252+0300: 6.090: [GC (Allocation Failure) 2018-01-06T18:56:12.252+0300: 6.090: [ParNew: 76297K->8511K(76800K), 0.0209859 secs] 3012618K->3012512K(3409228K), 0.0211036 secs] [Times: user=0.06 sys=0.00, real=0.02 secs] 
2018-01-06T18:56:12.278+0300: 6.116: [CMS-concurrent-mark: 0.036/0.080 secs] [Times: user=0.20 sys=0.00, real=0.08 secs] 
2018-01-06T18:56:12.278+0300: 6.116: [CMS-concurrent-preclean-start]
2018-01-06T18:56:12.284+0300: 6.122: [CMS-concurrent-preclean: 0.006/0.006 secs] [Times: user=0.01 sys=0.00, real=0.01 secs] 
2018-01-06T18:56:12.284+0300: 6.122: [CMS-concurrent-abortable-preclean-start]
2018-01-06T18:56:12.290+0300: 6.128: [GC (Allocation Failure) 2018-01-06T18:56:12.290+0300: 6.128: [ParNew: 76789K->8510K(76800K), 0.0222865 secs] 3080790K->3080703K(3409228K), 0.0223697 secs] [Times: user=0.06 sys=0.00, real=0.02 secs] 
2018-01-06T18:56:12.325+0300: 6.163: [GC (Allocation Failure) 2018-01-06T18:56:12.325+0300: 6.163: [ParNew: 76308K->8505K(76800K), 0.0178424 secs] 3148501K->3148455K(3409228K), 0.0179310 secs] [Times: user=0.06 sys=0.00, real=0.02 secs] 
2018-01-06T18:56:12.355+0300: 6.193: [GC (Allocation Failure) 2018-01-06T18:56:12.355+0300: 6.193: [ParNew: 76385K->8506K(76800K), 0.0161052 secs] 3216335K->3216255K(3409228K), 0.0161809 secs] [Times: user=0.06 sys=0.00, real=0.01 secs] 
2018-01-06T18:56:12.372+0300: 6.209: [CMS-concurrent-abortable-preclean: 0.017/0.087 secs] [Times: user=0.24 sys=0.00, real=0.08 secs] 
2018-01-06T18:56:12.372+0300: 6.210: [GC (CMS Final Remark) [YG occupancy: 8942 K (76800 K)]2018-01-06T18:56:12.372+0300: 6.210: [Rescan (parallel) , 0.0016058 secs]2018-01-06T18:56:12.373+0300: 6.211: [weak refs processing, 0.0000247 secs]2018-01-06T18:56:12.373+0300: 6.211: [class unloading, 0.0003814 secs]2018-01-06T18:56:12.374+0300: 6.212: [scrub symbol table, 0.0003165 secs]2018-01-06T18:56:12.374+0300: 6.212: [scrub string table, 0.0002086 secs][1 CMS-remark: 3207748K(3332428K)] 3216691K(3409228K), 0.0026402 secs] [Times: user=0.01 sys=0.00, real=0.00 secs] 
2018-01-06T18:56:12.374+0300: 6.212: [CMS-concurrent-sweep-start]
2018-01-06T18:56:12.378+0300: 6.216: [CMS-concurrent-sweep: 0.003/0.003 secs] [Times: user=0.01 sys=0.00, real=0.01 secs] 
2018-01-06T18:56:12.378+0300: 6.216: [CMS-concurrent-reset-start]
2018-01-06T18:56:12.391+0300: 6.229: [CMS-concurrent-reset: 0.013/0.013 secs] [Times: user=0.02 sys=0.00, real=0.01 secs] 
2018-01-06T18:56:12.391+0300: 6.229: [GC (Allocation Failure) 2018-01-06T18:56:12.391+0300: 6.229: [ParNew: 76509K->8488K(76800K), 0.0237580 secs] 1215244K->1215130K(3409228K), 0.0238245 secs] [Times: user=0.06 sys=0.01, real=0.03 secs] 
2018-01-06T18:56:12.429+0300: 6.267: [GC (Allocation Failure) 2018-01-06T18:56:12.429+0300: 6.267: [ParNew: 76712K->8509K(76800K), 0.0189333 secs] 1283354K->1283292K(3409228K), 0.0190461 secs] [Times: user=0.06 sys=0.00, real=0.02 secs] 
2018-01-06T18:56:12.461+0300: 6.299: [GC (Allocation Failure) 2018-01-06T18:56:12.461+0300: 6.299: [ParNew: 76322K->8511K(76800K), 0.0191270 secs] 1351105K->1350965K(3409228K), 0.0192099 secs] [Times: user=0.06 sys=0.00, real=0.02 secs] 
2018-01-06T18:56:12.494+0300: 6.332: [GC (Allocation Failure) 2018-01-06T18:56:12.494+0300: 6.332: [ParNew: 76487K->8510K(76800K), 0.0208041 secs] 1418941K->1418860K(3409228K), 0.0208942 secs] [Times: user=0.07 sys=0.00, real=0.03 secs] 
2018-01-06T18:56:12.530+0300: 6.368: [GC (Allocation Failure) 2018-01-06T18:56:12.530+0300: 6.368: [ParNew: 76778K->8510K(76800K), 0.0203187 secs] 1487128K->1487068K(3409228K), 0.0204410 secs] [Times: user=0.07 sys=0.00, real=0.02 secs] 
2018-01-06T18:56:12.562+0300: 6.400: [GC (Allocation Failure) 2018-01-06T18:56:12.562+0300: 6.400: [ParNew: 76484K->8506K(76800K), 0.0168833 secs] 1555042K->1554960K(3409228K), 0.0169680 secs] [Times: user=0.06 sys=0.00, real=0.02 secs] 
2018-01-06T18:56:12.591+0300: 6.429: [GC (Allocation Failure) 2018-01-06T18:56:12.591+0300: 6.429: [ParNew: 76506K->8511K(76800K), 0.0163385 secs] 1622960K->1622867K(3409228K), 0.0164298 secs] [Times: user=0.06 sys=0.00, real=0.02 secs] 
2018-01-06T18:56:12.620+0300: 6.458: [GC (Allocation Failure) 2018-01-06T18:56:12.620+0300: 6.458: [ParNew: 76422K->8511K(76800K), 0.0150974 secs] 1690777K->1690608K(3409228K), 0.0151931 secs] [Times: user=0.06 sys=0.00, real=0.02 secs] 
2018-01-06T18:56:12.646+0300: 6.484: [GC (Allocation Failure) 2018-01-06T18:56:12.646+0300: 6.484: [ParNew: 76695K->8509K(76800K), 0.0155933 secs] 1758791K->1758425K(3409228K), 0.0156839 secs] [Times: user=0.06 sys=0.00, real=0.01 secs] 
2018-01-06T18:56:12.674+0300: 6.512: [GC (Allocation Failure) 2018-01-06T18:56:12.674+0300: 6.512: [ParNew: 76744K->8503K(76800K), 0.0153554 secs] 1826660K->1826601K(3409228K), 0.0154521 secs] [Times: user=0.06 sys=0.00, real=0.02 secs] 
2018-01-06T18:56:12.701+0300: 6.539: [GC (Allocation Failure) 2018-01-06T18:56:12.701+0300: 6.539: [ParNew: 76589K->8510K(76800K), 0.0162785 secs] 1894687K->1894622K(3409228K), 0.0163635 secs] [Times: user=0.05 sys=0.00, real=0.02 secs] 
2018-01-06T18:56:12.729+0300: 6.567: [GC (Allocation Failure) 2018-01-06T18:56:12.729+0300: 6.567: [ParNew: 76694K->8511K(76800K), 0.0146099 secs] 1962806K->1962665K(3409228K), 0.0147066 secs] [Times: user=0.05 sys=0.00, real=0.02 secs] 
2018-01-06T18:56:12.922+0300: 6.760: [GC (Allocation Failure) 2018-01-06T18:56:12.923+0300: 6.760: [ParNew: 76799K->8511K(76800K), 0.0168468 secs] 2030953K->1986535K(3409228K), 0.0169258 secs] [Times: user=0.06 sys=0.01, real=0.02 secs] 
2018-01-06T18:56:13.123+0300: 6.961: [GC (Allocation Failure) 2018-01-06T18:56:13.123+0300: 6.961: [ParNew: 76799K->8512K(76800K), 0.0189793 secs] 2054823K->2008962K(3409228K), 0.0190635 secs] [Times: user=0.07 sys=0.00, real=0.02 secs] 
2018-01-06T18:56:13.232+0300: 7.070: [GC (Allocation Failure) 2018-01-06T18:56:13.232+0300: 7.070: [ParNew: 76568K->8512K(76800K), 0.0280751 secs] 2077018K->2056072K(3409228K), 0.0281655 secs] [Times: user=0.06 sys=0.00, real=0.03 secs] 
2018-01-06T18:56:13.272+0300: 7.110: [GC (Allocation Failure) 2018-01-06T18:56:13.272+0300: 7.110: [ParNew: 76406K->8502K(76800K), 0.0201540 secs] 2123967K->2123883K(3409228K), 0.0202434 secs] [Times: user=0.04 sys=0.00, real=0.02 secs] 
2018-01-06T18:56:13.304+0300: 7.142: [GC (Allocation Failure) 2018-01-06T18:56:13.304+0300: 7.142: [ParNew: 76595K->8510K(76800K), 0.0202656 secs] 2191977K->2191861K(3409228K), 0.0203473 secs] [Times: user=0.05 sys=0.00, real=0.02 secs] 
2018-01-06T18:56:13.336+0300: 7.173: [GC (Allocation Failure) 2018-01-06T18:56:13.336+0300: 7.173: [ParNew: 76798K->8510K(76800K), 0.0183001 secs] 2260149K->2259954K(3409228K), 0.0183795 secs] [Times: user=0.06 sys=0.00, real=0.01 secs] 
2018-01-06T18:56:13.366+0300: 7.204: [GC (Allocation Failure) 2018-01-06T18:56:13.366+0300: 7.204: [ParNew: 76609K->8495K(76800K), 0.0163597 secs] 2328053K->2327936K(3409228K), 0.0164460 secs] [Times: user=0.06 sys=0.00, real=0.01 secs] 
2018-01-06T18:56:13.394+0300: 7.232: [GC (Allocation Failure) 2018-01-06T18:56:13.394+0300: 7.232: [ParNew: 76783K->8503K(76800K), 0.0240094 secs] 2396224K->2396113K(3409228K), 0.0241006 secs] [Times: user=0.08 sys=0.00, real=0.03 secs] 
2018-01-06T18:56:13.431+0300: 7.269: [GC (Allocation Failure) 2018-01-06T18:56:13.431+0300: 7.269: [ParNew: 76361K->8511K(76800K), 0.0163011 secs] 2463971K->2463904K(3409228K), 0.0163881 secs] [Times: user=0.05 sys=0.00, real=0.02 secs] 
2018-01-06T18:56:13.459+0300: 7.296: [GC (Allocation Failure) 2018-01-06T18:56:13.459+0300: 7.297: [ParNew: 76789K->8510K(76800K), 0.0194609 secs] 2532183K->2532044K(3409228K), 0.0195508 secs] [Times: user=0.06 sys=0.00, real=0.02 secs] 
2018-01-06T18:56:13.490+0300: 7.328: [GC (Allocation Failure) 2018-01-06T18:56:13.490+0300: 7.328: [ParNew: 76769K->8505K(76800K), 0.0229587 secs] 2600303K->2600216K(3409228K), 0.0230470 secs] [Times: user=0.08 sys=0.00, real=0.02 secs] 
2018-01-06T18:56:13.525+0300: 7.363: [GC (Allocation Failure) 2018-01-06T18:56:13.525+0300: 7.363: [ParNew: 76442K->8510K(76800K), 0.0161555 secs] 2668153K->2668083K(3409228K), 0.0162409 secs] [Times: user=0.06 sys=0.00, real=0.01 secs] 
2018-01-06T18:56:13.553+0300: 7.391: [GC (Allocation Failure) 2018-01-06T18:56:13.553+0300: 7.391: [ParNew: 76696K->8509K(76800K), 0.0173724 secs] 2736269K->2736216K(3409228K), 0.0174636 secs] [Times: user=0.07 sys=0.00, real=0.02 secs] 
2018-01-06T18:56:13.582+0300: 7.420: [GC (Allocation Failure) 2018-01-06T18:56:13.582+0300: 7.420: [ParNew: 76272K->8499K(76800K), 0.0182687 secs] 2803979K->2803910K(3409228K), 0.0183582 secs] [Times: user=0.06 sys=0.00, real=0.02 secs] 
2018-01-06T18:56:13.601+0300: 7.438: [GC (CMS Initial Mark) [1 CMS-initial-mark: 2795411K(3332428K)] 2804695K(3409228K), 0.0002791 secs] [Times: user=0.00 sys=0.00, real=0.00 secs] 
2018-01-06T18:56:13.601+0300: 7.439: [CMS-concurrent-mark-start]
2018-01-06T18:56:13.614+0300: 7.452: [GC (Allocation Failure) 2018-01-06T18:56:13.614+0300: 7.452: [ParNew: 76787K->8506K(76800K), 0.0159895 secs] 2872198K->2872084K(3409228K), 0.0160702 secs] [Times: user=0.06 sys=0.00, real=0.02 secs] 
2018-01-06T18:56:13.645+0300: 7.483: [CMS-concurrent-mark: 0.028/0.044 secs] [Times: user=0.11 sys=0.00, real=0.05 secs] 
2018-01-06T18:56:13.645+0300: 7.483: [GC (Allocation Failure) 2018-01-06T18:56:13.645+0300: 7.483: [ParNew: 76780K->8507K(76800K), 0.0162788 secs] 2940358K->2940186K(3409228K), 0.0163526 secs] [Times: user=0.06 sys=0.00, real=0.01 secs] 
2018-01-06T18:56:13.662+0300: 7.500: [CMS-concurrent-preclean-start]
2018-01-06T18:56:13.668+0300: 7.505: [CMS-concurrent-preclean: 0.006/0.006 secs] [Times: user=0.01 sys=0.00, real=0.01 secs] 
2018-01-06T18:56:13.668+0300: 7.506: [CMS-concurrent-abortable-preclean-start]
2018-01-06T18:56:13.674+0300: 7.512: [GC (Allocation Failure) 2018-01-06T18:56:13.674+0300: 7.512: [ParNew: 76741K->8509K(76800K), 0.0162785 secs] 3008420K->3008347K(3409228K), 0.0163611 secs] [Times: user=0.06 sys=0.00, real=0.02 secs] 
2018-01-06T18:56:13.690+0300: 7.528: [CMS-concurrent-abortable-preclean: 0.006/0.023 secs] [Times: user=0.07 sys=0.00, real=0.02 secs] 
2018-01-06T18:56:13.690+0300: 7.528: [GC (CMS Final Remark) [YG occupancy: 8998 K (76800 K)]2018-01-06T18:56:13.690+0300: 7.528: [Rescan (parallel) , 0.0017562 secs]2018-01-06T18:56:13.692+0300: 7.530: [weak refs processing, 0.0000249 secs]2018-01-06T18:56:13.692+0300: 7.530: [class unloading, 0.0003768 secs]2018-01-06T18:56:13.693+0300: 7.530: [scrub symbol table, 0.0003086 secs]2018-01-06T18:56:13.693+0300: 7.531: [scrub string table, 0.0002219 secs][1 CMS-remark: 2999837K(3332428K)] 3008836K(3409228K), 0.0027857 secs] [Times: user=0.01 sys=0.00, real=0.00 secs] 
2018-01-06T18:56:13.693+0300: 7.531: [CMS-concurrent-sweep-start]
2018-01-06T18:56:13.697+0300: 7.535: [CMS-concurrent-sweep: 0.004/0.004 secs] [Times: user=0.01 sys=0.00, real=0.01 secs] 
2018-01-06T18:56:13.697+0300: 7.535: [CMS-concurrent-reset-start]
2018-01-06T18:56:13.708+0300: 7.546: [CMS-concurrent-reset: 0.011/0.011 secs] [Times: user=0.02 sys=0.00, real=0.01 secs] 
2018-01-06T18:56:13.710+0300: 7.548: [GC (Allocation Failure) 2018-01-06T18:56:13.710+0300: 7.548: [ParNew: 76354K->8491K(76800K), 0.0161268 secs] 1057520K->1057451K(3409228K), 0.0161881 secs] [Times: user=0.06 sys=0.00, real=0.02 secs] 
2018-01-06T18:56:13.738+0300: 7.576: [GC (Allocation Failure) 2018-01-06T18:56:13.738+0300: 7.576: [ParNew: 76321K->8506K(76800K), 0.0154004 secs] 1125281K->1125213K(3409228K), 0.0154800 secs] [Times: user=0.06 sys=0.00, real=0.01 secs] 
2018-01-06T18:56:13.765+0300: 7.603: [GC (Allocation Failure) 2018-01-06T18:56:13.765+0300: 7.603: [ParNew: 76747K->8508K(76800K), 0.0155631 secs] 1193454K->1193312K(3409228K), 0.0156431 secs] [Times: user=0.06 sys=0.00, real=0.01 secs] 
2018-01-06T18:56:13.792+0300: 7.630: [GC (Allocation Failure) 2018-01-06T18:56:13.792+0300: 7.630: [ParNew: 76683K->8495K(76800K), 0.0220720 secs] 1261487K->1261478K(3409228K), 0.0221580 secs] [Times: user=0.07 sys=0.00, real=0.02 secs] 
2018-01-06T18:56:13.826+0300: 7.664: [GC (Allocation Failure) 2018-01-06T18:56:13.827+0300: 7.664: [ParNew: 76208K->8511K(76800K), 0.0153963 secs] 1329191K->1329041K(3409228K), 0.0154850 secs] [Times: user=0.06 sys=0.00, real=0.01 secs] 
2018-01-06T18:56:13.854+0300: 7.692: [GC (Allocation Failure) 2018-01-06T18:56:13.854+0300: 7.692: [ParNew: 76513K->8511K(76800K), 0.0155388 secs] 1397042K->1397008K(3409228K), 0.0156221 secs] [Times: user=0.06 sys=0.00, real=0.02 secs] 
2018-01-06T18:56:13.882+0300: 7.720: [GC (Allocation Failure) 2018-01-06T18:56:13.882+0300: 7.720: [ParNew: 76523K->8509K(76800K), 0.0156367 secs] 1465020K->1464954K(3409228K), 0.0157272 secs] [Times: user=0.06 sys=0.00, real=0.02 secs] 
2018-01-06T18:56:13.912+0300: 7.750: [GC (Allocation Failure) 2018-01-06T18:56:13.912+0300: 7.750: [ParNew: 76274K->8491K(76800K), 0.0159086 secs] 1532719K->1532667K(3409228K), 0.0160076 secs] [Times: user=0.06 sys=0.00, real=0.02 secs] 
2018-01-06T18:56:13.939+0300: 7.777: [GC (Allocation Failure) 2018-01-06T18:56:13.939+0300: 7.777: [ParNew: 76619K->8510K(76800K), 0.0154991 secs] 1600795K->1600685K(3409228K), 0.0155821 secs] [Times: user=0.06 sys=0.00, real=0.01 secs] 
2018-01-06T18:56:13.967+0300: 7.804: [GC (Allocation Failure) 2018-01-06T18:56:13.967+0300: 7.805: [ParNew: 76789K->8510K(76800K), 0.0159193 secs] 1668965K->1668884K(3409228K), 0.0160102 secs] [Times: user=0.06 sys=0.00, real=0.01 secs] 
2018-01-06T18:56:13.995+0300: 7.833: [GC (Allocation Failure) 2018-01-06T18:56:13.995+0300: 7.833: [ParNew: 76798K->8510K(76800K), 0.0202163 secs] 1737172K->1736756K(3409228K), 0.0202996 secs] [Times: user=0.08 sys=0.00, real=0.02 secs] 
2018-01-06T18:56:14.027+0300: 7.865: [GC (Allocation Failure) 2018-01-06T18:56:14.027+0300: 7.865: [ParNew: 76511K->8510K(76800K), 0.0156297 secs] 1804757K->1804461K(3409228K), 0.0157156 secs] [Times: user=0.06 sys=0.00, real=0.01 secs] 
2018-01-06T18:56:14.054+0300: 7.892: [GC (Allocation Failure) 2018-01-06T18:56:14.054+0300: 7.892: [ParNew: 76798K->8504K(76800K), 0.0161020 secs] 1872749K->1872515K(3409228K), 0.0161936 secs] [Times: user=0.06 sys=0.00, real=0.02 secs] 
2018-01-06T18:56:14.082+0300: 7.920: [GC (Allocation Failure) 2018-01-06T18:56:14.082+0300: 7.920: [ParNew: 76757K->8510K(76800K), 0.0162833 secs] 1940768K->1940567K(3409228K), 0.0163707 secs] [Times: user=0.06 sys=0.00, real=0.02 secs] 
2018-01-06T18:56:14.110+0300: 7.948: [GC (Allocation Failure) 2018-01-06T18:56:14.110+0300: 7.948: [ParNew: 76798K->8511K(76800K), 0.0171277 secs] 2008855K->2008732K(3409228K), 0.0172151 secs] [Times: user=0.06 sys=0.00, real=0.02 secs] 
2018-01-06T18:56:14.242+0300: 8.080: [GC (Allocation Failure) 2018-01-06T18:56:14.242+0300: 8.080: [ParNew: 76799K->8511K(76800K), 0.0249800 secs] 2077020K->2049449K(3409228K), 0.0250631 secs] [Times: user=0.06 sys=0.00, real=0.03 secs] 
2018-01-06T18:56:14.451+0300: 8.289: [GC (Allocation Failure) 2018-01-06T18:56:14.451+0300: 8.289: [ParNew: 76799K->8512K(76800K), 0.0232989 secs] 2117737K->2071891K(3409228K), 0.0233823 secs] [Times: user=0.07 sys=0.00, real=0.02 secs] 
2018-01-06T18:56:14.629+0300: 8.467: [GC (Allocation Failure) 2018-01-06T18:56:14.629+0300: 8.467: [ParNew: 76622K->8512K(76800K), 0.0227420 secs] 2140001K->2101943K(3409228K), 0.0228359 secs] [Times: user=0.07 sys=0.00, real=0.02 secs] 
2018-01-06T18:56:14.663+0300: 8.501: [GC (Allocation Failure) 2018-01-06T18:56:14.663+0300: 8.501: [ParNew: 76560K->8505K(76800K), 0.0231037 secs] 2169991K->2169903K(3409228K), 0.0231943 secs] [Times: user=0.06 sys=0.00, real=0.02 secs] 
2018-01-06T18:56:14.699+0300: 8.537: [GC (Allocation Failure) 2018-01-06T18:56:14.699+0300: 8.537: [ParNew: 76432K->8511K(76800K), 0.0164735 secs] 2237830K->2237668K(3409228K), 0.0165632 secs] [Times: user=0.06 sys=0.00, real=0.02 secs] 
2018-01-06T18:56:14.728+0300: 8.566: [GC (Allocation Failure) 2018-01-06T18:56:14.728+0300: 8.566: [ParNew: 76229K->8509K(76800K), 0.0159233 secs] 2305386K->2305345K(3409228K), 0.0160217 secs] [Times: user=0.06 sys=0.00, real=0.02 secs] 
2018-01-06T18:56:14.756+0300: 8.594: [GC (Allocation Failure) 2018-01-06T18:56:14.756+0300: 8.594: [ParNew: 76276K->8502K(76800K), 0.0163187 secs] 2373113K->2372677K(3409228K), 0.0164039 secs] [Times: user=0.06 sys=0.00, real=0.01 secs] 
2018-01-06T18:56:14.784+0300: 8.622: [GC (Allocation Failure) 2018-01-06T18:56:14.784+0300: 8.622: [ParNew: 76473K->8506K(76800K), 0.0212807 secs] 2440647K->2440532K(3409228K), 0.0213704 secs] [Times: user=0.07 sys=0.00, real=0.02 secs] 
2018-01-06T18:56:14.817+0300: 8.654: [GC (Allocation Failure) 2018-01-06T18:56:14.817+0300: 8.655: [ParNew: 76225K->8507K(76800K), 0.0157343 secs] 2508251K->2508178K(3409228K), 0.0158213 secs] [Times: user=0.06 sys=0.00, real=0.01 secs] 
2018-01-06T18:56:14.844+0300: 8.682: [GC (Allocation Failure) 2018-01-06T18:56:14.844+0300: 8.682: [ParNew: 76648K->8496K(76800K), 0.0158616 secs] 2576320K->2576188K(3409228K), 0.0159543 secs] [Times: user=0.06 sys=0.00, real=0.01 secs] 
2018-01-06T18:56:14.872+0300: 8.710: [GC (Allocation Failure) 2018-01-06T18:56:14.872+0300: 8.710: [ParNew: 76359K->8501K(76800K), 0.0151858 secs] 2644052K->2643888K(3409228K), 0.0152710 secs] [Times: user=0.06 sys=0.00, real=0.02 secs] 
2018-01-06T18:56:14.899+0300: 8.737: [GC (Allocation Failure) 2018-01-06T18:56:14.899+0300: 8.737: [ParNew: 76441K->8510K(76800K), 0.0177795 secs] 2711828K->2711726K(3409228K), 0.0178819 secs] [Times: user=0.06 sys=0.00, real=0.02 secs] 
2018-01-06T18:56:14.928+0300: 8.766: [GC (Allocation Failure) 2018-01-06T18:56:14.928+0300: 8.766: [ParNew: 76334K->8508K(76800K), 0.0148687 secs] 2779550K->2779459K(3409228K), 0.0149605 secs] [Times: user=0.06 sys=0.00, real=0.01 secs] 
2018-01-06T18:56:14.954+0300: 8.792: [GC (Allocation Failure) 2018-01-06T18:56:14.955+0300: 8.792: [ParNew: 76452K->8510K(76800K), 0.0153503 secs] 2847403K->2847304K(3409228K), 0.0154424 secs] [Times: user=0.06 sys=0.00, real=0.02 secs] 
2018-01-06T18:56:14.970+0300: 8.808: [GC (CMS Initial Mark) [1 CMS-initial-mark: 2838793K(3332428K)] 2847971K(3409228K), 0.0002330 secs] [Times: user=0.00 sys=0.00, real=0.00 secs] 
2018-01-06T18:56:14.970+0300: 8.808: [CMS-concurrent-mark-start]
2018-01-06T18:56:14.983+0300: 8.821: [GC (Allocation Failure) 2018-01-06T18:56:14.983+0300: 8.821: [ParNew: 76680K->8506K(76800K), 0.0194228 secs] 2915474K->2915423K(3409228K), 0.0195213 secs] [Times: user=0.06 sys=0.00, real=0.01 secs] 
2018-01-06T18:56:15.016+0300: 8.854: [CMS-concurrent-mark: 0.026/0.046 secs] [Times: user=0.11 sys=0.00, real=0.05 secs] 
2018-01-06T18:56:15.016+0300: 8.854: [GC (Allocation Failure) 2018-01-06T18:56:15.016+0300: 8.854: [ParNew: 76387K->8510K(76800K), 0.0160701 secs] 2983304K->2983232K(3409228K), 0.0161334 secs] [Times: user=0.06 sys=0.00, real=0.01 secs] 
2018-01-06T18:56:15.033+0300: 8.871: [CMS-concurrent-preclean-start]
2018-01-06T18:56:15.039+0300: 8.877: [CMS-concurrent-preclean: 0.006/0.006 secs] [Times: user=0.02 sys=0.00, real=0.01 secs] 
2018-01-06T18:56:15.039+0300: 8.877: [CMS-concurrent-abortable-preclean-start]
2018-01-06T18:56:15.045+0300: 8.882: [GC (Allocation Failure) 2018-01-06T18:56:15.045+0300: 8.883: [ParNew: 76747K->8509K(76800K), 0.0151633 secs] 3051469K->3051358K(3409228K), 0.0152493 secs] [Times: user=0.06 sys=0.00, real=0.01 secs] 
2018-01-06T18:56:15.060+0300: 8.898: [CMS-concurrent-abortable-preclean: 0.006/0.021 secs] [Times: user=0.07 sys=0.00, real=0.02 secs] 
2018-01-06T18:56:15.060+0300: 8.898: [GC (CMS Final Remark) [YG occupancy: 10875 K (76800 K)]2018-01-06T18:56:15.060+0300: 8.898: [Rescan (parallel) , 0.0016191 secs]2018-01-06T18:56:15.062+0300: 8.900: [weak refs processing, 0.0000261 secs]2018-01-06T18:56:15.062+0300: 8.900: [class unloading, 0.0003873 secs]2018-01-06T18:56:15.062+0300: 8.900: [scrub symbol table, 0.0003179 secs]2018-01-06T18:56:15.063+0300: 8.900: [scrub string table, 0.0002073 secs][1 CMS-remark: 3042849K(3332428K)] 3053724K(3409228K), 0.0026618 secs] [Times: user=0.01 sys=0.00, real=0.00 secs] 
2018-01-06T18:56:15.063+0300: 8.901: [CMS-concurrent-sweep-start]
2018-01-06T18:56:15.066+0300: 8.904: [CMS-concurrent-sweep: 0.003/0.003 secs] [Times: user=0.00 sys=0.00, real=0.01 secs] 
2018-01-06T18:56:15.066+0300: 8.904: [CMS-concurrent-reset-start]
2018-01-06T18:56:15.077+0300: 8.915: [CMS-concurrent-reset: 0.011/0.011 secs] [Times: user=0.02 sys=0.00, real=0.01 secs] 
2018-01-06T18:56:15.078+0300: 8.916: [GC (Allocation Failure) 2018-01-06T18:56:15.078+0300: 8.916: [ParNew: 76089K->8502K(76800K), 0.0142818 secs] 1029078K->1029006K(3409228K), 0.0143447 secs] [Times: user=0.06 sys=0.00, real=0.01 secs] 
2018-01-06T18:56:15.103+0300: 8.941: [GC (Allocation Failure) 2018-01-06T18:56:15.103+0300: 8.941: [ParNew: 76790K->8511K(76800K), 0.0171801 secs] 1097294K->1097007K(3409228K), 0.0172673 secs] [Times: user=0.06 sys=0.00, real=0.01 secs] 
2018-01-06T18:56:15.132+0300: 8.970: [GC (Allocation Failure) 2018-01-06T18:56:15.132+0300: 8.970: [ParNew: 76123K->8507K(76800K), 0.0143753 secs] 1164620K->1164532K(3409228K), 0.0144762 secs] [Times: user=0.06 sys=0.00, real=0.02 secs] 
2018-01-06T18:56:15.158+0300: 8.995: [GC (Allocation Failure) 2018-01-06T18:56:15.158+0300: 8.995: [ParNew: 76198K->8502K(76800K), 0.0152084 secs] 1232222K->1232075K(3409228K), 0.0152919 secs] [Times: user=0.06 sys=0.00, real=0.01 secs] 
2018-01-06T18:56:15.184+0300: 9.022: [GC (Allocation Failure) 2018-01-06T18:56:15.184+0300: 9.022: [ParNew: 76291K->8511K(76800K), 0.0148734 secs] 1299864K->1299675K(3409228K), 0.0149709 secs] [Times: user=0.05 sys=0.00, real=0.01 secs] 
2018-01-06T18:56:15.211+0300: 9.048: [GC (Allocation Failure) 2018-01-06T18:56:15.211+0300: 9.048: [ParNew: 76479K->8510K(76800K), 0.0155419 secs] 1367643K->1367544K(3409228K), 0.0156350 secs] [Times: user=0.06 sys=0.00, real=0.02 secs] 
2018-01-06T18:56:15.238+0300: 9.076: [GC (Allocation Failure) 2018-01-06T18:56:15.238+0300: 9.076: [ParNew: 76653K->8508K(76800K), 0.0153859 secs] 1435687K->1435631K(3409228K), 0.0154824 secs] [Times: user=0.05 sys=0.00, real=0.01 secs] 
2018-01-06T18:56:15.265+0300: 9.102: [GC (Allocation Failure) 2018-01-06T18:56:15.265+0300: 9.102: [ParNew: 76730K->8510K(76800K), 0.0149763 secs] 1503852K->1503750K(3409228K), 0.0150612 secs] [Times: user=0.05 sys=0.00, real=0.01 secs] 
2018-01-06T18:56:15.291+0300: 9.129: [GC (Allocation Failure) 2018-01-06T18:56:15.291+0300: 9.129: [ParNew: 76624K->8509K(76800K), 0.0144236 secs] 1571864K->1571593K(3409228K), 0.0145139 secs] [Times: user=0.06 sys=0.00, real=0.02 secs] 
2018-01-06T18:56:15.318+0300: 9.156: [GC (Allocation Failure) 2018-01-06T18:56:15.318+0300: 9.156: [ParNew: 76500K->8504K(76800K), 0.0146857 secs] 1639584K->1639489K(3409228K), 0.0147764 secs] [Times: user=0.06 sys=0.00, real=0.01 secs] 
2018-01-06T18:56:15.344+0300: 9.181: [GC (Allocation Failure) 2018-01-06T18:56:15.344+0300: 9.181: [ParNew: 76476K->8494K(76800K), 0.0142795 secs] 1707461K->1707221K(3409228K), 0.0143775 secs] [Times: user=0.06 sys=0.00, real=0.01 secs] 
2018-01-06T18:56:15.369+0300: 9.207: [GC (Allocation Failure) 2018-01-06T18:56:15.369+0300: 9.207: [ParNew: 76380K->8498K(76800K), 0.0155813 secs] 1775106K->1775050K(3409228K), 0.0156738 secs] [Times: user=0.06 sys=0.00, real=0.02 secs] 
2018-01-06T18:56:15.398+0300: 9.235: [GC (Allocation Failure) 2018-01-06T18:56:15.398+0300: 9.235: [ParNew: 76370K->8511K(76800K), 0.0151335 secs] 1842922K->1842836K(3409228K), 0.0152329 secs] [Times: user=0.06 sys=0.00, real=0.01 secs] 
2018-01-06T18:56:15.425+0300: 9.262: [GC (Allocation Failure) 2018-01-06T18:56:15.425+0300: 9.262: [ParNew: 76250K->8503K(76800K), 0.0155183 secs] 1910576K->1910485K(3409228K), 0.0156065 secs] [Times: user=0.06 sys=0.00, real=0.01 secs] 
2018-01-06T18:56:15.452+0300: 9.290: [GC (Allocation Failure) 2018-01-06T18:56:15.452+0300: 9.290: [ParNew: 76765K->8507K(76800K), 0.0154257 secs] 1978748K->1978682K(3409228K), 0.0155110 secs] [Times: user=0.06 sys=0.00, real=0.02 secs] 
2018-01-06T18:56:15.563+0300: 9.400: [GC (Allocation Failure) 2018-01-06T18:56:15.563+0300: 9.400: [ParNew: 76795K->8511K(76800K), 0.0208335 secs] 2046970K->2024864K(3409228K), 0.0209234 secs] [Times: user=0.06 sys=0.00, real=0.03 secs] 
2018-01-06T18:56:15.767+0300: 9.605: [GC (Allocation Failure) 2018-01-06T18:56:15.767+0300: 9.605: [ParNew: 76799K->8510K(76800K), 0.0173797 secs] 2093152K->2047281K(3409228K), 0.0174672 secs] [Times: user=0.06 sys=0.00, real=0.02 secs] 
2018-01-06T18:56:15.958+0300: 9.796: [GC (Allocation Failure) 2018-01-06T18:56:15.958+0300: 9.796: [ParNew: 76685K->8512K(76800K), 0.0187780 secs] 2115456K->2072053K(3409228K), 0.0188703 secs] [Times: user=0.07 sys=0.00, real=0.02 secs] 
2018-01-06T18:56:15.989+0300: 9.827: [GC (Allocation Failure) 2018-01-06T18:56:15.989+0300: 9.827: [ParNew: 76296K->8503K(76800K), 0.0227214 secs] 2139837K->2139759K(3409228K), 0.0228039 secs] [Times: user=0.07 sys=0.00, real=0.02 secs] 
2018-01-06T18:56:16.023+0300: 9.861: [GC (Allocation Failure) 2018-01-06T18:56:16.023+0300: 9.861: [ParNew: 76507K->8510K(76800K), 0.0156437 secs] 2207762K->2207379K(3409228K), 0.0157429 secs] [Times: user=0.06 sys=0.00, real=0.01 secs] 
2018-01-06T18:56:16.050+0300: 9.888: [GC (Allocation Failure) 2018-01-06T18:56:16.050+0300: 9.888: [ParNew: 76129K->8510K(76800K), 0.0155795 secs] 2274998K->2274921K(3409228K), 0.0156635 secs] [Times: user=0.06 sys=0.00, real=0.02 secs] 
2018-01-06T18:56:16.078+0300: 9.915: [GC (Allocation Failure) 2018-01-06T18:56:16.078+0300: 9.916: [ParNew: 76296K->8503K(76800K), 0.0160263 secs] 2342707K->2342552K(3409228K), 0.0161161 secs] [Times: user=0.06 sys=0.00, real=0.01 secs] 
2018-01-06T18:56:16.107+0300: 9.944: [GC (Allocation Failure) 2018-01-06T18:56:16.107+0300: 9.944: [ParNew: 76435K->8511K(76800K), 0.0155506 secs] 2410483K->2410048K(3409228K), 0.0156299 secs] [Times: user=0.06 sys=0.00, real=0.01 secs] 
2018-01-06T18:56:16.133+0300: 9.971: [GC (Allocation Failure) 2018-01-06T18:56:16.133+0300: 9.971: [ParNew: 76799K->8507K(76800K), 0.0156591 secs] 2478336K->2477941K(3409228K), 0.0157450 secs] [Times: user=0.07 sys=0.00, real=0.02 secs] 
2018-01-06T18:56:16.161+0300: 9.998: [GC (Allocation Failure) 2018-01-06T18:56:16.161+0300: 9.998: [ParNew: 76584K->8511K(76800K), 0.0148887 secs] 2546018K->2545939K(3409228K), 0.0149738 secs] [Times: user=0.06 sys=0.00, real=0.02 secs] 
2018-01-06T18:56:16.187+0300: 10.025: [GC (Allocation Failure) 2018-01-06T18:56:16.187+0300: 10.025: [ParNew: 76562K->8510K(76800K), 0.0198900 secs] 2613990K->2613884K(3409228K), 0.0199693 secs] [Times: user=0.06 sys=0.00, real=0.02 secs] 
2018-01-06T18:56:16.219+0300: 10.056: [GC (Allocation Failure) 2018-01-06T18:56:16.219+0300: 10.056: [ParNew: 76688K->8510K(76800K), 0.0156463 secs] 2682061K->2681951K(3409228K), 0.0157361 secs] [Times: user=0.06 sys=0.00, real=0.01 secs] 
2018-01-06T18:56:16.246+0300: 10.084: [GC (Allocation Failure) 2018-01-06T18:56:16.246+0300: 10.084: [ParNew: 76507K->8508K(76800K), 0.0202760 secs] 2749949K->2749890K(3409228K), 0.0203615 secs] [Times: user=0.06 sys=0.00, real=0.02 secs] 
2018-01-06T18:56:16.279+0300: 10.117: [GC (Allocation Failure) 2018-01-06T18:56:16.279+0300: 10.117: [ParNew: 76796K->8509K(76800K), 0.0147841 secs] 2818178K->2817751K(3409228K), 0.0148771 secs] [Times: user=0.05 sys=0.00, real=0.01 secs] 
2018-01-06T18:56:16.306+0300: 10.144: [GC (Allocation Failure) 2018-01-06T18:56:16.306+0300: 10.144: [ParNew: 76581K->8505K(76800K), 0.0159742 secs] 2885823K->2885789K(3409228K), 0.0160581 secs] [Times: user=0.06 sys=0.00, real=0.01 secs] 
2018-01-06T18:56:16.323+0300: 10.161: [GC (CMS Initial Mark) [1 CMS-initial-mark: 2877284K(3332428K)] 2890019K(3409228K), 0.0002192 secs] [Times: user=0.00 sys=0.00, real=0.00 secs] 
2018-01-06T18:56:16.323+0300: 10.161: [CMS-concurrent-mark-start]
2018-01-06T18:56:16.336+0300: 10.174: [GC (Allocation Failure) 2018-01-06T18:56:16.336+0300: 10.174: [ParNew: 76382K->8510K(76800K), 0.0161619 secs] 2953666K->2953621K(3409228K), 0.0162481 secs] [Times: user=0.06 sys=0.00, real=0.01 secs] 
2018-01-06T18:56:16.365+0300: 10.203: [CMS-concurrent-mark: 0.026/0.042 secs] [Times: user=0.11 sys=0.00, real=0.04 secs] 
2018-01-06T18:56:16.365+0300: 10.203: [GC (Allocation Failure) 2018-01-06T18:56:16.366+0300: 10.203: [ParNew: 76606K->8510K(76800K), 0.0163901 secs] 3021717K->3021659K(3409228K), 0.0164534 secs] [Times: user=0.05 sys=0.00, real=0.01 secs] 
2018-01-06T18:56:16.382+0300: 10.220: [CMS-concurrent-preclean-start]
2018-01-06T18:56:16.388+0300: 10.225: [CMS-concurrent-preclean: 0.006/0.006 secs] [Times: user=0.02 sys=0.00, real=0.01 secs] 
2018-01-06T18:56:16.388+0300: 10.226: [CMS-concurrent-abortable-preclean-start]
2018-01-06T18:56:16.394+0300: 10.232: [GC (Allocation Failure) 2018-01-06T18:56:16.394+0300: 10.232: [ParNew: 76550K->8511K(76800K), 0.0170822 secs] 3089699K->3089629K(3409228K), 0.0171665 secs] [Times: user=0.06 sys=0.00, real=0.02 secs] 
2018-01-06T18:56:16.423+0300: 10.260: [GC (Allocation Failure) 2018-01-06T18:56:16.423+0300: 10.261: [ParNew: 76693K->8495K(76800K), 0.0157149 secs] 3157811K->3157739K(3409228K), 0.0158008 secs] [Times: user=0.06 sys=0.00, real=0.02 secs] 
2018-01-06T18:56:16.439+0300: 10.276: [CMS-concurrent-abortable-preclean: 0.006/0.051 secs] [Times: user=0.14 sys=0.00, real=0.05 secs] 
2018-01-06T18:56:16.439+0300: 10.276: [GC (CMS Final Remark) [YG occupancy: 8929 K (76800 K)]2018-01-06T18:56:16.439+0300: 10.277: [Rescan (parallel) , 0.0017049 secs]2018-01-06T18:56:16.440+0300: 10.278: [weak refs processing, 0.0000292 secs]2018-01-06T18:56:16.440+0300: 10.278: [class unloading, 0.0004077 secs]2018-01-06T18:56:16.441+0300: 10.279: [scrub symbol table, 0.0003140 secs]2018-01-06T18:56:16.441+0300: 10.279: [scrub string table, 0.0002065 secs][1 CMS-remark: 3149244K(3332428K)] 3158173K(3409228K), 0.0027592 secs] [Times: user=0.01 sys=0.00, real=0.00 secs] 
2018-01-06T18:56:16.442+0300: 10.279: [CMS-concurrent-sweep-start]
2018-01-06T18:56:16.445+0300: 10.283: [CMS-concurrent-sweep: 0.004/0.004 secs] [Times: user=0.00 sys=0.00, real=0.01 secs] 
2018-01-06T18:56:16.445+0300: 10.283: [CMS-concurrent-reset-start]
2018-01-06T18:56:16.456+0300: 10.294: [CMS-concurrent-reset: 0.011/0.011 secs] [Times: user=0.02 sys=0.01, real=0.01 secs] 
2018-01-06T18:56:16.456+0300: 10.294: [GC (Allocation Failure) 2018-01-06T18:56:16.456+0300: 10.294: [ParNew: 76112K->8511K(76800K), 0.0156109 secs] 1157419K->1157357K(3409228K), 0.0156720 secs] [Times: user=0.06 sys=0.00, real=0.01 secs] 
2018-01-06T18:56:16.483+0300: 10.321: [GC (Allocation Failure) 2018-01-06T18:56:16.484+0300: 10.321: [ParNew: 76799K->8497K(76800K), 0.0209700 secs] 1225645K->1225576K(3409228K), 0.0210488 secs] [Times: user=0.08 sys=0.00, real=0.02 secs] 
2018-01-06T18:56:16.516+0300: 10.353: [GC (Allocation Failure) 2018-01-06T18:56:16.516+0300: 10.353: [ParNew: 76673K->8508K(76800K), 0.0148066 secs] 1293751K->1293097K(3409228K), 0.0149015 secs] [Times: user=0.06 sys=0.00, real=0.01 secs] 
2018-01-06T18:56:16.542+0300: 10.380: [GC (Allocation Failure) 2018-01-06T18:56:16.542+0300: 10.380: [ParNew: 76385K->8505K(76800K), 0.0149029 secs] 1360974K->1360770K(3409228K), 0.0150066 secs] [Times: user=0.05 sys=0.00, real=0.02 secs] 
2018-01-06T18:56:16.568+0300: 10.406: [GC (Allocation Failure) 2018-01-06T18:56:16.569+0300: 10.406: [ParNew: 76215K->8507K(76800K), 0.0152400 secs] 1428481K->1428325K(3409228K), 0.0153294 secs] [Times: user=0.06 sys=0.00, real=0.02 secs] 
2018-01-06T18:56:16.596+0300: 10.434: [GC (Allocation Failure) 2018-01-06T18:56:16.596+0300: 10.434: [ParNew: 76713K->8510K(76800K), 0.0217345 secs] 1496530K->1496453K(3409228K), 0.0218208 secs] [Times: user=0.07 sys=0.00, real=0.02 secs] 
2018-01-06T18:56:16.629+0300: 10.467: [GC (Allocation Failure) 2018-01-06T18:56:16.629+0300: 10.467: [ParNew: 76798K->8511K(76800K), 0.0165408 secs] 1564741K->1564428K(3409228K), 0.0166378 secs] [Times: user=0.06 sys=0.00, real=0.02 secs] 
2018-01-06T18:56:16.657+0300: 10.495: [GC (Allocation Failure) 2018-01-06T18:56:16.657+0300: 10.495: [ParNew: 76683K->8511K(76800K), 0.0152375 secs] 1632600K->1632500K(3409228K), 0.0153199 secs] [Times: user=0.06 sys=0.00, real=0.01 secs] 
2018-01-06T18:56:16.684+0300: 10.522: [GC (Allocation Failure) 2018-01-06T18:56:16.684+0300: 10.522: [ParNew: 76347K->8508K(76800K), 0.0216223 secs] 1700336K->1700216K(3409228K), 0.0217007 secs] [Times: user=0.08 sys=0.00, real=0.02 secs] 
2018-01-06T18:56:16.717+0300: 10.555: [GC (Allocation Failure) 2018-01-06T18:56:16.717+0300: 10.555: [ParNew: 76586K->8503K(76800K), 0.0156225 secs] 1768294K->1767625K(3409228K), 0.0157143 secs] [Times: user=0.07 sys=0.00, real=0.01 secs] 
2018-01-06T18:56:16.744+0300: 10.582: [GC (Allocation Failure) 2018-01-06T18:56:16.744+0300: 10.582: [ParNew: 76588K->8499K(76800K), 0.0165523 secs] 1835710K->1835635K(3409228K), 0.0166366 secs] [Times: user=0.06 sys=0.00, real=0.01 secs] 
2018-01-06T18:56:16.772+0300: 10.610: [GC (Allocation Failure) 2018-01-06T18:56:16.772+0300: 10.610: [ParNew: 76787K->8511K(76800K), 0.0155159 secs] 1903923K->1903471K(3409228K), 0.0156040 secs] [Times: user=0.05 sys=0.00, real=0.02 secs] 
2018-01-06T18:56:16.800+0300: 10.638: [GC (Allocation Failure) 2018-01-06T18:56:16.800+0300: 10.638: [ParNew: 76790K->8494K(76800K), 0.0181539 secs] 1971750K->1971698K(3409228K), 0.0182363 secs] [Times: user=0.06 sys=0.00, real=0.02 secs] 
2018-01-06T18:56:16.984+0300: 10.822: [GC (Allocation Failure) 2018-01-06T18:56:16.984+0300: 10.822: [ParNew: 76782K->8511K(76800K), 0.0229768 secs] 2039986K->1998728K(3409228K), 0.0230601 secs] [Times: user=0.06 sys=0.00, real=0.02 secs] 
2018-01-06T18:56:17.190+0300: 11.028: [GC (Allocation Failure) 2018-01-06T18:56:17.191+0300: 11.028: [ParNew: 76799K->8512K(76800K), 0.0279224 secs] 2067016K->2021195K(3409228K), 0.0280090 secs] [Times: user=0.07 sys=0.00, real=0.03 secs] 
2018-01-06T18:56:17.320+0300: 11.158: [GC (Allocation Failure) 2018-01-06T18:56:17.320+0300: 11.158: [ParNew: 76800K->8511K(76800K), 0.0192099 secs] 2089483K->2065175K(3409228K), 0.0193078 secs] [Times: user=0.07 sys=0.00, real=0.02 secs] 
2018-01-06T18:56:17.352+0300: 11.190: [GC (Allocation Failure) 2018-01-06T18:56:17.352+0300: 11.190: [ParNew: 76572K->8501K(76800K), 0.0166934 secs] 2133236K->2133166K(3409228K), 0.0167937 secs] [Times: user=0.06 sys=0.00, real=0.02 secs] 
2018-01-06T18:56:17.380+0300: 11.218: [GC (Allocation Failure) 2018-01-06T18:56:17.380+0300: 11.218: [ParNew: 76715K->8511K(76800K), 0.0161468 secs] 2201380K->2201196K(3409228K), 0.0162247 secs] [Times: user=0.06 sys=0.00, real=0.02 secs] 
2018-01-06T18:56:17.409+0300: 11.247: [GC (Allocation Failure) 2018-01-06T18:56:17.409+0300: 11.247: [ParNew: 76346K->8508K(76800K), 0.0158459 secs] 2269031K->2268932K(3409228K), 0.0159554 secs] [Times: user=0.06 sys=0.00, real=0.02 secs] 
2018-01-06T18:56:17.436+0300: 11.274: [GC (Allocation Failure) 2018-01-06T18:56:17.436+0300: 11.274: [ParNew: 76757K->8505K(76800K), 0.0158890 secs] 2337180K->2337105K(3409228K), 0.0159755 secs] [Times: user=0.06 sys=0.00, real=0.01 secs] 
2018-01-06T18:56:17.464+0300: 11.302: [GC (Allocation Failure) 2018-01-06T18:56:17.464+0300: 11.302: [ParNew: 76461K->8504K(76800K), 0.0154825 secs] 2405061K->2404957K(3409228K), 0.0155854 secs] [Times: user=0.06 sys=0.00, real=0.01 secs] 
2018-01-06T18:56:17.491+0300: 11.329: [GC (Allocation Failure) 2018-01-06T18:56:17.491+0300: 11.329: [ParNew: 76265K->8505K(76800K), 0.0192085 secs] 2472718K->2472673K(3409228K), 0.0193001 secs] [Times: user=0.07 sys=0.00, real=0.02 secs] 
2018-01-06T18:56:17.522+0300: 11.360: [GC (Allocation Failure) 2018-01-06T18:56:17.522+0300: 11.360: [ParNew: 76257K->8511K(76800K), 0.0151456 secs] 2540426K->2540174K(3409228K), 0.0152334 secs] [Times: user=0.06 sys=0.00, real=0.02 secs] 
2018-01-06T18:56:17.549+0300: 11.387: [GC (Allocation Failure) 2018-01-06T18:56:17.549+0300: 11.387: [ParNew: 76412K->8511K(76800K), 0.0159425 secs] 2608075K->2608030K(3409228K), 0.0160286 secs] [Times: user=0.06 sys=0.00, real=0.02 secs] 
2018-01-06T18:56:17.577+0300: 11.415: [GC (Allocation Failure) 2018-01-06T18:56:17.577+0300: 11.415: [ParNew: 76532K->8484K(76800K), 0.0170072 secs] 2676051K->2676004K(3409228K), 0.0170982 secs] [Times: user=0.06 sys=0.00, real=0.01 secs] 
2018-01-06T18:56:17.606+0300: 11.444: [GC (Allocation Failure) 2018-01-06T18:56:17.606+0300: 11.444: [ParNew: 76674K->8510K(76800K), 0.0201030 secs] 2744195K->2744082K(3409228K), 0.0202138 secs] [Times: user=0.06 sys=0.00, real=0.02 secs] 
2018-01-06T18:56:17.638+0300: 11.476: [GC (Allocation Failure) 2018-01-06T18:56:17.638+0300: 11.476: [ParNew: 76610K->8510K(76800K), 0.0152187 secs] 2812182K->2811723K(3409228K), 0.0153041 secs] [Times: user=0.06 sys=0.00, real=0.01 secs] 
2018-01-06T18:56:17.665+0300: 11.502: [GC (Allocation Failure) 2018-01-06T18:56:17.665+0300: 11.502: [ParNew: 76123K->8510K(76800K), 0.0158998 secs] 2879336K->2879252K(3409228K), 0.0159950 secs] [Times: user=0.06 sys=0.00, real=0.01 secs] 
2018-01-06T18:56:17.681+0300: 11.519: [GC (CMS Initial Mark) [1 CMS-initial-mark: 2870742K(3332428K)] 2880028K(3409228K), 0.0002664 secs] [Times: user=0.00 sys=0.00, real=0.00 secs] 
2018-01-06T18:56:17.681+0300: 11.519: [CMS-concurrent-mark-start]
2018-01-06T18:56:17.694+0300: 11.532: [GC (Allocation Failure) 2018-01-06T18:56:17.694+0300: 11.532: [ParNew: 76764K->8511K(76800K), 0.0223338 secs] 2947506K->2947413K(3409228K), 0.0224317 secs] [Times: user=0.08 sys=0.00, real=0.03 secs] 
2018-01-06T18:56:17.730+0300: 11.568: [CMS-concurrent-mark: 0.026/0.049 secs] [Times: user=0.13 sys=0.00, real=0.05 secs] 
2018-01-06T18:56:17.730+0300: 11.568: [GC (Allocation Failure) 2018-01-06T18:56:17.730+0300: 11.568: [ParNew: 76434K->8506K(76800K), 0.0158303 secs] 3015336K->3015266K(3409228K), 0.0158982 secs] [Times: user=0.06 sys=0.00, real=0.02 secs] 
2018-01-06T18:56:17.746+0300: 11.584: [CMS-concurrent-preclean-start]
2018-01-06T18:56:17.752+0300: 11.590: [CMS-concurrent-preclean: 0.006/0.006 secs] [Times: user=0.01 sys=0.00, real=0.00 secs] 
2018-01-06T18:56:17.752+0300: 11.590: [CMS-concurrent-abortable-preclean-start]
2018-01-06T18:56:17.758+0300: 11.596: [GC (Allocation Failure) 2018-01-06T18:56:17.758+0300: 11.596: [ParNew: 76752K->8510K(76800K), 0.0182371 secs] 3083513K->3083434K(3409228K), 0.0183287 secs] [Times: user=0.06 sys=0.00, real=0.02 secs] 
2018-01-06T18:56:17.777+0300: 11.615: [CMS-concurrent-abortable-preclean: 0.006/0.025 secs] [Times: user=0.07 sys=0.00, real=0.03 secs] 
2018-01-06T18:56:17.777+0300: 11.615: [GC (CMS Final Remark) [YG occupancy: 10029 K (76800 K)]2018-01-06T18:56:17.777+0300: 11.615: [Rescan (parallel) , 0.0045680 secs]2018-01-06T18:56:17.782+0300: 11.619: [weak refs processing, 0.0000298 secs]2018-01-06T18:56:17.782+0300: 11.619: [class unloading, 0.0003887 secs]2018-01-06T18:56:17.782+0300: 11.620: [scrub symbol table, 0.0003218 secs]2018-01-06T18:56:17.782+0300: 11.620: [scrub string table, 0.0002077 secs][1 CMS-remark: 3074923K(3332428K)] 3084953K(3409228K), 0.0056332 secs] [Times: user=0.01 sys=0.00, real=0.00 secs] 
2018-01-06T18:56:17.783+0300: 11.620: [CMS-concurrent-sweep-start]
2018-01-06T18:56:17.786+0300: 11.624: [CMS-concurrent-sweep: 0.004/0.004 secs] [Times: user=0.01 sys=0.00, real=0.01 secs] 
2018-01-06T18:56:17.787+0300: 11.624: [CMS-concurrent-reset-start]
2018-01-06T18:56:17.798+0300: 11.636: [GC (Allocation Failure) 2018-01-06T18:56:17.798+0300: 11.636: [ParNew: 76679K->8510K(76800K), 0.0196015 secs] 1119266K->1118683K(3409228K), 0.0196889 secs] [Times: user=0.05 sys=0.00, real=0.02 secs] 
2018-01-06T18:56:17.818+0300: 11.656: [CMS-concurrent-reset: 0.012/0.032 secs] [Times: user=0.07 sys=0.00, real=0.03 secs] 
2018-01-06T18:56:17.830+0300: 11.668: [GC (Allocation Failure) 2018-01-06T18:56:17.830+0300: 11.668: [ParNew: 76683K->8509K(76800K), 0.0172580 secs] 1186856K->1186790K(3409228K), 0.0173488 secs] [Times: user=0.05 sys=0.00, real=0.02 secs] 
2018-01-06T18:56:17.860+0300: 11.698: [GC (Allocation Failure) 2018-01-06T18:56:17.860+0300: 11.698: [ParNew: 76273K->8510K(76800K), 0.0198401 secs] 1254554K->1254412K(3409228K), 0.0199309 secs] [Times: user=0.06 sys=0.00, real=0.02 secs] 
2018-01-06T18:56:17.892+0300: 11.730: [GC (Allocation Failure) 2018-01-06T18:56:17.892+0300: 11.730: [ParNew: 76798K->8505K(76800K), 0.0203919 secs] 1322700K->1322469K(3409228K), 0.0204828 secs] [Times: user=0.05 sys=0.00, real=0.02 secs] 
2018-01-06T18:56:17.924+0300: 11.762: [GC (Allocation Failure) 2018-01-06T18:56:17.924+0300: 11.762: [ParNew: 76549K->8510K(76800K), 0.0181667 secs] 1390513K->1390421K(3409228K), 0.0182572 secs] [Times: user=0.05 sys=0.00, real=0.01 secs] 
2018-01-06T18:56:17.955+0300: 11.793: [GC (Allocation Failure) 2018-01-06T18:56:17.955+0300: 11.793: [ParNew: 76566K->8500K(76800K), 0.0203740 secs] 1458478K->1458440K(3409228K), 0.0204639 secs] [Times: user=0.06 sys=0.00, real=0.02 secs] 
2018-01-06T18:56:17.988+0300: 11.826: [GC (Allocation Failure) 2018-01-06T18:56:17.988+0300: 11.826: [ParNew: 76737K->8508K(76800K), 0.0250505 secs] 1526677K->1526603K(3409228K), 0.0251600 secs] [Times: user=0.07 sys=0.00, real=0.02 secs] 
2018-01-06T18:56:18.025+0300: 11.863: [GC (Allocation Failure) 2018-01-06T18:56:18.025+0300: 11.863: [ParNew: 76744K->8509K(76800K), 0.0192181 secs] 1594839K->1594742K(3409228K), 0.0193147 secs] [Times: user=0.05 sys=0.00, real=0.02 secs] 
2018-01-06T18:56:18.056+0300: 11.894: [GC (Allocation Failure) 2018-01-06T18:56:18.056+0300: 11.894: [ParNew: 76689K->8511K(76800K), 0.0262703 secs] 1662923K->1662717K(3409228K), 0.0263696 secs] [Times: user=0.05 sys=0.00, real=0.02 secs] 
2018-01-06T18:56:18.095+0300: 11.933: [GC (Allocation Failure) 2018-01-06T18:56:18.095+0300: 11.933: [ParNew: 76799K->8498K(76800K), 0.0223073 secs] 1731005K->1730784K(3409228K), 0.0224081 secs] [Times: user=0.06 sys=0.00, real=0.02 secs] 
2018-01-06T18:56:18.130+0300: 11.968: [GC (Allocation Failure) 2018-01-06T18:56:18.130+0300: 11.968: [ParNew: 76595K->8496K(76800K), 0.0177498 secs] 1798881K->1798800K(3409228K), 0.0178392 secs] [Times: user=0.05 sys=0.00, real=0.02 secs] 
2018-01-06T18:56:18.160+0300: 11.998: [GC (Allocation Failure) 2018-01-06T18:56:18.160+0300: 11.998: [ParNew: 76688K->8506K(76800K), 0.0195292 secs] 1866992K->1866771K(3409228K), 0.0196249 secs] [Times: user=0.06 sys=0.00, real=0.02 secs] 
2018-01-06T18:56:18.192+0300: 12.029: [GC (Allocation Failure) 2018-01-06T18:56:18.192+0300: 12.029: [ParNew: 76794K->8511K(76800K), 0.0269748 secs] 1935059K->1934789K(3409228K), 0.0270731 secs] [Times: user=0.06 sys=0.00, real=0.03 secs] 
2018-01-06T18:56:18.231+0300: 12.069: [GC (Allocation Failure) 2018-01-06T18:56:18.231+0300: 12.069: [ParNew: 76539K->8504K(76800K), 0.0222126 secs] 2002817K->2002778K(3409228K), 0.0223056 secs] [Times: user=0.05 sys=0.00, real=0.02 secs] 
2018-01-06T18:56:18.374+0300: 12.212: [GC (Allocation Failure) 2018-01-06T18:56:18.374+0300: 12.212: [ParNew: 76792K->8511K(76800K), 0.0235808 secs] 2071066K->2043352K(3409228K), 0.0236679 secs] [Times: user=0.07 sys=0.00, real=0.03 secs] 
2018-01-06T18:56:18.583+0300: 12.421: [GC (Allocation Failure) 2018-01-06T18:56:18.583+0300: 12.421: [ParNew: 76799K->8510K(76800K), 0.0264204 secs] 2111640K->2065796K(3409228K), 0.0265015 secs] [Times: user=0.07 sys=0.00, real=0.02 secs] 
2018-01-06T18:56:18.765+0300: 12.603: [GC (Allocation Failure) 2018-01-06T18:56:18.765+0300: 12.603: [ParNew: 76613K->8510K(76800K), 0.0209140 secs] 2133898K->2096203K(3409228K), 0.0210096 secs] [Times: user=0.07 sys=0.00, real=0.02 secs] 
2018-01-06T18:56:18.799+0300: 12.637: [GC (Allocation Failure) 2018-01-06T18:56:18.799+0300: 12.637: [ParNew: 76266K->8511K(76800K), 0.0208989 secs] 2163959K->2163919K(3409228K), 0.0210545 secs] [Times: user=0.07 sys=0.00, real=0.02 secs] 
2018-01-06T18:56:18.832+0300: 12.669: [GC (Allocation Failure) 2018-01-06T18:56:18.832+0300: 12.670: [ParNew: 76751K->8509K(76800K), 0.0158404 secs] 2232159K->2232042K(3409228K), 0.0159443 secs] [Times: user=0.06 sys=0.00, real=0.02 secs] 
2018-01-06T18:56:18.859+0300: 12.697: [GC (Allocation Failure) 2018-01-06T18:56:18.859+0300: 12.697: [ParNew: 76251K->8511K(76800K), 0.0304955 secs] 2299783K->2299539K(3409228K), 0.0305898 secs] [Times: user=0.08 sys=0.00, real=0.03 secs] 
2018-01-06T18:56:18.905+0300: 12.742: [GC (Allocation Failure) 2018-01-06T18:56:18.905+0300: 12.743: [ParNew: 76799K->8511K(76800K), 0.0192237 secs] 2367827K->2367418K(3409228K), 0.0193106 secs] [Times: user=0.06 sys=0.00, real=0.02 secs] 
2018-01-06T18:56:18.937+0300: 12.775: [GC (Allocation Failure) 2018-01-06T18:56:18.937+0300: 12.775: [ParNew: 76716K->8510K(76800K), 0.0192160 secs] 2435623K->2435480K(3409228K), 0.0192960 secs] [Times: user=0.07 sys=0.00, real=0.02 secs] 
2018-01-06T18:56:18.970+0300: 12.807: [GC (Allocation Failure) 2018-01-06T18:56:18.970+0300: 12.807: [ParNew: 76601K->8505K(76800K), 0.0212241 secs] 2503572K->2503442K(3409228K), 0.0213473 secs] [Times: user=0.07 sys=0.00, real=0.02 secs] 
2018-01-06T18:56:19.006+0300: 12.843: [GC (Allocation Failure) 2018-01-06T18:56:19.006+0300: 12.843: [ParNew: 76587K->8509K(76800K), 0.0208786 secs] 2571525K->2571361K(3409228K), 0.0209762 secs] [Times: user=0.07 sys=0.00, real=0.02 secs] 
2018-01-06T18:56:19.042+0300: 12.880: [GC (Allocation Failure) 2018-01-06T18:56:19.042+0300: 12.880: [ParNew: 76397K->8504K(76800K), 0.0179904 secs] 2639250K->2639184K(3409228K), 0.0181033 secs] [Times: user=0.06 sys=0.00, real=0.02 secs] 
2018-01-06T18:56:19.073+0300: 12.911: [GC (Allocation Failure) 2018-01-06T18:56:19.073+0300: 12.911: [ParNew: 76248K->8510K(76800K), 0.0171068 secs] 2706927K->2706860K(3409228K), 0.0171932 secs] [Times: user=0.05 sys=0.00, real=0.02 secs] 
2018-01-06T18:56:19.105+0300: 12.943: [GC (Allocation Failure) 2018-01-06T18:56:19.105+0300: 12.943: [ParNew: 76677K->8510K(76800K), 0.0197381 secs] 2775027K->2774908K(3409228K), 0.0198389 secs] [Times: user=0.06 sys=0.00, real=0.02 secs] 
2018-01-06T18:56:19.140+0300: 12.977: [GC (Allocation Failure) 2018-01-06T18:56:19.140+0300: 12.977: [ParNew: 76625K->8510K(76800K), 0.0178539 secs] 2843024K->2842924K(3409228K), 0.0179632 secs] [Times: user=0.05 sys=0.00, real=0.02 secs] 
2018-01-06T18:56:19.172+0300: 13.009: [GC (Allocation Failure) 2018-01-06T18:56:19.172+0300: 13.009: [ParNew: 76769K->8505K(76800K), 0.0178239 secs] 2911183K->2911060K(3409228K), 0.0179521 secs] [Times: user=0.06 sys=0.00, real=0.02 secs] 
2018-01-06T18:56:19.192+0300: 13.030: [GC (CMS Initial Mark) [1 CMS-initial-mark: 2902554K(3332428K)] 2922885K(3409228K), 0.0003852 secs] [Times: user=0.00 sys=0.00, real=0.00 secs] 
2018-01-06T18:56:19.193+0300: 13.030: [CMS-concurrent-mark-start]
2018-01-06T18:56:19.205+0300: 13.043: [GC (Allocation Failure) 2018-01-06T18:56:19.205+0300: 13.043: [ParNew: 76594K->8499K(76800K), 0.0172204 secs] 2979149K->2979015K(3409228K), 0.0173223 secs] [Times: user=0.07 sys=0.00, real=0.01 secs] 
2018-01-06T18:56:19.235+0300: 13.072: [GC (Allocation Failure) 2018-01-06T18:56:19.235+0300: 13.072: [ParNew: 76130K->8507K(76800K), 0.0168059 secs] 3046646K->3046570K(3409228K), 0.0168801 secs] [Times: user=0.06 sys=0.00, real=0.02 secs] 
2018-01-06T18:56:19.256+0300: 13.093: [CMS-concurrent-mark: 0.029/0.063 secs] [Times: user=0.18 sys=0.00, real=0.07 secs] 
2018-01-06T18:56:19.256+0300: 13.094: [CMS-concurrent-preclean-start]
2018-01-06T18:56:19.261+0300: 13.099: [CMS-concurrent-preclean: 0.006/0.006 secs] [Times: user=0.01 sys=0.00, real=0.00 secs] 
2018-01-06T18:56:19.261+0300: 13.099: [CMS-concurrent-abortable-preclean-start]
2018-01-06T18:56:19.267+0300: 13.104: [GC (Allocation Failure) 2018-01-06T18:56:19.267+0300: 13.105: [ParNew: 76795K->8504K(76800K), 0.0159246 secs] 3114858K->3114484K(3409228K), 0.0160050 secs] [Times: user=0.06 sys=0.00, real=0.01 secs] 
2018-01-06T18:56:19.294+0300: 13.132: [GC (Allocation Failure) 2018-01-06T18:56:19.294+0300: 13.132: [ParNew: 76567K->8508K(76800K), 0.0176242 secs] 3182547K->3182389K(3409228K), 0.0177158 secs] [Times: user=0.06 sys=0.00, real=0.02 secs] 
2018-01-06T18:56:19.318+0300: 13.156: [CMS-concurrent-abortable-preclean: 0.011/0.057 secs] [Times: user=0.15 sys=0.00, real=0.06 secs] 
2018-01-06T18:56:19.318+0300: 13.156: [GC (CMS Final Remark) [YG occupancy: 46994 K (76800 K)]2018-01-06T18:56:19.318+0300: 13.156: [Rescan (parallel) , 0.0019823 secs]2018-01-06T18:56:19.320+0300: 13.158: [weak refs processing, 0.0000296 secs]2018-01-06T18:56:19.320+0300: 13.158: [class unloading, 0.0003907 secs]2018-01-06T18:56:19.321+0300: 13.159: [scrub symbol table, 0.0003143 secs]2018-01-06T18:56:19.321+0300: 13.159: [scrub string table, 0.0002097 secs][1 CMS-remark: 3173880K(3332428K)] 3220875K(3409228K), 0.0030341 secs] [Times: user=0.01 sys=0.00, real=0.00 secs] 
2018-01-06T18:56:19.322+0300: 13.159: [CMS-concurrent-sweep-start]
2018-01-06T18:56:19.325+0300: 13.163: [CMS-concurrent-sweep: 0.004/0.004 secs] [Times: user=0.00 sys=0.00, real=0.01 secs] 
2018-01-06T18:56:19.325+0300: 13.163: [CMS-concurrent-reset-start]
2018-01-06T18:56:19.328+0300: 13.165: [GC (Allocation Failure) 2018-01-06T18:56:19.328+0300: 13.165: [ParNew: 76630K->8510K(76800K), 0.0152959 secs] 1166865K->1166707K(3409228K), 0.0153915 secs] [Times: user=0.06 sys=0.00, real=0.01 secs] 
2018-01-06T18:56:19.352+0300: 13.189: [CMS-concurrent-reset: 0.011/0.026 secs] [Times: user=0.08 sys=0.00, real=0.02 secs] 
2018-01-06T18:56:19.357+0300: 13.195: [GC (Allocation Failure) 2018-01-06T18:56:19.357+0300: 13.195: [ParNew: 76494K->8509K(76800K), 0.0179319 secs] 1234691K->1234566K(3409228K), 0.0180126 secs] [Times: user=0.05 sys=0.00, real=0.02 secs] 
2018-01-06T18:56:19.389+0300: 13.226: [GC (Allocation Failure) 2018-01-06T18:56:19.389+0300: 13.227: [ParNew: 76797K->8499K(76800K), 0.0180958 secs] 1302854K->1302672K(3409228K), 0.0182008 secs] [Times: user=0.05 sys=0.00, real=0.02 secs] 
2018-01-06T18:56:19.419+0300: 13.257: [GC (Allocation Failure) 2018-01-06T18:56:19.419+0300: 13.257: [ParNew: 76674K->8510K(76800K), 0.0151854 secs] 1370848K->1370713K(3409228K), 0.0152801 secs] [Times: user=0.06 sys=0.00, real=0.01 secs] 
2018-01-06T18:56:19.446+0300: 13.284: [GC (Allocation Failure) 2018-01-06T18:56:19.446+0300: 13.284: [ParNew: 76725K->8501K(76800K), 0.0152830 secs] 1438928K->1438783K(3409228K), 0.0153694 secs] [Times: user=0.06 sys=0.00, real=0.01 secs] 
2018-01-06T18:56:19.473+0300: 13.311: [GC (Allocation Failure) 2018-01-06T18:56:19.473+0300: 13.311: [ParNew: 76587K->8497K(76800K), 0.0159041 secs] 1506870K->1506772K(3409228K), 0.0159910 secs] [Times: user=0.06 sys=0.00, real=0.02 secs] 
2018-01-06T18:56:19.500+0300: 13.338: [GC (Allocation Failure) 2018-01-06T18:56:19.501+0300: 13.338: [ParNew: 76065K->8509K(76800K), 0.0174509 secs] 1574339K->1574210K(3409228K), 0.0175314 secs] [Times: user=0.06 sys=0.00, real=0.02 secs] 
2018-01-06T18:56:19.529+0300: 13.367: [GC (Allocation Failure) 2018-01-06T18:56:19.529+0300: 13.367: [ParNew: 76409K->8497K(76800K), 0.0152985 secs] 1642110K->1641988K(3409228K), 0.0153820 secs] [Times: user=0.06 sys=0.00, real=0.02 secs] 
2018-01-06T18:56:19.555+0300: 13.393: [GC (Allocation Failure) 2018-01-06T18:56:19.556+0300: 13.393: [ParNew: 76717K->8507K(76800K), 0.0152365 secs] 1710208K->1710003K(3409228K), 0.0153215 secs] [Times: user=0.06 sys=0.00, real=0.01 secs] 
2018-01-06T18:56:19.582+0300: 13.420: [GC (Allocation Failure) 2018-01-06T18:56:19.582+0300: 13.420: [ParNew: 76757K->8508K(76800K), 0.0212633 secs] 1778253K->1778192K(3409228K), 0.0213623 secs] [Times: user=0.06 sys=0.00, real=0.03 secs] 
2018-01-06T18:56:19.616+0300: 13.453: [GC (Allocation Failure) 2018-01-06T18:56:19.616+0300: 13.454: [ParNew: 76741K->8510K(76800K), 0.0175826 secs] 1846425K->1846324K(3409228K), 0.0176741 secs] [Times: user=0.06 sys=0.00, real=0.01 secs] 
2018-01-06T18:56:19.645+0300: 13.483: [GC (Allocation Failure) 2018-01-06T18:56:19.645+0300: 13.483: [ParNew: 76675K->8507K(76800K), 0.0154643 secs] 1914489K->1914410K(3409228K), 0.0155739 secs] [Times: user=0.06 sys=0.00, real=0.01 secs] 
2018-01-06T18:56:19.672+0300: 13.510: [GC (Allocation Failure) 2018-01-06T18:56:19.672+0300: 13.510: [ParNew: 76550K->8511K(76800K), 0.0152745 secs] 1982453K->1982330K(3409228K), 0.0153652 secs] [Times: user=0.06 sys=0.00, real=0.02 secs] 
2018-01-06T18:56:19.830+0300: 13.668: [GC (Allocation Failure) 2018-01-06T18:56:19.830+0300: 13.668: [ParNew: 76799K->8511K(76800K), 0.0219142 secs] 2050618K->2015420K(3409228K), 0.0219975 secs] [Times: user=0.06 sys=0.00, real=0.02 secs] 
2018-01-06T18:56:20.035+0300: 13.873: [GC (Allocation Failure) 2018-01-06T18:56:20.036+0300: 13.873: [ParNew: 76799K->8510K(76800K), 0.0237194 secs] 2083708K->2037911K(3409228K), 0.0238057 secs] [Times: user=0.06 sys=0.00, real=0.02 secs] 
Heap
 par new generation   total 76800K, used 54918K [0x00000006c7200000, 0x00000006cc550000, 0x00000006dbec0000)
  eden space 68288K,  67% used [0x00000006c7200000, 0x00000006c9f52340, 0x00000006cb4b0000)
  from space 8512K,  99% used [0x00000006cb4b0000, 0x00000006cbcff890, 0x00000006cbd00000)
  to   space 8512K,   0% used [0x00000006cbd00000, 0x00000006cbd00000, 0x00000006cc550000)
 concurrent mark-sweep generation total 3332428K, used 2029401K [0x00000006dbec0000, 0x00000007a7513000, 0x00000007c0000000)
 Metaspace       used 3897K, capacity 4720K, committed 4864K, reserved 1056768K
  class space    used 442K, capacity 507K, committed 512K, reserved 1048576K
