Java HotSpot(TM) 64-Bit Server VM (25.60-b23) for linux-amd64 JRE (1.8.0_60-b27), built on Aug  4 2015 12:19:40 by "java_re" with gcc 4.3.0 20080428 (Red Hat 4.3.0-8)
Memory: 4k page, physical 16303120k(4445260k free), swap 3998716k(3998716k free)
CommandLine flags: -XX:+CMSScavengeBeforeRemark -XX:InitialHeapSize=260849920 -XX:MaxHeapSize=4173598720 -XX:MaxNewSize=348966912 -XX:MaxTenuringThreshold=6 -XX:OldPLABSize=16 -XX:+PrintGC -XX:+PrintGCDateStamps -XX:+PrintGCDetails -XX:+PrintGCTimeStamps -XX:+UseCompressedClassPointers -XX:+UseCompressedOops -XX:+UseConcMarkSweepGC -XX:+UseParNewGC 
2018-01-08T10:12:46.111+0300: 0.130: [GC (Allocation Failure) 2018-01-08T10:12:46.111+0300: 0.130: [ParNew: 68121K->8512K(76800K), 0.0127082 secs] 68121K->63986K(247488K), 0.0128312 secs] [Times: user=0.01 sys=0.01, real=0.01 secs] 
2018-01-08T10:12:46.137+0300: 0.156: [GC (Allocation Failure) 2018-01-08T10:12:46.137+0300: 0.156: [ParNew: 76367K->8512K(76800K), 0.0153346 secs] 131842K->131910K(247488K), 0.0154280 secs] [Times: user=0.01 sys=0.01, real=0.01 secs] 
2018-01-08T10:12:46.153+0300: 0.172: [GC (CMS Initial Mark) [1 CMS-initial-mark: 123398K(170688K)] 132441K(247488K), 0.0004294 secs] [Times: user=0.00 sys=0.00, real=0.00 secs] 
2018-01-08T10:12:46.153+0300: 0.172: [CMS-concurrent-mark-start]
2018-01-08T10:12:46.175+0300: 0.195: [CMS-concurrent-mark: 0.022/0.022 secs] [Times: user=0.02 sys=0.01, real=0.02 secs] 
2018-01-08T10:12:46.176+0300: 0.195: [GC (Allocation Failure) 2018-01-08T10:12:46.176+0300: 0.195: [ParNew: 76660K->8511K(76800K), 0.0132441 secs] 200058K->199872K(268760K), 0.0133077 secs] [Times: user=0.02 sys=0.01, real=0.02 secs] 
2018-01-08T10:12:46.189+0300: 0.208: [CMS-concurrent-preclean-start]
2018-01-08T10:12:46.190+0300: 0.209: [CMS-concurrent-preclean: 0.001/0.001 secs] [Times: user=0.00 sys=0.00, real=0.00 secs] 
2018-01-08T10:12:46.190+0300: 0.209: [CMS-concurrent-abortable-preclean-start]
2018-01-08T10:12:46.204+0300: 0.223: [GC (Allocation Failure) 2018-01-08T10:12:46.204+0300: 0.223: [ParNew: 76094K->8512K(76800K), 0.0155224 secs] 267455K->267312K(336188K), 0.0156011 secs] [Times: user=0.01 sys=0.01, real=0.02 secs] 
2018-01-08T10:12:46.232+0300: 0.252: [GC (Allocation Failure) 2018-01-08T10:12:46.232+0300: 0.252: [ParNew: 76760K->8508K(76800K), 0.0138202 secs] 335561K->335350K(404240K), 0.0139080 secs] [Times: user=0.01 sys=0.02, real=0.01 secs] 
2018-01-08T10:12:46.259+0300: 0.278: [GC (Allocation Failure) 2018-01-08T10:12:46.259+0300: 0.278: [ParNew: 76796K->8505K(76800K), 0.0134464 secs] 403637K->403534K(472504K), 0.0135310 secs] [Times: user=0.00 sys=0.02, real=0.01 secs] 
2018-01-08T10:12:46.285+0300: 0.305: [GC (Allocation Failure) 2018-01-08T10:12:46.285+0300: 0.305: [ParNew: 76783K->8508K(76800K), 0.0163457 secs] 471813K->471665K(540604K), 0.0164272 secs] [Times: user=0.02 sys=0.02, real=0.02 secs] 
2018-01-08T10:12:46.315+0300: 0.334: [GC (Allocation Failure) 2018-01-08T10:12:46.315+0300: 0.334: [ParNew: 76698K->8509K(76800K), 0.0135107 secs] 539855K->539691K(608564K), 0.0136117 secs] [Times: user=0.03 sys=0.00, real=0.01 secs] 
2018-01-08T10:12:46.341+0300: 0.360: [GC (Allocation Failure) 2018-01-08T10:12:46.341+0300: 0.360: [ParNew: 76466K->8506K(76800K), 0.0172029 secs] 607648K->607482K(676324K), 0.0173026 secs] [Times: user=0.02 sys=0.01, real=0.02 secs] 
2018-01-08T10:12:46.371+0300: 0.390: [GC (Allocation Failure) 2018-01-08T10:12:46.371+0300: 0.390: [ParNew: 76538K->8511K(76800K), 0.0148567 secs] 675515K->675420K(744232K), 0.0149542 secs] [Times: user=0.01 sys=0.03, real=0.01 secs] 
2018-01-08T10:12:46.400+0300: 0.419: [GC (Allocation Failure) 2018-01-08T10:12:46.400+0300: 0.419: [ParNew: 76359K->8510K(76800K), 0.0162767 secs] 743268K->743004K(811932K), 0.0163719 secs] [Times: user=0.03 sys=0.01, real=0.01 secs] 
2018-01-08T10:12:46.429+0300: 0.448: [GC (Allocation Failure) 2018-01-08T10:12:46.429+0300: 0.448: [ParNew: 76346K->8509K(76800K), 0.0139216 secs] 810841K->810750K(879560K), 0.0140000 secs] [Times: user=0.03 sys=0.01, real=0.02 secs] 
2018-01-08T10:12:46.455+0300: 0.474: [GC (Allocation Failure) 2018-01-08T10:12:46.455+0300: 0.474: [ParNew: 76729K->8509K(76800K), 0.0161717 secs] 878971K->878817K(947712K), 0.0162770 secs] [Times: user=0.01 sys=0.03, real=0.02 secs] 
2018-01-08T10:12:46.484+0300: 0.503: [GC (Allocation Failure) 2018-01-08T10:12:46.484+0300: 0.503: [ParNew: 76797K->8510K(76800K), 0.0124443 secs] 947105K->947009K(1015832K), 0.0125462 secs] [Times: user=0.02 sys=0.02, real=0.01 secs] 
2018-01-08T10:12:46.510+0300: 0.529: [GC (Allocation Failure) 2018-01-08T10:12:46.510+0300: 0.529: [ParNew: 76363K->8495K(76800K), 0.0118636 secs] 1014862K->1014764K(1083564K), 0.0119534 secs] [Times: user=0.02 sys=0.02, real=0.01 secs] 
2018-01-08T10:12:46.534+0300: 0.553: [GC (Allocation Failure) 2018-01-08T10:12:46.534+0300: 0.553: [ParNew: 76674K->8499K(76800K), 0.0147014 secs] 1082944K->1082888K(1151736K), 0.0148203 secs] [Times: user=0.01 sys=0.03, real=0.02 secs] 
2018-01-08T10:12:46.561+0300: 0.580: [GC (Allocation Failure) 2018-01-08T10:12:46.561+0300: 0.580: [ParNew: 76598K->8506K(76800K), 0.0120597 secs] 1150987K->1150791K(1219568K), 0.0121816 secs] [Times: user=0.02 sys=0.02, real=0.01 secs] 
2018-01-08T10:12:46.585+0300: 0.605: [GC (Allocation Failure) 2018-01-08T10:12:46.585+0300: 0.605: [ParNew: 76236K->8510K(76800K), 0.0133578 secs] 1218521K->1218356K(1287196K), 0.0134615 secs] [Times: user=0.02 sys=0.02, real=0.02 secs] 
2018-01-08T10:12:46.612+0300: 0.631: [GC (Allocation Failure) 2018-01-08T10:12:46.612+0300: 0.631: [ParNew: 76652K->8508K(76800K), 0.0155369 secs] 1286498K->1286184K(1354996K), 0.0156235 secs] [Times: user=0.03 sys=0.01, real=0.01 secs] 
2018-01-08T10:12:46.641+0300: 0.660: [GC (Allocation Failure) 2018-01-08T10:12:46.641+0300: 0.660: [ParNew: 76652K->8507K(76800K), 0.0149430 secs] 1354328K->1353963K(1422744K), 0.0150486 secs] [Times: user=0.03 sys=0.01, real=0.01 secs] 
2018-01-08T10:12:46.668+0300: 0.688: [GC (Allocation Failure) 2018-01-08T10:12:46.668+0300: 0.688: [ParNew: 76622K->8510K(76800K), 0.0129586 secs] 1422079K->1421729K(1490496K), 0.0130460 secs] [Times: user=0.04 sys=0.01, real=0.02 secs] 
2018-01-08T10:12:46.694+0300: 0.713: [GC (Allocation Failure) 2018-01-08T10:12:46.694+0300: 0.713: [ParNew: 76450K->8508K(76800K), 0.0206629 secs] 1489669K->1489627K(1558348K), 0.0207491 secs] [Times: user=0.02 sys=0.02, real=0.02 secs] 
2018-01-08T10:12:46.727+0300: 0.746: [GC (Allocation Failure) 2018-01-08T10:12:46.727+0300: 0.746: [ParNew: 76607K->8488K(76800K), 0.0159405 secs] 1557726K->1557627K(1626468K), 0.0160417 secs] [Times: user=0.03 sys=0.01, real=0.02 secs] 
2018-01-08T10:12:46.755+0300: 0.774: [GC (Allocation Failure) 2018-01-08T10:12:46.755+0300: 0.774: [ParNew: 76708K->8511K(76800K), 0.0132258 secs] 1625847K->1625749K(1694452K), 0.0133281 secs] [Times: user=0.03 sys=0.01, real=0.01 secs] 
2018-01-08T10:12:46.781+0300: 0.800: [GC (Allocation Failure) 2018-01-08T10:12:46.781+0300: 0.800: [ParNew: 76598K->8511K(76800K), 0.0154647 secs] 1693836K->1693762K(1762624K), 0.0155580 secs] [Times: user=0.03 sys=0.02, real=0.01 secs] 
2018-01-08T10:12:46.810+0300: 0.829: [GC (Allocation Failure) 2018-01-08T10:12:46.810+0300: 0.829: [ParNew: 76207K->8510K(76800K), 0.0172660 secs] 1761458K->1761296K(1830064K), 0.0173630 secs] [Times: user=0.03 sys=0.00, real=0.01 secs] 
2018-01-08T10:12:46.839+0300: 0.858: [GC (Allocation Failure) 2018-01-08T10:12:46.839+0300: 0.858: [ParNew: 76299K->8502K(76800K), 0.0171408 secs] 1829086K->1828913K(1897756K), 0.0172458 secs] [Times: user=0.02 sys=0.02, real=0.01 secs] 
2018-01-08T10:12:46.856+0300: 0.876: [CMS-concurrent-abortable-preclean: 0.094/0.667 secs] [Times: user=0.95 sys=0.39, real=0.66 secs] 
2018-01-08T10:12:46.856+0300: 0.876: [GC (CMS Final Remark) [YG occupancy: 9004 K (76800 K)]2018-01-08T10:12:46.856+0300: 0.876: [GC (CMS Final Remark) 2018-01-08T10:12:46.856+0300: 0.876: [ParNew: 9004K->502K(76800K), 0.0037056 secs] 1829415K->1829411K(1906116K), 0.0037505 secs] [Times: user=0.01 sys=0.01, real=0.01 secs] 
2018-01-08T10:12:46.860+0300: 0.880: [Rescan (parallel) , 0.0010424 secs]2018-01-08T10:12:46.861+0300: 0.881: [weak refs processing, 0.0000296 secs]2018-01-08T10:12:46.861+0300: 0.881: [class unloading, 0.0003621 secs]2018-01-08T10:12:46.862+0300: 0.881: [scrub symbol table, 0.0003132 secs]2018-01-08T10:12:46.862+0300: 0.881: [scrub string table, 0.0002267 secs][1 CMS-remark: 1828909K(1829316K)] 1829411K(1906116K), 0.0058454 secs] [Times: user=0.02 sys=0.01, real=0.01 secs] 
2018-01-08T10:12:46.862+0300: 0.882: [CMS-concurrent-sweep-start]
2018-01-08T10:12:46.863+0300: 0.882: [CMS-concurrent-sweep: 0.000/0.000 secs] [Times: user=0.00 sys=0.00, real=0.00 secs] 
2018-01-08T10:12:46.864+0300: 0.883: [CMS-concurrent-reset-start]
2018-01-08T10:12:46.876+0300: 0.895: [CMS-concurrent-reset: 0.012/0.012 secs] [Times: user=0.02 sys=0.00, real=0.01 secs] 
2018-01-08T10:12:46.878+0300: 0.897: [GC (Allocation Failure) 2018-01-08T10:12:46.878+0300: 0.897: [ParNew: 68722K->8510K(76800K), 0.0131301 secs] 1897621K->1897535K(3124968K), 0.0132096 secs] [Times: user=0.05 sys=0.00, real=0.01 secs] 
2018-01-08T10:12:46.891+0300: 0.911: [GC (CMS Initial Mark) [1 CMS-initial-mark: 1889025K(3048168K)] 1897776K(3124968K), 0.0001199 secs] [Times: user=0.00 sys=0.00, real=0.00 secs] 
2018-01-08T10:12:46.891+0300: 0.911: [CMS-concurrent-mark-start]
2018-01-08T10:12:46.904+0300: 0.923: [GC (Allocation Failure) 2018-01-08T10:12:46.904+0300: 0.923: [ParNew: 76192K->8507K(76800K), 0.0167116 secs] 1965218K->1965145K(3124968K), 0.0168244 secs] [Times: user=0.04 sys=0.01, real=0.02 secs] 
2018-01-08T10:12:46.935+0300: 0.954: [CMS-concurrent-mark: 0.026/0.043 secs] [Times: user=0.09 sys=0.01, real=0.04 secs] 
2018-01-08T10:12:46.935+0300: 0.954: [CMS-concurrent-preclean-start]
2018-01-08T10:12:46.940+0300: 0.959: [CMS-concurrent-preclean: 0.005/0.005 secs] [Times: user=0.01 sys=0.00, real=0.01 secs] 
2018-01-08T10:12:46.940+0300: 0.959: [CMS-concurrent-abortable-preclean-start]
2018-01-08T10:12:47.011+0300: 1.031: [GC (Allocation Failure) 2018-01-08T10:12:47.011+0300: 1.031: [ParNew: 76795K->8511K(76800K), 0.0215328 secs] 2033433K->2017853K(3124968K), 0.0216155 secs] [Times: user=0.05 sys=0.00, real=0.02 secs] 
2018-01-08T10:12:47.206+0300: 1.225: [GC (Allocation Failure) 2018-01-08T10:12:47.206+0300: 1.225: [ParNew: 76799K->8510K(76800K), 0.0226944 secs] 2086141K->2040288K(3124968K), 0.0227808 secs] [Times: user=0.06 sys=0.00, real=0.02 secs] 
2018-01-08T10:12:47.228+0300: 1.248: [CMS-concurrent-abortable-preclean: 0.031/0.289 secs] [Times: user=0.42 sys=0.00, real=0.28 secs] 
2018-01-08T10:12:47.229+0300: 1.248: [GC (CMS Final Remark) [YG occupancy: 9889 K (76800 K)]2018-01-08T10:12:47.229+0300: 1.248: [GC (CMS Final Remark) 2018-01-08T10:12:47.229+0300: 1.248: [ParNew: 9889K->15K(76800K), 0.0095351 secs] 2041667K->2040298K(3124968K), 0.0095843 secs] [Times: user=0.03 sys=0.00, real=0.02 secs] 
2018-01-08T10:12:47.238+0300: 1.258: [Rescan (parallel) , 0.0090987 secs]2018-01-08T10:12:47.247+0300: 1.267: [weak refs processing, 0.0000259 secs]2018-01-08T10:12:47.247+0300: 1.267: [class unloading, 0.0004101 secs]2018-01-08T10:12:47.248+0300: 1.267: [scrub symbol table, 0.0003146 secs]2018-01-08T10:12:47.248+0300: 1.267: [scrub string table, 0.0002021 secs][1 CMS-remark: 2040283K(3048168K)] 2040298K(3124968K), 0.0197716 secs] [Times: user=0.07 sys=0.00, real=0.02 secs] 
2018-01-08T10:12:47.249+0300: 1.268: [CMS-concurrent-sweep-start]
2018-01-08T10:12:47.250+0300: 1.269: [CMS-concurrent-sweep: 0.001/0.001 secs] [Times: user=0.00 sys=0.00, real=0.01 secs] 
2018-01-08T10:12:47.251+0300: 1.270: [CMS-concurrent-reset-start]
2018-01-08T10:12:47.258+0300: 1.278: [CMS-concurrent-reset: 0.008/0.008 secs] [Times: user=0.02 sys=0.00, real=0.01 secs] 
2018-01-08T10:12:47.413+0300: 1.433: [GC (Allocation Failure) 2018-01-08T10:12:47.414+0300: 1.433: [ParNew: 68303K->8511K(76800K), 0.0169294 secs] 2108547K->2062680K(3477208K), 0.0170159 secs] [Times: user=0.07 sys=0.00, real=0.02 secs] 
2018-01-08T10:12:47.456+0300: 1.476: [GC (Allocation Failure) 2018-01-08T10:12:47.456+0300: 1.476: [ParNew: 76566K->8506K(76800K), 0.0174012 secs] 2130735K->2126416K(3477208K), 0.0174955 secs] [Times: user=0.06 sys=0.00, real=0.02 secs] 
2018-01-08T10:12:47.486+0300: 1.506: [GC (Allocation Failure) 2018-01-08T10:12:47.486+0300: 1.506: [ParNew: 76573K->8511K(76800K), 0.0160478 secs] 2194483K->2194401K(3477208K), 0.0161393 secs] [Times: user=0.04 sys=0.02, real=0.02 secs] 
2018-01-08T10:12:47.515+0300: 1.535: [GC (Allocation Failure) 2018-01-08T10:12:47.515+0300: 1.535: [ParNew: 76565K->8501K(76800K), 0.0169548 secs] 2262454K->2262336K(3477208K), 0.0170554 secs] [Times: user=0.05 sys=0.00, real=0.02 secs] 
2018-01-08T10:12:47.545+0300: 1.564: [GC (Allocation Failure) 2018-01-08T10:12:47.545+0300: 1.564: [ParNew: 76450K->8506K(76800K), 0.0156423 secs] 2330285K->2330206K(3477208K), 0.0157402 secs] [Times: user=0.04 sys=0.00, real=0.02 secs] 
2018-01-08T10:12:47.561+0300: 1.580: [GC (CMS Initial Mark) [1 CMS-initial-mark: 2321699K(3400408K)] 2330692K(3477208K), 0.0001230 secs] [Times: user=0.00 sys=0.00, real=0.00 secs] 
2018-01-08T10:12:47.561+0300: 1.580: [CMS-concurrent-mark-start]
2018-01-08T10:12:47.573+0300: 1.592: [GC (Allocation Failure) 2018-01-08T10:12:47.573+0300: 1.592: [ParNew: 76695K->8506K(76800K), 0.0146391 secs] 2398395K->2398134K(3477208K), 0.0147395 secs] [Times: user=0.05 sys=0.00, real=0.01 secs] 
2018-01-08T10:12:47.601+0300: 1.621: [CMS-concurrent-mark: 0.026/0.040 secs] [Times: user=0.10 sys=0.01, real=0.04 secs] 
2018-01-08T10:12:47.602+0300: 1.621: [GC (Allocation Failure) 2018-01-08T10:12:47.602+0300: 1.621: [ParNew: 76727K->8510K(76800K), 0.0181757 secs] 2466355K->2466291K(3477208K), 0.0182333 secs] [Times: user=0.05 sys=0.00, real=0.02 secs] 
2018-01-08T10:12:47.620+0300: 1.639: [CMS-concurrent-preclean-start]
2018-01-08T10:12:47.626+0300: 1.645: [CMS-concurrent-preclean: 0.006/0.006 secs] [Times: user=0.01 sys=0.00, real=0.00 secs] 
2018-01-08T10:12:47.626+0300: 1.645: [CMS-concurrent-abortable-preclean-start]
2018-01-08T10:12:47.632+0300: 1.651: [GC (Allocation Failure) 2018-01-08T10:12:47.632+0300: 1.651: [ParNew: 76177K->8510K(76800K), 0.0156917 secs] 2533958K->2533894K(3477208K), 0.0157888 secs] [Times: user=0.03 sys=0.01, real=0.01 secs] 
2018-01-08T10:12:47.648+0300: 1.667: [CMS-concurrent-abortable-preclean: 0.006/0.022 secs] [Times: user=0.05 sys=0.01, real=0.02 secs] 
2018-01-08T10:12:47.652+0300: 1.671: [GC (CMS Final Remark) [YG occupancy: 35137 K (76800 K)]2018-01-08T10:12:47.652+0300: 1.672: [GC (CMS Final Remark) 2018-01-08T10:12:47.652+0300: 1.672: [ParNew: 35137K->8479K(76800K), 0.0089356 secs] 2560520K->2560399K(3477208K), 0.0089932 secs] [Times: user=0.03 sys=0.00, real=0.01 secs] 
2018-01-08T10:12:47.661+0300: 1.681: [Rescan (parallel) , 0.0016545 secs]2018-01-08T10:12:47.663+0300: 1.682: [weak refs processing, 0.0000255 secs]2018-01-08T10:12:47.663+0300: 1.682: [class unloading, 0.0004058 secs]2018-01-08T10:12:47.663+0300: 1.683: [scrub symbol table, 0.0003169 secs]2018-01-08T10:12:47.664+0300: 1.683: [scrub string table, 0.0002149 secs][1 CMS-remark: 2551920K(3400408K)] 2560399K(3477208K), 0.0117704 secs] [Times: user=0.04 sys=0.00, real=0.01 secs] 
2018-01-08T10:12:47.664+0300: 1.683: [CMS-concurrent-sweep-start]
2018-01-08T10:12:47.667+0300: 1.686: [CMS-concurrent-sweep: 0.003/0.003 secs] [Times: user=0.00 sys=0.00, real=0.00 secs] 
2018-01-08T10:12:47.667+0300: 1.686: [CMS-concurrent-reset-start]
2018-01-08T10:12:47.678+0300: 1.698: [CMS-concurrent-reset: 0.011/0.011 secs] [Times: user=0.02 sys=0.00, real=0.02 secs] 
2018-01-08T10:12:47.679+0300: 1.698: [GC (Allocation Failure) 2018-01-08T10:12:47.679+0300: 1.698: [ParNew: 76767K->8510K(76800K), 0.0152252 secs] 564553K->563910K(3477208K), 0.0152858 secs] [Times: user=0.06 sys=0.00, real=0.01 secs] 
2018-01-08T10:12:47.706+0300: 1.725: [GC (Allocation Failure) 2018-01-08T10:12:47.706+0300: 1.725: [ParNew: 76640K->8506K(76800K), 0.0174671 secs] 632040K->631919K(3477208K), 0.0175484 secs] [Times: user=0.06 sys=0.00, real=0.02 secs] 
2018-01-08T10:12:47.736+0300: 1.755: [GC (Allocation Failure) 2018-01-08T10:12:47.736+0300: 1.755: [ParNew: 76382K->8489K(76800K), 0.0160911 secs] 699795K->699611K(3477208K), 0.0161834 secs] [Times: user=0.06 sys=0.00, real=0.02 secs] 
2018-01-08T10:12:47.763+0300: 1.783: [GC (Allocation Failure) 2018-01-08T10:12:47.763+0300: 1.783: [ParNew: 76110K->8511K(76800K), 0.0141831 secs] 767232K->767118K(3477208K), 0.0142699 secs] [Times: user=0.06 sys=0.00, real=0.02 secs] 
2018-01-08T10:12:47.789+0300: 1.808: [GC (Allocation Failure) 2018-01-08T10:12:47.789+0300: 1.808: [ParNew: 76459K->8508K(76800K), 0.0161631 secs] 835066K->834950K(3477208K), 0.0162490 secs] [Times: user=0.06 sys=0.00, real=0.01 secs] 
2018-01-08T10:12:47.818+0300: 1.837: [GC (Allocation Failure) 2018-01-08T10:12:47.818+0300: 1.837: [ParNew: 76118K->8500K(76800K), 0.0168488 secs] 902560K->902490K(3477208K), 0.0169355 secs] [Times: user=0.06 sys=0.00, real=0.01 secs] 
2018-01-08T10:12:47.851+0300: 1.870: [GC (Allocation Failure) 2018-01-08T10:12:47.851+0300: 1.870: [ParNew: 76079K->8507K(76800K), 0.0157974 secs] 970069K->970000K(3477208K), 0.0158773 secs] [Times: user=0.05 sys=0.00, real=0.01 secs] 
2018-01-08T10:12:47.879+0300: 1.898: [GC (Allocation Failure) 2018-01-08T10:12:47.879+0300: 1.898: [ParNew: 76259K->8503K(76800K), 0.0158320 secs] 1037752K->1037655K(3477208K), 0.0159146 secs] [Times: user=0.06 sys=0.00, real=0.01 secs] 
2018-01-08T10:12:47.907+0300: 1.926: [GC (Allocation Failure) 2018-01-08T10:12:47.907+0300: 1.926: [ParNew: 76550K->8511K(76800K), 0.0161626 secs] 1105702K->1105620K(3477208K), 0.0162527 secs] [Times: user=0.05 sys=0.00, real=0.02 secs] 
2018-01-08T10:12:47.936+0300: 1.955: [GC (Allocation Failure) 2018-01-08T10:12:47.936+0300: 1.955: [ParNew: 76663K->8503K(76800K), 0.0154802 secs] 1173772K->1173668K(3477208K), 0.0155724 secs] [Times: user=0.07 sys=0.00, real=0.02 secs] 
2018-01-08T10:12:47.963+0300: 1.983: [GC (Allocation Failure) 2018-01-08T10:12:47.964+0300: 1.983: [ParNew: 76712K->8508K(76800K), 0.0160527 secs] 1241877K->1241799K(3477208K), 0.0161384 secs] [Times: user=0.06 sys=0.00, real=0.02 secs] 
2018-01-08T10:12:47.991+0300: 2.011: [GC (Allocation Failure) 2018-01-08T10:12:47.991+0300: 2.011: [ParNew: 76426K->8504K(76800K), 0.0166535 secs] 1309717K->1309625K(3477208K), 0.0167587 secs] [Times: user=0.05 sys=0.00, real=0.01 secs] 
2018-01-08T10:12:48.021+0300: 2.040: [GC (Allocation Failure) 2018-01-08T10:12:48.021+0300: 2.040: [ParNew: 76768K->8503K(76800K), 0.0153674 secs] 1377889K->1377824K(3477208K), 0.0154579 secs] [Times: user=0.05 sys=0.00, real=0.01 secs] 
2018-01-08T10:12:48.048+0300: 2.068: [GC (Allocation Failure) 2018-01-08T10:12:48.048+0300: 2.068: [ParNew: 76663K->8509K(76800K), 0.0146154 secs] 1445983K->1445845K(3477208K), 0.0147039 secs] [Times: user=0.06 sys=0.00, real=0.02 secs] 
2018-01-08T10:12:48.076+0300: 2.095: [GC (Allocation Failure) 2018-01-08T10:12:48.076+0300: 2.095: [ParNew: 76704K->8510K(76800K), 0.0139913 secs] 1514041K->1513999K(3477208K), 0.0140848 secs] [Times: user=0.05 sys=0.00, real=0.02 secs] 
2018-01-08T10:12:48.102+0300: 2.122: [GC (Allocation Failure) 2018-01-08T10:12:48.102+0300: 2.122: [ParNew: 76144K->8508K(76800K), 0.0142739 secs] 1581633K->1581504K(3477208K), 0.0143943 secs] [Times: user=0.04 sys=0.00, real=0.02 secs] 
2018-01-08T10:12:48.129+0300: 2.148: [GC (Allocation Failure) 2018-01-08T10:12:48.129+0300: 2.149: [ParNew: 76350K->8509K(76800K), 0.0138657 secs] 1649346K->1649238K(3477208K), 0.0139560 secs] [Times: user=0.04 sys=0.00, real=0.01 secs] 
2018-01-08T10:12:48.155+0300: 2.175: [GC (Allocation Failure) 2018-01-08T10:12:48.155+0300: 2.175: [ParNew: 76718K->8510K(76800K), 0.0134017 secs] 1717447K->1717257K(3477208K), 0.0134972 secs] [Times: user=0.04 sys=0.01, real=0.01 secs] 
2018-01-08T10:12:48.181+0300: 2.201: [GC (Allocation Failure) 2018-01-08T10:12:48.181+0300: 2.201: [ParNew: 76759K->8507K(76800K), 0.0147000 secs] 1785505K->1785421K(3477208K), 0.0147942 secs] [Times: user=0.04 sys=0.01, real=0.01 secs] 
2018-01-08T10:12:48.209+0300: 2.229: [GC (Allocation Failure) 2018-01-08T10:12:48.209+0300: 2.229: [ParNew: 76627K->8506K(76800K), 0.0163600 secs] 1853540K->1853443K(3477208K), 0.0164647 secs] [Times: user=0.04 sys=0.00, real=0.01 secs] 
2018-01-08T10:12:48.238+0300: 2.258: [GC (Allocation Failure) 2018-01-08T10:12:48.239+0300: 2.258: [ParNew: 76794K->8511K(76800K), 0.0148854 secs] 1921731K->1921205K(3477208K), 0.0149960 secs] [Times: user=0.04 sys=0.00, real=0.01 secs] 
2018-01-08T10:12:48.265+0300: 2.285: [GC (Allocation Failure) 2018-01-08T10:12:48.265+0300: 2.285: [ParNew: 76787K->8511K(76800K), 0.0177030 secs] 1989481K->1989390K(3477208K), 0.0178082 secs] [Times: user=0.04 sys=0.00, real=0.02 secs] 
2018-01-08T10:12:48.428+0300: 2.448: [GC (Allocation Failure) 2018-01-08T10:12:48.428+0300: 2.448: [ParNew: 76799K->8511K(76800K), 0.0181731 secs] 2057678K->2020219K(3477208K), 0.0182831 secs] [Times: user=0.06 sys=0.00, real=0.02 secs] 
2018-01-08T10:12:48.608+0300: 2.627: [GC (Allocation Failure) 2018-01-08T10:12:48.608+0300: 2.627: [ParNew: 76799K->8512K(76800K), 0.0235115 secs] 2088507K->2042648K(3477208K), 0.0235987 secs] [Times: user=0.06 sys=0.00, real=0.03 secs] 
2018-01-08T10:12:48.735+0300: 2.755: [GC (Allocation Failure) 2018-01-08T10:12:48.736+0300: 2.755: [ParNew: 76176K->8512K(76800K), 0.0274017 secs] 2110313K->2082286K(3477208K), 0.0274917 secs] [Times: user=0.07 sys=0.00, real=0.03 secs] 
2018-01-08T10:12:48.775+0300: 2.794: [GC (Allocation Failure) 2018-01-08T10:12:48.775+0300: 2.794: [ParNew: 76545K->8505K(76800K), 0.0174329 secs] 2150319K->2149689K(3477208K), 0.0175167 secs] [Times: user=0.06 sys=0.01, real=0.02 secs] 
2018-01-08T10:12:48.805+0300: 2.824: [GC (Allocation Failure) 2018-01-08T10:12:48.805+0300: 2.824: [ParNew: 76667K->8511K(76800K), 0.0172776 secs] 2217852K->2217690K(3477208K), 0.0173662 secs] [Times: user=0.04 sys=0.01, real=0.02 secs] 
2018-01-08T10:12:48.834+0300: 2.854: [GC (Allocation Failure) 2018-01-08T10:12:48.834+0300: 2.854: [ParNew: 76799K->8510K(76800K), 0.0179070 secs] 2285978K->2285801K(3477208K), 0.0180039 secs] [Times: user=0.04 sys=0.00, real=0.02 secs] 
2018-01-08T10:12:48.864+0300: 2.884: [GC (Allocation Failure) 2018-01-08T10:12:48.864+0300: 2.884: [ParNew: 76798K->8511K(76800K), 0.0173286 secs] 2354089K->2353759K(3477208K), 0.0174306 secs] [Times: user=0.06 sys=0.00, real=0.02 secs] 
2018-01-08T10:12:48.894+0300: 2.913: [GC (Allocation Failure) 2018-01-08T10:12:48.894+0300: 2.913: [ParNew: 76529K->8510K(76800K), 0.0158700 secs] 2421777K->2421602K(3477208K), 0.0159567 secs] [Times: user=0.05 sys=0.00, real=0.02 secs] 
2018-01-08T10:12:48.922+0300: 2.941: [GC (Allocation Failure) 2018-01-08T10:12:48.922+0300: 2.941: [ParNew: 76521K->8494K(76800K), 0.0155019 secs] 2489614K->2489011K(3477208K), 0.0155857 secs] [Times: user=0.06 sys=0.00, real=0.02 secs] 
2018-01-08T10:12:48.937+0300: 2.957: [GC (CMS Initial Mark) [1 CMS-initial-mark: 2480516K(3400408K)] 2489801K(3477208K), 0.0002393 secs] [Times: user=0.00 sys=0.00, real=0.00 secs] 
2018-01-08T10:12:48.938+0300: 2.957: [CMS-concurrent-mark-start]
2018-01-08T10:12:48.958+0300: 2.977: [GC (Allocation Failure) 2018-01-08T10:12:48.958+0300: 2.977: [ParNew: 76507K->8511K(76800K), 0.0152776 secs] 2557024K->2556970K(3477208K), 0.0153632 secs] [Times: user=0.06 sys=0.00, real=0.01 secs] 
2018-01-08T10:12:48.978+0300: 2.997: [CMS-concurrent-mark: 0.025/0.040 secs] [Times: user=0.10 sys=0.00, real=0.04 secs] 
2018-01-08T10:12:48.978+0300: 2.997: [CMS-concurrent-preclean-start]
2018-01-08T10:12:48.983+0300: 3.003: [CMS-concurrent-preclean: 0.006/0.006 secs] [Times: user=0.01 sys=0.00, real=0.00 secs] 
2018-01-08T10:12:48.983+0300: 3.003: [CMS-concurrent-abortable-preclean-start]
2018-01-08T10:12:48.990+0300: 3.009: [GC (Allocation Failure) 2018-01-08T10:12:48.990+0300: 3.009: [ParNew: 76799K->8511K(76800K), 0.0201444 secs] 2625258K->2624973K(3477208K), 0.0202258 secs] [Times: user=0.08 sys=0.00, real=0.02 secs] 
2018-01-08T10:12:49.022+0300: 3.042: [GC (Allocation Failure) 2018-01-08T10:12:49.022+0300: 3.042: [ParNew: 76799K->8508K(76800K), 0.0170501 secs] 2693261K->2692595K(3477208K), 0.0171314 secs] [Times: user=0.06 sys=0.00, real=0.02 secs] 
2018-01-08T10:12:49.040+0300: 3.059: [CMS-concurrent-abortable-preclean: 0.018/0.056 secs] [Times: user=0.17 sys=0.00, real=0.06 secs] 
2018-01-08T10:12:49.040+0300: 3.059: [GC (CMS Final Remark) [YG occupancy: 9260 K (76800 K)]2018-01-08T10:12:49.040+0300: 3.059: [GC (CMS Final Remark) 2018-01-08T10:12:49.040+0300: 3.059: [ParNew: 9260K->752K(76800K), 0.0055879 secs] 2693347K->2693343K(3477208K), 0.0056378 secs] [Times: user=0.03 sys=0.00, real=0.00 secs] 
2018-01-08T10:12:49.045+0300: 3.065: [Rescan (parallel) , 0.0016437 secs]2018-01-08T10:12:49.047+0300: 3.066: [weak refs processing, 0.0000245 secs]2018-01-08T10:12:49.047+0300: 3.066: [class unloading, 0.0004029 secs]2018-01-08T10:12:49.047+0300: 3.067: [scrub symbol table, 0.0003100 secs]2018-01-08T10:12:49.048+0300: 3.067: [scrub string table, 0.0002062 secs][1 CMS-remark: 2692591K(3400408K)] 2693343K(3477208K), 0.0083558 secs] [Times: user=0.04 sys=0.00, real=0.00 secs] 
2018-01-08T10:12:49.048+0300: 3.067: [CMS-concurrent-sweep-start]
2018-01-08T10:12:49.051+0300: 3.070: [CMS-concurrent-sweep: 0.003/0.003 secs] [Times: user=0.00 sys=0.00, real=0.01 secs] 
2018-01-08T10:12:49.051+0300: 3.070: [CMS-concurrent-reset-start]
2018-01-08T10:12:49.062+0300: 3.081: [CMS-concurrent-reset: 0.011/0.011 secs] [Times: user=0.02 sys=0.00, real=0.01 secs] 
2018-01-08T10:12:49.063+0300: 3.083: [GC (Allocation Failure) 2018-01-08T10:12:49.063+0300: 3.083: [ParNew: 68938K->8511K(76800K), 0.0145955 secs] 705697K->705596K(3477208K), 0.0146852 secs] [Times: user=0.06 sys=0.00, real=0.02 secs] 
2018-01-08T10:12:49.090+0300: 3.109: [GC (Allocation Failure) 2018-01-08T10:12:49.090+0300: 3.109: [ParNew: 76643K->8505K(76800K), 0.0157465 secs] 773728K->773627K(3477208K), 0.0158343 secs] [Times: user=0.06 sys=0.00, real=0.01 secs] 
2018-01-08T10:12:49.118+0300: 3.137: [GC (Allocation Failure) 2018-01-08T10:12:49.118+0300: 3.137: [ParNew: 76793K->8511K(76800K), 0.0159603 secs] 841915K->841755K(3477208K), 0.0160521 secs] [Times: user=0.06 sys=0.00, real=0.01 secs] 
2018-01-08T10:12:49.147+0300: 3.166: [GC (Allocation Failure) 2018-01-08T10:12:49.147+0300: 3.166: [ParNew: 76278K->8510K(76800K), 0.0160284 secs] 909522K->909440K(3477208K), 0.0161195 secs] [Times: user=0.06 sys=0.00, real=0.02 secs] 
2018-01-08T10:12:49.175+0300: 3.194: [GC (Allocation Failure) 2018-01-08T10:12:49.175+0300: 3.194: [ParNew: 76467K->8511K(76800K), 0.0158964 secs] 977397K->977322K(3477208K), 0.0159876 secs] [Times: user=0.06 sys=0.00, real=0.02 secs] 
2018-01-08T10:12:49.203+0300: 3.223: [GC (Allocation Failure) 2018-01-08T10:12:49.204+0300: 3.223: [ParNew: 76552K->8476K(76800K), 0.0206330 secs] 1045363K->1045316K(3477208K), 0.0207318 secs] [Times: user=0.08 sys=0.00, real=0.02 secs] 
2018-01-08T10:12:49.236+0300: 3.255: [GC (Allocation Failure) 2018-01-08T10:12:49.236+0300: 3.255: [ParNew: 76714K->8505K(76800K), 0.0160190 secs] 1113555K->1113327K(3477208K), 0.0160960 secs] [Times: user=0.06 sys=0.00, real=0.02 secs] 
2018-01-08T10:12:49.264+0300: 3.283: [GC (Allocation Failure) 2018-01-08T10:12:49.264+0300: 3.283: [ParNew: 76389K->8511K(76800K), 0.0163961 secs] 1181211K->1181133K(3477208K), 0.0164796 secs] [Times: user=0.06 sys=0.00, real=0.02 secs] 
2018-01-08T10:12:49.292+0300: 3.312: [GC (Allocation Failure) 2018-01-08T10:12:49.292+0300: 3.312: [ParNew: 76740K->8511K(76800K), 0.0161903 secs] 1249362K->1249263K(3477208K), 0.0162775 secs] [Times: user=0.06 sys=0.00, real=0.01 secs] 
2018-01-08T10:12:49.322+0300: 3.341: [GC (Allocation Failure) 2018-01-08T10:12:49.322+0300: 3.341: [ParNew: 76253K->8511K(76800K), 0.0164558 secs] 1317005K->1316966K(3477208K), 0.0165528 secs] [Times: user=0.07 sys=0.00, real=0.02 secs] 
2018-01-08T10:12:49.351+0300: 3.370: [GC (Allocation Failure) 2018-01-08T10:12:49.351+0300: 3.370: [ParNew: 76671K->8510K(76800K), 0.0159546 secs] 1385126K->1384924K(3477208K), 0.0160450 secs] [Times: user=0.06 sys=0.00, real=0.01 secs] 
2018-01-08T10:12:49.379+0300: 3.398: [GC (Allocation Failure) 2018-01-08T10:12:49.379+0300: 3.398: [ParNew: 76579K->8511K(76800K), 0.0163063 secs] 1452994K->1452936K(3477208K), 0.0163967 secs] [Times: user=0.07 sys=0.00, real=0.01 secs] 
2018-01-08T10:12:49.407+0300: 3.426: [GC (Allocation Failure) 2018-01-08T10:12:49.407+0300: 3.426: [ParNew: 76471K->8506K(76800K), 0.0201059 secs] 1520896K->1520772K(3477208K), 0.0202161 secs] [Times: user=0.08 sys=0.00, real=0.02 secs] 
2018-01-08T10:12:49.439+0300: 3.459: [GC (Allocation Failure) 2018-01-08T10:12:49.439+0300: 3.459: [ParNew: 76043K->8501K(76800K), 0.0157909 secs] 1588310K->1588276K(3477208K), 0.0158777 secs] [Times: user=0.06 sys=0.00, real=0.01 secs] 
2018-01-08T10:12:49.467+0300: 3.486: [GC (Allocation Failure) 2018-01-08T10:12:49.467+0300: 3.486: [ParNew: 76548K->8511K(76800K), 0.0159692 secs] 1656324K->1656229K(3477208K), 0.0160607 secs] [Times: user=0.06 sys=0.00, real=0.02 secs] 
2018-01-08T10:12:49.496+0300: 3.515: [GC (Allocation Failure) 2018-01-08T10:12:49.496+0300: 3.515: [ParNew: 76628K->8505K(76800K), 0.0158553 secs] 1724346K->1724294K(3477208K), 0.0159377 secs] [Times: user=0.06 sys=0.00, real=0.02 secs] 
2018-01-08T10:12:49.524+0300: 3.544: [GC (Allocation Failure) 2018-01-08T10:12:49.524+0300: 3.544: [ParNew: 76660K->8507K(76800K), 0.0162604 secs] 1792449K->1792346K(3477208K), 0.0163496 secs] [Times: user=0.06 sys=0.00, real=0.02 secs] 
2018-01-08T10:12:49.553+0300: 3.572: [GC (Allocation Failure) 2018-01-08T10:12:49.553+0300: 3.572: [ParNew: 76661K->8511K(76800K), 0.0160467 secs] 1860500K->1860371K(3477208K), 0.0161325 secs] [Times: user=0.06 sys=0.00, real=0.02 secs] 
2018-01-08T10:12:49.581+0300: 3.600: [GC (Allocation Failure) 2018-01-08T10:12:49.581+0300: 3.600: [ParNew: 76542K->8494K(76800K), 0.0223470 secs] 1928402K->1928337K(3477208K), 0.0224355 secs] [Times: user=0.08 sys=0.00, real=0.02 secs] 
2018-01-08T10:12:49.616+0300: 3.635: [GC (Allocation Failure) 2018-01-08T10:12:49.616+0300: 3.635: [ParNew: 76199K->8501K(76800K), 0.0156299 secs] 1996042K->1995963K(3477208K), 0.0157175 secs] [Times: user=0.06 sys=0.00, real=0.02 secs] 
2018-01-08T10:12:49.751+0300: 3.770: [GC (Allocation Failure) 2018-01-08T10:12:49.751+0300: 3.770: [ParNew: 76789K->8511K(76800K), 0.0165692 secs] 2064251K->2030960K(3477208K), 0.0166644 secs] [Times: user=0.07 sys=0.00, real=0.01 secs] 
2018-01-08T10:12:49.931+0300: 3.950: [GC (Allocation Failure) 2018-01-08T10:12:49.931+0300: 3.950: [ParNew: 76799K->8512K(76800K), 0.0172085 secs] 2099248K->2053391K(3477208K), 0.0172963 secs] [Times: user=0.06 sys=0.01, real=0.01 secs] 
2018-01-08T10:12:50.065+0300: 4.084: [GC (Allocation Failure) 2018-01-08T10:12:50.065+0300: 4.084: [ParNew: 76739K->8512K(76800K), 0.0188368 secs] 2121618K->2089442K(3477208K), 0.0189285 secs] [Times: user=0.06 sys=0.00, real=0.02 secs] 
2018-01-08T10:12:50.096+0300: 4.115: [GC (Allocation Failure) 2018-01-08T10:12:50.096+0300: 4.115: [ParNew: 76741K->8510K(76800K), 0.0206215 secs] 2157672K->2157534K(3477208K), 0.0207065 secs] [Times: user=0.07 sys=0.00, real=0.02 secs] 
2018-01-08T10:12:50.128+0300: 4.148: [GC (Allocation Failure) 2018-01-08T10:12:50.128+0300: 4.148: [ParNew: 76640K->8500K(76800K), 0.0160800 secs] 2225664K->2225574K(3477208K), 0.0161677 secs] [Times: user=0.06 sys=0.00, real=0.02 secs] 
2018-01-08T10:12:50.156+0300: 4.176: [GC (Allocation Failure) 2018-01-08T10:12:50.156+0300: 4.176: [ParNew: 76788K->8496K(76800K), 0.0160512 secs] 2293862K->2293628K(3477208K), 0.0161378 secs] [Times: user=0.06 sys=0.00, real=0.02 secs] 
2018-01-08T10:12:50.184+0300: 4.203: [GC (Allocation Failure) 2018-01-08T10:12:50.184+0300: 4.203: [ParNew: 76590K->8507K(76800K), 0.0225721 secs] 2361722K->2361609K(3477208K), 0.0226677 secs] [Times: user=0.08 sys=0.00, real=0.02 secs] 
2018-01-08T10:12:50.219+0300: 4.238: [GC (Allocation Failure) 2018-01-08T10:12:50.219+0300: 4.239: [ParNew: 76520K->8509K(76800K), 0.0164012 secs] 2429621K->2429528K(3477208K), 0.0164975 secs] [Times: user=0.06 sys=0.00, real=0.01 secs] 
2018-01-08T10:12:50.247+0300: 4.267: [GC (Allocation Failure) 2018-01-08T10:12:50.248+0300: 4.267: [ParNew: 76628K->8509K(76800K), 0.0158081 secs] 2497647K->2497584K(3477208K), 0.0158968 secs] [Times: user=0.06 sys=0.00, real=0.02 secs] 
2018-01-08T10:12:50.275+0300: 4.294: [GC (Allocation Failure) 2018-01-08T10:12:50.275+0300: 4.294: [ParNew: 76652K->8510K(76800K), 0.0149891 secs] 2565727K->2565634K(3477208K), 0.0150891 secs] [Times: user=0.06 sys=0.00, real=0.02 secs] 
2018-01-08T10:12:50.302+0300: 4.321: [GC (Allocation Failure) 2018-01-08T10:12:50.302+0300: 4.321: [ParNew: 76623K->8510K(76800K), 0.0180270 secs] 2633747K->2633599K(3477208K), 0.0181150 secs] [Times: user=0.05 sys=0.00, real=0.02 secs] 
2018-01-08T10:12:50.332+0300: 4.351: [GC (Allocation Failure) 2018-01-08T10:12:50.332+0300: 4.351: [ParNew: 76798K->8506K(76800K), 0.0161685 secs] 2701887K->2701584K(3477208K), 0.0162588 secs] [Times: user=0.07 sys=0.00, real=0.01 secs] 
2018-01-08T10:12:50.348+0300: 4.368: [GC (CMS Initial Mark) [1 CMS-initial-mark: 2693077K(3400408K)] 2702294K(3477208K), 0.0001831 secs] [Times: user=0.00 sys=0.00, real=0.00 secs] 
2018-01-08T10:12:50.349+0300: 4.368: [CMS-concurrent-mark-start]
2018-01-08T10:12:50.360+0300: 4.380: [GC (Allocation Failure) 2018-01-08T10:12:50.360+0300: 4.380: [ParNew: 76783K->8507K(76800K), 0.0164656 secs] 2769861K->2769677K(3477208K), 0.0165502 secs] [Times: user=0.06 sys=0.00, real=0.02 secs] 
2018-01-08T10:12:50.391+0300: 4.410: [CMS-concurrent-mark: 0.026/0.042 secs] [Times: user=0.11 sys=0.00, real=0.05 secs] 
2018-01-08T10:12:50.391+0300: 4.410: [GC (Allocation Failure) 2018-01-08T10:12:50.391+0300: 4.410: [ParNew: 76299K->8510K(76800K), 0.0165420 secs] 2837469K->2837403K(3477208K), 0.0166117 secs] [Times: user=0.05 sys=0.00, real=0.01 secs] 
2018-01-08T10:12:50.408+0300: 4.427: [CMS-concurrent-preclean-start]
2018-01-08T10:12:50.413+0300: 4.433: [CMS-concurrent-preclean: 0.006/0.006 secs] [Times: user=0.01 sys=0.00, real=0.01 secs] 
2018-01-08T10:12:50.413+0300: 4.433: [CMS-concurrent-abortable-preclean-start]
2018-01-08T10:12:50.419+0300: 4.439: [GC (Allocation Failure) 2018-01-08T10:12:50.419+0300: 4.439: [ParNew: 76497K->8507K(76800K), 0.0164644 secs] 2905390K->2905257K(3477208K), 0.0165471 secs] [Times: user=0.06 sys=0.00, real=0.01 secs] 
2018-01-08T10:12:50.436+0300: 4.455: [CMS-concurrent-abortable-preclean: 0.006/0.022 secs] [Times: user=0.08 sys=0.00, real=0.02 secs] 
2018-01-08T10:12:50.436+0300: 4.455: [GC (CMS Final Remark) [YG occupancy: 9074 K (76800 K)]2018-01-08T10:12:50.436+0300: 4.455: [GC (CMS Final Remark) 2018-01-08T10:12:50.436+0300: 4.455: [ParNew: 9074K->567K(76800K), 0.0056067 secs] 2905824K->2905822K(3477208K), 0.0056591 secs] [Times: user=0.02 sys=0.00, real=0.01 secs] 
2018-01-08T10:12:50.442+0300: 4.461: [Rescan (parallel) , 0.0017341 secs]2018-01-08T10:12:50.444+0300: 4.463: [weak refs processing, 0.0000242 secs]2018-01-08T10:12:50.444+0300: 4.463: [class unloading, 0.0003930 secs]2018-01-08T10:12:50.444+0300: 4.463: [scrub symbol table, 0.0003037 secs]2018-01-08T10:12:50.444+0300: 4.464: [scrub string table, 0.0002043 secs][1 CMS-remark: 2905255K(3400408K)] 2905822K(3477208K), 0.0084533 secs] [Times: user=0.02 sys=0.00, real=0.01 secs] 
2018-01-08T10:12:50.445+0300: 4.464: [CMS-concurrent-sweep-start]
2018-01-08T10:12:50.448+0300: 4.467: [CMS-concurrent-sweep: 0.003/0.003 secs] [Times: user=0.01 sys=0.00, real=0.00 secs] 
2018-01-08T10:12:50.448+0300: 4.467: [CMS-concurrent-reset-start]
2018-01-08T10:12:50.459+0300: 4.479: [CMS-concurrent-reset: 0.011/0.011 secs] [Times: user=0.02 sys=0.00, real=0.02 secs] 
2018-01-08T10:12:50.460+0300: 4.479: [GC (Allocation Failure) 2018-01-08T10:12:50.460+0300: 4.479: [ParNew: 68745K->8511K(76800K), 0.0148948 secs] 905403K->905291K(3477208K), 0.0149475 secs] [Times: user=0.06 sys=0.00, real=0.01 secs] 
2018-01-08T10:12:50.486+0300: 4.506: [GC (Allocation Failure) 2018-01-08T10:12:50.486+0300: 4.506: [ParNew: 76799K->8488K(76800K), 0.0154059 secs] 973579K->973251K(3477208K), 0.0154958 secs] [Times: user=0.06 sys=0.00, real=0.02 secs] 
2018-01-08T10:12:50.514+0300: 4.534: [GC (Allocation Failure) 2018-01-08T10:12:50.514+0300: 4.534: [ParNew: 76669K->8508K(76800K), 0.0157430 secs] 1041432K->1041362K(3477208K), 0.0158547 secs] [Times: user=0.06 sys=0.00, real=0.02 secs] 
2018-01-08T10:12:50.542+0300: 4.561: [GC (Allocation Failure) 2018-01-08T10:12:50.542+0300: 4.561: [ParNew: 76743K->8504K(76800K), 0.0153135 secs] 1109596K->1109526K(3477208K), 0.0154074 secs] [Times: user=0.06 sys=0.00, real=0.02 secs] 
2018-01-08T10:12:50.570+0300: 4.589: [GC (Allocation Failure) 2018-01-08T10:12:50.570+0300: 4.589: [ParNew: 76188K->8511K(76800K), 0.0152971 secs] 1177210K->1177164K(3477208K), 0.0153807 secs] [Times: user=0.06 sys=0.00, real=0.01 secs] 
2018-01-08T10:12:50.597+0300: 4.616: [GC (Allocation Failure) 2018-01-08T10:12:50.597+0300: 4.616: [ParNew: 76799K->8510K(76800K), 0.0179258 secs] 1245452K->1245035K(3477208K), 0.0180115 secs] [Times: user=0.06 sys=0.00, real=0.01 secs] 
2018-01-08T10:12:50.627+0300: 4.646: [GC (Allocation Failure) 2018-01-08T10:12:50.627+0300: 4.646: [ParNew: 76337K->8511K(76800K), 0.0147110 secs] 1312862K->1312799K(3477208K), 0.0147994 secs] [Times: user=0.05 sys=0.00, real=0.02 secs] 
2018-01-08T10:12:50.654+0300: 4.673: [GC (Allocation Failure) 2018-01-08T10:12:50.654+0300: 4.673: [ParNew: 76528K->8509K(76800K), 0.0146869 secs] 1380816K->1380724K(3477208K), 0.0147718 secs] [Times: user=0.06 sys=0.00, real=0.01 secs] 
2018-01-08T10:12:50.680+0300: 4.699: [GC (Allocation Failure) 2018-01-08T10:12:50.680+0300: 4.700: [ParNew: 76742K->8510K(76800K), 0.0148449 secs] 1448958K->1448879K(3477208K), 0.0149316 secs] [Times: user=0.06 sys=0.00, real=0.01 secs] 
2018-01-08T10:12:50.708+0300: 4.727: [GC (Allocation Failure) 2018-01-08T10:12:50.708+0300: 4.727: [ParNew: 76549K->8509K(76800K), 0.0183738 secs] 1516918K->1516878K(3477208K), 0.0184575 secs] [Times: user=0.06 sys=0.00, real=0.02 secs] 
2018-01-08T10:12:50.738+0300: 4.757: [GC (Allocation Failure) 2018-01-08T10:12:50.738+0300: 4.757: [ParNew: 76461K->8508K(76800K), 0.0147596 secs] 1584830K->1584114K(3477208K), 0.0148471 secs] [Times: user=0.06 sys=0.00, real=0.01 secs] 
2018-01-08T10:12:50.765+0300: 4.784: [GC (Allocation Failure) 2018-01-08T10:12:50.765+0300: 4.784: [ParNew: 76756K->8509K(76800K), 0.0149718 secs] 1652362K->1652254K(3477208K), 0.0150601 secs] [Times: user=0.06 sys=0.00, real=0.02 secs] 
2018-01-08T10:12:50.791+0300: 4.810: [GC (Allocation Failure) 2018-01-08T10:12:50.791+0300: 4.810: [ParNew: 76205K->8505K(76800K), 0.0155665 secs] 1719949K->1719818K(3477208K), 0.0156524 secs] [Times: user=0.06 sys=0.00, real=0.01 secs] 
2018-01-08T10:12:50.820+0300: 4.839: [GC (Allocation Failure) 2018-01-08T10:12:50.820+0300: 4.839: [ParNew: 76688K->8508K(76800K), 0.0163873 secs] 1788001K->1787892K(3477208K), 0.0164784 secs] [Times: user=0.06 sys=0.00, real=0.01 secs] 
2018-01-08T10:12:50.849+0300: 4.868: [GC (Allocation Failure) 2018-01-08T10:12:50.849+0300: 4.869: [ParNew: 76616K->8509K(76800K), 0.0185192 secs] 1856000K->1855781K(3477208K), 0.0186110 secs] [Times: user=0.05 sys=0.00, real=0.01 secs] 
2018-01-08T10:12:50.880+0300: 4.899: [GC (Allocation Failure) 2018-01-08T10:12:50.880+0300: 4.899: [ParNew: 76563K->8500K(76800K), 0.0208559 secs] 1923835K->1923748K(3477208K), 0.0209270 secs] [Times: user=0.07 sys=0.00, real=0.02 secs] 
2018-01-08T10:12:50.956+0300: 4.975: [GC (Allocation Failure) 2018-01-08T10:12:50.956+0300: 4.975: [ParNew: 76788K->8511K(76800K), 0.0156086 secs] 1992036K->1978600K(3477208K), 0.0156943 secs] [Times: user=0.06 sys=0.00, real=0.02 secs] 
2018-01-08T10:12:51.131+0300: 5.151: [GC (Allocation Failure) 2018-01-08T10:12:51.132+0300: 5.151: [ParNew: 76799K->8512K(76800K), 0.0152258 secs] 2046888K->2001036K(3477208K), 0.0153080 secs] [Times: user=0.06 sys=0.00, real=0.01 secs] 
2018-01-08T10:12:51.305+0300: 5.325: [GC (Allocation Failure) 2018-01-08T10:12:51.306+0300: 5.325: [ParNew: 76800K->8512K(76800K), 0.0217076 secs] 2069324K->2023475K(3477208K), 0.0217921 secs] [Times: user=0.08 sys=0.00, real=0.02 secs] 
2018-01-08T10:12:51.360+0300: 5.379: [GC (Allocation Failure) 2018-01-08T10:12:51.360+0300: 5.379: [ParNew: 76171K->8511K(76800K), 0.0183523 secs] 2091135K->2084912K(3477208K), 0.0184433 secs] [Times: user=0.07 sys=0.00, real=0.02 secs] 
2018-01-08T10:12:51.390+0300: 5.409: [GC (Allocation Failure) 2018-01-08T10:12:51.390+0300: 5.409: [ParNew: 76513K->8508K(76800K), 0.0163156 secs] 2152914K->2152814K(3477208K), 0.0163967 secs] [Times: user=0.06 sys=0.00, real=0.01 secs] 
2018-01-08T10:12:51.419+0300: 5.438: [GC (Allocation Failure) 2018-01-08T10:12:51.419+0300: 5.438: [ParNew: 76639K->8510K(76800K), 0.0175040 secs] 2220945K->2220848K(3477208K), 0.0175937 secs] [Times: user=0.06 sys=0.00, real=0.01 secs] 
2018-01-08T10:12:51.448+0300: 5.467: [GC (Allocation Failure) 2018-01-08T10:12:51.448+0300: 5.467: [ParNew: 76458K->8511K(76800K), 0.0156411 secs] 2288795K->2288726K(3477208K), 0.0157275 secs] [Times: user=0.06 sys=0.00, real=0.02 secs] 
2018-01-08T10:12:51.476+0300: 5.495: [GC (Allocation Failure) 2018-01-08T10:12:51.476+0300: 5.495: [ParNew: 76658K->8510K(76800K), 0.0158794 secs] 2356873K->2356804K(3477208K), 0.0159698 secs] [Times: user=0.06 sys=0.00, real=0.02 secs] 
2018-01-08T10:12:51.504+0300: 5.523: [GC (Allocation Failure) 2018-01-08T10:12:51.504+0300: 5.523: [ParNew: 76614K->8508K(76800K), 0.0162665 secs] 2424909K->2424747K(3477208K), 0.0163524 secs] [Times: user=0.06 sys=0.00, real=0.02 secs] 
2018-01-08T10:12:51.532+0300: 5.551: [GC (Allocation Failure) 2018-01-08T10:12:51.532+0300: 5.552: [ParNew: 76687K->8491K(76800K), 0.0156140 secs] 2492926K->2492811K(3477208K), 0.0157083 secs] [Times: user=0.06 sys=0.00, real=0.01 secs] 
2018-01-08T10:12:51.560+0300: 5.579: [GC (Allocation Failure) 2018-01-08T10:12:51.560+0300: 5.579: [ParNew: 76701K->8506K(76800K), 0.0147587 secs] 2561021K->2560933K(3477208K), 0.0148441 secs] [Times: user=0.06 sys=0.00, real=0.01 secs] 
2018-01-08T10:12:51.586+0300: 5.606: [GC (Allocation Failure) 2018-01-08T10:12:51.586+0300: 5.606: [ParNew: 76289K->8507K(76800K), 0.0157271 secs] 2628715K->2628633K(3477208K), 0.0158179 secs] [Times: user=0.06 sys=0.00, real=0.02 secs] 
2018-01-08T10:12:51.614+0300: 5.634: [GC (Allocation Failure) 2018-01-08T10:12:51.614+0300: 5.634: [ParNew: 76763K->8510K(76800K), 0.0173101 secs] 2696889K->2696553K(3477208K), 0.0173932 secs] [Times: user=0.06 sys=0.00, real=0.02 secs] 
2018-01-08T10:12:51.643+0300: 5.662: [GC (Allocation Failure) 2018-01-08T10:12:51.643+0300: 5.662: [ParNew: 76711K->8510K(76800K), 0.0156667 secs] 2764754K->2764651K(3477208K), 0.0157570 secs] [Times: user=0.06 sys=0.00, real=0.02 secs] 
2018-01-08T10:12:51.671+0300: 5.690: [GC (Allocation Failure) 2018-01-08T10:12:51.671+0300: 5.690: [ParNew: 76699K->8492K(76800K), 0.0151580 secs] 2832839K->2832601K(3477208K), 0.0152490 secs] [Times: user=0.06 sys=0.00, real=0.01 secs] 
2018-01-08T10:12:51.686+0300: 5.705: [GC (CMS Initial Mark) [1 CMS-initial-mark: 2824109K(3400408K)] 2832882K(3477208K), 0.0003042 secs] [Times: user=0.00 sys=0.00, real=0.00 secs] 
2018-01-08T10:12:51.686+0300: 5.706: [CMS-concurrent-mark-start]
2018-01-08T10:12:51.698+0300: 5.718: [GC (Allocation Failure) 2018-01-08T10:12:51.698+0300: 5.718: [ParNew: 76671K->8508K(76800K), 0.0213748 secs] 2900781K->2900692K(3477208K), 0.0214599 secs] [Times: user=0.07 sys=0.00, real=0.02 secs] 
2018-01-08T10:12:51.734+0300: 5.753: [CMS-concurrent-mark: 0.026/0.048 secs] [Times: user=0.13 sys=0.00, real=0.05 secs] 
2018-01-08T10:12:51.734+0300: 5.753: [GC (Allocation Failure) 2018-01-08T10:12:51.734+0300: 5.753: [ParNew: 76739K->8508K(76800K), 0.0161248 secs] 2968923K->2968860K(3477208K), 0.0161869 secs] [Times: user=0.07 sys=0.00, real=0.02 secs] 
2018-01-08T10:12:51.750+0300: 5.770: [CMS-concurrent-preclean-start]
2018-01-08T10:12:51.756+0300: 5.776: [CMS-concurrent-preclean: 0.006/0.006 secs] [Times: user=0.00 sys=0.00, real=0.00 secs] 
2018-01-08T10:12:51.756+0300: 5.776: [CMS-concurrent-abortable-preclean-start]
2018-01-08T10:12:51.762+0300: 5.781: [GC (Allocation Failure) 2018-01-08T10:12:51.762+0300: 5.781: [ParNew: 76796K->8505K(76800K), 0.0166791 secs] 3037148K->3036977K(3477208K), 0.0167711 secs] [Times: user=0.06 sys=0.00, real=0.02 secs] 
2018-01-08T10:12:51.779+0300: 5.798: [CMS-concurrent-abortable-preclean: 0.006/0.023 secs] [Times: user=0.08 sys=0.00, real=0.03 secs] 
2018-01-08T10:12:51.779+0300: 5.798: [GC (CMS Final Remark) [YG occupancy: 9220 K (76800 K)]2018-01-08T10:12:51.779+0300: 5.798: [GC (CMS Final Remark) 2018-01-08T10:12:51.779+0300: 5.799: [ParNew: 9220K->715K(76800K), 0.0057296 secs] 3037692K->3037692K(3477208K), 0.0057987 secs] [Times: user=0.02 sys=0.00, real=0.00 secs] 
2018-01-08T10:12:51.785+0300: 5.804: [Rescan (parallel) , 0.0017708 secs]2018-01-08T10:12:51.787+0300: 5.806: [weak refs processing, 0.0000252 secs]2018-01-08T10:12:51.787+0300: 5.806: [class unloading, 0.0004050 secs]2018-01-08T10:12:51.787+0300: 5.807: [scrub symbol table, 0.0003128 secs]2018-01-08T10:12:51.788+0300: 5.807: [scrub string table, 0.0002076 secs][1 CMS-remark: 3036977K(3400408K)] 3037692K(3477208K), 0.0086505 secs] [Times: user=0.03 sys=0.00, real=0.00 secs] 
2018-01-08T10:12:51.788+0300: 5.807: [CMS-concurrent-sweep-start]
2018-01-08T10:12:51.791+0300: 5.810: [CMS-concurrent-sweep: 0.003/0.003 secs] [Times: user=0.01 sys=0.00, real=0.01 secs] 
2018-01-08T10:12:51.791+0300: 5.810: [CMS-concurrent-reset-start]
2018-01-08T10:12:51.802+0300: 5.821: [CMS-concurrent-reset: 0.011/0.011 secs] [Times: user=0.02 sys=0.00, real=0.01 secs] 
2018-01-08T10:12:51.803+0300: 5.822: [GC (Allocation Failure) 2018-01-08T10:12:51.803+0300: 5.822: [ParNew: 68506K->8511K(76800K), 0.0209466 secs] 1079515K->1079359K(3477208K), 0.0210159 secs] [Times: user=0.07 sys=0.00, real=0.02 secs] 
2018-01-08T10:12:51.835+0300: 5.855: [GC (Allocation Failure) 2018-01-08T10:12:51.835+0300: 5.855: [ParNew: 76387K->8505K(76800K), 0.0196803 secs] 1147235K->1147151K(3477208K), 0.0197604 secs] [Times: user=0.06 sys=0.00, real=0.02 secs] 
2018-01-08T10:12:51.868+0300: 5.887: [GC (Allocation Failure) 2018-01-08T10:12:51.868+0300: 5.887: [ParNew: 76503K->8511K(76800K), 0.0156422 secs] 1215148K->1214948K(3477208K), 0.0157263 secs] [Times: user=0.06 sys=0.00, real=0.02 secs] 
2018-01-08T10:12:51.896+0300: 5.915: [GC (Allocation Failure) 2018-01-08T10:12:51.896+0300: 5.915: [ParNew: 76332K->8496K(76800K), 0.0180923 secs] 1282769K->1282594K(3477208K), 0.0181758 secs] [Times: user=0.07 sys=0.00, real=0.02 secs] 
2018-01-08T10:12:51.926+0300: 5.945: [GC (Allocation Failure) 2018-01-08T10:12:51.926+0300: 5.945: [ParNew: 76479K->8508K(76800K), 0.0153349 secs] 1350577K->1350385K(3477208K), 0.0154281 secs] [Times: user=0.06 sys=0.00, real=0.02 secs] 
2018-01-08T10:12:51.953+0300: 5.972: [GC (Allocation Failure) 2018-01-08T10:12:51.953+0300: 5.972: [ParNew: 76537K->8504K(76800K), 0.0152252 secs] 1418413K->1418336K(3477208K), 0.0153161 secs] [Times: user=0.06 sys=0.00, real=0.01 secs] 
2018-01-08T10:12:51.981+0300: 6.000: [GC (Allocation Failure) 2018-01-08T10:12:51.981+0300: 6.000: [ParNew: 76778K->8510K(76800K), 0.0162759 secs] 1486611K->1486484K(3477208K), 0.0163595 secs] [Times: user=0.05 sys=0.01, real=0.02 secs] 
2018-01-08T10:12:52.009+0300: 6.029: [GC (Allocation Failure) 2018-01-08T10:12:52.009+0300: 6.029: [ParNew: 76760K->8511K(76800K), 0.0160715 secs] 1554734K->1554271K(3477208K), 0.0161672 secs] [Times: user=0.06 sys=0.00, real=0.01 secs] 
2018-01-08T10:12:52.037+0300: 6.057: [GC (Allocation Failure) 2018-01-08T10:12:52.038+0300: 6.057: [ParNew: 76692K->8506K(76800K), 0.0153538 secs] 1622453K->1622391K(3477208K), 0.0154391 secs] [Times: user=0.06 sys=0.00, real=0.01 secs] 
2018-01-08T10:12:52.065+0300: 6.084: [GC (Allocation Failure) 2018-01-08T10:12:52.065+0300: 6.084: [ParNew: 76227K->8507K(76800K), 0.0164170 secs] 1690112K->1690001K(3477208K), 0.0165038 secs] [Times: user=0.06 sys=0.00, real=0.02 secs] 
2018-01-08T10:12:52.093+0300: 6.113: [GC (Allocation Failure) 2018-01-08T10:12:52.093+0300: 6.113: [ParNew: 76308K->8509K(76800K), 0.0164245 secs] 1757802K->1757722K(3477208K), 0.0165139 secs] [Times: user=0.06 sys=0.00, real=0.02 secs] 
2018-01-08T10:12:52.122+0300: 6.141: [GC (Allocation Failure) 2018-01-08T10:12:52.122+0300: 6.141: [ParNew: 76684K->8505K(76800K), 0.0160391 secs] 1825897K->1825833K(3477208K), 0.0161307 secs] [Times: user=0.06 sys=0.00, real=0.02 secs] 
2018-01-08T10:12:52.150+0300: 6.169: [GC (Allocation Failure) 2018-01-08T10:12:52.150+0300: 6.169: [ParNew: 76793K->8510K(76800K), 0.0168581 secs] 1894121K->1894023K(3477208K), 0.0169422 secs] [Times: user=0.06 sys=0.00, real=0.01 secs] 
2018-01-08T10:12:52.179+0300: 6.198: [GC (Allocation Failure) 2018-01-08T10:12:52.179+0300: 6.198: [ParNew: 76392K->8506K(76800K), 0.0174258 secs] 1961904K->1961751K(3477208K), 0.0175114 secs] [Times: user=0.06 sys=0.00, real=0.01 secs] 
2018-01-08T10:12:52.281+0300: 6.300: [GC (Allocation Failure) 2018-01-08T10:12:52.281+0300: 6.300: [ParNew: 76794K->8511K(76800K), 0.0168641 secs] 2030039K->2007918K(3477208K), 0.0169485 secs] [Times: user=0.06 sys=0.00, real=0.02 secs] 
2018-01-08T10:12:52.459+0300: 6.478: [GC (Allocation Failure) 2018-01-08T10:12:52.459+0300: 6.478: [ParNew: 76799K->8510K(76800K), 0.0208008 secs] 2076206K->2030335K(3477208K), 0.0209067 secs] [Times: user=0.06 sys=0.00, real=0.02 secs] 
2018-01-08T10:12:52.632+0300: 6.651: [GC (Allocation Failure) 2018-01-08T10:12:52.632+0300: 6.651: [ParNew: 76683K->8512K(76800K), 0.0191282 secs] 2098508K->2055140K(3477208K), 0.0192100 secs] [Times: user=0.06 sys=0.00, real=0.02 secs] 
2018-01-08T10:12:52.662+0300: 6.682: [GC (Allocation Failure) 2018-01-08T10:12:52.662+0300: 6.682: [ParNew: 76693K->8503K(76800K), 0.0175624 secs] 2123321K->2123189K(3477208K), 0.0176540 secs] [Times: user=0.06 sys=0.00, real=0.02 secs] 
2018-01-08T10:12:52.692+0300: 6.711: [GC (Allocation Failure) 2018-01-08T10:12:52.692+0300: 6.711: [ParNew: 76519K->8500K(76800K), 0.0168049 secs] 2191205K->2191124K(3477208K), 0.0168951 secs] [Times: user=0.05 sys=0.00, real=0.02 secs] 
2018-01-08T10:12:52.721+0300: 6.740: [GC (Allocation Failure) 2018-01-08T10:12:52.721+0300: 6.740: [ParNew: 76788K->8508K(76800K), 0.0169337 secs] 2259412K->2258952K(3477208K), 0.0170244 secs] [Times: user=0.06 sys=0.00, real=0.02 secs] 
2018-01-08T10:12:52.750+0300: 6.769: [GC (Allocation Failure) 2018-01-08T10:12:52.750+0300: 6.769: [ParNew: 76625K->8510K(76800K), 0.0161104 secs] 2327069K->2326964K(3477208K), 0.0161941 secs] [Times: user=0.06 sys=0.00, real=0.01 secs] 
2018-01-08T10:12:52.778+0300: 6.797: [GC (Allocation Failure) 2018-01-08T10:12:52.778+0300: 6.797: [ParNew: 76781K->8507K(76800K), 0.0160253 secs] 2395235K->2395173K(3477208K), 0.0161175 secs] [Times: user=0.06 sys=0.00, real=0.01 secs] 
2018-01-08T10:12:52.809+0300: 6.828: [GC (Allocation Failure) 2018-01-08T10:12:52.809+0300: 6.828: [ParNew: 76345K->8507K(76800K), 0.0161906 secs] 2463011K->2462434K(3477208K), 0.0163766 secs] [Times: user=0.06 sys=0.00, real=0.02 secs] 
2018-01-08T10:12:52.837+0300: 6.856: [GC (Allocation Failure) 2018-01-08T10:12:52.837+0300: 6.856: [ParNew: 76748K->8509K(76800K), 0.0198776 secs] 2530675K->2530476K(3477208K), 0.0199926 secs] [Times: user=0.06 sys=0.00, real=0.02 secs] 
2018-01-08T10:12:52.869+0300: 6.888: [GC (Allocation Failure) 2018-01-08T10:12:52.869+0300: 6.888: [ParNew: 76747K->8510K(76800K), 0.0151079 secs] 2598714K->2598407K(3477208K), 0.0151914 secs] [Times: user=0.06 sys=0.00, real=0.01 secs] 
2018-01-08T10:12:52.895+0300: 6.915: [GC (Allocation Failure) 2018-01-08T10:12:52.896+0300: 6.915: [ParNew: 76585K->8510K(76800K), 0.0173341 secs] 2666482K->2666300K(3477208K), 0.0174212 secs] [Times: user=0.06 sys=0.00, real=0.02 secs] 
2018-01-08T10:12:52.925+0300: 6.944: [GC (Allocation Failure) 2018-01-08T10:12:52.925+0300: 6.944: [ParNew: 76577K->8496K(76800K), 0.0159724 secs] 2734367K->2734252K(3477208K), 0.0160604 secs] [Times: user=0.06 sys=0.00, real=0.02 secs] 
2018-01-08T10:12:52.952+0300: 6.972: [GC (Allocation Failure) 2018-01-08T10:12:52.952+0300: 6.972: [ParNew: 76032K->8511K(76800K), 0.0161167 secs] 2801789K->2801714K(3477208K), 0.0162038 secs] [Times: user=0.06 sys=0.00, real=0.01 secs] 
2018-01-08T10:12:52.980+0300: 6.999: [GC (Allocation Failure) 2018-01-08T10:12:52.980+0300: 6.999: [ParNew: 76799K->8511K(76800K), 0.0159426 secs] 2870002K->2869577K(3477208K), 0.0160323 secs] [Times: user=0.06 sys=0.00, real=0.01 secs] 
2018-01-08T10:12:53.009+0300: 7.028: [GC (Allocation Failure) 2018-01-08T10:12:53.009+0300: 7.028: [ParNew: 76453K->8510K(76800K), 0.0171158 secs] 2937519K->2937422K(3477208K), 0.0172178 secs] [Times: user=0.06 sys=0.00, real=0.02 secs] 
2018-01-08T10:12:53.026+0300: 7.045: [GC (CMS Initial Mark) [1 CMS-initial-mark: 2928911K(3400408K)] 2938037K(3477208K), 0.0002982 secs] [Times: user=0.00 sys=0.00, real=0.00 secs] 
2018-01-08T10:12:53.026+0300: 7.046: [CMS-concurrent-mark-start]
2018-01-08T10:12:53.040+0300: 7.060: [GC (Allocation Failure) 2018-01-08T10:12:53.040+0300: 7.060: [ParNew: 76657K->8504K(76800K), 0.0168552 secs] 3005569K->3005419K(3477208K), 0.0169366 secs] [Times: user=0.06 sys=0.00, real=0.02 secs] 
2018-01-08T10:12:53.069+0300: 7.089: [CMS-concurrent-mark: 0.026/0.043 secs] [Times: user=0.11 sys=0.00, real=0.05 secs] 
2018-01-08T10:12:53.070+0300: 7.089: [GC (Allocation Failure) 2018-01-08T10:12:53.070+0300: 7.089: [ParNew: 76663K->8509K(76800K), 0.0161499 secs] 3073578K->3073382K(3477208K), 0.0162409 secs] [Times: user=0.07 sys=0.00, real=0.01 secs] 
2018-01-08T10:12:53.086+0300: 7.105: [CMS-concurrent-preclean-start]
2018-01-08T10:12:53.092+0300: 7.111: [CMS-concurrent-preclean: 0.006/0.006 secs] [Times: user=0.00 sys=0.00, real=0.01 secs] 
2018-01-08T10:12:53.092+0300: 7.111: [CMS-concurrent-abortable-preclean-start]
2018-01-08T10:12:53.098+0300: 7.117: [GC (Allocation Failure) 2018-01-08T10:12:53.098+0300: 7.117: [ParNew: 76793K->8510K(76800K), 0.0172208 secs] 3141666K->3141522K(3477208K), 0.0173023 secs] [Times: user=0.06 sys=0.00, real=0.01 secs] 
2018-01-08T10:12:53.115+0300: 7.134: [CMS-concurrent-abortable-preclean: 0.006/0.023 secs] [Times: user=0.08 sys=0.00, real=0.02 secs] 
2018-01-08T10:12:53.116+0300: 7.135: [GC (CMS Final Remark) [YG occupancy: 13726 K (76800 K)]2018-01-08T10:12:53.116+0300: 7.135: [GC (CMS Final Remark) 2018-01-08T10:12:53.116+0300: 7.135: [ParNew: 13726K->5175K(76800K), 0.0065276 secs] 3146738K->3146695K(3477208K), 0.0065823 secs] [Times: user=0.02 sys=0.00, real=0.01 secs] 
2018-01-08T10:12:53.123+0300: 7.142: [Rescan (parallel) , 0.0016408 secs]2018-01-08T10:12:53.124+0300: 7.144: [weak refs processing, 0.0000238 secs]2018-01-08T10:12:53.124+0300: 7.144: [class unloading, 0.0003977 secs]2018-01-08T10:12:53.125+0300: 7.144: [scrub symbol table, 0.0003508 secs]2018-01-08T10:12:53.125+0300: 7.144: [scrub string table, 0.0002046 secs][1 CMS-remark: 3141520K(3400408K)] 3146695K(3477208K), 0.0093561 secs] [Times: user=0.03 sys=0.00, real=0.01 secs] 
2018-01-08T10:12:53.125+0300: 7.145: [CMS-concurrent-sweep-start]
2018-01-08T10:12:53.129+0300: 7.148: [CMS-concurrent-sweep: 0.003/0.003 secs] [Times: user=0.00 sys=0.00, real=0.00 secs] 
2018-01-08T10:12:53.129+0300: 7.148: [CMS-concurrent-reset-start]
2018-01-08T10:12:53.140+0300: 7.159: [CMS-concurrent-reset: 0.011/0.011 secs] [Times: user=0.03 sys=0.00, real=0.02 secs] 
2018-01-08T10:12:53.140+0300: 7.159: [GC (Allocation Failure) 2018-01-08T10:12:53.140+0300: 7.159: [ParNew: 73348K->8494K(76800K), 0.0150294 secs] 1163877K->1163783K(3477208K), 0.0150943 secs] [Times: user=0.06 sys=0.00, real=0.01 secs] 
2018-01-08T10:12:53.167+0300: 7.186: [GC (Allocation Failure) 2018-01-08T10:12:53.167+0300: 7.186: [ParNew: 76782K->8487K(76800K), 0.0155749 secs] 1232071K->1231876K(3477208K), 0.0156647 secs] [Times: user=0.06 sys=0.00, real=0.02 secs] 
2018-01-08T10:12:53.195+0300: 7.214: [GC (Allocation Failure) 2018-01-08T10:12:53.195+0300: 7.214: [ParNew: 76648K->8507K(76800K), 0.0179727 secs] 1300037K->1299987K(3477208K), 0.0180959 secs] [Times: user=0.06 sys=0.00, real=0.02 secs] 
2018-01-08T10:12:53.225+0300: 7.244: [GC (Allocation Failure) 2018-01-08T10:12:53.225+0300: 7.244: [ParNew: 76548K->8511K(76800K), 0.0144458 secs] 1368029K->1367965K(3477208K), 0.0145320 secs] [Times: user=0.06 sys=0.00, real=0.02 secs] 
2018-01-08T10:12:53.252+0300: 7.271: [GC (Allocation Failure) 2018-01-08T10:12:53.252+0300: 7.271: [ParNew: 76386K->8507K(76800K), 0.0143315 secs] 1435840K->1435791K(3477208K), 0.0144210 secs] [Times: user=0.06 sys=0.00, real=0.01 secs] 
2018-01-08T10:12:53.278+0300: 7.298: [GC (Allocation Failure) 2018-01-08T10:12:53.278+0300: 7.298: [ParNew: 76795K->8507K(76800K), 0.0144172 secs] 1504079K->1503918K(3477208K), 0.0145041 secs] [Times: user=0.05 sys=0.01, real=0.01 secs] 
2018-01-08T10:12:53.305+0300: 7.325: [GC (Allocation Failure) 2018-01-08T10:12:53.309+0300: 7.328: [ParNew: 76662K->8489K(76800K), 0.0154085 secs] 1572073K->1571757K(3477208K), 0.0190440 secs] [Times: user=0.06 sys=0.00, real=0.02 secs] 
2018-01-08T10:12:53.336+0300: 7.355: [GC (Allocation Failure) 2018-01-08T10:12:53.336+0300: 7.355: [ParNew: 76478K->8503K(76800K), 0.0148994 secs] 1639746K->1639610K(3477208K), 0.0149777 secs] [Times: user=0.06 sys=0.00, real=0.02 secs] 
2018-01-08T10:12:53.363+0300: 7.382: [GC (Allocation Failure) 2018-01-08T10:12:53.363+0300: 7.382: [ParNew: 76737K->8507K(76800K), 0.0145543 secs] 1707844K->1707789K(3477208K), 0.0146361 secs] [Times: user=0.05 sys=0.00, real=0.02 secs] 
2018-01-08T10:12:53.390+0300: 7.410: [GC (Allocation Failure) 2018-01-08T10:12:53.390+0300: 7.410: [ParNew: 76541K->8506K(76800K), 0.0165097 secs] 1775822K->1775782K(3477208K), 0.0165991 secs] [Times: user=0.06 sys=0.00, real=0.01 secs] 
2018-01-08T10:12:53.419+0300: 7.439: [GC (Allocation Failure) 2018-01-08T10:12:53.419+0300: 7.439: [ParNew: 76515K->8510K(76800K), 0.0146049 secs] 1843791K->1843654K(3477208K), 0.0146908 secs] [Times: user=0.05 sys=0.00, real=0.01 secs] 
2018-01-08T10:12:53.446+0300: 7.465: [GC (Allocation Failure) 2018-01-08T10:12:53.446+0300: 7.465: [ParNew: 76795K->8511K(76800K), 0.0144337 secs] 1911938K->1911900K(3477208K), 0.0145430 secs] [Times: user=0.05 sys=0.00, real=0.02 secs] 
2018-01-08T10:12:53.473+0300: 7.492: [GC (Allocation Failure) 2018-01-08T10:12:53.473+0300: 7.492: [ParNew: 76656K->8510K(76800K), 0.0150151 secs] 1980045K->1980007K(3477208K), 0.0151036 secs] [Times: user=0.06 sys=0.00, real=0.01 secs] 
2018-01-08T10:12:53.581+0300: 7.600: [GC (Allocation Failure) 2018-01-08T10:12:53.581+0300: 7.600: [ParNew: 76798K->8511K(76800K), 0.0188011 secs] 2048295K->2023395K(3477208K), 0.0189095 secs] [Times: user=0.06 sys=0.00, real=0.02 secs] 
2018-01-08T10:12:53.759+0300: 7.779: [GC (Allocation Failure) 2018-01-08T10:12:53.759+0300: 7.779: [ParNew: 76799K->8510K(76800K), 0.0159301 secs] 2091683K->2045855K(3477208K), 0.0160193 secs] [Times: user=0.07 sys=0.00, real=0.01 secs] 
2018-01-08T10:12:53.919+0300: 7.938: [GC (Allocation Failure) 2018-01-08T10:12:53.919+0300: 7.938: [ParNew: 76433K->8511K(76800K), 0.0244750 secs] 2113778K->2073237K(3477208K), 0.0245638 secs] [Times: user=0.07 sys=0.00, real=0.02 secs] 
2018-01-08T10:12:53.955+0300: 7.974: [GC (Allocation Failure) 2018-01-08T10:12:53.955+0300: 7.974: [ParNew: 76799K->8512K(76800K), 0.0221788 secs] 2141525K->2140993K(3477208K), 0.0222727 secs] [Times: user=0.07 sys=0.00, real=0.03 secs] 
2018-01-08T10:12:53.989+0300: 8.008: [GC (Allocation Failure) 2018-01-08T10:12:53.989+0300: 8.008: [ParNew: 76593K->8510K(76800K), 0.0208388 secs] 2209075K->2208585K(3477208K), 0.0209463 secs] [Times: user=0.05 sys=0.00, real=0.02 secs] 
2018-01-08T10:12:54.027+0300: 8.046: [GC (Allocation Failure) 2018-01-08T10:12:54.027+0300: 8.046: [ParNew: 76720K->8497K(76800K), 0.0169258 secs] 2276795K->2276714K(3477208K), 0.0170146 secs] [Times: user=0.06 sys=0.00, real=0.02 secs] 
2018-01-08T10:12:54.056+0300: 8.075: [GC (Allocation Failure) 2018-01-08T10:12:54.056+0300: 8.075: [ParNew: 76591K->8508K(76800K), 0.0164160 secs] 2344808K->2344745K(3477208K), 0.0164982 secs] [Times: user=0.06 sys=0.00, real=0.02 secs] 
2018-01-08T10:12:54.084+0300: 8.103: [GC (Allocation Failure) 2018-01-08T10:12:54.084+0300: 8.103: [ParNew: 76408K->8511K(76800K), 0.0152608 secs] 2412645K->2412550K(3477208K), 0.0153478 secs] [Times: user=0.05 sys=0.00, real=0.02 secs] 
2018-01-08T10:12:54.112+0300: 8.131: [GC (Allocation Failure) 2018-01-08T10:12:54.112+0300: 8.131: [ParNew: 76368K->8511K(76800K), 0.0166076 secs] 2480407K->2480342K(3477208K), 0.0167005 secs] [Times: user=0.06 sys=0.00, real=0.01 secs] 
2018-01-08T10:12:54.141+0300: 8.160: [GC (Allocation Failure) 2018-01-08T10:12:54.141+0300: 8.160: [ParNew: 76695K->8505K(76800K), 0.0164975 secs] 2548526K->2548475K(3477208K), 0.0165855 secs] [Times: user=0.06 sys=0.00, real=0.02 secs] 
2018-01-08T10:12:54.170+0300: 8.189: [GC (Allocation Failure) 2018-01-08T10:12:54.170+0300: 8.189: [ParNew: 76488K->8511K(76800K), 0.0154778 secs] 2616457K->2616397K(3477208K), 0.0155825 secs] [Times: user=0.06 sys=0.00, real=0.01 secs] 
2018-01-08T10:12:54.197+0300: 8.216: [GC (Allocation Failure) 2018-01-08T10:12:54.197+0300: 8.216: [ParNew: 76626K->8501K(76800K), 0.0184292 secs] 2684512K->2684385K(3477208K), 0.0185221 secs] [Times: user=0.06 sys=0.00, real=0.01 secs] 
2018-01-08T10:12:54.227+0300: 8.247: [GC (Allocation Failure) 2018-01-08T10:12:54.228+0300: 8.247: [ParNew: 76180K->8510K(76800K), 0.0162955 secs] 2752064K->2751952K(3477208K), 0.0163829 secs] [Times: user=0.06 sys=0.00, real=0.02 secs] 
2018-01-08T10:12:54.256+0300: 8.275: [GC (Allocation Failure) 2018-01-08T10:12:54.256+0300: 8.275: [ParNew: 76754K->8507K(76800K), 0.0157110 secs] 2820195K->2820001K(3477208K), 0.0157968 secs] [Times: user=0.06 sys=0.00, real=0.02 secs] 
2018-01-08T10:12:54.284+0300: 8.303: [GC (Allocation Failure) 2018-01-08T10:12:54.284+0300: 8.303: [ParNew: 76795K->8510K(76800K), 0.0158488 secs] 2888289K->2888097K(3477208K), 0.0159385 secs] [Times: user=0.06 sys=0.00, real=0.02 secs] 
2018-01-08T10:12:54.311+0300: 8.331: [GC (Allocation Failure) 2018-01-08T10:12:54.312+0300: 8.331: [ParNew: 76411K->8505K(76800K), 0.0173653 secs] 2955998K->2955894K(3477208K), 0.0174562 secs] [Times: user=0.05 sys=0.01, real=0.02 secs] 
2018-01-08T10:12:54.329+0300: 8.348: [GC (CMS Initial Mark) [1 CMS-initial-mark: 2947388K(3400408K)] 2956519K(3477208K), 0.0002064 secs] [Times: user=0.00 sys=0.00, real=0.00 secs] 
2018-01-08T10:12:54.329+0300: 8.349: [CMS-concurrent-mark-start]
2018-01-08T10:12:54.346+0300: 8.365: [GC (Allocation Failure) 2018-01-08T10:12:54.346+0300: 8.365: [ParNew: 76793K->8503K(76800K), 0.0159834 secs] 3024182K->3023975K(3477208K), 0.0160651 secs] [Times: user=0.06 sys=0.00, real=0.02 secs] 
2018-01-08T10:12:54.370+0300: 8.390: [CMS-concurrent-mark: 0.025/0.041 secs] [Times: user=0.11 sys=0.00, real=0.04 secs] 
2018-01-08T10:12:54.371+0300: 8.390: [CMS-concurrent-preclean-start]
2018-01-08T10:12:54.375+0300: 8.395: [GC (Allocation Failure) 2018-01-08T10:12:54.375+0300: 8.395: [ParNew: 76719K->8508K(76800K), 0.0158950 secs] 3092191K->3092120K(3477208K), 0.0159831 secs] [Times: user=0.06 sys=0.00, real=0.02 secs] 
2018-01-08T10:12:54.393+0300: 8.412: [CMS-concurrent-preclean: 0.006/0.022 secs] [Times: user=0.07 sys=0.00, real=0.02 secs] 
2018-01-08T10:12:54.393+0300: 8.412: [CMS-concurrent-abortable-preclean-start]
2018-01-08T10:12:54.399+0300: 8.418: [CMS-concurrent-abortable-preclean: 0.006/0.006 secs] [Times: user=0.01 sys=0.00, real=0.01 secs] 
2018-01-08T10:12:54.399+0300: 8.418: [GC (CMS Final Remark) [YG occupancy: 54332 K (76800 K)]2018-01-08T10:12:54.399+0300: 8.418: [GC (CMS Final Remark) 2018-01-08T10:12:54.399+0300: 8.418: [ParNew: 54332K->8506K(76800K), 0.0122668 secs] 3137945K->3137661K(3477208K), 0.0123174 secs] [Times: user=0.05 sys=0.00, real=0.01 secs] 
2018-01-08T10:12:54.411+0300: 8.431: [Rescan (parallel) , 0.0060199 secs]2018-01-08T10:12:54.418+0300: 8.437: [weak refs processing, 0.0000305 secs]2018-01-08T10:12:54.418+0300: 8.437: [class unloading, 0.0004118 secs]2018-01-08T10:12:54.418+0300: 8.437: [scrub symbol table, 0.0003130 secs]2018-01-08T10:12:54.418+0300: 8.438: [scrub string table, 0.0002077 secs][1 CMS-remark: 3129155K(3400408K)] 3137661K(3477208K), 0.0194446 secs] [Times: user=0.07 sys=0.00, real=0.02 secs] 
2018-01-08T10:12:54.419+0300: 8.438: [CMS-concurrent-sweep-start]
2018-01-08T10:12:54.422+0300: 8.442: [CMS-concurrent-sweep: 0.004/0.004 secs] [Times: user=0.00 sys=0.00, real=0.00 secs] 
2018-01-08T10:12:54.422+0300: 8.442: [CMS-concurrent-reset-start]
2018-01-08T10:12:54.433+0300: 8.453: [CMS-concurrent-reset: 0.011/0.011 secs] [Times: user=0.03 sys=0.00, real=0.01 secs] 
2018-01-08T10:12:54.434+0300: 8.453: [GC (Allocation Failure) 2018-01-08T10:12:54.434+0300: 8.453: [ParNew: 76326K->8507K(76800K), 0.0151980 secs] 1140344K->1140252K(3477208K), 0.0152556 secs] [Times: user=0.06 sys=0.00, real=0.02 secs] 
2018-01-08T10:12:54.461+0300: 8.480: [GC (Allocation Failure) 2018-01-08T10:12:54.461+0300: 8.480: [ParNew: 76222K->8509K(76800K), 0.0155651 secs] 1207967K->1207848K(3477208K), 0.0157004 secs] [Times: user=0.06 sys=0.01, real=0.01 secs] 
2018-01-08T10:12:54.489+0300: 8.508: [GC (Allocation Failure) 2018-01-08T10:12:54.489+0300: 8.508: [ParNew: 76323K->8502K(76800K), 0.0150372 secs] 1275661K->1275582K(3477208K), 0.0151234 secs] [Times: user=0.05 sys=0.00, real=0.01 secs] 
2018-01-08T10:12:54.518+0300: 8.538: [GC (Allocation Failure) 2018-01-08T10:12:54.518+0300: 8.538: [ParNew: 76337K->8506K(76800K), 0.0154899 secs] 1343417K->1343327K(3477208K), 0.0155848 secs] [Times: user=0.05 sys=0.00, real=0.01 secs] 
2018-01-08T10:12:54.545+0300: 8.564: [GC (Allocation Failure) 2018-01-08T10:12:54.545+0300: 8.564: [ParNew: 76424K->8509K(76800K), 0.0151364 secs] 1411245K->1411107K(3477208K), 0.0152190 secs] [Times: user=0.06 sys=0.00, real=0.02 secs] 
2018-01-08T10:12:54.573+0300: 8.592: [GC (Allocation Failure) 2018-01-08T10:12:54.573+0300: 8.592: [ParNew: 76573K->8511K(76800K), 0.0149943 secs] 1479171K->1479034K(3477208K), 0.0151007 secs] [Times: user=0.06 sys=0.00, real=0.01 secs] 
2018-01-08T10:12:54.601+0300: 8.620: [GC (Allocation Failure) 2018-01-08T10:12:54.601+0300: 8.621: [ParNew: 76396K->8498K(76800K), 0.0170908 secs] 1546918K->1546862K(3477208K), 0.0171923 secs] [Times: user=0.06 sys=0.00, real=0.02 secs] 
2018-01-08T10:12:54.631+0300: 8.650: [GC (Allocation Failure) 2018-01-08T10:12:54.631+0300: 8.650: [ParNew: 76526K->8503K(76800K), 0.0149988 secs] 1614890K->1614692K(3477208K), 0.0150846 secs] [Times: user=0.05 sys=0.00, real=0.01 secs] 
2018-01-08T10:12:54.658+0300: 8.677: [GC (Allocation Failure) 2018-01-08T10:12:54.658+0300: 8.677: [ParNew: 76434K->8491K(76800K), 0.0147679 secs] 1682623K->1682476K(3477208K), 0.0148698 secs] [Times: user=0.06 sys=0.00, real=0.01 secs] 
2018-01-08T10:12:54.685+0300: 8.704: [GC (Allocation Failure) 2018-01-08T10:12:54.685+0300: 8.704: [ParNew: 76731K->8510K(76800K), 0.0192885 secs] 1750715K->1750645K(3477208K), 0.0193796 secs] [Times: user=0.07 sys=0.00, real=0.02 secs] 
2018-01-08T10:12:54.717+0300: 8.737: [GC (Allocation Failure) 2018-01-08T10:12:54.717+0300: 8.737: [ParNew: 76773K->8500K(76800K), 0.0149221 secs] 1818909K->1818793K(3477208K), 0.0150086 secs] [Times: user=0.06 sys=0.00, real=0.01 secs] 
2018-01-08T10:12:54.744+0300: 8.763: [GC (Allocation Failure) 2018-01-08T10:12:54.744+0300: 8.763: [ParNew: 76174K->8502K(76800K), 0.0143453 secs] 1886467K->1886393K(3477208K), 0.0144311 secs] [Times: user=0.05 sys=0.00, real=0.02 secs] 
2018-01-08T10:12:54.770+0300: 8.789: [GC (Allocation Failure) 2018-01-08T10:12:54.770+0300: 8.789: [ParNew: 76790K->8510K(76800K), 0.0160328 secs] 1954681K->1954347K(3477208K), 0.0161255 secs] [Times: user=0.06 sys=0.00, real=0.01 secs] 
2018-01-08T10:12:54.916+0300: 8.935: [GC (Allocation Failure) 2018-01-08T10:12:54.916+0300: 8.935: [ParNew: 76798K->8511K(76800K), 0.0183834 secs] 2022635K->1986941K(3477208K), 0.0184687 secs] [Times: user=0.06 sys=0.00, real=0.02 secs] 
2018-01-08T10:12:55.096+0300: 9.115: [GC (Allocation Failure) 2018-01-08T10:12:55.096+0300: 9.115: [ParNew: 76799K->8512K(76800K), 0.0162800 secs] 2055229K->2009361K(3477208K), 0.0163648 secs] [Times: user=0.06 sys=0.00, real=0.02 secs] 
2018-01-08T10:12:55.222+0300: 9.241: [GC (Allocation Failure) 2018-01-08T10:12:55.222+0300: 9.241: [ParNew: 76033K->8511K(76800K), 0.0226741 secs] 2076882K->2046992K(3477208K), 0.0227672 secs] [Times: user=0.06 sys=0.00, real=0.02 secs] 
2018-01-08T10:12:55.257+0300: 9.276: [GC (Allocation Failure) 2018-01-08T10:12:55.257+0300: 9.276: [ParNew: 76309K->8503K(76800K), 0.0167201 secs] 2114789K->2114586K(3477208K), 0.0168079 secs] [Times: user=0.06 sys=0.00, real=0.01 secs] 
2018-01-08T10:12:55.285+0300: 9.305: [GC (Allocation Failure) 2018-01-08T10:12:55.286+0300: 9.305: [ParNew: 76791K->8511K(76800K), 0.0162139 secs] 2182874K->2182164K(3477208K), 0.0163041 secs] [Times: user=0.06 sys=0.00, real=0.02 secs] 
2018-01-08T10:12:55.314+0300: 9.334: [GC (Allocation Failure) 2018-01-08T10:12:55.314+0300: 9.334: [ParNew: 76094K->8510K(76800K), 0.0156578 secs] 2249747K->2249631K(3477208K), 0.0157502 secs] [Times: user=0.06 sys=0.00, real=0.02 secs] 
2018-01-08T10:12:55.342+0300: 9.361: [GC (Allocation Failure) 2018-01-08T10:12:55.342+0300: 9.361: [ParNew: 76769K->8496K(76800K), 0.0156562 secs] 2317889K->2317778K(3477208K), 0.0157508 secs] [Times: user=0.06 sys=0.00, real=0.02 secs] 
2018-01-08T10:12:55.370+0300: 9.389: [GC (Allocation Failure) 2018-01-08T10:12:55.370+0300: 9.389: [ParNew: 76784K->8510K(76800K), 0.0153240 secs] 2386066K->2385996K(3477208K), 0.0154278 secs] [Times: user=0.06 sys=0.00, real=0.01 secs] 
2018-01-08T10:12:55.398+0300: 9.417: [GC (Allocation Failure) 2018-01-08T10:12:55.398+0300: 9.417: [ParNew: 76737K->8506K(76800K), 0.0168246 secs] 2454223K->2454139K(3477208K), 0.0169108 secs] [Times: user=0.06 sys=0.00, real=0.01 secs] 
2018-01-08T10:12:55.427+0300: 9.446: [GC (Allocation Failure) 2018-01-08T10:12:55.427+0300: 9.446: [ParNew: 76416K->8502K(76800K), 0.0156663 secs] 2522049K->2521963K(3477208K), 0.0157597 secs] [Times: user=0.06 sys=0.00, real=0.02 secs] 
2018-01-08T10:12:55.454+0300: 9.474: [GC (Allocation Failure) 2018-01-08T10:12:55.454+0300: 9.474: [ParNew: 76420K->8510K(76800K), 0.0153050 secs] 2589881K->2589664K(3477208K), 0.0154208 secs] [Times: user=0.06 sys=0.00, real=0.02 secs] 
2018-01-08T10:12:55.482+0300: 9.501: [GC (Allocation Failure) 2018-01-08T10:12:55.482+0300: 9.501: [ParNew: 76516K->8502K(76800K), 0.0158951 secs] 2657670K->2657617K(3477208K), 0.0159831 secs] [Times: user=0.05 sys=0.00, real=0.02 secs] 
2018-01-08T10:12:55.511+0300: 9.530: [GC (Allocation Failure) 2018-01-08T10:12:55.511+0300: 9.530: [ParNew: 76600K->8511K(76800K), 0.0170859 secs] 2725714K->2725641K(3477208K), 0.0171714 secs] [Times: user=0.06 sys=0.00, real=0.01 secs] 
2018-01-08T10:12:55.539+0300: 9.559: [GC (Allocation Failure) 2018-01-08T10:12:55.540+0300: 9.559: [ParNew: 76431K->8508K(76800K), 0.0151393 secs] 2793562K->2793374K(3477208K), 0.0152328 secs] [Times: user=0.06 sys=0.00, real=0.01 secs] 
2018-01-08T10:12:55.568+0300: 9.587: [GC (Allocation Failure) 2018-01-08T10:12:55.568+0300: 9.587: [ParNew: 76630K->8492K(76800K), 0.0160074 secs] 2861496K->2861427K(3477208K), 0.0160927 secs] [Times: user=0.06 sys=0.00, real=0.02 secs] 
2018-01-08T10:12:55.595+0300: 9.615: [GC (Allocation Failure) 2018-01-08T10:12:55.595+0300: 9.615: [ParNew: 76385K->8511K(76800K), 0.0171816 secs] 2929320K->2929162K(3477208K), 0.0172746 secs] [Times: user=0.06 sys=0.00, real=0.02 secs] 
2018-01-08T10:12:55.625+0300: 9.644: [GC (Allocation Failure) 2018-01-08T10:12:55.625+0300: 9.644: [ParNew: 76645K->8510K(76800K), 0.0171719 secs] 2997297K->2997108K(3477208K), 0.0172983 secs] [Times: user=0.06 sys=0.00, real=0.02 secs] 
2018-01-08T10:12:55.642+0300: 9.662: [GC (CMS Initial Mark) [1 CMS-initial-mark: 2988598K(3400408K)] 2997872K(3477208K), 0.0001497 secs] [Times: user=0.00 sys=0.00, real=0.00 secs] 
2018-01-08T10:12:55.642+0300: 9.662: [CMS-concurrent-mark-start]
2018-01-08T10:12:55.654+0300: 9.673: [GC (Allocation Failure) 2018-01-08T10:12:55.654+0300: 9.674: [ParNew: 76784K->8511K(76800K), 0.0164304 secs] 3065382K->3065266K(3477208K), 0.0165186 secs] [Times: user=0.06 sys=0.00, real=0.02 secs] 
2018-01-08T10:12:55.684+0300: 9.704: [CMS-concurrent-mark: 0.025/0.042 secs] [Times: user=0.12 sys=0.00, real=0.04 secs] 
2018-01-08T10:12:55.684+0300: 9.704: [GC (Allocation Failure) 2018-01-08T10:12:55.685+0300: 9.704: [ParNew: 76715K->8509K(76800K), 0.0161457 secs] 3133470K->3133403K(3477208K), 0.0162077 secs] [Times: user=0.06 sys=0.00, real=0.02 secs] 
2018-01-08T10:12:55.701+0300: 9.720: [CMS-concurrent-preclean-start]
2018-01-08T10:12:55.707+0300: 9.726: [CMS-concurrent-preclean: 0.006/0.006 secs] [Times: user=0.00 sys=0.01, real=0.00 secs] 
2018-01-08T10:12:55.707+0300: 9.726: [CMS-concurrent-abortable-preclean-start]
2018-01-08T10:12:55.713+0300: 9.732: [GC (Allocation Failure) 2018-01-08T10:12:55.713+0300: 9.732: [ParNew: 76748K->8504K(76800K), 0.0156040 secs] 3201642K->3201536K(3477208K), 0.0156897 secs] [Times: user=0.06 sys=0.00, real=0.01 secs] 
2018-01-08T10:12:55.729+0300: 9.748: [CMS-concurrent-abortable-preclean: 0.006/0.022 secs] [Times: user=0.08 sys=0.00, real=0.02 secs] 
2018-01-08T10:12:55.729+0300: 9.748: [GC (CMS Final Remark) [YG occupancy: 9922 K (76800 K)]2018-01-08T10:12:55.729+0300: 9.748: [GC (CMS Final Remark) 2018-01-08T10:12:55.729+0300: 9.748: [ParNew: 9922K->561K(76800K), 0.0062283 secs] 3202954K->3202093K(3477208K), 0.0062724 secs] [Times: user=0.02 sys=0.00, real=0.00 secs] 
2018-01-08T10:12:55.735+0300: 9.754: [Rescan (parallel) , 0.0016627 secs]2018-01-08T10:12:55.737+0300: 9.756: [weak refs processing, 0.0000270 secs]2018-01-08T10:12:55.737+0300: 9.756: [class unloading, 0.0004004 secs]2018-01-08T10:12:55.737+0300: 9.756: [scrub symbol table, 0.0003092 secs]2018-01-08T10:12:55.738+0300: 9.757: [scrub string table, 0.0002051 secs][1 CMS-remark: 3201532K(3400408K)] 3202093K(3477208K), 0.0090325 secs] [Times: user=0.02 sys=0.01, real=0.02 secs] 
2018-01-08T10:12:55.738+0300: 9.757: [CMS-concurrent-sweep-start]
2018-01-08T10:12:55.741+0300: 9.760: [CMS-concurrent-sweep: 0.003/0.003 secs] [Times: user=0.01 sys=0.00, real=0.00 secs] 
2018-01-08T10:12:55.741+0300: 9.760: [CMS-concurrent-reset-start]
2018-01-08T10:12:55.751+0300: 9.771: [CMS-concurrent-reset: 0.010/0.010 secs] [Times: user=0.01 sys=0.00, real=0.01 secs] 
2018-01-08T10:12:55.753+0300: 9.772: [GC (Allocation Failure) 2018-01-08T10:12:55.753+0300: 9.772: [ParNew: 68176K->8500K(76800K), 0.0142946 secs] 1246307K->1246249K(3477208K), 0.0143801 secs] [Times: user=0.06 sys=0.00, real=0.01 secs] 
2018-01-08T10:12:55.779+0300: 9.798: [GC (Allocation Failure) 2018-01-08T10:12:55.779+0300: 9.798: [ParNew: 76743K->8509K(76800K), 0.0153223 secs] 1314492K->1314443K(3477208K), 0.0154116 secs] [Times: user=0.06 sys=0.00, real=0.01 secs] 
2018-01-08T10:12:55.806+0300: 9.825: [GC (Allocation Failure) 2018-01-08T10:12:55.806+0300: 9.825: [ParNew: 76639K->8508K(76800K), 0.0166262 secs] 1382573K->1382389K(3477208K), 0.0167204 secs] [Times: user=0.06 sys=0.00, real=0.02 secs] 
2018-01-08T10:12:55.835+0300: 9.854: [GC (Allocation Failure) 2018-01-08T10:12:55.835+0300: 9.854: [ParNew: 76380K->8511K(76800K), 0.0162910 secs] 1450261K->1450166K(3477208K), 0.0163791 secs] [Times: user=0.05 sys=0.00, real=0.02 secs] 
2018-01-08T10:12:55.863+0300: 9.882: [GC (Allocation Failure) 2018-01-08T10:12:55.863+0300: 9.882: [ParNew: 76300K->8499K(76800K), 0.0158279 secs] 1517956K->1517796K(3477208K), 0.0159157 secs] [Times: user=0.06 sys=0.00, real=0.02 secs] 
2018-01-08T10:12:55.891+0300: 9.910: [GC (Allocation Failure) 2018-01-08T10:12:55.891+0300: 9.910: [ParNew: 76371K->8502K(76800K), 0.0154146 secs] 1585668K->1585254K(3477208K), 0.0155015 secs] [Times: user=0.05 sys=0.00, real=0.01 secs] 
2018-01-08T10:12:55.919+0300: 9.938: [GC (Allocation Failure) 2018-01-08T10:12:55.919+0300: 9.938: [ParNew: 76790K->8507K(76800K), 0.0160718 secs] 1653542K->1653407K(3477208K), 0.0161631 secs] [Times: user=0.05 sys=0.00, real=0.01 secs] 
2018-01-08T10:12:55.947+0300: 9.966: [GC (Allocation Failure) 2018-01-08T10:12:55.947+0300: 9.966: [ParNew: 76527K->8508K(76800K), 0.0152410 secs] 1721427K->1721275K(3477208K), 0.0153310 secs] [Times: user=0.06 sys=0.00, real=0.02 secs] 
2018-01-08T10:12:55.973+0300: 9.993: [GC (Allocation Failure) 2018-01-08T10:12:55.974+0300: 9.993: [ParNew: 76796K->8511K(76800K), 0.0162205 secs] 1789563K->1789355K(3477208K), 0.0163073 secs] [Times: user=0.06 sys=0.00, real=0.02 secs] 
2018-01-08T10:12:56.002+0300: 10.021: [GC (Allocation Failure) 2018-01-08T10:12:56.002+0300: 10.021: [ParNew: 76799K->8511K(76800K), 0.0167364 secs] 1857643K->1857453K(3477208K), 0.0168288 secs] [Times: user=0.06 sys=0.00, real=0.02 secs] 
2018-01-08T10:12:56.031+0300: 10.050: [GC (Allocation Failure) 2018-01-08T10:12:56.031+0300: 10.050: [ParNew: 76670K->8511K(76800K), 0.0155597 secs] 1925612K->1925537K(3477208K), 0.0156464 secs] [Times: user=0.06 sys=0.00, real=0.01 secs] 
2018-01-08T10:12:56.061+0300: 10.080: [GC (Allocation Failure) 2018-01-08T10:12:56.061+0300: 10.080: [ParNew: 76799K->8510K(76800K), 0.0154092 secs] 1993825K->1992967K(3477208K), 0.0155008 secs] [Times: user=0.05 sys=0.00, real=0.01 secs] 
2018-01-08T10:12:56.236+0300: 10.255: [GC (Allocation Failure) 2018-01-08T10:12:56.236+0300: 10.255: [ParNew: 76798K->8511K(76800K), 0.0159772 secs] 2061255K->2015396K(3477208K), 0.0160666 secs] [Times: user=0.06 sys=0.00, real=0.02 secs] 
2018-01-08T10:12:56.412+0300: 10.431: [GC (Allocation Failure) 2018-01-08T10:12:56.412+0300: 10.431: [ParNew: 76799K->8512K(76800K), 0.0185715 secs] 2083684K->2037832K(3477208K), 0.0186717 secs] [Times: user=0.07 sys=0.00, real=0.02 secs] 
2018-01-08T10:12:56.504+0300: 10.523: [GC (Allocation Failure) 2018-01-08T10:12:56.504+0300: 10.523: [ParNew: 76798K->8511K(76800K), 0.0201096 secs] 2106119K->2087271K(3477208K), 0.0202011 secs] [Times: user=0.08 sys=0.00, real=0.02 secs] 
2018-01-08T10:12:56.536+0300: 10.555: [GC (Allocation Failure) 2018-01-08T10:12:56.536+0300: 10.555: [ParNew: 76159K->8511K(76800K), 0.0167891 secs] 2154919K->2154840K(3477208K), 0.0168774 secs] [Times: user=0.07 sys=0.00, real=0.02 secs] 
2018-01-08T10:12:56.564+0300: 10.584: [GC (Allocation Failure) 2018-01-08T10:12:56.565+0300: 10.584: [ParNew: 76402K->8503K(76800K), 0.0158993 secs] 2222730K->2222618K(3477208K), 0.0159863 secs] [Times: user=0.06 sys=0.00, real=0.02 secs] 
2018-01-08T10:12:56.593+0300: 10.612: [GC (Allocation Failure) 2018-01-08T10:12:56.593+0300: 10.612: [ParNew: 76651K->8502K(76800K), 0.0164730 secs] 2290765K->2290674K(3477208K), 0.0165588 secs] [Times: user=0.06 sys=0.00, real=0.02 secs] 
2018-01-08T10:12:56.621+0300: 10.640: [GC (Allocation Failure) 2018-01-08T10:12:56.621+0300: 10.640: [ParNew: 76517K->8511K(76800K), 0.0158210 secs] 2358689K->2358563K(3477208K), 0.0159133 secs] [Times: user=0.06 sys=0.00, real=0.02 secs] 
2018-01-08T10:12:56.649+0300: 10.668: [GC (Allocation Failure) 2018-01-08T10:12:56.649+0300: 10.668: [ParNew: 76524K->8507K(76800K), 0.0142935 secs] 2426577K->2426532K(3477208K), 0.0143826 secs] [Times: user=0.06 sys=0.00, real=0.01 secs] 
2018-01-08T10:12:56.675+0300: 10.694: [GC (Allocation Failure) 2018-01-08T10:12:56.675+0300: 10.694: [ParNew: 76795K->8511K(76800K), 0.0157579 secs] 2494820K->2494536K(3477208K), 0.0158574 secs] [Times: user=0.06 sys=0.00, real=0.02 secs] 
2018-01-08T10:12:56.703+0300: 10.722: [GC (Allocation Failure) 2018-01-08T10:12:56.703+0300: 10.722: [ParNew: 76344K->8510K(76800K), 0.0176490 secs] 2562369K->2562236K(3477208K), 0.0177749 secs] [Times: user=0.06 sys=0.00, real=0.02 secs] 
2018-01-08T10:12:56.732+0300: 10.751: [GC (Allocation Failure) 2018-01-08T10:12:56.732+0300: 10.752: [ParNew: 76740K->8510K(76800K), 0.0152091 secs] 2630465K->2630374K(3477208K), 0.0153045 secs] [Times: user=0.06 sys=0.00, real=0.01 secs] 
2018-01-08T10:12:56.760+0300: 10.779: [GC (Allocation Failure) 2018-01-08T10:12:56.760+0300: 10.779: [ParNew: 76781K->8511K(76800K), 0.0165053 secs] 2698646K->2698568K(3477208K), 0.0165928 secs] [Times: user=0.06 sys=0.00, real=0.01 secs] 
2018-01-08T10:12:56.788+0300: 10.808: [GC (Allocation Failure) 2018-01-08T10:12:56.788+0300: 10.808: [ParNew: 76747K->8508K(76800K), 0.0166726 secs] 2766804K->2766779K(3477208K), 0.0167626 secs] [Times: user=0.06 sys=0.00, real=0.02 secs] 
2018-01-08T10:12:56.818+0300: 10.837: [GC (Allocation Failure) 2018-01-08T10:12:56.818+0300: 10.837: [ParNew: 76746K->8506K(76800K), 0.0154225 secs] 2835016K->2834949K(3477208K), 0.0155096 secs] [Times: user=0.06 sys=0.00, real=0.01 secs] 
2018-01-08T10:12:56.848+0300: 10.867: [GC (Allocation Failure) 2018-01-08T10:12:56.848+0300: 10.867: [ParNew: 76641K->8507K(76800K), 0.0163430 secs] 2903084K->2902957K(3477208K), 0.0164119 secs] [Times: user=0.06 sys=0.00, real=0.02 secs] 
2018-01-08T10:12:56.876+0300: 10.895: [GC (Allocation Failure) 2018-01-08T10:12:56.876+0300: 10.895: [ParNew: 76499K->8511K(76800K), 0.0151912 secs] 2970949K->2970568K(3477208K), 0.0152857 secs] [Times: user=0.06 sys=0.00, real=0.02 secs] 
2018-01-08T10:12:56.891+0300: 10.911: [GC (CMS Initial Mark) [1 CMS-initial-mark: 2962056K(3400408K)] 2971189K(3477208K), 0.0001934 secs] [Times: user=0.00 sys=0.00, real=0.00 secs] 
2018-01-08T10:12:56.892+0300: 10.911: [CMS-concurrent-mark-start]
2018-01-08T10:12:56.904+0300: 10.923: [GC (Allocation Failure) 2018-01-08T10:12:56.904+0300: 10.923: [ParNew: 76515K->8510K(76800K), 0.0161913 secs] 3038572K->3038526K(3477208K), 0.0162777 secs] [Times: user=0.06 sys=0.00, real=0.02 secs] 
2018-01-08T10:12:56.932+0300: 10.952: [GC (Allocation Failure) 2018-01-08T10:12:56.932+0300: 10.952: [ParNew: 76614K->8510K(76800K), 0.0153392 secs] 3106631K->3106553K(3477208K), 0.0154293 secs] [Times: user=0.06 sys=0.00, real=0.01 secs] 
2018-01-08T10:12:56.950+0300: 10.969: [CMS-concurrent-mark: 0.027/0.059 secs] [Times: user=0.16 sys=0.00, real=0.06 secs] 
2018-01-08T10:12:56.950+0300: 10.970: [CMS-concurrent-preclean-start]
2018-01-08T10:12:56.956+0300: 10.975: [CMS-concurrent-preclean: 0.006/0.006 secs] [Times: user=0.02 sys=0.00, real=0.00 secs] 
2018-01-08T10:12:56.956+0300: 10.975: [CMS-concurrent-abortable-preclean-start]
2018-01-08T10:12:56.962+0300: 10.982: [GC (Allocation Failure) 2018-01-08T10:12:56.962+0300: 10.982: [ParNew: 76355K->8511K(76800K), 0.0151151 secs] 3174399K->3174258K(3477208K), 0.0151995 secs] [Times: user=0.05 sys=0.00, real=0.02 secs] 
2018-01-08T10:12:56.990+0300: 11.009: [GC (Allocation Failure) 2018-01-08T10:12:56.990+0300: 11.009: [ParNew: 76351K->8509K(76800K), 0.0151141 secs] 3242099K->3242027K(3477208K), 0.0152015 secs] [Times: user=0.06 sys=0.00, real=0.01 secs] 
2018-01-08T10:12:57.005+0300: 11.024: [CMS-concurrent-abortable-preclean: 0.018/0.049 secs] [Times: user=0.15 sys=0.00, real=0.05 secs] 
2018-01-08T10:12:57.005+0300: 11.025: [GC (CMS Final Remark) [YG occupancy: 9140 K (76800 K)]2018-01-08T10:12:57.005+0300: 11.025: [GC (CMS Final Remark) 2018-01-08T10:12:57.005+0300: 11.025: [ParNew: 9140K->631K(76800K), 0.0058849 secs] 3242658K->3242654K(3477208K), 0.0059379 secs] [Times: user=0.02 sys=0.00, real=0.01 secs] 
2018-01-08T10:12:57.011+0300: 11.031: [Rescan (parallel) , 0.0051955 secs]2018-01-08T10:12:57.017+0300: 11.036: [weak refs processing, 0.0000311 secs]2018-01-08T10:12:57.017+0300: 11.036: [class unloading, 0.0004342 secs]2018-01-08T10:12:57.017+0300: 11.036: [scrub symbol table, 0.0003247 secs]2018-01-08T10:12:57.017+0300: 11.037: [scrub string table, 0.0002045 secs][1 CMS-remark: 3242023K(3400408K)] 3242654K(3477208K), 0.0122761 secs] [Times: user=0.03 sys=0.00, real=0.02 secs] 
2018-01-08T10:12:57.018+0300: 11.037: [CMS-concurrent-sweep-start]
2018-01-08T10:12:57.021+0300: 11.040: [CMS-concurrent-sweep: 0.003/0.003 secs] [Times: user=0.01 sys=0.00, real=0.00 secs] 
2018-01-08T10:12:57.021+0300: 11.040: [CMS-concurrent-reset-start]
2018-01-08T10:12:57.032+0300: 11.051: [CMS-concurrent-reset: 0.011/0.011 secs] [Times: user=0.02 sys=0.01, real=0.01 secs] 
2018-01-08T10:12:57.033+0300: 11.053: [GC (Allocation Failure) 2018-01-08T10:12:57.033+0300: 11.053: [ParNew: 68444K->8511K(76800K), 0.0133944 secs] 1263993K->1263949K(3477208K), 0.0134812 secs] [Times: user=0.05 sys=0.00, real=0.01 secs] 
2018-01-08T10:12:57.059+0300: 11.078: [GC (Allocation Failure) 2018-01-08T10:12:57.059+0300: 11.078: [ParNew: 76056K->8503K(76800K), 0.0144815 secs] 1331495K->1331425K(3477208K), 0.0145694 secs] [Times: user=0.05 sys=0.00, real=0.01 secs] 
2018-01-08T10:12:57.086+0300: 11.105: [GC (Allocation Failure) 2018-01-08T10:12:57.086+0300: 11.105: [ParNew: 76776K->8510K(76800K), 0.0146378 secs] 1399698K->1399423K(3477208K), 0.0147276 secs] [Times: user=0.06 sys=0.00, real=0.02 secs] 
2018-01-08T10:12:57.112+0300: 11.132: [GC (Allocation Failure) 2018-01-08T10:12:57.112+0300: 11.132: [ParNew: 76617K->8508K(76800K), 0.0165974 secs] 1467530K->1467429K(3477208K), 0.0166893 secs] [Times: user=0.06 sys=0.00, real=0.02 secs] 
2018-01-08T10:12:57.141+0300: 11.160: [GC (Allocation Failure) 2018-01-08T10:12:57.141+0300: 11.160: [ParNew: 76550K->8511K(76800K), 0.0144351 secs] 1535471K->1535387K(3477208K), 0.0145243 secs] [Times: user=0.06 sys=0.00, real=0.01 secs] 
2018-01-08T10:12:57.168+0300: 11.187: [GC (Allocation Failure) 2018-01-08T10:12:57.168+0300: 11.187: [ParNew: 76713K->8502K(76800K), 0.0148588 secs] 1603589K->1603526K(3477208K), 0.0149474 secs] [Times: user=0.06 sys=0.00, real=0.02 secs] 
2018-01-08T10:12:57.194+0300: 11.213: [GC (Allocation Failure) 2018-01-08T10:12:57.194+0300: 11.213: [ParNew: 76536K->8511K(76800K), 0.0146000 secs] 1671560K->1671435K(3477208K), 0.0146976 secs] [Times: user=0.06 sys=0.00, real=0.02 secs] 
2018-01-08T10:12:57.222+0300: 11.241: [GC (Allocation Failure) 2018-01-08T10:12:57.222+0300: 11.241: [ParNew: 76779K->8507K(76800K), 0.0158800 secs] 1739703K->1739640K(3477208K), 0.0159673 secs] [Times: user=0.06 sys=0.00, real=0.02 secs] 
2018-01-08T10:12:57.249+0300: 11.268: [GC (Allocation Failure) 2018-01-08T10:12:57.249+0300: 11.268: [ParNew: 76534K->8510K(76800K), 0.0149372 secs] 1807667K->1807562K(3477208K), 0.0150424 secs] [Times: user=0.06 sys=0.00, real=0.01 secs] 
2018-01-08T10:12:57.276+0300: 11.295: [GC (Allocation Failure) 2018-01-08T10:12:57.276+0300: 11.295: [ParNew: 76526K->8511K(76800K), 0.0147440 secs] 1875579K->1875511K(3477208K), 0.0148292 secs] [Times: user=0.05 sys=0.00, real=0.02 secs] 
2018-01-08T10:12:57.303+0300: 11.322: [GC (Allocation Failure) 2018-01-08T10:12:57.303+0300: 11.322: [ParNew: 76307K->8491K(76800K), 0.0167195 secs] 1943307K->1943149K(3477208K), 0.0168061 secs] [Times: user=0.06 sys=0.00, real=0.02 secs] 
2018-01-08T10:12:57.359+0300: 11.378: [GC (Allocation Failure) 2018-01-08T10:12:57.359+0300: 11.378: [ParNew: 76779K->8511K(76800K), 0.0160205 secs] 2011437K->2002879K(3477208K), 0.0161212 secs] [Times: user=0.06 sys=0.00, real=0.01 secs] 
2018-01-08T10:12:57.535+0300: 11.555: [GC (Allocation Failure) 2018-01-08T10:12:57.535+0300: 11.555: [ParNew: 76799K->8511K(76800K), 0.0161779 secs] 2071167K->2025317K(3477208K), 0.0162688 secs] [Times: user=0.06 sys=0.00, real=0.02 secs] 
2018-01-08T10:12:57.711+0300: 11.731: [GC (Allocation Failure) 2018-01-08T10:12:57.711+0300: 11.731: [ParNew: 76799K->8512K(76800K), 0.0169033 secs] 2093605K->2047742K(3477208K), 0.0169879 secs] [Times: user=0.07 sys=0.00, real=0.01 secs] 
2018-01-08T10:12:57.776+0300: 11.795: [GC (Allocation Failure) 2018-01-08T10:12:57.776+0300: 11.796: [ParNew: 76684K->8512K(76800K), 0.0173747 secs] 2115915K->2104912K(3477208K), 0.0174830 secs] [Times: user=0.06 sys=0.00, real=0.02 secs] 
2018-01-08T10:12:57.806+0300: 11.825: [GC (Allocation Failure) 2018-01-08T10:12:57.806+0300: 11.825: [ParNew: 76304K->8511K(76800K), 0.0163726 secs] 2172705K->2172572K(3477208K), 0.0164613 secs] [Times: user=0.07 sys=0.00, real=0.02 secs] 
2018-01-08T10:12:57.834+0300: 11.854: [GC (Allocation Failure) 2018-01-08T10:12:57.834+0300: 11.854: [ParNew: 76485K->8492K(76800K), 0.0163976 secs] 2240546K->2240389K(3477208K), 0.0164843 secs] [Times: user=0.05 sys=0.00, real=0.02 secs] 
2018-01-08T10:12:57.863+0300: 11.882: [GC (Allocation Failure) 2018-01-08T10:12:57.863+0300: 11.882: [ParNew: 76370K->8511K(76800K), 0.0161895 secs] 2308267K->2308206K(3477208K), 0.0162889 secs] [Times: user=0.06 sys=0.00, real=0.02 secs] 
2018-01-08T10:12:57.891+0300: 11.910: [GC (Allocation Failure) 2018-01-08T10:12:57.891+0300: 11.910: [ParNew: 76581K->8503K(76800K), 0.0171774 secs] 2376276K->2376184K(3477208K), 0.0172789 secs] [Times: user=0.05 sys=0.00, real=0.01 secs] 
2018-01-08T10:12:57.920+0300: 11.940: [GC (Allocation Failure) 2018-01-08T10:12:57.920+0300: 11.940: [ParNew: 76769K->8504K(76800K), 0.0148857 secs] 2444450K->2444405K(3477208K), 0.0149745 secs] [Times: user=0.06 sys=0.00, real=0.01 secs] 
2018-01-08T10:12:57.947+0300: 11.966: [GC (Allocation Failure) 2018-01-08T10:12:57.947+0300: 11.966: [ParNew: 76594K->8511K(76800K), 0.0160977 secs] 2512495K->2512432K(3477208K), 0.0162175 secs] [Times: user=0.06 sys=0.00, real=0.02 secs] 
2018-01-08T10:12:57.975+0300: 11.995: [GC (Allocation Failure) 2018-01-08T10:12:57.975+0300: 11.995: [ParNew: 76328K->8508K(76800K), 0.0146687 secs] 2580248K->2580068K(3477208K), 0.0147736 secs] [Times: user=0.05 sys=0.00, real=0.02 secs] 
2018-01-08T10:12:58.002+0300: 12.022: [GC (Allocation Failure) 2018-01-08T10:12:58.003+0300: 12.022: [ParNew: 76664K->8511K(76800K), 0.0156885 secs] 2648225K->2648183K(3477208K), 0.0157727 secs] [Times: user=0.06 sys=0.00, real=0.02 secs] 
2018-01-08T10:12:58.030+0300: 12.050: [GC (Allocation Failure) 2018-01-08T10:12:58.030+0300: 12.050: [ParNew: 76455K->8508K(76800K), 0.0161671 secs] 2716127K->2716072K(3477208K), 0.0162666 secs] [Times: user=0.06 sys=0.00, real=0.01 secs] 
2018-01-08T10:12:58.058+0300: 12.078: [GC (Allocation Failure) 2018-01-08T10:12:58.058+0300: 12.078: [ParNew: 76525K->8491K(76800K), 0.0155823 secs] 2784089K->2783928K(3477208K), 0.0156669 secs] [Times: user=0.06 sys=0.00, real=0.01 secs] 
2018-01-08T10:12:58.086+0300: 12.105: [GC (Allocation Failure) 2018-01-08T10:12:58.086+0300: 12.105: [ParNew: 76779K->8503K(76800K), 0.0176958 secs] 2852216K->2852143K(3477208K), 0.0177972 secs] [Times: user=0.06 sys=0.00, real=0.02 secs] 
2018-01-08T10:12:58.116+0300: 12.135: [GC (Allocation Failure) 2018-01-08T10:12:58.116+0300: 12.135: [ParNew: 76476K->8510K(76800K), 0.0156202 secs] 2920116K->2919763K(3477208K), 0.0157171 secs] [Times: user=0.06 sys=0.00, real=0.02 secs] 
2018-01-08T10:12:58.144+0300: 12.163: [GC (Allocation Failure) 2018-01-08T10:12:58.144+0300: 12.164: [ParNew: 76776K->8506K(76800K), 0.0155812 secs] 2988029K->2987959K(3477208K), 0.0156678 secs] [Times: user=0.06 sys=0.00, real=0.02 secs] 
2018-01-08T10:12:58.160+0300: 12.179: [GC (CMS Initial Mark) [1 CMS-initial-mark: 2979453K(3400408K)] 2988599K(3477208K), 0.0001544 secs] [Times: user=0.00 sys=0.00, real=0.00 secs] 
2018-01-08T10:12:58.160+0300: 12.180: [CMS-concurrent-mark-start]
2018-01-08T10:12:58.172+0300: 12.191: [GC (Allocation Failure) 2018-01-08T10:12:58.172+0300: 12.191: [ParNew: 76730K->8509K(76800K), 0.0157076 secs] 3056183K->3056063K(3477208K), 0.0157900 secs] [Times: user=0.06 sys=0.00, real=0.01 secs] 
2018-01-08T10:12:58.201+0300: 12.221: [CMS-concurrent-mark: 0.025/0.041 secs] [Times: user=0.11 sys=0.00, real=0.04 secs] 
2018-01-08T10:12:58.202+0300: 12.221: [GC (Allocation Failure) 2018-01-08T10:12:58.202+0300: 12.221: [ParNew: 76609K->8510K(76800K), 0.0171665 secs] 3124163K->3124108K(3477208K), 0.0172390 secs] [Times: user=0.06 sys=0.00, real=0.02 secs] 
2018-01-08T10:12:58.219+0300: 12.238: [CMS-concurrent-preclean-start]
2018-01-08T10:12:58.225+0300: 12.244: [CMS-concurrent-preclean: 0.006/0.006 secs] [Times: user=0.01 sys=0.00, real=0.00 secs] 
2018-01-08T10:12:58.225+0300: 12.244: [CMS-concurrent-abortable-preclean-start]
2018-01-08T10:12:58.231+0300: 12.250: [GC (Allocation Failure) 2018-01-08T10:12:58.231+0300: 12.250: [ParNew: 76488K->8511K(76800K), 0.0159941 secs] 3192085K->3191988K(3477208K), 0.0160779 secs] [Times: user=0.06 sys=0.00, real=0.01 secs] 
2018-01-08T10:12:58.247+0300: 12.266: [CMS-concurrent-abortable-preclean: 0.006/0.022 secs] [Times: user=0.07 sys=0.00, real=0.02 secs] 
2018-01-08T10:12:58.250+0300: 12.270: [GC (CMS Final Remark) [YG occupancy: 26664 K (76800 K)]2018-01-08T10:12:58.250+0300: 12.270: [GC (CMS Final Remark) 2018-01-08T10:12:58.250+0300: 12.270: [ParNew: 26664K->8505K(76800K), 0.0082764 secs] 3210142K->3209906K(3477208K), 0.0083331 secs] [Times: user=0.04 sys=0.00, real=0.01 secs] 
2018-01-08T10:12:58.259+0300: 12.278: [Rescan (parallel) , 0.0021028 secs]2018-01-08T10:12:58.261+0300: 12.280: [weak refs processing, 0.0000222 secs]2018-01-08T10:12:58.261+0300: 12.280: [class unloading, 0.0004041 secs]2018-01-08T10:12:58.261+0300: 12.281: [scrub symbol table, 0.0003725 secs]2018-01-08T10:12:58.262+0300: 12.281: [scrub string table, 0.0002155 secs][1 CMS-remark: 3201401K(3400408K)] 3209906K(3477208K), 0.0116240 secs] [Times: user=0.04 sys=0.00, real=0.01 secs] 
2018-01-08T10:12:58.262+0300: 12.281: [CMS-concurrent-sweep-start]
2018-01-08T10:12:58.265+0300: 12.284: [CMS-concurrent-sweep: 0.003/0.003 secs] [Times: user=0.01 sys=0.00, real=0.00 secs] 
2018-01-08T10:12:58.265+0300: 12.284: [CMS-concurrent-reset-start]
2018-01-08T10:12:58.276+0300: 12.295: [CMS-concurrent-reset: 0.011/0.011 secs] [Times: user=0.02 sys=0.00, real=0.01 secs] 
2018-01-08T10:12:58.277+0300: 12.296: [GC (Allocation Failure) 2018-01-08T10:12:58.277+0300: 12.296: [ParNew: 76769K->8508K(76800K), 0.0155846 secs] 1225593K->1225348K(3477208K), 0.0156660 secs] [Times: user=0.06 sys=0.00, real=0.01 secs] 
2018-01-08T10:12:58.305+0300: 12.324: [GC (Allocation Failure) 2018-01-08T10:12:58.305+0300: 12.324: [ParNew: 76176K->8504K(76800K), 0.0162807 secs] 1293016K->1292817K(3477208K), 0.0163787 secs] [Times: user=0.06 sys=0.00, real=0.02 secs] 
2018-01-08T10:12:58.333+0300: 12.352: [GC (Allocation Failure) 2018-01-08T10:12:58.333+0300: 12.352: [ParNew: 76698K->8497K(76800K), 0.0157682 secs] 1361012K->1360919K(3477208K), 0.0158623 secs] [Times: user=0.06 sys=0.00, real=0.02 secs] 
2018-01-08T10:12:58.360+0300: 12.380: [GC (Allocation Failure) 2018-01-08T10:12:58.361+0300: 12.380: [ParNew: 76676K->8507K(76800K), 0.0158435 secs] 1429098K->1428909K(3477208K), 0.0159329 secs] [Times: user=0.05 sys=0.00, real=0.01 secs] 
2018-01-08T10:12:58.388+0300: 12.407: [GC (Allocation Failure) 2018-01-08T10:12:58.388+0300: 12.407: [ParNew: 76626K->8510K(76800K), 0.0202844 secs] 1497028K->1496936K(3477208K), 0.0203832 secs] [Times: user=0.07 sys=0.00, real=0.02 secs] 
2018-01-08T10:12:58.421+0300: 12.440: [GC (Allocation Failure) 2018-01-08T10:12:58.421+0300: 12.440: [ParNew: 76293K->8507K(76800K), 0.0158420 secs] 1564719K->1564609K(3477208K), 0.0159323 secs] [Times: user=0.06 sys=0.01, real=0.01 secs] 
2018-01-08T10:12:58.449+0300: 12.468: [GC (Allocation Failure) 2018-01-08T10:12:58.449+0300: 12.468: [ParNew: 76676K->8511K(76800K), 0.0169841 secs] 1632779K->1632712K(3477208K), 0.0170804 secs] [Times: user=0.07 sys=0.00, real=0.02 secs] 
2018-01-08T10:12:58.478+0300: 12.497: [GC (Allocation Failure) 2018-01-08T10:12:58.478+0300: 12.497: [ParNew: 76180K->8499K(76800K), 0.0180434 secs] 1700380K->1700323K(3477208K), 0.0181510 secs] [Times: user=0.05 sys=0.00, real=0.01 secs] 
2018-01-08T10:12:58.508+0300: 12.527: [GC (Allocation Failure) 2018-01-08T10:12:58.508+0300: 12.527: [ParNew: 76263K->8500K(76800K), 0.0226124 secs] 1768086K->1767489K(3477208K), 0.0227005 secs] [Times: user=0.06 sys=0.00, real=0.03 secs] 
2018-01-08T10:12:58.543+0300: 12.562: [GC (Allocation Failure) 2018-01-08T10:12:58.543+0300: 12.562: [ParNew: 76468K->8508K(76800K), 0.0192425 secs] 1835457K->1835414K(3477208K), 0.0193327 secs] [Times: user=0.06 sys=0.00, real=0.02 secs] 
2018-01-08T10:12:58.575+0300: 12.594: [GC (Allocation Failure) 2018-01-08T10:12:58.575+0300: 12.594: [ParNew: 76374K->8508K(76800K), 0.0190853 secs] 1903280K->1903180K(3477208K), 0.0191764 secs] [Times: user=0.05 sys=0.00, real=0.02 secs] 
2018-01-08T10:12:58.606+0300: 12.626: [GC (Allocation Failure) 2018-01-08T10:12:58.607+0300: 12.626: [ParNew: 76796K->8496K(76800K), 0.0169431 secs] 1971468K->1970993K(3477208K), 0.0170246 secs] [Times: user=0.05 sys=0.00, real=0.02 secs] 
2018-01-08T10:12:58.720+0300: 12.739: [GC (Allocation Failure) 2018-01-08T10:12:58.720+0300: 12.739: [ParNew: 76784K->8510K(76800K), 0.0266177 secs] 2039281K->2012956K(3477208K), 0.0267013 secs] [Times: user=0.05 sys=0.00, real=0.02 secs] 
2018-01-08T10:12:58.907+0300: 12.926: [GC (Allocation Failure) 2018-01-08T10:12:58.907+0300: 12.926: [ParNew: 76798K->8510K(76800K), 0.0240052 secs] 2081244K->2035373K(3477208K), 0.0241142 secs] [Times: user=0.06 sys=0.00, real=0.03 secs] 
Heap
 par new generation   total 76800K, used 68785K [0x00000006c7200000, 0x00000006cc550000, 0x00000006dbec0000)
  eden space 68288K,  88% used [0x00000006c7200000, 0x00000006cacdcd00, 0x00000006cb4b0000)
  from space 8512K,  99% used [0x00000006cbd00000, 0x00000006cc54fac8, 0x00000006cc550000)
  to   space 8512K,   0% used [0x00000006cb4b0000, 0x00000006cb4b0000, 0x00000006cbd00000)
 concurrent mark-sweep generation total 3400408K, used 2026862K [0x00000006dbec0000, 0x00000007ab776000, 0x00000007c0000000)
 Metaspace       used 3910K, capacity 4720K, committed 4864K, reserved 1056768K
  class space    used 442K, capacity 507K, committed 512K, reserved 1048576K
