Java HotSpot(TM) 64-Bit Server VM (25.60-b23) for linux-amd64 JRE (1.8.0_60-b27), built on Aug  4 2015 12:19:40 by "java_re" with gcc 4.3.0 20080428 (Red Hat 4.3.0-8)
Memory: 4k page, physical 16303120k(4462104k free), swap 3998716k(3998716k free)
CommandLine flags: -XX:InitialHeapSize=260849920 -XX:MaxHeapSize=4173598720 -XX:MaxNewSize=348966912 -XX:MaxTenuringThreshold=6 -XX:OldPLABSize=16 -XX:+PrintGC -XX:+PrintGCDateStamps -XX:+PrintGCDetails -XX:+PrintGCTimeStamps -XX:+UseCMSInitiatingOccupancyOnly -XX:+UseCompressedClassPointers -XX:+UseCompressedOops -XX:+UseConcMarkSweepGC -XX:+UseParNewGC 
2018-01-08T10:11:51.287+0300: 0.153: [GC (Allocation Failure) 2018-01-08T10:11:51.287+0300: 0.153: [ParNew: 68013K->8512K(76800K), 0.0173638 secs] 68013K->65161K(247488K), 0.0174805 secs] [Times: user=0.02 sys=0.00, real=0.02 secs] 
2018-01-08T10:11:51.318+0300: 0.184: [GC (Allocation Failure) 2018-01-08T10:11:51.318+0300: 0.184: [ParNew: 76667K->8512K(76800K), 0.0135201 secs] 133316K->133296K(247488K), 0.0136188 secs] [Times: user=0.02 sys=0.01, real=0.01 secs] 
2018-01-08T10:11:51.345+0300: 0.210: [GC (Allocation Failure) 2018-01-08T10:11:51.345+0300: 0.210: [ParNew: 76500K->8496K(76800K), 0.0134588 secs] 201284K->201301K(270264K), 0.0135603 secs] [Times: user=0.02 sys=0.00, real=0.02 secs] 
2018-01-08T10:11:51.359+0300: 0.225: [GC (CMS Initial Mark) [1 CMS-initial-mark: 192804K(193464K)] 201951K(270264K), 0.0006634 secs] [Times: user=0.00 sys=0.01, real=0.00 secs] 
2018-01-08T10:11:51.360+0300: 0.225: [CMS-concurrent-mark-start]
2018-01-08T10:11:51.383+0300: 0.249: [CMS-concurrent-mark: 0.023/0.023 secs] [Times: user=0.04 sys=0.00, real=0.02 secs] 
2018-01-08T10:11:51.383+0300: 0.249: [GC (Allocation Failure) 2018-01-08T10:11:51.383+0300: 0.249: [ParNew: 76498K->8512K(76800K), 0.0163640 secs] 269303K->269140K(338088K), 0.0164347 secs] [Times: user=0.01 sys=0.02, real=0.02 secs] 
2018-01-08T10:11:51.400+0300: 0.265: [CMS-concurrent-preclean-start]
2018-01-08T10:11:51.401+0300: 0.266: [CMS-concurrent-preclean: 0.001/0.001 secs] [Times: user=0.00 sys=0.00, real=0.00 secs] 
2018-01-08T10:11:51.401+0300: 0.266: [CMS-concurrent-abortable-preclean-start]
2018-01-08T10:11:51.412+0300: 0.278: [GC (Allocation Failure) 2018-01-08T10:11:51.412+0300: 0.278: [ParNew: 76765K->8512K(76800K), 0.0167722 secs] 337393K->337291K(406060K), 0.0168633 secs] [Times: user=0.02 sys=0.01, real=0.02 secs] 
2018-01-08T10:11:51.442+0300: 0.308: [GC (Allocation Failure) 2018-01-08T10:11:51.442+0300: 0.308: [ParNew: 76780K->8485K(76800K), 0.0177070 secs] 405559K->405464K(474316K), 0.0177985 secs] [Times: user=0.02 sys=0.03, real=0.02 secs] 
2018-01-08T10:11:51.473+0300: 0.338: [GC (Allocation Failure) 2018-01-08T10:11:51.473+0300: 0.338: [ParNew: 75978K->8508K(76800K), 0.0186152 secs] 472956K->472753K(541560K), 0.0187001 secs] [Times: user=0.02 sys=0.01, real=0.02 secs] 
2018-01-08T10:11:51.504+0300: 0.369: [GC (Allocation Failure) 2018-01-08T10:11:51.504+0300: 0.369: [ParNew: 76356K->8502K(76800K), 0.0215879 secs] 540601K->540482K(609420K), 0.0216631 secs] [Times: user=0.03 sys=0.01, real=0.02 secs] 
2018-01-08T10:11:51.538+0300: 0.403: [GC (Allocation Failure) 2018-01-08T10:11:51.538+0300: 0.404: [ParNew: 76751K->8507K(76800K), 0.0225488 secs] 608732K->608619K(677552K), 0.0226325 secs] [Times: user=0.03 sys=0.01, real=0.02 secs] 
2018-01-08T10:11:51.573+0300: 0.439: [GC (Allocation Failure) 2018-01-08T10:11:51.573+0300: 0.439: [ParNew: 76669K->8511K(76800K), 0.0154444 secs] 676782K->676657K(745472K), 0.0155306 secs] [Times: user=0.03 sys=0.01, real=0.02 secs] 
2018-01-08T10:11:51.601+0300: 0.467: [GC (Allocation Failure) 2018-01-08T10:11:51.601+0300: 0.467: [ParNew: 76611K->8507K(76800K), 0.0248643 secs] 744757K->744630K(813468K), 0.0249427 secs] [Times: user=0.04 sys=0.02, real=0.02 secs] 
2018-01-08T10:11:51.638+0300: 0.504: [GC (Allocation Failure) 2018-01-08T10:11:51.638+0300: 0.504: [ParNew: 76387K->8504K(76800K), 0.0114778 secs] 812510K->812161K(880944K), 0.0115603 secs] [Times: user=0.03 sys=0.01, real=0.01 secs] 
2018-01-08T10:11:51.662+0300: 0.528: [GC (Allocation Failure) 2018-01-08T10:11:51.662+0300: 0.528: [ParNew: 76514K->8511K(76800K), 0.0115428 secs] 880172K->879848K(948776K), 0.0116583 secs] [Times: user=0.03 sys=0.02, real=0.01 secs] 
2018-01-08T10:11:51.687+0300: 0.552: [GC (Allocation Failure) 2018-01-08T10:11:51.687+0300: 0.552: [ParNew: 76436K->8511K(76800K), 0.0118597 secs] 947773K->947596K(1016344K), 0.0119527 secs] [Times: user=0.04 sys=0.01, real=0.02 secs] 
2018-01-08T10:11:51.711+0300: 0.576: [GC (Allocation Failure) 2018-01-08T10:11:51.711+0300: 0.576: [ParNew: 76075K->8509K(76800K), 0.0164377 secs] 1015159K->1015078K(1083816K), 0.0165338 secs] [Times: user=0.04 sys=0.01, real=0.01 secs] 
2018-01-08T10:11:51.741+0300: 0.606: [GC (Allocation Failure) 2018-01-08T10:11:51.741+0300: 0.606: [ParNew: 76590K->8509K(76800K), 0.0114133 secs] 1083159K->1083001K(1151816K), 0.0115506 secs] [Times: user=0.03 sys=0.01, real=0.01 secs] 
2018-01-08T10:11:51.765+0300: 0.630: [GC (Allocation Failure) 2018-01-08T10:11:51.765+0300: 0.630: [ParNew: 76702K->8508K(76800K), 0.0120513 secs] 1151194K->1151085K(1219972K), 0.0121599 secs] [Times: user=0.02 sys=0.03, real=0.02 secs] 
2018-01-08T10:11:51.790+0300: 0.655: [GC (Allocation Failure) 2018-01-08T10:11:51.790+0300: 0.655: [ParNew: 76353K->8505K(76800K), 0.0118285 secs] 1218930K->1218762K(1287516K), 0.0119171 secs] [Times: user=0.04 sys=0.01, real=0.01 secs] 
2018-01-08T10:11:51.815+0300: 0.681: [GC (Allocation Failure) 2018-01-08T10:11:51.815+0300: 0.681: [ParNew: 76739K->8511K(76800K), 0.0192582 secs] 1286996K->1286838K(1355724K), 0.0193537 secs] [Times: user=0.03 sys=0.00, real=0.02 secs] 
2018-01-08T10:11:51.847+0300: 0.712: [GC (Allocation Failure) 2018-01-08T10:11:51.847+0300: 0.712: [ParNew: 76391K->8506K(76800K), 0.0265529 secs] 1354718K->1354175K(1422972K), 0.0266350 secs] [Times: user=0.03 sys=0.03, real=0.03 secs] 
2018-01-08T10:11:51.886+0300: 0.752: [GC (Allocation Failure) 2018-01-08T10:11:51.886+0300: 0.752: [ParNew: 76737K->8510K(76800K), 0.0157039 secs] 1422406K->1422280K(1491036K), 0.0157935 secs] [Times: user=0.03 sys=0.02, real=0.02 secs] 
2018-01-08T10:11:51.915+0300: 0.780: [GC (Allocation Failure) 2018-01-08T10:11:51.915+0300: 0.780: [ParNew: 76764K->8503K(76800K), 0.0156463 secs] 1490533K->1490416K(1559208K), 0.0157396 secs] [Times: user=0.03 sys=0.02, real=0.02 secs] 
2018-01-08T10:11:51.943+0300: 0.809: [GC (Allocation Failure) 2018-01-08T10:11:51.943+0300: 0.809: [ParNew: 76791K->8509K(76800K), 0.0131868 secs] 1558704K->1558557K(1627372K), 0.0132784 secs] [Times: user=0.03 sys=0.02, real=0.01 secs] 
2018-01-08T10:11:51.969+0300: 0.835: [GC (Allocation Failure) 2018-01-08T10:11:51.969+0300: 0.835: [ParNew: 76788K->8505K(76800K), 0.0135304 secs] 1626836K->1626735K(1695488K), 0.0136233 secs] [Times: user=0.03 sys=0.01, real=0.01 secs] 
2018-01-08T10:11:51.995+0300: 0.861: [GC (Allocation Failure) 2018-01-08T10:11:51.995+0300: 0.861: [ParNew: 76610K->8508K(76800K), 0.0127225 secs] 1694840K->1694719K(1763528K), 0.0128262 secs] [Times: user=0.02 sys=0.02, real=0.01 secs] 
2018-01-08T10:11:52.021+0300: 0.886: [GC (Allocation Failure) 2018-01-08T10:11:52.021+0300: 0.886: [ParNew: 76658K->8511K(76800K), 0.0144761 secs] 1762869K->1762802K(1831676K), 0.0145662 secs] [Times: user=0.02 sys=0.03, real=0.01 secs] 
2018-01-08T10:11:52.048+0300: 0.913: [GC (Allocation Failure) 2018-01-08T10:11:52.048+0300: 0.913: [ParNew: 76644K->8510K(76800K), 0.0143648 secs] 1830935K->1830774K(1899568K), 0.0144582 secs] [Times: user=0.04 sys=0.00, real=0.02 secs] 
2018-01-08T10:11:52.075+0300: 0.940: [GC (Allocation Failure) 2018-01-08T10:11:52.075+0300: 0.940: [ParNew: 76422K->8509K(76800K), 0.0150394 secs] 1898686K->1898609K(1967396K), 0.0151317 secs] [Times: user=0.02 sys=0.02, real=0.02 secs] 
2018-01-08T10:11:52.102+0300: 0.968: [GC (Allocation Failure) 2018-01-08T10:11:52.102+0300: 0.968: [ParNew: 76768K->8510K(76800K), 0.0141927 secs] 1966868K->1966774K(2035592K), 0.0142891 secs] [Times: user=0.04 sys=0.01, real=0.01 secs] 
2018-01-08T10:11:52.116+0300: 0.982: [CMS-concurrent-abortable-preclean: 0.103/0.716 secs] [Times: user=1.08 sys=0.38, real=0.71 secs] 
2018-01-08T10:11:52.117+0300: 0.982: [GC (CMS Final Remark) [YG occupancy: 9958 K (76800 K)]2018-01-08T10:11:52.117+0300: 0.982: [Rescan (parallel) , 0.0009588 secs]2018-01-08T10:11:52.118+0300: 0.983: [weak refs processing, 0.0000170 secs]2018-01-08T10:11:52.118+0300: 0.983: [class unloading, 0.0003563 secs]2018-01-08T10:11:52.118+0300: 0.983: [scrub symbol table, 0.0003237 secs]2018-01-08T10:11:52.118+0300: 0.984: [scrub string table, 0.0002309 secs][1 CMS-remark: 1958263K(1958792K)] 1968222K(2035592K), 0.0019826 secs] [Times: user=0.00 sys=0.00, real=0.01 secs] 
2018-01-08T10:11:52.119+0300: 0.984: [CMS-concurrent-sweep-start]
2018-01-08T10:11:52.119+0300: 0.985: [CMS-concurrent-sweep: 0.000/0.000 secs] [Times: user=0.00 sys=0.00, real=0.00 secs] 
2018-01-08T10:11:52.120+0300: 0.986: [CMS-concurrent-reset-start]
2018-01-08T10:11:52.132+0300: 0.997: [CMS-concurrent-reset: 0.011/0.011 secs] [Times: user=0.02 sys=0.00, real=0.01 secs] 
2018-01-08T10:11:52.227+0300: 1.093: [GC (Allocation Failure) 2018-01-08T10:11:52.227+0300: 1.093: [ParNew: 76798K->8511K(76800K), 0.0181358 secs] 2035052K->2015750K(3340560K), 0.0182540 secs] [Times: user=0.04 sys=0.01, real=0.02 secs] 
2018-01-08T10:11:52.415+0300: 1.281: [GC (Allocation Failure) 2018-01-08T10:11:52.415+0300: 1.281: [ParNew: 76799K->8511K(76800K), 0.0218469 secs] 2084038K->2038160K(3340560K), 0.0219425 secs] [Times: user=0.06 sys=0.01, real=0.03 secs] 
2018-01-08T10:11:52.607+0300: 1.472: [GC (Allocation Failure) 2018-01-08T10:11:52.607+0300: 1.472: [ParNew: 76799K->8512K(76800K), 0.0230753 secs] 2106448K->2060589K(3340560K), 0.0231729 secs] [Times: user=0.07 sys=0.00, real=0.03 secs] 
2018-01-08T10:11:52.645+0300: 1.511: [GC (Allocation Failure) 2018-01-08T10:11:52.645+0300: 1.511: [ParNew: 76052K->8509K(76800K), 0.0164667 secs] 2128129K->2127618K(3340560K), 0.0165536 secs] [Times: user=0.05 sys=0.00, real=0.02 secs] 
2018-01-08T10:11:52.674+0300: 1.539: [GC (Allocation Failure) 2018-01-08T10:11:52.674+0300: 1.539: [ParNew: 76719K->8503K(76800K), 0.0151865 secs] 2195827K->2195231K(3340560K), 0.0152752 secs] [Times: user=0.04 sys=0.00, real=0.02 secs] 
2018-01-08T10:11:52.702+0300: 1.567: [GC (Allocation Failure) 2018-01-08T10:11:52.702+0300: 1.567: [ParNew: 76748K->8511K(76800K), 0.0193911 secs] 2263476K->2263422K(3340560K), 0.0194971 secs] [Times: user=0.04 sys=0.00, real=0.02 secs] 
2018-01-08T10:11:52.733+0300: 1.599: [GC (Allocation Failure) 2018-01-08T10:11:52.733+0300: 1.599: [ParNew: 76799K->8510K(76800K), 0.0188733 secs] 2331710K->2331088K(3340560K), 0.0189590 secs] [Times: user=0.04 sys=0.01, real=0.02 secs] 
2018-01-08T10:11:52.765+0300: 1.630: [GC (Allocation Failure) 2018-01-08T10:11:52.765+0300: 1.630: [ParNew: 76552K->8508K(76800K), 0.0150670 secs] 2399129K->2399075K(3340560K), 0.0151550 secs] [Times: user=0.03 sys=0.01, real=0.02 secs] 
2018-01-08T10:11:52.792+0300: 1.657: [GC (Allocation Failure) 2018-01-08T10:11:52.792+0300: 1.657: [ParNew: 76590K->8506K(76800K), 0.0219479 secs] 2467157K->2467008K(3340560K), 0.0220391 secs] [Times: user=0.04 sys=0.01, real=0.02 secs] 
2018-01-08T10:11:52.826+0300: 1.691: [GC (Allocation Failure) 2018-01-08T10:11:52.826+0300: 1.691: [ParNew: 76396K->8511K(76800K), 0.0163413 secs] 2534898K->2534860K(3340560K), 0.0164325 secs] [Times: user=0.04 sys=0.00, real=0.02 secs] 
2018-01-08T10:11:52.858+0300: 1.723: [GC (Allocation Failure) 2018-01-08T10:11:52.858+0300: 1.723: [ParNew: 76486K->8511K(76800K), 0.0148767 secs] 2602835K->2602749K(3340560K), 0.0149643 secs] [Times: user=0.04 sys=0.01, real=0.01 secs] 
2018-01-08T10:11:52.885+0300: 1.750: [GC (Allocation Failure) 2018-01-08T10:11:52.885+0300: 1.750: [ParNew: 76799K->8502K(76800K), 0.0143548 secs] 2671037K->2670483K(3340560K), 0.0144681 secs] [Times: user=0.04 sys=0.01, real=0.02 secs] 
2018-01-08T10:11:52.912+0300: 1.777: [GC (Allocation Failure) 2018-01-08T10:11:52.912+0300: 1.777: [ParNew: 76171K->8500K(76800K), 0.0162181 secs] 2738152K->2738071K(3340560K), 0.0163097 secs] [Times: user=0.04 sys=0.01, real=0.01 secs] 
2018-01-08T10:11:52.940+0300: 1.805: [GC (Allocation Failure) 2018-01-08T10:11:52.940+0300: 1.805: [ParNew: 76123K->8487K(76800K), 0.0137515 secs] 2805694K->2805609K(3340560K), 0.0138460 secs] [Times: user=0.04 sys=0.00, real=0.01 secs] 
2018-01-08T10:11:52.965+0300: 1.831: [GC (Allocation Failure) 2018-01-08T10:11:52.965+0300: 1.831: [ParNew: 76713K->8504K(76800K), 0.0143453 secs] 2873836K->2873747K(3340560K), 0.0144427 secs] [Times: user=0.05 sys=0.00, real=0.02 secs] 
2018-01-08T10:11:52.992+0300: 1.858: [GC (Allocation Failure) 2018-01-08T10:11:52.992+0300: 1.858: [ParNew: 76539K->8500K(76800K), 0.0144907 secs] 2941782K->2941577K(3340560K), 0.0145918 secs] [Times: user=0.04 sys=0.01, real=0.01 secs] 
2018-01-08T10:11:53.019+0300: 1.885: [GC (Allocation Failure) 2018-01-08T10:11:53.019+0300: 1.885: [ParNew: 76570K->8510K(76800K), 0.0144665 secs] 3009647K->3009550K(3340560K), 0.0145819 secs] [Times: user=0.04 sys=0.01, real=0.01 secs] 
2018-01-08T10:11:53.045+0300: 1.911: [GC (Allocation Failure) 2018-01-08T10:11:53.045+0300: 1.911: [ParNew: 76790K->8511K(76800K), 0.0146055 secs] 3077830K->3077682K(3340560K), 0.0147040 secs] [Times: user=0.05 sys=0.00, real=0.02 secs] 
2018-01-08T10:11:53.060+0300: 1.926: [GC (CMS Initial Mark) [1 CMS-initial-mark: 3069170K(3263760K)] 3078471K(3340560K), 0.0001711 secs] [Times: user=0.00 sys=0.00, real=0.00 secs] 
2018-01-08T10:11:53.060+0300: 1.926: [CMS-concurrent-mark-start]
2018-01-08T10:11:53.073+0300: 1.939: [GC (Allocation Failure) 2018-01-08T10:11:53.073+0300: 1.939: [ParNew: 76425K->8498K(76800K), 0.0164885 secs] 3145596K->3145540K(3340560K), 0.0165977 secs] [Times: user=0.04 sys=0.00, real=0.02 secs] 
2018-01-08T10:11:53.103+0300: 1.969: [CMS-concurrent-mark: 0.026/0.043 secs] [Times: user=0.09 sys=0.00, real=0.04 secs] 
2018-01-08T10:11:53.103+0300: 1.969: [GC (Allocation Failure) 2018-01-08T10:11:53.103+0300: 1.969: [ParNew: 76561K->8502K(76800K), 0.0195343 secs] 3213604K->3213534K(3340560K), 0.0196220 secs] [Times: user=0.04 sys=0.01, real=0.02 secs] 
2018-01-08T10:11:53.123+0300: 1.988: [CMS-concurrent-preclean-start]
2018-01-08T10:11:53.128+0300: 1.994: [CMS-concurrent-preclean: 0.006/0.006 secs] [Times: user=0.01 sys=0.00, real=0.00 secs] 
2018-01-08T10:11:53.129+0300: 1.994: [CMS-concurrent-abortable-preclean-start]
2018-01-08T10:11:53.135+0300: 2.000: [GC (Allocation Failure) 2018-01-08T10:11:53.135+0300: 2.000: [ParNew: 76334K->8509K(76800K), 0.0138613 secs] 3281366K->3281283K(3350008K), 0.0139508 secs] [Times: user=0.04 sys=0.00, real=0.01 secs] 
2018-01-08T10:11:53.149+0300: 2.015: [CMS-concurrent-abortable-preclean: 0.006/0.021 secs] [Times: user=0.06 sys=0.00, real=0.03 secs] 
2018-01-08T10:11:53.149+0300: 2.015: [GC (CMS Final Remark) [YG occupancy: 12211 K (76800 K)]2018-01-08T10:11:53.149+0300: 2.015: [Rescan (parallel) , 0.0015854 secs]2018-01-08T10:11:53.151+0300: 2.017: [weak refs processing, 0.0000260 secs]2018-01-08T10:11:53.151+0300: 2.017: [class unloading, 0.0004170 secs]2018-01-08T10:11:53.151+0300: 2.017: [scrub symbol table, 0.0003130 secs]2018-01-08T10:11:53.152+0300: 2.017: [scrub string table, 0.0002119 secs][1 CMS-remark: 3272773K(3273208K)] 3284985K(3350008K), 0.0026518 secs] [Times: user=0.01 sys=0.00, real=0.00 secs] 
2018-01-08T10:11:53.152+0300: 2.018: [CMS-concurrent-sweep-start]
2018-01-08T10:11:53.155+0300: 2.021: [CMS-concurrent-sweep: 0.003/0.003 secs] [Times: user=0.00 sys=0.00, real=0.00 secs] 
2018-01-08T10:11:53.155+0300: 2.021: [CMS-concurrent-reset-start]
2018-01-08T10:11:53.166+0300: 2.031: [CMS-concurrent-reset: 0.011/0.011 secs] [Times: user=0.02 sys=0.00, real=0.01 secs] 
2018-01-08T10:11:53.166+0300: 2.032: [GC (Allocation Failure) 2018-01-08T10:11:53.166+0300: 2.032: [ParNew: 76349K->8511K(76800K), 0.0180556 secs] 1288857K->1288680K(3350008K), 0.0181103 secs] [Times: user=0.04 sys=0.00, real=0.02 secs] 
2018-01-08T10:11:53.196+0300: 2.062: [GC (Allocation Failure) 2018-01-08T10:11:53.196+0300: 2.062: [ParNew: 76799K->8510K(76800K), 0.0246936 secs] 1356968K->1356872K(3350008K), 0.0247794 secs] [Times: user=0.08 sys=0.00, real=0.03 secs] 
2018-01-08T10:11:53.233+0300: 2.098: [GC (Allocation Failure) 2018-01-08T10:11:53.233+0300: 2.098: [ParNew: 76720K->8505K(76800K), 0.0154130 secs] 1425082K->1425003K(3350008K), 0.0155067 secs] [Times: user=0.06 sys=0.00, real=0.01 secs] 
2018-01-08T10:11:53.260+0300: 2.126: [GC (Allocation Failure) 2018-01-08T10:11:53.260+0300: 2.126: [ParNew: 76714K->8510K(76800K), 0.0154467 secs] 1493213K->1493072K(3350008K), 0.0155307 secs] [Times: user=0.06 sys=0.00, real=0.01 secs] 
2018-01-08T10:11:53.287+0300: 2.153: [GC (Allocation Failure) 2018-01-08T10:11:53.287+0300: 2.153: [ParNew: 76578K->8504K(76800K), 0.0154207 secs] 1561140K->1561027K(3350008K), 0.0155048 secs] [Times: user=0.06 sys=0.00, real=0.02 secs] 
2018-01-08T10:11:53.315+0300: 2.181: [GC (Allocation Failure) 2018-01-08T10:11:53.315+0300: 2.181: [ParNew: 76767K->8511K(76800K), 0.0212605 secs] 1629291K->1629127K(3350008K), 0.0213364 secs] [Times: user=0.08 sys=0.00, real=0.02 secs] 
2018-01-08T10:11:53.348+0300: 2.214: [GC (Allocation Failure) 2018-01-08T10:11:53.348+0300: 2.214: [ParNew: 76601K->8508K(76800K), 0.0154159 secs] 1697217K->1697174K(3350008K), 0.0155011 secs] [Times: user=0.06 sys=0.00, real=0.02 secs] 
2018-01-08T10:11:53.376+0300: 2.241: [GC (Allocation Failure) 2018-01-08T10:11:53.376+0300: 2.241: [ParNew: 76347K->8504K(76800K), 0.0153570 secs] 1765012K->1764936K(3350008K), 0.0154449 secs] [Times: user=0.06 sys=0.00, real=0.02 secs] 
2018-01-08T10:11:53.403+0300: 2.269: [GC (Allocation Failure) 2018-01-08T10:11:53.403+0300: 2.269: [ParNew: 76505K->8510K(76800K), 0.0186647 secs] 1832937K->1832876K(3350008K), 0.0187506 secs] [Times: user=0.07 sys=0.00, real=0.02 secs] 
2018-01-08T10:11:53.434+0300: 2.299: [GC (Allocation Failure) 2018-01-08T10:11:53.434+0300: 2.299: [ParNew: 76189K->8510K(76800K), 0.0153669 secs] 1900555K->1900429K(3350008K), 0.0154565 secs] [Times: user=0.06 sys=0.00, real=0.02 secs] 
2018-01-08T10:11:53.461+0300: 2.326: [GC (Allocation Failure) 2018-01-08T10:11:53.461+0300: 2.326: [ParNew: 76714K->8502K(76800K), 0.0156016 secs] 1968633K->1968559K(3350008K), 0.0156842 secs] [Times: user=0.05 sys=0.01, real=0.01 secs] 
2018-01-08T10:11:53.596+0300: 2.462: [GC (Allocation Failure) 2018-01-08T10:11:53.596+0300: 2.462: [ParNew: 76790K->8510K(76800K), 0.0159040 secs] 2036847K->2006877K(3350008K), 0.0160034 secs] [Times: user=0.06 sys=0.00, real=0.02 secs] 
2018-01-08T10:11:53.795+0300: 2.661: [GC (Allocation Failure) 2018-01-08T10:11:53.795+0300: 2.661: [ParNew: 76798K->8511K(76800K), 0.0272724 secs] 2075165K->2029309K(3350008K), 0.0273572 secs] [Times: user=0.07 sys=0.00, real=0.03 secs] 
2018-01-08T10:11:53.969+0300: 2.834: [GC (Allocation Failure) 2018-01-08T10:11:53.969+0300: 2.834: [ParNew: 76584K->8512K(76800K), 0.0248245 secs] 2097382K->2061824K(3350008K), 0.0249709 secs] [Times: user=0.07 sys=0.00, real=0.03 secs] 
2018-01-08T10:11:54.005+0300: 2.871: [GC (Allocation Failure) 2018-01-08T10:11:54.005+0300: 2.871: [ParNew: 76454K->8507K(76800K), 0.0229952 secs] 2129766K->2129656K(3350008K), 0.0231004 secs] [Times: user=0.07 sys=0.00, real=0.02 secs] 
2018-01-08T10:11:54.041+0300: 2.906: [GC (Allocation Failure) 2018-01-08T10:11:54.041+0300: 2.906: [ParNew: 76611K->8509K(76800K), 0.0173395 secs] 2197759K->2197645K(3350008K), 0.0174314 secs] [Times: user=0.05 sys=0.00, real=0.02 secs] 
2018-01-08T10:11:54.070+0300: 2.935: [GC (Allocation Failure) 2018-01-08T10:11:54.070+0300: 2.935: [ParNew: 76498K->8505K(76800K), 0.0169978 secs] 2265634K->2265552K(3350008K), 0.0170775 secs] [Times: user=0.05 sys=0.00, real=0.01 secs] 
2018-01-08T10:11:54.098+0300: 2.964: [GC (Allocation Failure) 2018-01-08T10:11:54.098+0300: 2.964: [ParNew: 76788K->8503K(76800K), 0.0176074 secs] 2333836K->2333738K(3350008K), 0.0176913 secs] [Times: user=0.05 sys=0.00, real=0.01 secs] 
2018-01-08T10:11:54.128+0300: 2.994: [GC (Allocation Failure) 2018-01-08T10:11:54.128+0300: 2.994: [ParNew: 76734K->8511K(76800K), 0.0167623 secs] 2401969K->2401838K(3350008K), 0.0168455 secs] [Times: user=0.05 sys=0.00, real=0.02 secs] 
2018-01-08T10:11:54.157+0300: 3.022: [GC (Allocation Failure) 2018-01-08T10:11:54.157+0300: 3.022: [ParNew: 76709K->8508K(76800K), 0.0200924 secs] 2470037K->2469941K(3350008K), 0.0201990 secs] [Times: user=0.07 sys=0.00, real=0.02 secs] 
2018-01-08T10:11:54.189+0300: 3.054: [GC (Allocation Failure) 2018-01-08T10:11:54.189+0300: 3.054: [ParNew: 76796K->8510K(76800K), 0.0152602 secs] 2538229K->2537833K(3350008K), 0.0153354 secs] [Times: user=0.06 sys=0.00, real=0.01 secs] 
2018-01-08T10:11:54.216+0300: 3.081: [GC (Allocation Failure) 2018-01-08T10:11:54.216+0300: 3.081: [ParNew: 76798K->8505K(76800K), 0.0177012 secs] 2606121K->2606052K(3350008K), 0.0177794 secs] [Times: user=0.06 sys=0.00, real=0.02 secs] 
2018-01-08T10:11:54.245+0300: 3.111: [GC (Allocation Failure) 2018-01-08T10:11:54.245+0300: 3.111: [ParNew: 76428K->8507K(76800K), 0.0169159 secs] 2673975K->2673727K(3350008K), 0.0169977 secs] [Times: user=0.06 sys=0.00, real=0.02 secs] 
2018-01-08T10:11:54.274+0300: 3.139: [GC (Allocation Failure) 2018-01-08T10:11:54.274+0300: 3.139: [ParNew: 76727K->8511K(76800K), 0.0159204 secs] 2741947K->2741843K(3350008K), 0.0159971 secs] [Times: user=0.05 sys=0.00, real=0.02 secs] 
2018-01-08T10:11:54.301+0300: 3.167: [GC (Allocation Failure) 2018-01-08T10:11:54.302+0300: 3.167: [ParNew: 76761K->8506K(76800K), 0.0159813 secs] 2810093K->2809989K(3350008K), 0.0160642 secs] [Times: user=0.06 sys=0.00, real=0.02 secs] 
2018-01-08T10:11:54.330+0300: 3.196: [GC (Allocation Failure) 2018-01-08T10:11:54.330+0300: 3.196: [ParNew: 76489K->8484K(76800K), 0.0154743 secs] 2877973K->2877929K(3350008K), 0.0155695 secs] [Times: user=0.06 sys=0.00, real=0.01 secs] 
2018-01-08T10:11:54.357+0300: 3.223: [GC (Allocation Failure) 2018-01-08T10:11:54.357+0300: 3.223: [ParNew: 76404K->8505K(76800K), 0.0159292 secs] 2945849K->2945631K(3350008K), 0.0160142 secs] [Times: user=0.06 sys=0.00, real=0.01 secs] 
2018-01-08T10:11:54.385+0300: 3.251: [GC (Allocation Failure) 2018-01-08T10:11:54.385+0300: 3.251: [ParNew: 76722K->8510K(76800K), 0.0159911 secs] 3013848K->3013738K(3350008K), 0.0160853 secs] [Times: user=0.07 sys=0.00, real=0.02 secs] 
2018-01-08T10:11:54.413+0300: 3.278: [GC (Allocation Failure) 2018-01-08T10:11:54.413+0300: 3.278: [ParNew: 76750K->8509K(76800K), 0.0185398 secs] 3081979K->3081859K(3350008K), 0.0186348 secs] [Times: user=0.07 sys=0.00, real=0.02 secs] 
2018-01-08T10:11:54.431+0300: 3.297: [GC (CMS Initial Mark) [1 CMS-initial-mark: 3073349K(3273208K)] 3083422K(3350008K), 0.0001552 secs] [Times: user=0.00 sys=0.00, real=0.00 secs] 
2018-01-08T10:11:54.432+0300: 3.297: [CMS-concurrent-mark-start]
2018-01-08T10:11:54.445+0300: 3.310: [GC (Allocation Failure) 2018-01-08T10:11:54.445+0300: 3.310: [ParNew: 76725K->8511K(76800K), 0.0150275 secs] 3150075K->3150008K(3350008K), 0.0151110 secs] [Times: user=0.06 sys=0.00, real=0.02 secs] 
2018-01-08T10:11:54.472+0300: 3.338: [CMS-concurrent-mark: 0.025/0.041 secs] [Times: user=0.11 sys=0.00, real=0.04 secs] 
2018-01-08T10:11:54.472+0300: 3.338: [GC (Allocation Failure) 2018-01-08T10:11:54.473+0300: 3.338: [ParNew: 76799K->8508K(76800K), 0.0163758 secs] 3218296K->3218215K(3350008K), 0.0164359 secs] [Times: user=0.06 sys=0.00, real=0.02 secs] 
2018-01-08T10:11:54.489+0300: 3.355: [CMS-concurrent-preclean-start]
2018-01-08T10:11:54.495+0300: 3.360: [CMS-concurrent-preclean: 0.006/0.006 secs] [Times: user=0.00 sys=0.00, real=0.00 secs] 
2018-01-08T10:11:54.495+0300: 3.360: [CMS-concurrent-abortable-preclean-start]
2018-01-08T10:11:54.501+0300: 3.366: [GC (Allocation Failure) 2018-01-08T10:11:54.501+0300: 3.366: [ParNew: 76583K->8507K(76800K), 0.0155348 secs] 3286290K->3286237K(3354900K), 0.0156230 secs] [Times: user=0.06 sys=0.00, real=0.01 secs] 
2018-01-08T10:11:54.517+0300: 3.382: [CMS-concurrent-abortable-preclean: 0.006/0.022 secs] [Times: user=0.08 sys=0.00, real=0.02 secs] 
2018-01-08T10:11:54.517+0300: 3.382: [GC (CMS Final Remark) [YG occupancy: 9136 K (76800 K)]2018-01-08T10:11:54.517+0300: 3.382: [Rescan (parallel) , 0.0015303 secs]2018-01-08T10:11:54.518+0300: 3.384: [weak refs processing, 0.0000201 secs]2018-01-08T10:11:54.518+0300: 3.384: [class unloading, 0.0004224 secs]2018-01-08T10:11:54.519+0300: 3.384: [scrub symbol table, 0.0003163 secs]2018-01-08T10:11:54.519+0300: 3.385: [scrub string table, 0.0002121 secs][1 CMS-remark: 3277730K(3278100K)] 3286866K(3354900K), 0.0025870 secs] [Times: user=0.00 sys=0.01, real=0.00 secs] 
2018-01-08T10:11:54.519+0300: 3.385: [CMS-concurrent-sweep-start]
2018-01-08T10:11:54.523+0300: 3.389: [CMS-concurrent-sweep: 0.004/0.004 secs] [Times: user=0.00 sys=0.00, real=0.00 secs] 
2018-01-08T10:11:54.524+0300: 3.389: [CMS-concurrent-reset-start]
2018-01-08T10:11:54.535+0300: 3.401: [CMS-concurrent-reset: 0.012/0.012 secs] [Times: user=0.03 sys=0.00, real=0.01 secs] 
2018-01-08T10:11:54.536+0300: 3.401: [GC (Allocation Failure) 2018-01-08T10:11:54.536+0300: 3.401: [ParNew: 76289K->8508K(76800K), 0.0149158 secs] 1307886K->1307799K(3354900K), 0.0149786 secs] [Times: user=0.06 sys=0.00, real=0.02 secs] 
2018-01-08T10:11:54.562+0300: 3.428: [GC (Allocation Failure) 2018-01-08T10:11:54.563+0300: 3.428: [ParNew: 76183K->8505K(76800K), 0.0148350 secs] 1375474K->1375229K(3354900K), 0.0149236 secs] [Times: user=0.06 sys=0.00, real=0.02 secs] 
2018-01-08T10:11:54.589+0300: 3.454: [GC (Allocation Failure) 2018-01-08T10:11:54.589+0300: 3.454: [ParNew: 76427K->8507K(76800K), 0.0143110 secs] 1443151K->1443009K(3354900K), 0.0143982 secs] [Times: user=0.05 sys=0.00, real=0.01 secs] 
2018-01-08T10:11:54.615+0300: 3.480: [GC (Allocation Failure) 2018-01-08T10:11:54.615+0300: 3.481: [ParNew: 76669K->8506K(76800K), 0.0179779 secs] 1511171K->1510719K(3354900K), 0.0180742 secs] [Times: user=0.06 sys=0.00, real=0.02 secs] 
2018-01-08T10:11:54.645+0300: 3.511: [GC (Allocation Failure) 2018-01-08T10:11:54.645+0300: 3.511: [ParNew: 76737K->8509K(76800K), 0.0143354 secs] 1578950K->1578751K(3354900K), 0.0144254 secs] [Times: user=0.05 sys=0.00, real=0.02 secs] 
2018-01-08T10:11:54.672+0300: 3.537: [GC (Allocation Failure) 2018-01-08T10:11:54.672+0300: 3.537: [ParNew: 76091K->8510K(76800K), 0.0149125 secs] 1646334K->1646273K(3354900K), 0.0149930 secs] [Times: user=0.05 sys=0.00, real=0.01 secs] 
2018-01-08T10:11:54.698+0300: 3.564: [GC (Allocation Failure) 2018-01-08T10:11:54.699+0300: 3.564: [ParNew: 76729K->8509K(76800K), 0.0152164 secs] 1714492K->1714395K(3354900K), 0.0153071 secs] [Times: user=0.06 sys=0.00, real=0.01 secs] 
2018-01-08T10:11:54.727+0300: 3.592: [GC (Allocation Failure) 2018-01-08T10:11:54.727+0300: 3.592: [ParNew: 76472K->8501K(76800K), 0.0160958 secs] 1782357K->1782233K(3354900K), 0.0161863 secs] [Times: user=0.05 sys=0.00, real=0.02 secs] 
2018-01-08T10:11:54.754+0300: 3.620: [GC (Allocation Failure) 2018-01-08T10:11:54.754+0300: 3.620: [ParNew: 76773K->8502K(76800K), 0.0145232 secs] 1850505K->1850392K(3354900K), 0.0146100 secs] [Times: user=0.06 sys=0.00, real=0.02 secs] 
2018-01-08T10:11:54.781+0300: 3.647: [GC (Allocation Failure) 2018-01-08T10:11:54.781+0300: 3.647: [ParNew: 76491K->8510K(76800K), 0.0145805 secs] 1918381K->1918266K(3354900K), 0.0146719 secs] [Times: user=0.06 sys=0.00, real=0.01 secs] 
2018-01-08T10:11:54.808+0300: 3.673: [GC (Allocation Failure) 2018-01-08T10:11:54.808+0300: 3.673: [ParNew: 76474K->8502K(76800K), 0.0144555 secs] 1986230K->1986170K(3354900K), 0.0145420 secs] [Times: user=0.06 sys=0.00, real=0.02 secs] 
2018-01-08T10:11:55.005+0300: 3.871: [GC (Allocation Failure) 2018-01-08T10:11:55.006+0300: 3.872: [ParNew: 76790K->8510K(76800K), 0.0168062 secs] 2054458K->2009475K(3354900K), 0.0177707 secs] [Times: user=0.06 sys=0.00, real=0.02 secs] 
2018-01-08T10:11:55.206+0300: 4.071: [GC (Allocation Failure) 2018-01-08T10:11:55.206+0300: 4.071: [ParNew: 76798K->8512K(76800K), 0.0171988 secs] 2077763K->2031915K(3354900K), 0.0172837 secs] [Times: user=0.07 sys=0.00, real=0.02 secs] 
2018-01-08T10:11:55.311+0300: 4.176: [GC (Allocation Failure) 2018-01-08T10:11:55.311+0300: 4.176: [ParNew: 76697K->8512K(76800K), 0.0270518 secs] 2100101K->2079603K(3354900K), 0.0271423 secs] [Times: user=0.10 sys=0.00, real=0.03 secs] 
2018-01-08T10:11:55.350+0300: 4.215: [GC (Allocation Failure) 2018-01-08T10:11:55.350+0300: 4.215: [ParNew: 76800K->8509K(76800K), 0.0166015 secs] 2147891K->2147542K(3354900K), 0.0166817 secs] [Times: user=0.06 sys=0.00, real=0.01 secs] 
2018-01-08T10:11:55.378+0300: 4.244: [GC (Allocation Failure) 2018-01-08T10:11:55.378+0300: 4.244: [ParNew: 76125K->8511K(76800K), 0.0155841 secs] 2215158K->2214999K(3354900K), 0.0156710 secs] [Times: user=0.06 sys=0.00, real=0.01 secs] 
2018-01-08T10:11:55.405+0300: 4.271: [GC (Allocation Failure) 2018-01-08T10:11:55.405+0300: 4.271: [ParNew: 76753K->8510K(76800K), 0.0180244 secs] 2283241K->2283153K(3354900K), 0.0181237 secs] [Times: user=0.05 sys=0.00, real=0.02 secs] 
2018-01-08T10:11:55.435+0300: 4.301: [GC (Allocation Failure) 2018-01-08T10:11:55.435+0300: 4.301: [ParNew: 76315K->8510K(76800K), 0.0155417 secs] 2350958K->2350835K(3354900K), 0.0156304 secs] [Times: user=0.06 sys=0.00, real=0.02 secs] 
2018-01-08T10:11:55.463+0300: 4.328: [GC (Allocation Failure) 2018-01-08T10:11:55.463+0300: 4.328: [ParNew: 76308K->8508K(76800K), 0.0152787 secs] 2418632K->2418545K(3354900K), 0.0153750 secs] [Times: user=0.05 sys=0.00, real=0.02 secs] 
2018-01-08T10:11:55.490+0300: 4.355: [GC (Allocation Failure) 2018-01-08T10:11:55.490+0300: 4.355: [ParNew: 76646K->8507K(76800K), 0.0149880 secs] 2486683K->2486625K(3354900K), 0.0150768 secs] [Times: user=0.06 sys=0.00, real=0.01 secs] 
2018-01-08T10:11:55.516+0300: 4.382: [GC (Allocation Failure) 2018-01-08T10:11:55.516+0300: 4.382: [ParNew: 76795K->8511K(76800K), 0.0172408 secs] 2554913K->2554424K(3354900K), 0.0173227 secs] [Times: user=0.06 sys=0.00, real=0.02 secs] 
2018-01-08T10:11:55.545+0300: 4.410: [GC (Allocation Failure) 2018-01-08T10:11:55.545+0300: 4.410: [ParNew: 76164K->8508K(76800K), 0.0155323 secs] 2622078K->2621843K(3354900K), 0.0156235 secs] [Times: user=0.06 sys=0.00, real=0.02 secs] 
2018-01-08T10:11:55.572+0300: 4.437: [GC (Allocation Failure) 2018-01-08T10:11:55.572+0300: 4.437: [ParNew: 76501K->8500K(76800K), 0.0154908 secs] 2689836K->2689731K(3354900K), 0.0155776 secs] [Times: user=0.06 sys=0.00, real=0.01 secs] 
2018-01-08T10:11:55.599+0300: 4.465: [GC (Allocation Failure) 2018-01-08T10:11:55.599+0300: 4.465: [ParNew: 76565K->8502K(76800K), 0.0175434 secs] 2757795K->2757570K(3354900K), 0.0176332 secs] [Times: user=0.06 sys=0.00, real=0.01 secs] 
2018-01-08T10:11:55.628+0300: 4.494: [GC (Allocation Failure) 2018-01-08T10:11:55.629+0300: 4.494: [ParNew: 76630K->8508K(76800K), 0.0166502 secs] 2825698K->2825513K(3354900K), 0.0167404 secs] [Times: user=0.06 sys=0.00, real=0.02 secs] 
2018-01-08T10:11:55.657+0300: 4.523: [GC (Allocation Failure) 2018-01-08T10:11:55.657+0300: 4.523: [ParNew: 76456K->8511K(76800K), 0.0153365 secs] 2893461K->2893396K(3354900K), 0.0154208 secs] [Times: user=0.06 sys=0.00, real=0.01 secs] 
2018-01-08T10:11:55.684+0300: 4.549: [GC (Allocation Failure) 2018-01-08T10:11:55.684+0300: 4.550: [ParNew: 76245K->8511K(76800K), 0.0155294 secs] 2961130K->2961044K(3354900K), 0.0156195 secs] [Times: user=0.06 sys=0.00, real=0.02 secs] 
2018-01-08T10:11:55.712+0300: 4.577: [GC (Allocation Failure) 2018-01-08T10:11:55.712+0300: 4.577: [ParNew: 76553K->8510K(76800K), 0.0159344 secs] 3029086K->3028959K(3354900K), 0.0160218 secs] [Times: user=0.06 sys=0.00, real=0.01 secs] 
2018-01-08T10:11:55.729+0300: 4.594: [GC (CMS Initial Mark) [1 CMS-initial-mark: 3020449K(3278100K)] 3035297K(3354900K), 0.0002253 secs] [Times: user=0.00 sys=0.00, real=0.00 secs] 
2018-01-08T10:11:55.729+0300: 4.595: [CMS-concurrent-mark-start]
2018-01-08T10:11:55.741+0300: 4.607: [GC (Allocation Failure) 2018-01-08T10:11:55.741+0300: 4.607: [ParNew: 76760K->8504K(76800K), 0.0161645 secs] 3097210K->3097076K(3354900K), 0.0162512 secs] [Times: user=0.06 sys=0.00, real=0.02 secs] 
2018-01-08T10:11:55.770+0300: 4.636: [GC (Allocation Failure) 2018-01-08T10:11:55.770+0300: 4.636: [ParNew: 76603K->8510K(76800K), 0.0153526 secs] 3165175K->3165110K(3354900K), 0.0154366 secs] [Times: user=0.06 sys=0.00, real=0.01 secs] 
2018-01-08T10:11:55.789+0300: 4.654: [CMS-concurrent-mark: 0.027/0.059 secs] [Times: user=0.16 sys=0.00, real=0.05 secs] 
2018-01-08T10:11:55.789+0300: 4.654: [CMS-concurrent-preclean-start]
2018-01-08T10:11:55.794+0300: 4.660: [CMS-concurrent-preclean: 0.006/0.006 secs] [Times: user=0.01 sys=0.01, real=0.00 secs] 
2018-01-08T10:11:55.794+0300: 4.660: [CMS-concurrent-abortable-preclean-start]
2018-01-08T10:11:55.800+0300: 4.666: [GC (Allocation Failure) 2018-01-08T10:11:55.800+0300: 4.666: [ParNew: 76444K->8510K(76800K), 0.0165446 secs] 3233044K->3232787K(3354900K), 0.0166335 secs] [Times: user=0.05 sys=0.00, real=0.01 secs] 
2018-01-08T10:11:55.829+0300: 4.694: [GC (Allocation Failure) 2018-01-08T10:11:55.829+0300: 4.694: [ParNew: 76798K->8507K(76800K), 0.0153127 secs] 3301075K->3300738K(3369352K), 0.0153991 secs] [Times: user=0.06 sys=0.00, real=0.01 secs] 
2018-01-08T10:11:55.860+0300: 4.725: [GC (Allocation Failure) 2018-01-08T10:11:55.860+0300: 4.725: [ParNew: 76303K->8510K(76800K), 0.0452917 secs] 3368535K->3368471K(3437260K), 0.0453666 secs] [Times: user=0.04 sys=0.02, real=0.04 secs] 
2018-01-08T10:11:55.905+0300: 4.770: [CMS-concurrent-abortable-preclean: 0.018/0.110 secs] [Times: user=0.19 sys=0.02, real=0.11 secs] 
2018-01-08T10:11:55.911+0300: 4.777: [GC (CMS Final Remark) [YG occupancy: 40169 K (76800 K)]2018-01-08T10:11:55.911+0300: 4.777: [Rescan (parallel) , 0.0082928 secs]2018-01-08T10:11:55.920+0300: 4.785: [weak refs processing, 0.0000301 secs]2018-01-08T10:11:55.920+0300: 4.785: [class unloading, 0.0004315 secs]2018-01-08T10:11:55.920+0300: 4.786: [scrub symbol table, 0.0003262 secs]2018-01-08T10:11:55.921+0300: 4.786: [scrub string table, 0.0002435 secs][1 CMS-remark: 3359960K(3360460K)] 3400130K(3437260K), 0.0094921 secs] [Times: user=0.02 sys=0.00, real=0.01 secs] 
2018-01-08T10:11:55.926+0300: 4.791: [CMS-concurrent-sweep-start]
2018-01-08T10:11:55.929+0300: 4.794: [GC (Allocation Failure) 2018-01-08T10:11:55.929+0300: 4.794: [ParNew: 76013K->8510K(76800K), 0.0209783 secs] 1667455K->1667351K(3437260K), 0.0210744 secs] [Times: user=0.06 sys=0.00, real=0.03 secs] 
2018-01-08T10:11:55.951+0300: 4.816: [CMS-concurrent-sweep: 0.004/0.025 secs] [Times: user=0.06 sys=0.00, real=0.03 secs] 
2018-01-08T10:11:55.951+0300: 4.816: [CMS-concurrent-reset-start]
2018-01-08T10:11:55.966+0300: 4.832: [CMS-concurrent-reset: 0.016/0.016 secs] [Times: user=0.03 sys=0.00, real=0.01 secs] 
2018-01-08T10:11:55.967+0300: 4.833: [GC (Allocation Failure) 2018-01-08T10:11:55.967+0300: 4.833: [ParNew: 76440K->8510K(76800K), 0.0258441 secs] 1462393K->1462184K(3437260K), 0.0259164 secs] [Times: user=0.06 sys=0.00, real=0.03 secs] 
2018-01-08T10:11:56.006+0300: 4.871: [GC (Allocation Failure) 2018-01-08T10:11:56.006+0300: 4.872: [ParNew: 76546K->8509K(76800K), 0.0180176 secs] 1530220K->1530122K(3437260K), 0.0181063 secs] [Times: user=0.06 sys=0.00, real=0.02 secs] 
2018-01-08T10:11:56.037+0300: 4.903: [GC (Allocation Failure) 2018-01-08T10:11:56.037+0300: 4.903: [ParNew: 76779K->8506K(76800K), 0.0200999 secs] 1598392K->1598226K(3437260K), 0.0201918 secs] [Times: user=0.06 sys=0.00, real=0.02 secs] 
2018-01-08T10:11:56.072+0300: 4.938: [GC (Allocation Failure) 2018-01-08T10:11:56.072+0300: 4.938: [ParNew: 76582K->8506K(76800K), 0.0470209 secs] 1666302K->1666215K(3437260K), 0.0471112 secs] [Times: user=0.10 sys=0.00, real=0.05 secs] 
2018-01-08T10:11:56.134+0300: 4.999: [GC (Allocation Failure) 2018-01-08T10:11:56.134+0300: 4.999: [ParNew: 76496K->8511K(76800K), 0.0178979 secs] 1734206K->1733993K(3437260K), 0.0179950 secs] [Times: user=0.07 sys=0.00, real=0.02 secs] 
2018-01-08T10:11:56.164+0300: 5.030: [GC (Allocation Failure) 2018-01-08T10:11:56.164+0300: 5.030: [ParNew: 76724K->8511K(76800K), 0.0173120 secs] 1802206K->1802164K(3437260K), 0.0173879 secs] [Times: user=0.06 sys=0.00, real=0.02 secs] 
2018-01-08T10:11:56.194+0300: 5.059: [GC (Allocation Failure) 2018-01-08T10:11:56.194+0300: 5.059: [ParNew: 76587K->8510K(76800K), 0.0332959 secs] 1870240K->1870156K(3437260K), 0.0333885 secs] [Times: user=0.11 sys=0.00, real=0.03 secs] 
2018-01-08T10:11:56.240+0300: 5.105: [GC (Allocation Failure) 2018-01-08T10:11:56.240+0300: 5.105: [ParNew: 76589K->8508K(76800K), 0.0166105 secs] 1938235K->1938147K(3437260K), 0.0167042 secs] [Times: user=0.06 sys=0.00, real=0.01 secs] 
2018-01-08T10:11:56.269+0300: 5.134: [GC (Allocation Failure) 2018-01-08T10:11:56.269+0300: 5.134: [ParNew: 76373K->8505K(76800K), 0.0177188 secs] 2006013K->2005971K(3437260K), 0.0177990 secs] [Times: user=0.06 sys=0.00, real=0.02 secs] 
2018-01-08T10:11:56.465+0300: 5.330: [GC (Allocation Failure) 2018-01-08T10:11:56.465+0300: 5.331: [ParNew: 76793K->8510K(76800K), 0.0241352 secs] 2074259K->2036441K(3437260K), 0.0242194 secs] [Times: user=0.07 sys=0.00, real=0.03 secs] 
2018-01-08T10:11:56.677+0300: 5.543: [GC (Allocation Failure) 2018-01-08T10:11:56.677+0300: 5.543: [ParNew: 76798K->8511K(76800K), 0.0162724 secs] 2104729K->2058869K(3437260K), 0.0163566 secs] [Times: user=0.06 sys=0.00, real=0.01 secs] 
2018-01-08T10:11:56.812+0300: 5.677: [GC (Allocation Failure) 2018-01-08T10:11:56.812+0300: 5.677: [ParNew: 76284K->8512K(76800K), 0.0204636 secs] 2126642K->2098988K(3437260K), 0.0205613 secs] [Times: user=0.07 sys=0.00, real=0.02 secs] 
2018-01-08T10:11:56.844+0300: 5.709: [GC (Allocation Failure) 2018-01-08T10:11:56.844+0300: 5.709: [ParNew: 76800K->8512K(76800K), 0.0198011 secs] 2167276K->2166555K(3437260K), 0.0199035 secs] [Times: user=0.07 sys=0.00, real=0.02 secs] 
2018-01-08T10:11:56.876+0300: 5.741: [GC (Allocation Failure) 2018-01-08T10:11:56.876+0300: 5.742: [ParNew: 76613K->8508K(76800K), 0.0158780 secs] 2234657K->2234422K(3437260K), 0.0162280 secs] [Times: user=0.06 sys=0.00, real=0.02 secs] 
2018-01-08T10:11:56.904+0300: 5.769: [GC (Allocation Failure) 2018-01-08T10:11:56.904+0300: 5.769: [ParNew: 76608K->8510K(76800K), 0.0190582 secs] 2302522K->2302436K(3437260K), 0.0191470 secs] [Times: user=0.07 sys=0.00, real=0.02 secs] 
2018-01-08T10:11:56.934+0300: 5.800: [GC (Allocation Failure) 2018-01-08T10:11:56.934+0300: 5.800: [ParNew: 76562K->8511K(76800K), 0.0157633 secs] 2370488K->2370377K(3437260K), 0.0158541 secs] [Times: user=0.06 sys=0.00, real=0.02 secs] 
2018-01-08T10:11:56.962+0300: 5.828: [GC (Allocation Failure) 2018-01-08T10:11:56.962+0300: 5.828: [ParNew: 76405K->8508K(76800K), 0.0147242 secs] 2438271K->2438129K(3437260K), 0.0148073 secs] [Times: user=0.06 sys=0.00, real=0.02 secs] 
2018-01-08T10:11:56.990+0300: 5.855: [GC (Allocation Failure) 2018-01-08T10:11:56.990+0300: 5.855: [ParNew: 76626K->8505K(76800K), 0.0160329 secs] 2506247K->2506101K(3437260K), 0.0161144 secs] [Times: user=0.06 sys=0.00, real=0.01 secs] 
2018-01-08T10:11:57.018+0300: 5.884: [GC (Allocation Failure) 2018-01-08T10:11:57.018+0300: 5.884: [ParNew: 76587K->8508K(76800K), 0.0156371 secs] 2574183K->2574105K(3437260K), 0.0157335 secs] [Times: user=0.06 sys=0.00, real=0.01 secs] 
2018-01-08T10:11:57.046+0300: 5.911: [GC (Allocation Failure) 2018-01-08T10:11:57.046+0300: 5.911: [ParNew: 76119K->8509K(76800K), 0.0148472 secs] 2641716K->2641607K(3437260K), 0.0149443 secs] [Times: user=0.06 sys=0.00, real=0.02 secs] 
2018-01-08T10:11:57.073+0300: 5.938: [GC (Allocation Failure) 2018-01-08T10:11:57.073+0300: 5.938: [ParNew: 76677K->8511K(76800K), 0.0157377 secs] 2709775K->2709660K(3437260K), 0.0158350 secs] [Times: user=0.06 sys=0.00, real=0.01 secs] 
2018-01-08T10:11:57.100+0300: 5.966: [GC (Allocation Failure) 2018-01-08T10:11:57.100+0300: 5.966: [ParNew: 76753K->8508K(76800K), 0.0155565 secs] 2777902K->2777814K(3437260K), 0.0156445 secs] [Times: user=0.06 sys=0.00, real=0.01 secs] 
2018-01-08T10:11:57.128+0300: 5.994: [GC (Allocation Failure) 2018-01-08T10:11:57.128+0300: 5.994: [ParNew: 76275K->8509K(76800K), 0.0154351 secs] 2845580K->2845500K(3437260K), 0.0155241 secs] [Times: user=0.06 sys=0.00, real=0.02 secs] 
2018-01-08T10:11:57.156+0300: 6.021: [GC (Allocation Failure) 2018-01-08T10:11:57.156+0300: 6.021: [ParNew: 76570K->8510K(76800K), 0.0255639 secs] 2913561K->2913375K(3437260K), 0.0256491 secs] [Times: user=0.08 sys=0.00, real=0.03 secs] 
2018-01-08T10:11:57.194+0300: 6.060: [GC (Allocation Failure) 2018-01-08T10:11:57.194+0300: 6.060: [ParNew: 76398K->8510K(76800K), 0.0197589 secs] 2981263K->2981164K(3437260K), 0.0198618 secs] [Times: user=0.06 sys=0.00, real=0.02 secs] 
2018-01-08T10:11:57.228+0300: 6.093: [GC (Allocation Failure) 2018-01-08T10:11:57.228+0300: 6.093: [ParNew: 76798K->8499K(76800K), 0.0192722 secs] 3049452K->3048994K(3437260K), 0.0193875 secs] [Times: user=0.07 sys=0.00, real=0.02 secs] 
2018-01-08T10:11:57.260+0300: 6.126: [GC (Allocation Failure) 2018-01-08T10:11:57.260+0300: 6.126: [ParNew: 76741K->8511K(76800K), 0.0186022 secs] 3117236K->3116990K(3437260K), 0.0187007 secs] [Times: user=0.07 sys=0.00, real=0.02 secs] 
2018-01-08T10:11:57.279+0300: 6.145: [GC (CMS Initial Mark) [1 CMS-initial-mark: 3108478K(3360460K)] 3117681K(3437260K), 0.0002412 secs] [Times: user=0.00 sys=0.00, real=0.00 secs] 
2018-01-08T10:11:57.279+0300: 6.145: [CMS-concurrent-mark-start]
2018-01-08T10:11:57.294+0300: 6.160: [GC (Allocation Failure) 2018-01-08T10:11:57.294+0300: 6.160: [ParNew: 76669K->8499K(76800K), 0.0199760 secs] 3185148K->3185092K(3437260K), 0.0200678 secs] [Times: user=0.06 sys=0.00, real=0.02 secs] 
2018-01-08T10:11:57.333+0300: 6.198: [GC (Allocation Failure) 2018-01-08T10:11:57.333+0300: 6.198: [ParNew: 76541K->8510K(76800K), 0.0194399 secs] 3253134K->3253086K(3437260K), 0.0195620 secs] [Times: user=0.06 sys=0.00, real=0.02 secs] 
2018-01-08T10:11:57.355+0300: 6.221: [CMS-concurrent-mark: 0.036/0.076 secs] [Times: user=0.18 sys=0.00, real=0.07 secs] 
2018-01-08T10:11:57.355+0300: 6.221: [CMS-concurrent-preclean-start]
2018-01-08T10:11:57.363+0300: 6.228: [CMS-concurrent-preclean: 0.007/0.007 secs] [Times: user=0.02 sys=0.00, real=0.01 secs] 
2018-01-08T10:11:57.363+0300: 6.228: [CMS-concurrent-abortable-preclean-start]
2018-01-08T10:11:57.369+0300: 6.234: [GC (Allocation Failure) 2018-01-08T10:11:57.369+0300: 6.235: [ParNew: 76539K->8508K(76800K), 0.0205083 secs] 3321115K->3321082K(3437260K), 0.0205958 secs] [Times: user=0.07 sys=0.00, real=0.02 secs] 
2018-01-08T10:11:57.403+0300: 6.269: [GC (Allocation Failure) 2018-01-08T10:11:57.403+0300: 6.269: [ParNew: 76447K->8499K(76800K), 0.0198268 secs] 3389021K->3388928K(3457940K), 0.0199045 secs] [Times: user=0.06 sys=0.01, real=0.02 secs] 
2018-01-08T10:11:57.423+0300: 6.289: [CMS-concurrent-abortable-preclean: 0.019/0.060 secs] [Times: user=0.16 sys=0.01, real=0.06 secs] 
2018-01-08T10:11:57.424+0300: 6.290: [GC (CMS Final Remark) [YG occupancy: 15162 K (76800 K)]2018-01-08T10:11:57.424+0300: 6.290: [Rescan (parallel) , 0.0086010 secs]2018-01-08T10:11:57.433+0300: 6.298: [weak refs processing, 0.0000279 secs]2018-01-08T10:11:57.433+0300: 6.299: [class unloading, 0.0005006 secs]2018-01-08T10:11:57.434+0300: 6.299: [scrub symbol table, 0.0003644 secs]2018-01-08T10:11:57.434+0300: 6.299: [scrub string table, 0.0002310 secs][1 CMS-remark: 3380429K(3381140K)] 3395591K(3457940K), 0.0098908 secs] [Times: user=0.02 sys=0.00, real=0.01 secs] 
2018-01-08T10:11:57.435+0300: 6.300: [CMS-concurrent-sweep-start]
2018-01-08T10:11:57.438+0300: 6.304: [CMS-concurrent-sweep: 0.003/0.003 secs] [Times: user=0.01 sys=0.00, real=0.01 secs] 
2018-01-08T10:11:57.438+0300: 6.304: [CMS-concurrent-reset-start]
2018-01-08T10:11:57.450+0300: 6.316: [GC (Allocation Failure) 2018-01-08T10:11:57.450+0300: 6.316: [ParNew: 76680K->8508K(76800K), 0.0210640 secs] 1385245K->1385157K(3457940K), 0.0211516 secs] [Times: user=0.07 sys=0.00, real=0.02 secs] 
2018-01-08T10:11:57.472+0300: 6.338: [CMS-concurrent-reset: 0.013/0.034 secs] [Times: user=0.09 sys=0.00, real=0.03 secs] 
2018-01-08T10:11:57.485+0300: 6.351: [GC (Allocation Failure) 2018-01-08T10:11:57.485+0300: 6.351: [ParNew: 76230K->8511K(76800K), 0.0164217 secs] 1452879K->1452815K(3457940K), 0.0165203 secs] [Times: user=0.06 sys=0.00, real=0.02 secs] 
2018-01-08T10:11:57.515+0300: 6.381: [GC (Allocation Failure) 2018-01-08T10:11:57.515+0300: 6.381: [ParNew: 76585K->8508K(76800K), 0.0208809 secs] 1520889K->1520814K(3457940K), 0.0209786 secs] [Times: user=0.06 sys=0.00, real=0.02 secs] 
2018-01-08T10:11:57.549+0300: 6.414: [GC (Allocation Failure) 2018-01-08T10:11:57.549+0300: 6.415: [ParNew: 76231K->8501K(76800K), 0.0189791 secs] 1588538K->1588473K(3457940K), 0.0190849 secs] [Times: user=0.07 sys=0.00, real=0.01 secs] 
2018-01-08T10:11:57.581+0300: 6.447: [GC (Allocation Failure) 2018-01-08T10:11:57.581+0300: 6.447: [ParNew: 76456K->8510K(76800K), 0.0201453 secs] 1656428K->1656220K(3457940K), 0.0202368 secs] [Times: user=0.07 sys=0.00, real=0.02 secs] 
2018-01-08T10:11:57.616+0300: 6.481: [GC (Allocation Failure) 2018-01-08T10:11:57.616+0300: 6.481: [ParNew: 76493K->8507K(76800K), 0.0195250 secs] 1724202K->1723972K(3457940K), 0.0196098 secs] [Times: user=0.06 sys=0.00, real=0.02 secs] 
2018-01-08T10:11:57.648+0300: 6.514: [GC (Allocation Failure) 2018-01-08T10:11:57.648+0300: 6.514: [ParNew: 76215K->8502K(76800K), 0.0233069 secs] 1791680K->1791150K(3457940K), 0.0234085 secs] [Times: user=0.05 sys=0.00, real=0.03 secs] 
2018-01-08T10:11:57.685+0300: 6.551: [GC (Allocation Failure) 2018-01-08T10:11:57.685+0300: 6.551: [ParNew: 76731K->8509K(76800K), 0.0236060 secs] 1859378K->1859310K(3457940K), 0.0237590 secs] [Times: user=0.06 sys=0.00, real=0.03 secs] 
2018-01-08T10:11:57.726+0300: 6.592: [GC (Allocation Failure) 2018-01-08T10:11:57.726+0300: 6.592: [ParNew: 76687K->8510K(76800K), 0.0184336 secs] 1927488K->1927293K(3457940K), 0.0185194 secs] [Times: user=0.06 sys=0.00, real=0.02 secs] 
2018-01-08T10:11:57.802+0300: 6.667: [GC (Allocation Failure) 2018-01-08T10:11:57.802+0300: 6.667: [ParNew: 76798K->8510K(76800K), 0.0280427 secs] 1995581K->1984235K(3457940K), 0.0281252 secs] [Times: user=0.07 sys=0.00, real=0.03 secs] 
2018-01-08T10:11:58.019+0300: 6.884: [GC (Allocation Failure) 2018-01-08T10:11:58.019+0300: 6.884: [ParNew: 76798K->8510K(76800K), 0.0172492 secs] 2052523K->2006679K(3457940K), 0.0173358 secs] [Times: user=0.07 sys=0.00, real=0.01 secs] 
2018-01-08T10:11:58.224+0300: 7.090: [GC (Allocation Failure) 2018-01-08T10:11:58.224+0300: 7.090: [ParNew: 76798K->8512K(76800K), 0.0220051 secs] 2074967K->2029123K(3457940K), 0.0221029 secs] [Times: user=0.07 sys=0.00, real=0.02 secs] 
2018-01-08T10:11:58.292+0300: 7.157: [GC (Allocation Failure) 2018-01-08T10:11:58.292+0300: 7.157: [ParNew: 76481K->8511K(76800K), 0.0248444 secs] 2097093K->2088915K(3457940K), 0.0249320 secs] [Times: user=0.07 sys=0.00, real=0.02 secs] 
2018-01-08T10:11:58.329+0300: 7.195: [GC (Allocation Failure) 2018-01-08T10:11:58.329+0300: 7.195: [ParNew: 76394K->8510K(76800K), 0.0192850 secs] 2156798K->2156693K(3457940K), 0.0193931 secs] [Times: user=0.05 sys=0.00, real=0.02 secs] 
2018-01-08T10:11:58.361+0300: 7.227: [GC (Allocation Failure) 2018-01-08T10:11:58.361+0300: 7.227: [ParNew: 76524K->8495K(76800K), 0.0188643 secs] 2224708K->2224660K(3457940K), 0.0189446 secs] [Times: user=0.05 sys=0.00, real=0.02 secs] 
2018-01-08T10:11:58.392+0300: 7.258: [GC (Allocation Failure) 2018-01-08T10:11:58.392+0300: 7.258: [ParNew: 76743K->8510K(76800K), 0.0176250 secs] 2292907K->2292795K(3457940K), 0.0177204 secs] [Times: user=0.07 sys=0.00, real=0.02 secs] 
2018-01-08T10:11:58.423+0300: 7.289: [GC (Allocation Failure) 2018-01-08T10:11:58.423+0300: 7.289: [ParNew: 76239K->8496K(76800K), 0.0159125 secs] 2360524K->2360405K(3457940K), 0.0160019 secs] [Times: user=0.06 sys=0.00, real=0.02 secs] 
2018-01-08T10:11:58.451+0300: 7.317: [GC (Allocation Failure) 2018-01-08T10:11:58.451+0300: 7.317: [ParNew: 76611K->8458K(76800K), 0.0155390 secs] 2428520K->2428425K(3457940K), 0.0156275 secs] [Times: user=0.06 sys=0.00, real=0.01 secs] 
2018-01-08T10:11:58.479+0300: 7.345: [GC (Allocation Failure) 2018-01-08T10:11:58.479+0300: 7.345: [ParNew: 76458K->8508K(76800K), 0.0163962 secs] 2496425K->2496366K(3457940K), 0.0164882 secs] [Times: user=0.06 sys=0.00, real=0.01 secs] 
2018-01-08T10:11:58.508+0300: 7.373: [GC (Allocation Failure) 2018-01-08T10:11:58.508+0300: 7.373: [ParNew: 76796K->8510K(76800K), 0.0182154 secs] 2564654K->2564471K(3457940K), 0.0183006 secs] [Times: user=0.06 sys=0.00, real=0.02 secs] 
2018-01-08T10:11:58.538+0300: 7.403: [GC (Allocation Failure) 2018-01-08T10:11:58.538+0300: 7.403: [ParNew: 76738K->8502K(76800K), 0.0156513 secs] 2632699K->2632428K(3457940K), 0.0157344 secs] [Times: user=0.06 sys=0.00, real=0.01 secs] 
2018-01-08T10:11:58.565+0300: 7.430: [GC (Allocation Failure) 2018-01-08T10:11:58.565+0300: 7.430: [ParNew: 76703K->8510K(76800K), 0.0159640 secs] 2700629K->2700505K(3457940K), 0.0160475 secs] [Times: user=0.06 sys=0.00, real=0.02 secs] 
2018-01-08T10:11:58.593+0300: 7.459: [GC (Allocation Failure) 2018-01-08T10:11:58.593+0300: 7.459: [ParNew: 76798K->8506K(76800K), 0.0156167 secs] 2768793K->2768620K(3457940K), 0.0157030 secs] [Times: user=0.06 sys=0.00, real=0.02 secs] 
2018-01-08T10:11:58.621+0300: 7.487: [GC (Allocation Failure) 2018-01-08T10:11:58.621+0300: 7.487: [ParNew: 76794K->8499K(76800K), 0.0148221 secs] 2836908K->2836621K(3457940K), 0.0149102 secs] [Times: user=0.06 sys=0.00, real=0.01 secs] 
2018-01-08T10:11:58.648+0300: 7.513: [GC (Allocation Failure) 2018-01-08T10:11:58.648+0300: 7.514: [ParNew: 76702K->8494K(76800K), 0.0158990 secs] 2904824K->2904691K(3457940K), 0.0159885 secs] [Times: user=0.06 sys=0.00, real=0.02 secs] 
2018-01-08T10:11:58.676+0300: 7.541: [GC (Allocation Failure) 2018-01-08T10:11:58.676+0300: 7.541: [ParNew: 76473K->8507K(76800K), 0.0160233 secs] 2972669K->2972558K(3457940K), 0.0161088 secs] [Times: user=0.06 sys=0.00, real=0.02 secs] 
2018-01-08T10:11:58.705+0300: 7.571: [GC (Allocation Failure) 2018-01-08T10:11:58.705+0300: 7.571: [ParNew: 76617K->8511K(76800K), 0.0196011 secs] 3040669K->3040605K(3457940K), 0.0197179 secs] [Times: user=0.06 sys=0.00, real=0.02 secs] 
2018-01-08T10:11:58.739+0300: 7.604: [GC (Allocation Failure) 2018-01-08T10:11:58.739+0300: 7.604: [ParNew: 76424K->8510K(76800K), 0.0201254 secs] 3108518K->3108457K(3457940K), 0.0202147 secs] [Times: user=0.07 sys=0.00, real=0.02 secs] 
2018-01-08T10:11:58.771+0300: 7.637: [GC (Allocation Failure) 2018-01-08T10:11:58.772+0300: 7.637: [ParNew: 76798K->8511K(76800K), 0.0177329 secs] 3176745K->3176261K(3457940K), 0.0178202 secs] [Times: user=0.07 sys=0.00, real=0.02 secs] 
2018-01-08T10:11:58.793+0300: 7.658: [GC (CMS Initial Mark) [1 CMS-initial-mark: 3167749K(3381140K)] 3195554K(3457940K), 0.0003011 secs] [Times: user=0.00 sys=0.00, real=0.00 secs] 
2018-01-08T10:11:58.793+0300: 7.659: [CMS-concurrent-mark-start]
2018-01-08T10:11:58.806+0300: 7.671: [GC (Allocation Failure) 2018-01-08T10:11:58.806+0300: 7.671: [ParNew: 76771K->8511K(76800K), 0.0196818 secs] 3244520K->3244343K(3457940K), 0.0197791 secs] [Times: user=0.07 sys=0.00, real=0.02 secs] 
2018-01-08T10:11:58.837+0300: 7.703: [GC (Allocation Failure) 2018-01-08T10:11:58.837+0300: 7.703: [ParNew: 76249K->8508K(76800K), 0.0203075 secs] 3312081K->3311593K(3457940K), 0.0203835 secs] [Times: user=0.05 sys=0.00, real=0.02 secs] 
2018-01-08T10:11:58.862+0300: 7.728: [CMS-concurrent-mark: 0.029/0.069 secs] [Times: user=0.17 sys=0.00, real=0.07 secs] 
2018-01-08T10:11:58.862+0300: 7.728: [CMS-concurrent-preclean-start]
2018-01-08T10:11:58.868+0300: 7.734: [CMS-concurrent-preclean: 0.006/0.006 secs] [Times: user=0.01 sys=0.00, real=0.00 secs] 
2018-01-08T10:11:58.869+0300: 7.734: [CMS-concurrent-abortable-preclean-start]
2018-01-08T10:11:58.874+0300: 7.739: [GC (Allocation Failure) 2018-01-08T10:11:58.874+0300: 7.739: [ParNew: 76609K->8507K(76800K), 0.0177582 secs] 3379694K->3379590K(3457940K), 0.0178462 secs] [Times: user=0.07 sys=0.00, real=0.02 secs] 
2018-01-08T10:11:58.903+0300: 7.769: [GC (Allocation Failure) 2018-01-08T10:11:58.903+0300: 7.769: [ParNew: 76521K->8508K(76800K), 0.0206546 secs] 3447605K->3447507K(3516516K), 0.0207407 secs] [Times: user=0.05 sys=0.01, real=0.02 secs] 
2018-01-08T10:11:58.936+0300: 7.802: [GC (Allocation Failure) 2018-01-08T10:11:58.936+0300: 7.802: [ParNew: 76796K->8510K(76800K), 0.0191621 secs] 3515795K->3515509K(3584444K), 0.0192444 secs] [Times: user=0.04 sys=0.02, real=0.02 secs] 
2018-01-08T10:11:58.955+0300: 7.821: [CMS-concurrent-abortable-preclean: 0.018/0.087 secs] [Times: user=0.20 sys=0.03, real=0.09 secs] 
2018-01-08T10:11:58.956+0300: 7.821: [GC (CMS Final Remark) [YG occupancy: 9295 K (76800 K)]2018-01-08T10:11:58.956+0300: 7.821: [Rescan (parallel) , 0.0016632 secs]2018-01-08T10:11:58.957+0300: 7.823: [weak refs processing, 0.0000365 secs]2018-01-08T10:11:58.957+0300: 7.823: [class unloading, 0.0004112 secs]2018-01-08T10:11:58.958+0300: 7.823: [scrub symbol table, 0.0003126 secs]2018-01-08T10:11:58.958+0300: 7.824: [scrub string table, 0.0002092 secs][1 CMS-remark: 3506998K(3507644K)] 3516294K(3584444K), 0.0027174 secs] [Times: user=0.00 sys=0.00, real=0.01 secs] 
2018-01-08T10:11:58.958+0300: 7.824: [CMS-concurrent-sweep-start]
2018-01-08T10:11:58.962+0300: 7.827: [CMS-concurrent-sweep: 0.003/0.003 secs] [Times: user=0.01 sys=0.00, real=0.00 secs] 
2018-01-08T10:11:58.962+0300: 7.827: [CMS-concurrent-reset-start]
2018-01-08T10:11:58.973+0300: 7.838: [CMS-concurrent-reset: 0.011/0.011 secs] [Times: user=0.02 sys=0.00, real=0.01 secs] 
2018-01-08T10:11:58.973+0300: 7.839: [GC (Allocation Failure) 2018-01-08T10:11:58.973+0300: 7.839: [ParNew: 76588K->8506K(76800K), 0.0160065 secs] 1551001K->1550885K(3584444K), 0.0160606 secs] [Times: user=0.06 sys=0.00, real=0.02 secs] 
2018-01-08T10:11:59.001+0300: 7.866: [GC (Allocation Failure) 2018-01-08T10:11:59.001+0300: 7.866: [ParNew: 76576K->8509K(76800K), 0.0231897 secs] 1618955K->1618793K(3584444K), 0.0233022 secs] [Times: user=0.06 sys=0.00, real=0.02 secs] 
2018-01-08T10:11:59.036+0300: 7.902: [GC (Allocation Failure) 2018-01-08T10:11:59.036+0300: 7.902: [ParNew: 76518K->8511K(76800K), 0.0177055 secs] 1686802K->1686675K(3584444K), 0.0177967 secs] [Times: user=0.07 sys=0.00, real=0.02 secs] 
2018-01-08T10:11:59.066+0300: 7.931: [GC (Allocation Failure) 2018-01-08T10:11:59.066+0300: 7.931: [ParNew: 76799K->8505K(76800K), 0.0157744 secs] 1754963K->1754424K(3584444K), 0.0158597 secs] [Times: user=0.06 sys=0.00, real=0.02 secs] 
2018-01-08T10:11:59.094+0300: 7.959: [GC (Allocation Failure) 2018-01-08T10:11:59.094+0300: 7.959: [ParNew: 76696K->8510K(76800K), 0.0172584 secs] 1822616K->1822520K(3584444K), 0.0173527 secs] [Times: user=0.06 sys=0.00, real=0.02 secs] 
2018-01-08T10:11:59.123+0300: 7.988: [GC (Allocation Failure) 2018-01-08T10:11:59.123+0300: 7.988: [ParNew: 76272K->8495K(76800K), 0.0158513 secs] 1890282K->1890221K(3584444K), 0.0159480 secs] [Times: user=0.06 sys=0.00, real=0.02 secs] 
2018-01-08T10:11:59.150+0300: 8.016: [GC (Allocation Failure) 2018-01-08T10:11:59.150+0300: 8.016: [ParNew: 76293K->8506K(76800K), 0.0159694 secs] 1958020K->1957860K(3584444K), 0.0160591 secs] [Times: user=0.06 sys=0.00, real=0.01 secs] 
2018-01-08T10:11:59.178+0300: 8.044: [GC (Allocation Failure) 2018-01-08T10:11:59.178+0300: 8.044: [ParNew: 76759K->8511K(76800K), 0.0160869 secs] 2026113K->2026063K(3584444K), 0.0161705 secs] [Times: user=0.06 sys=0.00, real=0.01 secs] 
2018-01-08T10:11:59.371+0300: 8.237: [GC (Allocation Failure) 2018-01-08T10:11:59.371+0300: 8.237: [ParNew: 76799K->8510K(76800K), 0.0200899 secs] 2094351K->2050576K(3584444K), 0.0202085 secs] [Times: user=0.06 sys=0.00, real=0.02 secs] 
2018-01-08T10:11:59.581+0300: 8.447: [GC (Allocation Failure) 2018-01-08T10:11:59.581+0300: 8.447: [ParNew: 76798K->8512K(76800K), 0.0254149 secs] 2118864K->2073027K(3584444K), 0.0255081 secs] [Times: user=0.08 sys=0.00, real=0.02 secs] 
2018-01-08T10:11:59.701+0300: 8.567: [GC (Allocation Failure) 2018-01-08T10:11:59.701+0300: 8.567: [ParNew: 76800K->8511K(76800K), 0.0213714 secs] 2141315K->2119892K(3584444K), 0.0214603 secs] [Times: user=0.07 sys=0.00, real=0.02 secs] 
2018-01-08T10:11:59.736+0300: 8.602: [GC (Allocation Failure) 2018-01-08T10:11:59.736+0300: 8.602: [ParNew: 76799K->8512K(76800K), 0.0189386 secs] 2188180K->2187747K(3584444K), 0.0190271 secs] [Times: user=0.06 sys=0.01, real=0.02 secs] 
2018-01-08T10:11:59.767+0300: 8.633: [GC (Allocation Failure) 2018-01-08T10:11:59.767+0300: 8.633: [ParNew: 76584K->8511K(76800K), 0.0160182 secs] 2255819K->2255718K(3584444K), 0.0161082 secs] [Times: user=0.07 sys=0.00, real=0.02 secs] 
2018-01-08T10:11:59.796+0300: 8.661: [GC (Allocation Failure) 2018-01-08T10:11:59.796+0300: 8.661: [ParNew: 76781K->8509K(76800K), 0.0162956 secs] 2323988K->2323826K(3584444K), 0.0163775 secs] [Times: user=0.06 sys=0.00, real=0.02 secs] 
2018-01-08T10:11:59.824+0300: 8.690: [GC (Allocation Failure) 2018-01-08T10:11:59.824+0300: 8.690: [ParNew: 76791K->8508K(76800K), 0.0171335 secs] 2392107K->2392000K(3584444K), 0.0172229 secs] [Times: user=0.05 sys=0.00, real=0.02 secs] 
2018-01-08T10:11:59.854+0300: 8.719: [GC (Allocation Failure) 2018-01-08T10:11:59.854+0300: 8.719: [ParNew: 76706K->8508K(76800K), 0.0149968 secs] 2460199K->2460128K(3584444K), 0.0150748 secs] [Times: user=0.05 sys=0.00, real=0.01 secs] 
2018-01-08T10:11:59.880+0300: 8.746: [GC (Allocation Failure) 2018-01-08T10:11:59.880+0300: 8.746: [ParNew: 76764K->8508K(76800K), 0.0165984 secs] 2528384K->2528283K(3584444K), 0.0166824 secs] [Times: user=0.06 sys=0.00, real=0.02 secs] 
2018-01-08T10:11:59.909+0300: 8.775: [GC (Allocation Failure) 2018-01-08T10:11:59.909+0300: 8.775: [ParNew: 76564K->8510K(76800K), 0.0148513 secs] 2596339K->2596235K(3584444K), 0.0149345 secs] [Times: user=0.06 sys=0.00, real=0.01 secs] 
2018-01-08T10:11:59.937+0300: 8.802: [GC (Allocation Failure) 2018-01-08T10:11:59.937+0300: 8.802: [ParNew: 76385K->8510K(76800K), 0.0155028 secs] 2664109K->2663915K(3584444K), 0.0155899 secs] [Times: user=0.06 sys=0.00, real=0.02 secs] 
2018-01-08T10:11:59.965+0300: 8.830: [GC (Allocation Failure) 2018-01-08T10:11:59.965+0300: 8.830: [ParNew: 76330K->8506K(76800K), 0.0266424 secs] 2731735K->2731597K(3584444K), 0.0267297 secs] [Times: user=0.09 sys=0.01, real=0.03 secs] 
2018-01-08T10:12:00.005+0300: 8.871: [GC (Allocation Failure) 2018-01-08T10:12:00.005+0300: 8.871: [ParNew: 76429K->8509K(76800K), 0.0171581 secs] 2799521K->2799484K(3584444K), 0.0172417 secs] [Times: user=0.06 sys=0.00, real=0.02 secs] 
2018-01-08T10:12:00.036+0300: 8.902: [GC (Allocation Failure) 2018-01-08T10:12:00.036+0300: 8.902: [ParNew: 76379K->8510K(76800K), 0.0182669 secs] 2867354K->2867128K(3584444K), 0.0183784 secs] [Times: user=0.07 sys=0.00, real=0.02 secs] 
2018-01-08T10:12:00.068+0300: 8.933: [GC (Allocation Failure) 2018-01-08T10:12:00.068+0300: 8.933: [ParNew: 76791K->8499K(76800K), 0.0190054 secs] 2935409K->2935354K(3584444K), 0.0191007 secs] [Times: user=0.07 sys=0.00, real=0.02 secs] 
2018-01-08T10:12:00.100+0300: 8.966: [GC (Allocation Failure) 2018-01-08T10:12:00.100+0300: 8.966: [ParNew: 76715K->8504K(76800K), 0.0194368 secs] 3003570K->3003460K(3584444K), 0.0195277 secs] [Times: user=0.07 sys=0.00, real=0.02 secs] 
2018-01-08T10:12:00.133+0300: 8.998: [GC (Allocation Failure) 2018-01-08T10:12:00.133+0300: 8.999: [ParNew: 76520K->8507K(76800K), 0.0201244 secs] 3071476K->3071101K(3584444K), 0.0202138 secs] [Times: user=0.07 sys=0.00, real=0.02 secs] 
2018-01-08T10:12:00.166+0300: 9.031: [GC (Allocation Failure) 2018-01-08T10:12:00.166+0300: 9.031: [ParNew: 76380K->8510K(76800K), 0.0174457 secs] 3138974K->3138907K(3584444K), 0.0175269 secs] [Times: user=0.07 sys=0.00, real=0.02 secs] 
2018-01-08T10:12:00.195+0300: 9.061: [GC (Allocation Failure) 2018-01-08T10:12:00.195+0300: 9.061: [ParNew: 76541K->8506K(76800K), 0.0146192 secs] 3206938K->3206827K(3584444K), 0.0147192 secs] [Times: user=0.06 sys=0.00, real=0.02 secs] 
2018-01-08T10:12:00.223+0300: 9.088: [GC (Allocation Failure) 2018-01-08T10:12:00.223+0300: 9.088: [ParNew: 76503K->8511K(76800K), 0.0154783 secs] 3274824K->3274732K(3584444K), 0.0155690 secs] [Times: user=0.06 sys=0.00, real=0.02 secs] 
2018-01-08T10:12:00.239+0300: 9.104: [GC (CMS Initial Mark) [1 CMS-initial-mark: 3266221K(3507644K)] 3275118K(3584444K), 0.0002114 secs] [Times: user=0.00 sys=0.00, real=0.00 secs] 
2018-01-08T10:12:00.239+0300: 9.104: [CMS-concurrent-mark-start]
2018-01-08T10:12:00.250+0300: 9.116: [GC (Allocation Failure) 2018-01-08T10:12:00.250+0300: 9.116: [ParNew: 76753K->8511K(76800K), 0.0158471 secs] 3342975K->3342774K(3584444K), 0.0159313 secs] [Times: user=0.06 sys=0.00, real=0.01 secs] 
2018-01-08T10:12:00.278+0300: 9.144: [GC (Allocation Failure) 2018-01-08T10:12:00.278+0300: 9.144: [ParNew: 76573K->8492K(76800K), 0.0153132 secs] 3410837K->3410760K(3584444K), 0.0154031 secs] [Times: user=0.06 sys=0.00, real=0.01 secs] 
2018-01-08T10:12:00.296+0300: 9.162: [CMS-concurrent-mark: 0.026/0.057 secs] [Times: user=0.17 sys=0.00, real=0.05 secs] 
2018-01-08T10:12:00.296+0300: 9.162: [CMS-concurrent-preclean-start]
2018-01-08T10:12:00.303+0300: 9.168: [CMS-concurrent-preclean: 0.006/0.006 secs] [Times: user=0.01 sys=0.00, real=0.01 secs] 
2018-01-08T10:12:00.303+0300: 9.168: [CMS-concurrent-abortable-preclean-start]
2018-01-08T10:12:00.309+0300: 9.174: [GC (Allocation Failure) 2018-01-08T10:12:00.309+0300: 9.174: [ParNew: 76074K->8511K(76800K), 0.0171369 secs] 3478342K->3478277K(3584444K), 0.0172311 secs] [Times: user=0.06 sys=0.00, real=0.01 secs] 
2018-01-08T10:12:00.338+0300: 9.204: [GC (Allocation Failure) 2018-01-08T10:12:00.338+0300: 9.204: [ParNew: 76693K->8506K(76800K), 0.0153296 secs] 3546459K->3546358K(3615636K), 0.0154169 secs] [Times: user=0.05 sys=0.01, real=0.01 secs] 
2018-01-08T10:12:00.354+0300: 9.219: [CMS-concurrent-abortable-preclean: 0.018/0.051 secs] [Times: user=0.15 sys=0.01, real=0.05 secs] 
2018-01-08T10:12:00.354+0300: 9.219: [GC (CMS Final Remark) [YG occupancy: 9236 K (76800 K)]2018-01-08T10:12:00.354+0300: 9.219: [Rescan (parallel) , 0.0016315 secs]2018-01-08T10:12:00.356+0300: 9.221: [weak refs processing, 0.0000234 secs]2018-01-08T10:12:00.356+0300: 9.221: [class unloading, 0.0004069 secs]2018-01-08T10:12:00.356+0300: 9.222: [scrub symbol table, 0.0003131 secs]2018-01-08T10:12:00.356+0300: 9.222: [scrub string table, 0.0002090 secs][1 CMS-remark: 3537852K(3538836K)] 3547088K(3615636K), 0.0026629 secs] [Times: user=0.00 sys=0.00, real=0.00 secs] 
2018-01-08T10:12:00.357+0300: 9.222: [CMS-concurrent-sweep-start]
2018-01-08T10:12:00.360+0300: 9.226: [CMS-concurrent-sweep: 0.004/0.004 secs] [Times: user=0.00 sys=0.00, real=0.01 secs] 
2018-01-08T10:12:00.360+0300: 9.226: [CMS-concurrent-reset-start]
2018-01-08T10:12:00.371+0300: 9.237: [CMS-concurrent-reset: 0.011/0.011 secs] [Times: user=0.02 sys=0.00, real=0.01 secs] 
2018-01-08T10:12:00.372+0300: 9.237: [GC (Allocation Failure) 2018-01-08T10:12:00.372+0300: 9.237: [ParNew: 76317K->8501K(76800K), 0.0148494 secs] 1531181K->1531073K(3615636K), 0.0149166 secs] [Times: user=0.05 sys=0.00, real=0.01 secs] 
2018-01-08T10:12:00.398+0300: 9.264: [GC (Allocation Failure) 2018-01-08T10:12:00.398+0300: 9.264: [ParNew: 76279K->8507K(76800K), 0.0200630 secs] 1598851K->1598689K(3615636K), 0.0201503 secs] [Times: user=0.08 sys=0.00, real=0.02 secs] 
2018-01-08T10:12:00.430+0300: 9.296: [GC (Allocation Failure) 2018-01-08T10:12:00.430+0300: 9.296: [ParNew: 76374K->8489K(76800K), 0.0153908 secs] 1666556K->1666506K(3615636K), 0.0154857 secs] [Times: user=0.06 sys=0.00, real=0.01 secs] 
2018-01-08T10:12:00.457+0300: 9.323: [GC (Allocation Failure) 2018-01-08T10:12:00.457+0300: 9.323: [ParNew: 76565K->8509K(76800K), 0.0154311 secs] 1734582K->1734484K(3615636K), 0.0155261 secs] [Times: user=0.06 sys=0.00, real=0.01 secs] 
2018-01-08T10:12:00.485+0300: 9.350: [GC (Allocation Failure) 2018-01-08T10:12:00.485+0300: 9.350: [ParNew: 76538K->8510K(76800K), 0.0160188 secs] 1802512K->1802338K(3615636K), 0.0161604 secs] [Times: user=0.06 sys=0.00, real=0.02 secs] 
2018-01-08T10:12:00.513+0300: 9.378: [GC (Allocation Failure) 2018-01-08T10:12:00.513+0300: 9.378: [ParNew: 76706K->8510K(76800K), 0.0219953 secs] 1870534K->1870443K(3615636K), 0.0220813 secs] [Times: user=0.07 sys=0.00, real=0.02 secs] 
2018-01-08T10:12:00.548+0300: 9.413: [GC (Allocation Failure) 2018-01-08T10:12:00.548+0300: 9.413: [ParNew: 76712K->8506K(76800K), 0.0188002 secs] 1938645K->1938534K(3615636K), 0.0189002 secs] [Times: user=0.07 sys=0.00, real=0.02 secs] 
2018-01-08T10:12:00.605+0300: 9.471: [GC (Allocation Failure) 2018-01-08T10:12:00.605+0300: 9.471: [ParNew: 76794K->8510K(76800K), 0.0193407 secs] 2006822K->1999874K(3615636K), 0.0194354 secs] [Times: user=0.07 sys=0.00, real=0.02 secs] 
2018-01-08T10:12:00.809+0300: 9.674: [GC (Allocation Failure) 2018-01-08T10:12:00.809+0300: 9.674: [ParNew: 76798K->8510K(76800K), 0.0178434 secs] 2068162K->2022330K(3615636K), 0.0179398 secs] [Times: user=0.06 sys=0.00, real=0.02 secs] 
2018-01-08T10:12:01.014+0300: 9.879: [GC (Allocation Failure) 2018-01-08T10:12:01.014+0300: 9.879: [ParNew: 76798K->8512K(76800K), 0.0301098 secs] 2090618K->2044783K(3615636K), 0.0302170 secs] [Times: user=0.08 sys=0.00, real=0.03 secs] 
2018-01-08T10:12:01.105+0300: 9.971: [GC (Allocation Failure) 2018-01-08T10:12:01.105+0300: 9.971: [ParNew: 76643K->8505K(76800K), 0.0277998 secs] 2112914K->2100290K(3615636K), 0.0278975 secs] [Times: user=0.07 sys=0.00, real=0.03 secs] 
2018-01-08T10:12:01.147+0300: 10.012: [GC (Allocation Failure) 2018-01-08T10:12:01.147+0300: 10.012: [ParNew: 76696K->8490K(76800K), 0.0193057 secs] 2168481K->2168293K(3615636K), 0.0194160 secs] [Times: user=0.08 sys=0.00, real=0.02 secs] 
2018-01-08T10:12:01.178+0300: 10.044: [GC (Allocation Failure) 2018-01-08T10:12:01.178+0300: 10.044: [ParNew: 76613K->8508K(76800K), 0.0164613 secs] 2236415K->2236311K(3615636K), 0.0165492 secs] [Times: user=0.06 sys=0.00, real=0.01 secs] 
2018-01-08T10:12:01.206+0300: 10.072: [GC (Allocation Failure) 2018-01-08T10:12:01.206+0300: 10.072: [ParNew: 76656K->8502K(76800K), 0.0172373 secs] 2304458K->2303872K(3615636K), 0.0173263 secs] [Times: user=0.06 sys=0.00, real=0.02 secs] 
2018-01-08T10:12:01.235+0300: 10.101: [GC (Allocation Failure) 2018-01-08T10:12:01.235+0300: 10.101: [ParNew: 76755K->8507K(76800K), 0.0162060 secs] 2372124K->2371983K(3615636K), 0.0162991 secs] [Times: user=0.07 sys=0.00, real=0.02 secs] 
2018-01-08T10:12:01.263+0300: 10.129: [GC (Allocation Failure) 2018-01-08T10:12:01.263+0300: 10.129: [ParNew: 76563K->8511K(76800K), 0.0171373 secs] 2440039K->2439873K(3615636K), 0.0172263 secs] [Times: user=0.06 sys=0.00, real=0.02 secs] 
2018-01-08T10:12:01.292+0300: 10.158: [GC (Allocation Failure) 2018-01-08T10:12:01.292+0300: 10.158: [ParNew: 76410K->8503K(76800K), 0.0153618 secs] 2507772K->2507572K(3615636K), 0.0154509 secs] [Times: user=0.06 sys=0.00, real=0.01 secs] 
2018-01-08T10:12:01.321+0300: 10.187: [GC (Allocation Failure) 2018-01-08T10:12:01.321+0300: 10.187: [ParNew: 76189K->8510K(76800K), 0.0182220 secs] 2575258K->2575204K(3615636K), 0.0183454 secs] [Times: user=0.07 sys=0.00, real=0.02 secs] 
2018-01-08T10:12:01.352+0300: 10.217: [GC (Allocation Failure) 2018-01-08T10:12:01.352+0300: 10.217: [ParNew: 76663K->8511K(76800K), 0.0158097 secs] 2643358K->2643270K(3615636K), 0.0158924 secs] [Times: user=0.06 sys=0.00, real=0.01 secs] 
2018-01-08T10:12:01.379+0300: 10.245: [GC (Allocation Failure) 2018-01-08T10:12:01.379+0300: 10.245: [ParNew: 76493K->8511K(76800K), 0.0164664 secs] 2711252K->2710979K(3615636K), 0.0165495 secs] [Times: user=0.06 sys=0.00, real=0.01 secs] 
2018-01-08T10:12:01.408+0300: 10.273: [GC (Allocation Failure) 2018-01-08T10:12:01.408+0300: 10.273: [ParNew: 76799K->8511K(76800K), 0.0179183 secs] 2779267K->2778797K(3615636K), 0.0180069 secs] [Times: user=0.06 sys=0.00, real=0.02 secs] 
2018-01-08T10:12:01.437+0300: 10.303: [GC (Allocation Failure) 2018-01-08T10:12:01.437+0300: 10.303: [ParNew: 76799K->8508K(76800K), 0.0156735 secs] 2847085K->2846863K(3615636K), 0.0157609 secs] [Times: user=0.06 sys=0.00, real=0.01 secs] 
2018-01-08T10:12:01.465+0300: 10.330: [GC (Allocation Failure) 2018-01-08T10:12:01.465+0300: 10.330: [ParNew: 76317K->8509K(76800K), 0.0156482 secs] 2914673K->2914359K(3615636K), 0.0157585 secs] [Times: user=0.06 sys=0.01, real=0.02 secs] 
2018-01-08T10:12:01.493+0300: 10.358: [GC (Allocation Failure) 2018-01-08T10:12:01.493+0300: 10.358: [ParNew: 76707K->8510K(76800K), 0.0163807 secs] 2982558K->2982425K(3615636K), 0.0165020 secs] [Times: user=0.06 sys=0.00, real=0.02 secs] 
2018-01-08T10:12:01.523+0300: 10.388: [GC (Allocation Failure) 2018-01-08T10:12:01.523+0300: 10.388: [ParNew: 76293K->8495K(76800K), 0.0198590 secs] 3050208K->3050105K(3615636K), 0.0199389 secs] [Times: user=0.07 sys=0.00, real=0.02 secs] 
2018-01-08T10:12:01.556+0300: 10.422: [GC (Allocation Failure) 2018-01-08T10:12:01.556+0300: 10.422: [ParNew: 76482K->8503K(76800K), 0.0196403 secs] 3118091K->3117995K(3615636K), 0.0197304 secs] [Times: user=0.07 sys=0.00, real=0.02 secs] 
2018-01-08T10:12:01.589+0300: 10.455: [GC (Allocation Failure) 2018-01-08T10:12:01.589+0300: 10.455: [ParNew: 76692K->8511K(76800K), 0.0195494 secs] 3186184K->3186129K(3615636K), 0.0196552 secs] [Times: user=0.07 sys=0.00, real=0.02 secs] 
2018-01-08T10:12:01.622+0300: 10.488: [GC (Allocation Failure) 2018-01-08T10:12:01.622+0300: 10.488: [ParNew: 76482K->8510K(76800K), 0.0197717 secs] 3254100K->3253770K(3615636K), 0.0198545 secs] [Times: user=0.07 sys=0.00, real=0.02 secs] 
2018-01-08T10:12:01.656+0300: 10.521: [GC (Allocation Failure) 2018-01-08T10:12:01.656+0300: 10.521: [ParNew: 76722K->8510K(76800K), 0.0178385 secs] 3321983K->3321915K(3615636K), 0.0179315 secs] [Times: user=0.07 sys=0.00, real=0.02 secs] 
2018-01-08T10:12:01.677+0300: 10.542: [GC (CMS Initial Mark) [1 CMS-initial-mark: 3313405K(3538836K)] 3342155K(3615636K), 0.0002769 secs] [Times: user=0.00 sys=0.00, real=0.00 secs] 
2018-01-08T10:12:01.677+0300: 10.543: [CMS-concurrent-mark-start]
2018-01-08T10:12:01.688+0300: 10.553: [GC (Allocation Failure) 2018-01-08T10:12:01.688+0300: 10.553: [ParNew: 76367K->8509K(76800K), 0.0160008 secs] 3389772K->3389635K(3615636K), 0.0160780 secs] [Times: user=0.06 sys=0.01, real=0.02 secs] 
2018-01-08T10:12:01.716+0300: 10.582: [GC (Allocation Failure) 2018-01-08T10:12:01.716+0300: 10.582: [ParNew: 76721K->8504K(76800K), 0.0167074 secs] 3457847K->3457732K(3615636K), 0.0167909 secs] [Times: user=0.06 sys=0.00, real=0.02 secs] 
2018-01-08T10:12:01.737+0300: 10.602: [CMS-concurrent-mark: 0.027/0.060 secs] [Times: user=0.16 sys=0.01, real=0.06 secs] 
2018-01-08T10:12:01.737+0300: 10.603: [CMS-concurrent-preclean-start]
2018-01-08T10:12:01.743+0300: 10.609: [CMS-concurrent-preclean: 0.006/0.006 secs] [Times: user=0.02 sys=0.00, real=0.00 secs] 
2018-01-08T10:12:01.743+0300: 10.609: [CMS-concurrent-abortable-preclean-start]
2018-01-08T10:12:01.748+0300: 10.614: [GC (Allocation Failure) 2018-01-08T10:12:01.748+0300: 10.614: [ParNew: 76737K->8511K(76800K), 0.0161545 secs] 3525965K->3525877K(3615636K), 0.0162432 secs] [Times: user=0.07 sys=0.00, real=0.02 secs] 
2018-01-08T10:12:01.776+0300: 10.642: [GC (Allocation Failure) 2018-01-08T10:12:01.776+0300: 10.642: [ParNew: 76510K->8499K(76800K), 0.0154561 secs] 3593876K->3593285K(3662276K), 0.0155413 secs] [Times: user=0.04 sys=0.01, real=0.02 secs] 
2018-01-08T10:12:01.805+0300: 10.670: [GC (Allocation Failure) 2018-01-08T10:12:01.805+0300: 10.670: [ParNew: 76691K->8511K(76800K), 0.0152383 secs] 3661477K->3661393K(3730388K), 0.0153506 secs] [Times: user=0.04 sys=0.02, real=0.02 secs] 
2018-01-08T10:12:01.820+0300: 10.686: [CMS-concurrent-abortable-preclean: 0.018/0.077 secs] [Times: user=0.18 sys=0.03, real=0.08 secs] 
2018-01-08T10:12:01.820+0300: 10.686: [GC (CMS Final Remark) [YG occupancy: 10097 K (76800 K)]2018-01-08T10:12:01.820+0300: 10.686: [Rescan (parallel) , 0.0017645 secs]2018-01-08T10:12:01.822+0300: 10.688: [weak refs processing, 0.0000261 secs]2018-01-08T10:12:01.822+0300: 10.688: [class unloading, 0.0004073 secs]2018-01-08T10:12:01.822+0300: 10.688: [scrub symbol table, 0.0003132 secs]2018-01-08T10:12:01.823+0300: 10.688: [scrub string table, 0.0002134 secs][1 CMS-remark: 3652881K(3653588K)] 3662979K(3730388K), 0.0028080 secs] [Times: user=0.01 sys=0.00, real=0.00 secs] 
2018-01-08T10:12:01.827+0300: 10.692: [CMS-concurrent-sweep-start]
2018-01-08T10:12:01.831+0300: 10.696: [CMS-concurrent-sweep: 0.004/0.004 secs] [Times: user=0.00 sys=0.00, real=0.01 secs] 
2018-01-08T10:12:01.831+0300: 10.696: [CMS-concurrent-reset-start]
2018-01-08T10:12:01.838+0300: 10.703: [GC (Allocation Failure) 2018-01-08T10:12:01.838+0300: 10.703: [ParNew: 76758K->8510K(76800K), 0.0215144 secs] 1679230K->1678999K(3730388K), 0.0216064 secs] [Times: user=0.06 sys=0.00, real=0.02 secs] 
2018-01-08T10:12:01.863+0300: 10.729: [CMS-concurrent-reset: 0.011/0.032 secs] [Times: user=0.08 sys=0.00, real=0.03 secs] 
2018-01-08T10:12:01.873+0300: 10.738: [GC (Allocation Failure) 2018-01-08T10:12:01.873+0300: 10.738: [ParNew: 76554K->8509K(76800K), 0.0173452 secs] 1747043K->1746665K(3730388K), 0.0174353 secs] [Times: user=0.05 sys=0.00, real=0.02 secs] 
2018-01-08T10:12:01.902+0300: 10.768: [GC (Allocation Failure) 2018-01-08T10:12:01.902+0300: 10.768: [ParNew: 76672K->8510K(76800K), 0.0169104 secs] 1814828K->1814658K(3730388K), 0.0169975 secs] [Times: user=0.06 sys=0.00, real=0.02 secs] 
2018-01-08T10:12:01.932+0300: 10.797: [GC (Allocation Failure) 2018-01-08T10:12:01.932+0300: 10.797: [ParNew: 76472K->8507K(76800K), 0.0165474 secs] 1882620K->1882562K(3730388K), 0.0166269 secs] [Times: user=0.06 sys=0.00, real=0.01 secs] 
2018-01-08T10:12:01.960+0300: 10.826: [GC (Allocation Failure) 2018-01-08T10:12:01.960+0300: 10.826: [ParNew: 76474K->8500K(76800K), 0.0164037 secs] 1950529K->1950459K(3730388K), 0.0164887 secs] [Times: user=0.06 sys=0.00, real=0.01 secs] 
2018-01-08T10:12:02.051+0300: 10.916: [GC (Allocation Failure) 2018-01-08T10:12:02.051+0300: 10.916: [ParNew: 76788K->8510K(76800K), 0.0199628 secs] 2018747K->2002284K(3730388K), 0.0200620 secs] [Times: user=0.08 sys=0.00, real=0.02 secs] 
2018-01-08T10:12:02.261+0300: 11.126: [GC (Allocation Failure) 2018-01-08T10:12:02.261+0300: 11.126: [ParNew: 76798K->8510K(76800K), 0.0150682 secs] 2070572K->2024716K(3730388K), 0.0151652 secs] [Times: user=0.06 sys=0.00, real=0.01 secs] 
2018-01-08T10:12:02.460+0300: 11.326: [GC (Allocation Failure) 2018-01-08T10:12:02.460+0300: 11.326: [ParNew: 76798K->8511K(76800K), 0.0208326 secs] 2093004K->2047157K(3730388K), 0.0209182 secs] [Times: user=0.08 sys=0.00, real=0.02 secs] 
2018-01-08T10:12:02.505+0300: 11.370: [GC (Allocation Failure) 2018-01-08T10:12:02.505+0300: 11.370: [ParNew: 76799K->8511K(76800K), 0.0314643 secs] 2115445K->2112029K(3730388K), 0.0315546 secs] [Times: user=0.09 sys=0.00, real=0.03 secs] 
2018-01-08T10:12:02.550+0300: 11.415: [GC (Allocation Failure) 2018-01-08T10:12:02.550+0300: 11.415: [ParNew: 76460K->8510K(76800K), 0.0230263 secs] 2179978K->2179903K(3730388K), 0.0231171 secs] [Times: user=0.07 sys=0.00, real=0.02 secs] 
2018-01-08T10:12:02.586+0300: 11.452: [GC (Allocation Failure) 2018-01-08T10:12:02.586+0300: 11.452: [ParNew: 76744K->8508K(76800K), 0.0262866 secs] 2248138K->2248045K(3730388K), 0.0263991 secs] [Times: user=0.08 sys=0.00, real=0.03 secs] 
2018-01-08T10:12:02.626+0300: 11.492: [GC (Allocation Failure) 2018-01-08T10:12:02.626+0300: 11.492: [ParNew: 76230K->8511K(76800K), 0.0207698 secs] 2315767K->2315713K(3730388K), 0.0208599 secs] [Times: user=0.07 sys=0.00, real=0.02 secs] 
2018-01-08T10:12:02.660+0300: 11.526: [GC (Allocation Failure) 2018-01-08T10:12:02.660+0300: 11.526: [ParNew: 76610K->8510K(76800K), 0.0299776 secs] 2383812K->2383770K(3730388K), 0.0300696 secs] [Times: user=0.08 sys=0.00, real=0.03 secs] 
2018-01-08T10:12:02.703+0300: 11.569: [GC (Allocation Failure) 2018-01-08T10:12:02.703+0300: 11.569: [ParNew: 76674K->8511K(76800K), 0.0175454 secs] 2451935K->2451861K(3730388K), 0.0176257 secs] [Times: user=0.06 sys=0.00, real=0.02 secs] 
2018-01-08T10:12:02.734+0300: 11.599: [GC (Allocation Failure) 2018-01-08T10:12:02.734+0300: 11.599: [ParNew: 76773K->8511K(76800K), 0.0168033 secs] 2520124K->2520006K(3730388K), 0.0168905 secs] [Times: user=0.07 sys=0.00, real=0.02 secs] 
2018-01-08T10:12:02.762+0300: 11.628: [GC (Allocation Failure) 2018-01-08T10:12:02.762+0300: 11.628: [ParNew: 76272K->8508K(76800K), 0.0153131 secs] 2587767K->2587702K(3730388K), 0.0154173 secs] [Times: user=0.06 sys=0.00, real=0.02 secs] 
2018-01-08T10:12:02.790+0300: 11.655: [GC (Allocation Failure) 2018-01-08T10:12:02.790+0300: 11.655: [ParNew: 76726K->8507K(76800K), 0.0170146 secs] 2655920K->2655806K(3730388K), 0.0171052 secs] [Times: user=0.06 sys=0.00, real=0.01 secs] 
2018-01-08T10:12:02.819+0300: 11.685: [GC (Allocation Failure) 2018-01-08T10:12:02.820+0300: 11.685: [ParNew: 76795K->8506K(76800K), 0.0150908 secs] 2724094K->2723757K(3730388K), 0.0151737 secs] [Times: user=0.06 sys=0.00, real=0.01 secs] 
2018-01-08T10:12:02.850+0300: 11.715: [GC (Allocation Failure) 2018-01-08T10:12:02.850+0300: 11.715: [ParNew: 76684K->8493K(76800K), 0.0153167 secs] 2791935K->2791864K(3730388K), 0.0153954 secs] [Times: user=0.06 sys=0.00, real=0.01 secs] 
2018-01-08T10:12:02.877+0300: 11.742: [GC (Allocation Failure) 2018-01-08T10:12:02.877+0300: 11.742: [ParNew: 76311K->8508K(76800K), 0.0169054 secs] 2859682K->2859494K(3730388K), 0.0170081 secs] [Times: user=0.06 sys=0.00, real=0.02 secs] 
2018-01-08T10:12:02.906+0300: 11.771: [GC (Allocation Failure) 2018-01-08T10:12:02.906+0300: 11.771: [ParNew: 76590K->8511K(76800K), 0.0179469 secs] 2927576K->2927385K(3730388K), 0.0180347 secs] [Times: user=0.06 sys=0.00, real=0.02 secs] 
2018-01-08T10:12:02.936+0300: 11.801: [GC (Allocation Failure) 2018-01-08T10:12:02.936+0300: 11.801: [ParNew: 76533K->8510K(76800K), 0.0169978 secs] 2995407K->2995281K(3730388K), 0.0170946 secs] [Times: user=0.06 sys=0.00, real=0.02 secs] 
2018-01-08T10:12:02.965+0300: 11.831: [GC (Allocation Failure) 2018-01-08T10:12:02.965+0300: 11.831: [ParNew: 76436K->8508K(76800K), 0.0171399 secs] 3063206K->3063135K(3730388K), 0.0172380 secs] [Times: user=0.07 sys=0.00, real=0.02 secs] 
2018-01-08T10:12:02.994+0300: 11.860: [GC (Allocation Failure) 2018-01-08T10:12:02.994+0300: 11.860: [ParNew: 76691K->8494K(76800K), 0.0192803 secs] 3131319K->3131216K(3730388K), 0.0193707 secs] [Times: user=0.07 sys=0.00, real=0.02 secs] 
2018-01-08T10:12:03.026+0300: 11.892: [GC (Allocation Failure) 2018-01-08T10:12:03.026+0300: 11.892: [ParNew: 76316K->8510K(76800K), 0.0180567 secs] 3199038K->3198963K(3730388K), 0.0181489 secs] [Times: user=0.07 sys=0.00, real=0.02 secs] 
2018-01-08T10:12:03.058+0300: 11.923: [GC (Allocation Failure) 2018-01-08T10:12:03.058+0300: 11.923: [ParNew: 76193K->8504K(76800K), 0.0185524 secs] 3266646K->3266572K(3730388K), 0.0186407 secs] [Times: user=0.07 sys=0.00, real=0.01 secs] 
2018-01-08T10:12:03.090+0300: 11.955: [GC (Allocation Failure) 2018-01-08T10:12:03.090+0300: 11.955: [ParNew: 76772K->8510K(76800K), 0.0197393 secs] 3334840K->3334748K(3730388K), 0.0198305 secs] [Times: user=0.07 sys=0.00, real=0.02 secs] 
2018-01-08T10:12:03.124+0300: 11.989: [GC (Allocation Failure) 2018-01-08T10:12:03.124+0300: 11.989: [ParNew: 76700K->8511K(76800K), 0.0190627 secs] 3402938K->3402771K(3730388K), 0.0191496 secs] [Times: user=0.07 sys=0.00, real=0.02 secs] 
2018-01-08T10:12:03.143+0300: 12.008: [GC (CMS Initial Mark) [1 CMS-initial-mark: 3394259K(3653588K)] 3402995K(3730388K), 0.0002357 secs] [Times: user=0.00 sys=0.00, real=0.00 secs] 
2018-01-08T10:12:03.143+0300: 12.009: [CMS-concurrent-mark-start]
2018-01-08T10:12:03.157+0300: 12.023: [GC (Allocation Failure) 2018-01-08T10:12:03.157+0300: 12.023: [ParNew: 76590K->8503K(76800K), 0.0185212 secs] 3470849K->3470753K(3730388K), 0.0186181 secs] [Times: user=0.06 sys=0.00, real=0.01 secs] 
2018-01-08T10:12:03.188+0300: 12.054: [GC (Allocation Failure) 2018-01-08T10:12:03.188+0300: 12.054: [ParNew: 76551K->8509K(76800K), 0.0162577 secs] 3538801K->3538696K(3730388K), 0.0163556 secs] [Times: user=0.06 sys=0.00, real=0.02 secs] 
2018-01-08T10:12:03.207+0300: 12.073: [CMS-concurrent-mark: 0.029/0.064 secs] [Times: user=0.19 sys=0.00, real=0.06 secs] 
2018-01-08T10:12:03.207+0300: 12.073: [CMS-concurrent-preclean-start]
2018-01-08T10:12:03.214+0300: 12.079: [CMS-concurrent-preclean: 0.006/0.006 secs] [Times: user=0.01 sys=0.00, real=0.01 secs] 
2018-01-08T10:12:03.214+0300: 12.079: [CMS-concurrent-abortable-preclean-start]
2018-01-08T10:12:03.217+0300: 12.083: [GC (Allocation Failure) 2018-01-08T10:12:03.217+0300: 12.083: [ParNew: 76183K->8503K(76800K), 0.0181185 secs] 3606370K->3606274K(3730388K), 0.0182149 secs] [Times: user=0.07 sys=0.00, real=0.01 secs] 
2018-01-08T10:12:03.247+0300: 12.113: [GC (Allocation Failure) 2018-01-08T10:12:03.247+0300: 12.113: [ParNew: 76777K->8511K(76800K), 0.0156004 secs] 3674548K->3674479K(3743584K), 0.0156895 secs] [Times: user=0.05 sys=0.01, real=0.02 secs] 
2018-01-08T10:12:03.276+0300: 12.141: [GC (Allocation Failure) 2018-01-08T10:12:03.276+0300: 12.141: [ParNew: 76745K->8499K(76800K), 0.0147941 secs] 3742713K->3742644K(3811740K), 0.0148764 secs] [Times: user=0.04 sys=0.02, real=0.02 secs] 
2018-01-08T10:12:03.291+0300: 12.156: [CMS-concurrent-abortable-preclean: 0.040/0.077 secs] [Times: user=0.20 sys=0.03, real=0.08 secs] 
2018-01-08T10:12:03.291+0300: 12.156: [GC (CMS Final Remark) [YG occupancy: 8656 K (76800 K)]2018-01-08T10:12:03.291+0300: 12.156: [Rescan (parallel) , 0.0017328 secs]2018-01-08T10:12:03.292+0300: 12.158: [weak refs processing, 0.0000246 secs]2018-01-08T10:12:03.292+0300: 12.158: [class unloading, 0.0004315 secs]2018-01-08T10:12:03.293+0300: 12.158: [scrub symbol table, 0.0003136 secs]2018-01-08T10:12:03.293+0300: 12.159: [scrub string table, 0.0002083 secs][1 CMS-remark: 3734144K(3734940K)] 3742801K(3811740K), 0.0027970 secs] [Times: user=0.01 sys=0.00, real=0.00 secs] 
2018-01-08T10:12:03.294+0300: 12.159: [CMS-concurrent-sweep-start]
2018-01-08T10:12:03.297+0300: 12.163: [CMS-concurrent-sweep: 0.004/0.004 secs] [Times: user=0.00 sys=0.00, real=0.01 secs] 
2018-01-08T10:12:03.297+0300: 12.163: [CMS-concurrent-reset-start]
2018-01-08T10:12:03.308+0300: 12.174: [CMS-concurrent-reset: 0.011/0.011 secs] [Times: user=0.02 sys=0.00, real=0.00 secs] 
2018-01-08T10:12:03.309+0300: 12.174: [GC (Allocation Failure) 2018-01-08T10:12:03.309+0300: 12.174: [ParNew: 76572K->8509K(76800K), 0.0170286 secs] 1762595K->1762364K(3811740K), 0.0171011 secs] [Times: user=0.05 sys=0.00, real=0.02 secs] 
2018-01-08T10:12:03.338+0300: 12.203: [GC (Allocation Failure) 2018-01-08T10:12:03.338+0300: 12.203: [ParNew: 76687K->8505K(76800K), 0.0161574 secs] 1830541K->1830407K(3811740K), 0.0162551 secs] [Times: user=0.06 sys=0.00, real=0.01 secs] 
2018-01-08T10:12:03.365+0300: 12.231: [GC (Allocation Failure) 2018-01-08T10:12:03.365+0300: 12.231: [ParNew: 76557K->8511K(76800K), 0.0164597 secs] 1898459K->1898381K(3811740K), 0.0165458 secs] [Times: user=0.06 sys=0.00, real=0.02 secs] 
2018-01-08T10:12:03.394+0300: 12.259: [GC (Allocation Failure) 2018-01-08T10:12:03.394+0300: 12.260: [ParNew: 76238K->8506K(76800K), 0.0158954 secs] 1966108K->1966080K(3811740K), 0.0159936 secs] [Times: user=0.06 sys=0.00, real=0.02 secs] 
2018-01-08T10:12:03.517+0300: 12.383: [GC (Allocation Failure) 2018-01-08T10:12:03.517+0300: 12.383: [ParNew: 76794K->8510K(76800K), 0.0215106 secs] 2034368K->2008965K(3811740K), 0.0216067 secs] [Times: user=0.07 sys=0.00, real=0.02 secs] 
2018-01-08T10:12:03.727+0300: 12.593: [GC (Allocation Failure) 2018-01-08T10:12:03.727+0300: 12.593: [ParNew: 76798K->8512K(76800K), 0.0177293 secs] 2077253K->2031416K(3811740K), 0.0178241 secs] [Times: user=0.05 sys=0.01, real=0.02 secs] 
2018-01-08T10:12:03.908+0300: 12.773: [GC (Allocation Failure) 2018-01-08T10:12:03.908+0300: 12.773: [ParNew: 76800K->8511K(76800K), 0.0256916 secs] 2099704K->2059847K(3811740K), 0.0257946 secs] [Times: user=0.07 sys=0.00, real=0.03 secs] 
2018-01-08T10:12:03.946+0300: 12.811: [GC (Allocation Failure) 2018-01-08T10:12:03.946+0300: 12.811: [ParNew: 76741K->8506K(76800K), 0.0215693 secs] 2128077K->2128012K(3811740K), 0.0216678 secs] [Times: user=0.06 sys=0.00, real=0.02 secs] 
2018-01-08T10:12:03.980+0300: 12.845: [GC (Allocation Failure) 2018-01-08T10:12:03.980+0300: 12.845: [ParNew: 76285K->8507K(76800K), 0.0195617 secs] 2195791K->2195711K(3811740K), 0.0196622 secs] [Times: user=0.07 sys=0.00, real=0.02 secs] 
2018-01-08T10:12:04.011+0300: 12.877: [GC (Allocation Failure) 2018-01-08T10:12:04.011+0300: 12.877: [ParNew: 76635K->8508K(76800K), 0.0190083 secs] 2263838K->2263578K(3811740K), 0.0191143 secs] [Times: user=0.06 sys=0.00, real=0.02 secs] 
2018-01-08T10:12:04.043+0300: 12.909: [GC (Allocation Failure) 2018-01-08T10:12:04.043+0300: 12.909: [ParNew: 76522K->8506K(76800K), 0.0206409 secs] 2331591K->2331467K(3811740K), 0.0207445 secs] [Times: user=0.07 sys=0.00, real=0.02 secs] 
2018-01-08T10:12:04.077+0300: 12.943: [GC (Allocation Failure) 2018-01-08T10:12:04.078+0300: 12.943: [ParNew: 76794K->8506K(76800K), 0.0204431 secs] 2399755K->2399534K(3811740K), 0.0205608 secs] [Times: user=0.07 sys=0.00, real=0.02 secs] 
2018-01-08T10:12:04.114+0300: 12.980: [GC (Allocation Failure) 2018-01-08T10:12:04.114+0300: 12.980: [ParNew: 76545K->8500K(76800K), 0.0190757 secs] 2467574K->2467517K(3811740K), 0.0191762 secs] [Times: user=0.07 sys=0.00, real=0.02 secs] 
2018-01-08T10:12:04.148+0300: 13.013: [GC (Allocation Failure) 2018-01-08T10:12:04.148+0300: 13.013: [ParNew: 76719K->8505K(76800K), 0.0187907 secs] 2535736K->2535531K(3811740K), 0.0188854 secs] [Times: user=0.07 sys=0.00, real=0.02 secs] 
2018-01-08T10:12:04.182+0300: 13.048: [GC (Allocation Failure) 2018-01-08T10:12:04.182+0300: 13.048: [ParNew: 76793K->8500K(76800K), 0.0275318 secs] 2603819K->2603224K(3811740K), 0.0276196 secs] [Times: user=0.06 sys=0.00, real=0.03 secs] 
2018-01-08T10:12:04.223+0300: 13.088: [GC (Allocation Failure) 2018-01-08T10:12:04.223+0300: 13.088: [ParNew: 76709K->8509K(76800K), 0.0199333 secs] 2671432K->2671382K(3811740K), 0.0200310 secs] [Times: user=0.07 sys=0.00, real=0.02 secs] 
2018-01-08T10:12:04.254+0300: 13.120: [GC (Allocation Failure) 2018-01-08T10:12:04.254+0300: 13.120: [ParNew: 76544K->8511K(76800K), 0.0202733 secs] 2739418K->2739276K(3811740K), 0.0203627 secs] [Times: user=0.07 sys=0.00, real=0.02 secs] 
2018-01-08T10:12:04.287+0300: 13.153: [GC (Allocation Failure) 2018-01-08T10:12:04.287+0300: 13.153: [ParNew: 76408K->8509K(76800K), 0.0147416 secs] 2807173K->2807134K(3811740K), 0.0148232 secs] [Times: user=0.06 sys=0.00, real=0.02 secs] 
2018-01-08T10:12:04.314+0300: 13.180: [GC (Allocation Failure) 2018-01-08T10:12:04.314+0300: 13.180: [ParNew: 76226K->8503K(76800K), 0.0171899 secs] 2874852K->2874686K(3811740K), 0.0172756 secs] [Times: user=0.06 sys=0.00, real=0.02 secs] 
2018-01-08T10:12:04.343+0300: 13.208: [GC (Allocation Failure) 2018-01-08T10:12:04.343+0300: 13.208: [ParNew: 76612K->8509K(76800K), 0.0162304 secs] 2942795K->2942608K(3811740K), 0.0163088 secs] [Times: user=0.06 sys=0.00, real=0.02 secs] 
2018-01-08T10:12:04.371+0300: 13.236: [GC (Allocation Failure) 2018-01-08T10:12:04.371+0300: 13.236: [ParNew: 76623K->8510K(76800K), 0.0174458 secs] 3010722K->3010586K(3811740K), 0.0175186 secs] [Times: user=0.06 sys=0.00, real=0.01 secs] 
2018-01-08T10:12:04.410+0300: 13.276: [GC (Allocation Failure) 2018-01-08T10:12:04.411+0300: 13.276: [ParNew: 76380K->8511K(76800K), 0.0236846 secs] 3078456K->3078331K(3811740K), 0.0237669 secs] [Times: user=0.07 sys=0.00, real=0.02 secs] 
2018-01-08T10:12:04.447+0300: 13.313: [GC (Allocation Failure) 2018-01-08T10:12:04.447+0300: 13.313: [ParNew: 76631K->8511K(76800K), 0.0178762 secs] 3146451K->3146386K(3811740K), 0.0179684 secs] [Times: user=0.05 sys=0.00, real=0.02 secs] 
2018-01-08T10:12:04.477+0300: 13.343: [GC (Allocation Failure) 2018-01-08T10:12:04.477+0300: 13.343: [ParNew: 76551K->8505K(76800K), 0.0196857 secs] 3214426K->3214339K(3811740K), 0.0197772 secs] [Times: user=0.06 sys=0.00, real=0.02 secs] 
2018-01-08T10:12:04.509+0300: 13.374: [GC (Allocation Failure) 2018-01-08T10:12:04.509+0300: 13.375: [ParNew: 76412K->8507K(76800K), 0.0193439 secs] 3282246K->3282055K(3811740K), 0.0194395 secs] [Times: user=0.06 sys=0.00, real=0.01 secs] 
2018-01-08T10:12:04.541+0300: 13.406: [GC (Allocation Failure) 2018-01-08T10:12:04.541+0300: 13.406: [ParNew: 76375K->8506K(76800K), 0.0249756 secs] 3349923K->3349823K(3811740K), 0.0250633 secs] [Times: user=0.08 sys=0.00, real=0.02 secs] 
2018-01-08T10:12:04.580+0300: 13.446: [GC (Allocation Failure) 2018-01-08T10:12:04.580+0300: 13.446: [ParNew: 76269K->8511K(76800K), 0.0196242 secs] 3417586K->3417481K(3811740K), 0.0197123 secs] [Times: user=0.08 sys=0.00, real=0.02 secs] 
2018-01-08T10:12:04.612+0300: 13.477: [GC (Allocation Failure) 2018-01-08T10:12:04.612+0300: 13.477: [ParNew: 76779K->8508K(76800K), 0.0207322 secs] 3485750K->3485688K(3811740K), 0.0208114 secs] [Times: user=0.07 sys=0.00, real=0.02 secs] 
2018-01-08T10:12:04.633+0300: 13.498: [GC (CMS Initial Mark) [1 CMS-initial-mark: 3477179K(3734940K)] 3486343K(3811740K), 0.0001829 secs] [Times: user=0.00 sys=0.00, real=0.00 secs] 
2018-01-08T10:12:04.633+0300: 13.499: [CMS-concurrent-mark-start]
2018-01-08T10:12:04.646+0300: 13.511: [GC (Allocation Failure) 2018-01-08T10:12:04.646+0300: 13.511: [ParNew: 76589K->8506K(76800K), 0.0162122 secs] 3553769K->3553669K(3811740K), 0.0162942 secs] [Times: user=0.06 sys=0.00, real=0.02 secs] 
2018-01-08T10:12:04.674+0300: 13.539: [GC (Allocation Failure) 2018-01-08T10:12:04.674+0300: 13.539: [ParNew: 76584K->8503K(76800K), 0.0172432 secs] 3621747K->3621623K(3811740K), 0.0173286 secs] [Times: user=0.06 sys=0.00, real=0.02 secs] 
2018-01-08T10:12:04.693+0300: 13.558: [CMS-concurrent-mark: 0.026/0.060 secs] [Times: user=0.17 sys=0.00, real=0.06 secs] 
2018-01-08T10:12:04.693+0300: 13.558: [CMS-concurrent-preclean-start]
2018-01-08T10:12:04.700+0300: 13.565: [CMS-concurrent-preclean: 0.007/0.007 secs] [Times: user=0.01 sys=0.00, real=0.01 secs] 
2018-01-08T10:12:04.700+0300: 13.566: [CMS-concurrent-abortable-preclean-start]
2018-01-08T10:12:04.705+0300: 13.570: [GC (Allocation Failure) 2018-01-08T10:12:04.705+0300: 13.570: [ParNew: 76449K->8489K(76800K), 0.0180279 secs] 3689569K->3689489K(3811740K), 0.0181405 secs] [Times: user=0.07 sys=0.00, real=0.02 secs] 
2018-01-08T10:12:04.735+0300: 13.600: [GC (Allocation Failure) 2018-01-08T10:12:04.735+0300: 13.600: [ParNew: 76775K->76775K(76800K), 0.0000195 secs]2018-01-08T10:12:04.735+0300: 13.600: [CMS2018-01-08T10:12:04.735+0300: 13.600: [CMS-concurrent-abortable-preclean: 0.006/0.035 secs] [Times: user=0.09 sys=0.00, real=0.03 secs] 
 (concurrent mode failure): 3680999K->1707231K(3734940K), 0.4251766 secs] 3757775K->1707231K(3811740K), [Metaspace: 3903K->3903K(1056768K)], 0.4265143 secs] [Times: user=0.42 sys=0.00, real=0.43 secs] 
2018-01-08T10:12:05.202+0300: 14.068: [GC (Allocation Failure) 2018-01-08T10:12:05.203+0300: 14.068: [ParNew: 272455K->34047K(306688K), 0.0574030 secs] 1979686K->1978410K(4043520K), 0.0574945 secs] [Times: user=0.15 sys=0.01, real=0.06 secs] 
Heap
 par new generation   total 306688K, used 233700K [0x00000006c7200000, 0x00000006dbec0000, 0x00000006dbec0000)
  eden space 272640K,  73% used [0x00000006c7200000, 0x00000006d34f9440, 0x00000006d7c40000)
  from space 34048K,  99% used [0x00000006d9d80000, 0x00000006dbebfe40, 0x00000006dbec0000)
  to   space 34048K,   0% used [0x00000006d7c40000, 0x00000006d7c40000, 0x00000006d9d80000)
 concurrent mark-sweep generation total 3736832K, used 1944362K [0x00000006dbec0000, 0x00000007c0000000, 0x00000007c0000000)
 Metaspace       used 3910K, capacity 4720K, committed 4864K, reserved 1056768K
  class space    used 442K, capacity 507K, committed 512K, reserved 1048576K
