Java HotSpot(TM) 64-Bit Server VM (25.60-b23) for linux-amd64 JRE (1.8.0_60-b27), built on Aug  4 2015 12:19:40 by "java_re" with gcc 4.3.0 20080428 (Red Hat 4.3.0-8)
Memory: 4k page, physical 16303120k(4461252k free), swap 3998716k(3998716k free)
CommandLine flags: -XX:ConcGCThreads=4 -XX:InitialHeapSize=260849920 -XX:MaxHeapSize=4173598720 -XX:MaxNewSize=348966912 -XX:MaxTenuringThreshold=6 -XX:OldPLABSize=16 -XX:+PrintGC -XX:+PrintGCDateStamps -XX:+PrintGCDetails -XX:+PrintGCTimeStamps -XX:+UseCompressedClassPointers -XX:+UseCompressedOops -XX:+UseConcMarkSweepGC -XX:+UseParNewGC 
2018-01-08T10:09:15.806+0300: 0.135: [GC (Allocation Failure) 2018-01-08T10:09:15.806+0300: 0.135: [ParNew: 67844K->8511K(76800K), 0.0118937 secs] 67844K->63700K(247488K), 0.0120169 secs] [Times: user=0.02 sys=0.00, real=0.02 secs] 
2018-01-08T10:09:15.831+0300: 0.160: [GC (Allocation Failure) 2018-01-08T10:09:15.831+0300: 0.160: [ParNew: 76454K->8511K(76800K), 0.0150990 secs] 131643K->131617K(247488K), 0.0151938 secs] [Times: user=0.02 sys=0.01, real=0.01 secs] 
2018-01-08T10:09:15.850+0300: 0.179: [GC (CMS Initial Mark) [1 CMS-initial-mark: 123106K(170688K)] 147797K(247488K), 0.0009734 secs] [Times: user=0.00 sys=0.00, real=0.00 secs] 
2018-01-08T10:09:15.852+0300: 0.180: [CMS-concurrent-mark-start]
2018-01-08T10:09:15.854+0300: 0.182: [CMS-concurrent-mark: 0.002/0.002 secs] [Times: user=0.00 sys=0.00, real=0.00 secs] 
2018-01-08T10:09:15.854+0300: 0.183: [CMS-concurrent-preclean-start]
2018-01-08T10:09:15.854+0300: 0.183: [CMS-concurrent-preclean: 0.001/0.001 secs] [Times: user=0.00 sys=0.00, real=0.00 secs] 
2018-01-08T10:09:15.854+0300: 0.183: [CMS-concurrent-abortable-preclean-start]
2018-01-08T10:09:15.862+0300: 0.190: [GC (Allocation Failure) 2018-01-08T10:09:15.862+0300: 0.190: [ParNew: 76530K->8512K(76800K), 0.0135834 secs] 199637K->199545K(268376K), 0.0136693 secs] [Times: user=0.02 sys=0.01, real=0.01 secs] 
2018-01-08T10:09:15.892+0300: 0.220: [GC (Allocation Failure) 2018-01-08T10:09:15.892+0300: 0.220: [ParNew: 76784K->8494K(76800K), 0.0252629 secs] 267818K->267623K(336612K), 0.0253635 secs] [Times: user=0.03 sys=0.01, real=0.03 secs] 
2018-01-08T10:09:15.929+0300: 0.258: [GC (Allocation Failure) 2018-01-08T10:09:15.929+0300: 0.258: [ParNew: 76076K->8509K(76800K), 0.0129422 secs] 335205K->335086K(404072K), 0.0130319 secs] [Times: user=0.03 sys=0.01, real=0.01 secs] 
2018-01-08T10:09:15.955+0300: 0.284: [GC (Allocation Failure) 2018-01-08T10:09:15.955+0300: 0.284: [ParNew: 76786K->8511K(76800K), 0.0225805 secs] 403363K->403231K(472184K), 0.0226673 secs] [Times: user=0.02 sys=0.02, real=0.03 secs] 
2018-01-08T10:09:15.992+0300: 0.321: [GC (Allocation Failure) 2018-01-08T10:09:15.992+0300: 0.321: [ParNew: 76405K->8510K(76800K), 0.0205861 secs] 471125K->471064K(540000K), 0.0206645 secs] [Times: user=0.02 sys=0.01, real=0.02 secs] 
2018-01-08T10:09:16.025+0300: 0.354: [GC (Allocation Failure) 2018-01-08T10:09:16.025+0300: 0.354: [ParNew: 76705K->8511K(76800K), 0.0140599 secs] 539258K->539186K(607992K), 0.0141521 secs] [Times: user=0.01 sys=0.02, real=0.02 secs] 
2018-01-08T10:09:16.052+0300: 0.381: [GC (Allocation Failure) 2018-01-08T10:09:16.052+0300: 0.381: [ParNew: 76760K->8505K(76800K), 0.0151725 secs] 607435K->607372K(676172K), 0.0152665 secs] [Times: user=0.02 sys=0.02, real=0.01 secs] 
2018-01-08T10:09:16.079+0300: 0.408: [GC (Allocation Failure) 2018-01-08T10:09:16.079+0300: 0.408: [ParNew: 76405K->8510K(76800K), 0.0139631 secs] 675272K->675096K(743988K), 0.0140560 secs] [Times: user=0.02 sys=0.02, real=0.01 secs] 
2018-01-08T10:09:16.111+0300: 0.440: [GC (Allocation Failure) 2018-01-08T10:09:16.111+0300: 0.440: [ParNew: 76426K->8510K(76800K), 0.0151450 secs] 743012K->742765K(811628K), 0.0152276 secs] [Times: user=0.02 sys=0.02, real=0.01 secs] 
2018-01-08T10:09:16.139+0300: 0.467: [GC (Allocation Failure) 2018-01-08T10:09:16.139+0300: 0.467: [ParNew: 76467K->8495K(76800K), 0.0166994 secs] 810722K->810670K(879536K), 0.0168112 secs] [Times: user=0.02 sys=0.02, real=0.01 secs] 
2018-01-08T10:09:16.168+0300: 0.497: [GC (Allocation Failure) 2018-01-08T10:09:16.168+0300: 0.497: [ParNew: 76592K->8509K(76800K), 0.0219471 secs] 878767K->878627K(947488K), 0.0221459 secs] [Times: user=0.02 sys=0.02, real=0.03 secs] 
2018-01-08T10:09:16.203+0300: 0.532: [GC (Allocation Failure) 2018-01-08T10:09:16.203+0300: 0.532: [ParNew: 76604K->8511K(76800K), 0.0151020 secs] 946722K->946658K(1015540K), 0.0151993 secs] [Times: user=0.02 sys=0.01, real=0.02 secs] 
2018-01-08T10:09:16.231+0300: 0.560: [GC (Allocation Failure) 2018-01-08T10:09:16.231+0300: 0.560: [ParNew: 76755K->8504K(76800K), 0.0152668 secs] 1014902K->1014859K(1083748K), 0.0153693 secs] [Times: user=0.01 sys=0.03, real=0.01 secs] 
2018-01-08T10:09:16.259+0300: 0.588: [GC (Allocation Failure) 2018-01-08T10:09:16.259+0300: 0.588: [ParNew: 76165K->8510K(76800K), 0.0137499 secs] 1082520K->1082185K(1151084K), 0.0138906 secs] [Times: user=0.02 sys=0.02, real=0.01 secs] 
2018-01-08T10:09:16.287+0300: 0.616: [GC (Allocation Failure) 2018-01-08T10:09:16.287+0300: 0.616: [ParNew: 76395K->8511K(76800K), 0.0131025 secs] 1150070K->1149959K(1218752K), 0.0131911 secs] [Times: user=0.04 sys=0.01, real=0.02 secs] 
2018-01-08T10:09:16.314+0300: 0.643: [GC (Allocation Failure) 2018-01-08T10:09:16.314+0300: 0.643: [ParNew: 76453K->8503K(76800K), 0.0124457 secs] 1217900K->1217779K(1286564K), 0.0125277 secs] [Times: user=0.02 sys=0.02, real=0.01 secs] 
2018-01-08T10:09:16.340+0300: 0.669: [GC (Allocation Failure) 2018-01-08T10:09:16.340+0300: 0.669: [ParNew: 76710K->8511K(76800K), 0.0161514 secs] 1285986K->1285804K(1354756K), 0.0162306 secs] [Times: user=0.02 sys=0.02, real=0.01 secs] 
2018-01-08T10:09:16.369+0300: 0.697: [GC (Allocation Failure) 2018-01-08T10:09:16.369+0300: 0.697: [ParNew: 76739K->8511K(76800K), 0.0124856 secs] 1354032K->1353942K(1422856K), 0.0125657 secs] [Times: user=0.03 sys=0.01, real=0.02 secs] 
2018-01-08T10:09:16.395+0300: 0.724: [GC (Allocation Failure) 2018-01-08T10:09:16.395+0300: 0.724: [ParNew: 76526K->8511K(76800K), 0.0128645 secs] 1421957K->1421742K(1490560K), 0.0129548 secs] [Times: user=0.03 sys=0.02, real=0.01 secs] 
2018-01-08T10:09:16.420+0300: 0.749: [GC (Allocation Failure) 2018-01-08T10:09:16.420+0300: 0.749: [ParNew: 76499K->8510K(76800K), 0.0125044 secs] 1489731K->1489685K(1558440K), 0.0125872 secs] [Times: user=0.03 sys=0.01, real=0.01 secs] 
2018-01-08T10:09:16.445+0300: 0.774: [GC (Allocation Failure) 2018-01-08T10:09:16.445+0300: 0.774: [ParNew: 76608K->8505K(76800K), 0.0128677 secs] 1557783K->1557628K(1626436K), 0.0129558 secs] [Times: user=0.03 sys=0.01, real=0.02 secs] 
2018-01-08T10:09:16.470+0300: 0.799: [GC (Allocation Failure) 2018-01-08T10:09:16.470+0300: 0.799: [ParNew: 76691K->8503K(76800K), 0.0126139 secs] 1625814K->1625687K(1694612K), 0.0127020 secs] [Times: user=0.02 sys=0.03, real=0.01 secs] 
2018-01-08T10:09:16.496+0300: 0.825: [GC (Allocation Failure) 2018-01-08T10:09:16.496+0300: 0.825: [ParNew: 76503K->8510K(76800K), 0.0129654 secs] 1693687K->1693511K(1762288K), 0.0130508 secs] [Times: user=0.01 sys=0.03, real=0.02 secs] 
2018-01-08T10:09:16.522+0300: 0.850: [GC (Allocation Failure) 2018-01-08T10:09:16.522+0300: 0.850: [ParNew: 76798K->8505K(76800K), 0.0128873 secs] 1761799K->1761261K(1830044K), 0.0129783 secs] [Times: user=0.04 sys=0.02, real=0.01 secs] 
2018-01-08T10:09:16.547+0300: 0.876: [GC (Allocation Failure) 2018-01-08T10:09:16.547+0300: 0.876: [ParNew: 76666K->8491K(76800K), 0.0165286 secs] 1829422K->1829350K(1898120K), 0.0166274 secs] [Times: user=0.04 sys=0.00, real=0.02 secs] 
2018-01-08T10:09:16.564+0300: 0.893: [CMS-concurrent-abortable-preclean: 0.097/0.709 secs] [Times: user=0.96 sys=0.43, real=0.71 secs] 
2018-01-08T10:09:16.564+0300: 0.893: [GC (CMS Final Remark) [YG occupancy: 10291 K (76800 K)]2018-01-08T10:09:16.564+0300: 0.893: [Rescan (parallel) , 0.0010364 secs]2018-01-08T10:09:16.565+0300: 0.894: [weak refs processing, 0.0000190 secs]2018-01-08T10:09:16.565+0300: 0.894: [class unloading, 0.0003657 secs]2018-01-08T10:09:16.566+0300: 0.894: [scrub symbol table, 0.0003317 secs]2018-01-08T10:09:16.566+0300: 0.895: [scrub string table, 0.0002479 secs][1 CMS-remark: 1820859K(1821320K)] 1831150K(1898120K), 0.0021100 secs] [Times: user=0.01 sys=0.00, real=0.00 secs] 
2018-01-08T10:09:16.566+0300: 0.895: [CMS-concurrent-sweep-start]
2018-01-08T10:09:16.567+0300: 0.895: [CMS-concurrent-sweep: 0.000/0.000 secs] [Times: user=0.00 sys=0.00, real=0.00 secs] 
2018-01-08T10:09:16.568+0300: 0.896: [CMS-concurrent-reset-start]
2018-01-08T10:09:16.578+0300: 0.907: [CMS-concurrent-reset: 0.011/0.011 secs] [Times: user=0.02 sys=0.00, real=0.02 secs] 
2018-01-08T10:09:16.581+0300: 0.910: [GC (Allocation Failure) 2018-01-08T10:09:16.581+0300: 0.910: [ParNew: 76552K->8502K(76800K), 0.0162902 secs] 1897402K->1897249K(3111552K), 0.0163867 secs] [Times: user=0.05 sys=0.00, real=0.02 secs] 
2018-01-08T10:09:16.598+0300: 0.927: [GC (CMS Initial Mark) [1 CMS-initial-mark: 1888747K(3034752K)] 1897965K(3111552K), 0.0001626 secs] [Times: user=0.00 sys=0.00, real=0.00 secs] 
2018-01-08T10:09:16.598+0300: 0.927: [CMS-concurrent-mark-start]
2018-01-08T10:09:16.611+0300: 0.940: [GC (Allocation Failure) 2018-01-08T10:09:16.611+0300: 0.940: [ParNew: 76560K->8511K(76800K), 0.0166013 secs] 1965307K->1965215K(3111552K), 0.0166919 secs] [Times: user=0.04 sys=0.00, real=0.01 secs] 
2018-01-08T10:09:16.628+0300: 0.956: [CMS-concurrent-mark: 0.013/0.029 secs] [Times: user=0.07 sys=0.00, real=0.02 secs] 
2018-01-08T10:09:16.628+0300: 0.956: [CMS-concurrent-preclean-start]
2018-01-08T10:09:16.633+0300: 0.961: [CMS-concurrent-preclean: 0.005/0.005 secs] [Times: user=0.00 sys=0.00, real=0.01 secs] 
2018-01-08T10:09:16.633+0300: 0.962: [GC (CMS Final Remark) [YG occupancy: 9222 K (76800 K)]2018-01-08T10:09:16.633+0300: 0.962: [Rescan (parallel) , 0.0018529 secs]2018-01-08T10:09:16.635+0300: 0.963: [weak refs processing, 0.0000259 secs]2018-01-08T10:09:16.635+0300: 0.963: [class unloading, 0.0003520 secs]2018-01-08T10:09:16.635+0300: 0.964: [scrub symbol table, 0.0003331 secs]2018-01-08T10:09:16.635+0300: 0.964: [scrub string table, 0.0002077 secs][1 CMS-remark: 1956703K(3034752K)] 1965926K(3111552K), 0.0029012 secs] [Times: user=0.01 sys=0.00, real=0.00 secs] 
2018-01-08T10:09:16.636+0300: 0.964: [CMS-concurrent-sweep-start]
2018-01-08T10:09:16.637+0300: 0.966: [CMS-concurrent-sweep: 0.001/0.001 secs] [Times: user=0.00 sys=0.00, real=0.01 secs] 
2018-01-08T10:09:16.638+0300: 0.966: [CMS-concurrent-reset-start]
2018-01-08T10:09:16.649+0300: 0.977: [CMS-concurrent-reset: 0.011/0.011 secs] [Times: user=0.02 sys=0.00, real=0.00 secs] 
2018-01-08T10:09:16.696+0300: 1.025: [GC (Allocation Failure) 2018-01-08T10:09:16.696+0300: 1.025: [ParNew: 76799K->8510K(76800K), 0.0173426 secs] 2033460K->2025200K(3337904K), 0.0174298 secs] [Times: user=0.04 sys=0.00, real=0.02 secs] 
2018-01-08T10:09:16.889+0300: 1.217: [GC (Allocation Failure) 2018-01-08T10:09:16.889+0300: 1.217: [ParNew: 76798K->8511K(76800K), 0.0242645 secs] 2093488K->2047612K(3337904K), 0.0243726 secs] [Times: user=0.06 sys=0.01, real=0.03 secs] 
2018-01-08T10:09:17.087+0300: 1.415: [GC (Allocation Failure) 2018-01-08T10:09:17.087+0300: 1.415: [ParNew: 76799K->8510K(76800K), 0.0267096 secs] 2115900K->2070051K(3337904K), 0.0268077 secs] [Times: user=0.08 sys=0.00, real=0.03 secs] 
2018-01-08T10:09:17.165+0300: 1.494: [GC (Allocation Failure) 2018-01-08T10:09:17.165+0300: 1.494: [ParNew: 76524K->8511K(76800K), 0.0171178 secs] 2138065K->2126559K(3337904K), 0.0172148 secs] [Times: user=0.05 sys=0.01, real=0.02 secs] 
2018-01-08T10:09:17.200+0300: 1.528: [GC (Allocation Failure) 2018-01-08T10:09:17.200+0300: 1.528: [ParNew: 76795K->8495K(76800K), 0.0161619 secs] 2194842K->2194576K(3337904K), 0.0162583 secs] [Times: user=0.04 sys=0.01, real=0.01 secs] 
2018-01-08T10:09:17.229+0300: 1.558: [GC (Allocation Failure) 2018-01-08T10:09:17.229+0300: 1.558: [ParNew: 76542K->8510K(76800K), 0.0145836 secs] 2262623K->2262503K(3337904K), 0.0146806 secs] [Times: user=0.05 sys=0.00, real=0.01 secs] 
2018-01-08T10:09:17.256+0300: 1.585: [GC (Allocation Failure) 2018-01-08T10:09:17.256+0300: 1.585: [ParNew: 76737K->8491K(76800K), 0.0166032 secs] 2330730K->2330630K(3337904K), 0.0166936 secs] [Times: user=0.05 sys=0.00, real=0.02 secs] 
2018-01-08T10:09:17.286+0300: 1.614: [GC (Allocation Failure) 2018-01-08T10:09:17.286+0300: 1.614: [ParNew: 76731K->8509K(76800K), 0.0180314 secs] 2398869K->2398787K(3337904K), 0.0181176 secs] [Times: user=0.03 sys=0.00, real=0.02 secs] 
2018-01-08T10:09:17.304+0300: 1.633: [GC (CMS Initial Mark) [1 CMS-initial-mark: 2390278K(3261104K)] 2398889K(3337904K), 0.0001668 secs] [Times: user=0.00 sys=0.00, real=0.00 secs] 
2018-01-08T10:09:17.305+0300: 1.633: [CMS-concurrent-mark-start]
2018-01-08T10:09:17.312+0300: 1.641: [CMS-concurrent-mark: 0.008/0.008 secs] [Times: user=0.02 sys=0.00, real=0.01 secs] 
2018-01-08T10:09:17.312+0300: 1.641: [CMS-concurrent-preclean-start]
2018-01-08T10:09:17.318+0300: 1.646: [CMS-concurrent-preclean: 0.005/0.005 secs] [Times: user=0.01 sys=0.00, real=0.01 secs] 
2018-01-08T10:09:17.318+0300: 1.646: [CMS-concurrent-abortable-preclean-start]
2018-01-08T10:09:17.324+0300: 1.652: [GC (Allocation Failure) 2018-01-08T10:09:17.324+0300: 1.652: [ParNew: 76186K->8510K(76800K), 0.0176642 secs] 2466465K->2466358K(3337904K), 0.0177542 secs] [Times: user=0.04 sys=0.00, real=0.02 secs] 
2018-01-08T10:09:17.354+0300: 1.682: [GC (Allocation Failure) 2018-01-08T10:09:17.354+0300: 1.682: [ParNew: 76639K->8507K(76800K), 0.0150493 secs] 2534488K->2534416K(3337904K), 0.0151426 secs] [Times: user=0.04 sys=0.01, real=0.01 secs] 
2018-01-08T10:09:17.381+0300: 1.710: [GC (Allocation Failure) 2018-01-08T10:09:17.381+0300: 1.710: [ParNew: 76312K->8510K(76800K), 0.0129419 secs] 2602221K->2602152K(3337904K), 0.0130407 secs] [Times: user=0.04 sys=0.01, real=0.01 secs] 
2018-01-08T10:09:17.394+0300: 1.723: [CMS-concurrent-abortable-preclean: 0.029/0.076 secs] [Times: user=0.17 sys=0.02, real=0.07 secs] 
2018-01-08T10:09:17.394+0300: 1.723: [GC (CMS Final Remark) [YG occupancy: 9119 K (76800 K)]2018-01-08T10:09:17.394+0300: 1.723: [Rescan (parallel) , 0.0015281 secs]2018-01-08T10:09:17.396+0300: 1.724: [weak refs processing, 0.0000234 secs]2018-01-08T10:09:17.396+0300: 1.724: [class unloading, 0.0003997 secs]2018-01-08T10:09:17.396+0300: 1.725: [scrub symbol table, 0.0003137 secs]2018-01-08T10:09:17.396+0300: 1.725: [scrub string table, 0.0002082 secs][1 CMS-remark: 2593641K(3261104K)] 2602761K(3337904K), 0.0025628 secs] [Times: user=0.00 sys=0.00, real=0.00 secs] 
2018-01-08T10:09:17.397+0300: 1.726: [CMS-concurrent-sweep-start]
2018-01-08T10:09:17.400+0300: 1.729: [CMS-concurrent-sweep: 0.003/0.003 secs] [Times: user=0.00 sys=0.01, real=0.00 secs] 
2018-01-08T10:09:17.400+0300: 1.729: [CMS-concurrent-reset-start]
2018-01-08T10:09:17.412+0300: 1.741: [CMS-concurrent-reset: 0.012/0.012 secs] [Times: user=0.02 sys=0.00, real=0.01 secs] 
2018-01-08T10:09:17.414+0300: 1.743: [GC (Allocation Failure) 2018-01-08T10:09:17.414+0300: 1.743: [ParNew: 76798K->8509K(76800K), 0.0156593 secs] 595331K->594928K(3337904K), 0.0157334 secs] [Times: user=0.06 sys=0.00, real=0.02 secs] 
2018-01-08T10:09:17.441+0300: 1.770: [GC (Allocation Failure) 2018-01-08T10:09:17.441+0300: 1.770: [ParNew: 76042K->8511K(76800K), 0.0149768 secs] 662461K->662379K(3337904K), 0.0150748 secs] [Times: user=0.06 sys=0.00, real=0.01 secs] 
2018-01-08T10:09:17.468+0300: 1.796: [GC (Allocation Failure) 2018-01-08T10:09:17.468+0300: 1.797: [ParNew: 76775K->8511K(76800K), 0.0208138 secs] 730643K->730517K(3337904K), 0.0209138 secs] [Times: user=0.07 sys=0.00, real=0.02 secs] 
2018-01-08T10:09:17.501+0300: 1.829: [GC (Allocation Failure) 2018-01-08T10:09:17.501+0300: 1.829: [ParNew: 76448K->8509K(76800K), 0.0151977 secs] 798454K->798260K(3337904K), 0.0152891 secs] [Times: user=0.05 sys=0.00, real=0.01 secs] 
2018-01-08T10:09:17.527+0300: 1.856: [GC (Allocation Failure) 2018-01-08T10:09:17.528+0300: 1.856: [ParNew: 76618K->8510K(76800K), 0.0152243 secs] 866369K->866232K(3337904K), 0.0153111 secs] [Times: user=0.05 sys=0.00, real=0.02 secs] 
2018-01-08T10:09:17.555+0300: 1.884: [GC (Allocation Failure) 2018-01-08T10:09:17.555+0300: 1.884: [ParNew: 76747K->8510K(76800K), 0.0151954 secs] 934469K->934374K(3337904K), 0.0152853 secs] [Times: user=0.05 sys=0.00, real=0.02 secs] 
2018-01-08T10:09:17.583+0300: 1.911: [GC (Allocation Failure) 2018-01-08T10:09:17.583+0300: 1.911: [ParNew: 76609K->8511K(76800K), 0.0190910 secs] 1002473K->1002329K(3337904K), 0.0191779 secs] [Times: user=0.06 sys=0.00, real=0.02 secs] 
2018-01-08T10:09:17.613+0300: 1.942: [GC (Allocation Failure) 2018-01-08T10:09:17.613+0300: 1.942: [ParNew: 76704K->8506K(76800K), 0.0150684 secs] 1070521K->1069939K(3337904K), 0.0151540 secs] [Times: user=0.06 sys=0.00, real=0.01 secs] 
2018-01-08T10:09:17.640+0300: 1.968: [GC (Allocation Failure) 2018-01-08T10:09:17.640+0300: 1.969: [ParNew: 76193K->8503K(76800K), 0.0148987 secs] 1137626K->1137448K(3337904K), 0.0149834 secs] [Times: user=0.06 sys=0.00, real=0.01 secs] 
2018-01-08T10:09:17.667+0300: 1.995: [GC (Allocation Failure) 2018-01-08T10:09:17.667+0300: 1.995: [ParNew: 76164K->8502K(76800K), 0.0150309 secs] 1205109K->1205009K(3337904K), 0.0151196 secs] [Times: user=0.05 sys=0.00, real=0.02 secs] 
2018-01-08T10:09:17.695+0300: 2.024: [GC (Allocation Failure) 2018-01-08T10:09:17.695+0300: 2.024: [ParNew: 76719K->8509K(76800K), 0.0148714 secs] 1273226K->1273137K(3337904K), 0.0149846 secs] [Times: user=0.06 sys=0.00, real=0.02 secs] 
2018-01-08T10:09:17.722+0300: 2.050: [GC (Allocation Failure) 2018-01-08T10:09:17.722+0300: 2.050: [ParNew: 76620K->8511K(76800K), 0.0149561 secs] 1341248K->1341082K(3337904K), 0.0150581 secs] [Times: user=0.05 sys=0.00, real=0.02 secs] 
2018-01-08T10:09:17.749+0300: 2.077: [GC (Allocation Failure) 2018-01-08T10:09:17.749+0300: 2.077: [ParNew: 76774K->8508K(76800K), 0.0144928 secs] 1409345K->1409231K(3337904K), 0.0145865 secs] [Times: user=0.05 sys=0.00, real=0.02 secs] 
2018-01-08T10:09:17.775+0300: 2.104: [GC (Allocation Failure) 2018-01-08T10:09:17.775+0300: 2.104: [ParNew: 76728K->8501K(76800K), 0.0224715 secs] 1477451K->1477397K(3337904K), 0.0225677 secs] [Times: user=0.08 sys=0.00, real=0.03 secs] 
2018-01-08T10:09:17.809+0300: 2.138: [GC (Allocation Failure) 2018-01-08T10:09:17.809+0300: 2.138: [ParNew: 76323K->8510K(76800K), 0.0143305 secs] 1545219K->1544877K(3337904K), 0.0144240 secs] [Times: user=0.06 sys=0.00, real=0.01 secs] 
2018-01-08T10:09:17.836+0300: 2.165: [GC (Allocation Failure) 2018-01-08T10:09:17.836+0300: 2.165: [ParNew: 76477K->8509K(76800K), 0.0203376 secs] 1612845K->1612796K(3337904K), 0.0204252 secs] [Times: user=0.07 sys=0.00, real=0.02 secs] 
2018-01-08T10:09:17.869+0300: 2.197: [GC (Allocation Failure) 2018-01-08T10:09:17.869+0300: 2.197: [ParNew: 76326K->8508K(76800K), 0.0212675 secs] 1680613K->1680579K(3337904K), 0.0213733 secs] [Times: user=0.07 sys=0.00, real=0.03 secs] 
2018-01-08T10:09:17.902+0300: 2.231: [GC (Allocation Failure) 2018-01-08T10:09:17.902+0300: 2.231: [ParNew: 76475K->8510K(76800K), 0.0154351 secs] 1748545K->1748431K(3337904K), 0.0155198 secs] [Times: user=0.06 sys=0.00, real=0.02 secs] 
2018-01-08T10:09:17.929+0300: 2.258: [GC (Allocation Failure) 2018-01-08T10:09:17.929+0300: 2.258: [ParNew: 76611K->8511K(76800K), 0.0147286 secs] 1816532K->1816453K(3337904K), 0.0148179 secs] [Times: user=0.06 sys=0.00, real=0.01 secs] 
2018-01-08T10:09:17.956+0300: 2.285: [GC (Allocation Failure) 2018-01-08T10:09:17.956+0300: 2.285: [ParNew: 76702K->8510K(76800K), 0.0147394 secs] 1884644K->1884552K(3337904K), 0.0148241 secs] [Times: user=0.06 sys=0.00, real=0.02 secs] 
2018-01-08T10:09:17.983+0300: 2.312: [GC (Allocation Failure) 2018-01-08T10:09:17.983+0300: 2.312: [ParNew: 76798K->8511K(76800K), 0.0203896 secs] 1952840K->1952337K(3337904K), 0.0204790 secs] [Times: user=0.07 sys=0.00, real=0.02 secs] 
2018-01-08T10:09:18.093+0300: 2.421: [GC (Allocation Failure) 2018-01-08T10:09:18.093+0300: 2.421: [ParNew: 76799K->8510K(76800K), 0.0230347 secs] 2020625K->1998091K(3337904K), 0.0231208 secs] [Times: user=0.07 sys=0.00, real=0.02 secs] 
2018-01-08T10:09:18.281+0300: 2.609: [GC (Allocation Failure) 2018-01-08T10:09:18.281+0300: 2.609: [ParNew: 76798K->8510K(76800K), 0.0184015 secs] 2066379K->2020516K(3337904K), 0.0184955 secs] [Times: user=0.06 sys=0.00, real=0.02 secs] 
2018-01-08T10:09:18.455+0300: 2.784: [GC (Allocation Failure) 2018-01-08T10:09:18.455+0300: 2.784: [ParNew: 76798K->8510K(76800K), 0.0284791 secs] 2088804K->2045843K(3337904K), 0.0285568 secs] [Times: user=0.08 sys=0.00, real=0.03 secs] 
2018-01-08T10:09:18.497+0300: 2.825: [GC (Allocation Failure) 2018-01-08T10:09:18.497+0300: 2.825: [ParNew: 76798K->8492K(76800K), 0.0229394 secs] 2114131K->2114092K(3337904K), 0.0230228 secs] [Times: user=0.07 sys=0.00, real=0.03 secs] 
2018-01-08T10:09:18.532+0300: 2.860: [GC (Allocation Failure) 2018-01-08T10:09:18.532+0300: 2.860: [ParNew: 76349K->8507K(76800K), 0.0158538 secs] 2181949K->2181775K(3337904K), 0.0159439 secs] [Times: user=0.06 sys=0.00, real=0.01 secs] 
2018-01-08T10:09:18.560+0300: 2.888: [GC (Allocation Failure) 2018-01-08T10:09:18.560+0300: 2.888: [ParNew: 76248K->8504K(76800K), 0.0156468 secs] 2249515K->2249478K(3337904K), 0.0157260 secs] [Times: user=0.06 sys=0.00, real=0.01 secs] 
2018-01-08T10:09:18.590+0300: 2.919: [GC (Allocation Failure) 2018-01-08T10:09:18.591+0300: 2.919: [ParNew: 76786K->8507K(76800K), 0.0165968 secs] 2317760K->2317672K(3337904K), 0.0167039 secs] [Times: user=0.06 sys=0.00, real=0.01 secs] 
2018-01-08T10:09:18.619+0300: 2.948: [GC (Allocation Failure) 2018-01-08T10:09:18.620+0300: 2.948: [ParNew: 76354K->8508K(76800K), 0.0156072 secs] 2385519K->2385455K(3337904K), 0.0157030 secs] [Times: user=0.06 sys=0.00, real=0.01 secs] 
2018-01-08T10:09:18.647+0300: 2.976: [GC (Allocation Failure) 2018-01-08T10:09:18.648+0300: 2.976: [ParNew: 76317K->8508K(76800K), 0.0154543 secs] 2453264K->2453131K(3337904K), 0.0155551 secs] [Times: user=0.06 sys=0.00, real=0.02 secs] 
2018-01-08T10:09:18.675+0300: 3.004: [GC (Allocation Failure) 2018-01-08T10:09:18.675+0300: 3.004: [ParNew: 76621K->8505K(76800K), 0.0208287 secs] 2521244K->2521177K(3337904K), 0.0209242 secs] [Times: user=0.07 sys=0.00, real=0.02 secs] 
2018-01-08T10:09:18.696+0300: 3.025: [GC (CMS Initial Mark) [1 CMS-initial-mark: 2512672K(3261104K)] 2521801K(3337904K), 0.0002220 secs] [Times: user=0.00 sys=0.00, real=0.00 secs] 
2018-01-08T10:09:18.697+0300: 3.025: [CMS-concurrent-mark-start]
2018-01-08T10:09:18.705+0300: 3.034: [CMS-concurrent-mark: 0.008/0.008 secs] [Times: user=0.02 sys=0.00, real=0.01 secs] 
2018-01-08T10:09:18.705+0300: 3.034: [CMS-concurrent-preclean-start]
2018-01-08T10:09:18.710+0300: 3.039: [CMS-concurrent-preclean: 0.005/0.005 secs] [Times: user=0.01 sys=0.00, real=0.01 secs] 
2018-01-08T10:09:18.710+0300: 3.039: [CMS-concurrent-abortable-preclean-start]
2018-01-08T10:09:18.716+0300: 3.044: [GC (Allocation Failure) 2018-01-08T10:09:18.716+0300: 3.044: [ParNew: 76793K->8503K(76800K), 0.0146727 secs] 2589465K->2589192K(3337904K), 0.0147473 secs] [Times: user=0.05 sys=0.00, real=0.02 secs] 
2018-01-08T10:09:18.742+0300: 3.071: [GC (Allocation Failure) 2018-01-08T10:09:18.742+0300: 3.071: [ParNew: 76635K->8505K(76800K), 0.0144799 secs] 2657323K->2657223K(3337904K), 0.0145742 secs] [Times: user=0.04 sys=0.00, real=0.02 secs] 
2018-01-08T10:09:18.769+0300: 3.098: [GC (Allocation Failure) 2018-01-08T10:09:18.769+0300: 3.098: [ParNew: 76415K->8511K(76800K), 0.0155376 secs] 2725133K->2725044K(3337904K), 0.0156322 secs] [Times: user=0.04 sys=0.01, real=0.01 secs] 
2018-01-08T10:09:18.785+0300: 3.113: [CMS-concurrent-abortable-preclean: 0.032/0.074 secs] [Times: user=0.20 sys=0.01, real=0.07 secs] 
2018-01-08T10:09:18.785+0300: 3.113: [GC (CMS Final Remark) [YG occupancy: 9152 K (76800 K)]2018-01-08T10:09:18.785+0300: 3.113: [Rescan (parallel) , 0.0016699 secs]2018-01-08T10:09:18.786+0300: 3.115: [weak refs processing, 0.0000237 secs]2018-01-08T10:09:18.786+0300: 3.115: [class unloading, 0.0003951 secs]2018-01-08T10:09:18.787+0300: 3.116: [scrub symbol table, 0.0003315 secs]2018-01-08T10:09:18.787+0300: 3.116: [scrub string table, 0.0002064 secs][1 CMS-remark: 2716532K(3261104K)] 2725685K(3337904K), 0.0027161 secs] [Times: user=0.01 sys=0.00, real=0.00 secs] 
2018-01-08T10:09:18.787+0300: 3.116: [CMS-concurrent-sweep-start]
2018-01-08T10:09:18.791+0300: 3.120: [CMS-concurrent-sweep: 0.004/0.004 secs] [Times: user=0.00 sys=0.00, real=0.01 secs] 
2018-01-08T10:09:18.791+0300: 3.120: [CMS-concurrent-reset-start]
2018-01-08T10:09:18.803+0300: 3.132: [CMS-concurrent-reset: 0.012/0.012 secs] [Times: user=0.02 sys=0.00, real=0.01 secs] 
2018-01-08T10:09:18.804+0300: 3.133: [GC (Allocation Failure) 2018-01-08T10:09:18.804+0300: 3.133: [ParNew: 76455K->8511K(76800K), 0.0153334 secs] 752007K->751926K(3337904K), 0.0154014 secs] [Times: user=0.05 sys=0.00, real=0.02 secs] 
2018-01-08T10:09:18.831+0300: 3.160: [GC (Allocation Failure) 2018-01-08T10:09:18.831+0300: 3.160: [ParNew: 76563K->8511K(76800K), 0.0201197 secs] 819978K->819872K(3337904K), 0.0202115 secs] [Times: user=0.07 sys=0.00, real=0.02 secs] 
2018-01-08T10:09:18.863+0300: 3.191: [GC (Allocation Failure) 2018-01-08T10:09:18.863+0300: 3.191: [ParNew: 76516K->8510K(76800K), 0.0163078 secs] 887878K->887689K(3337904K), 0.0163929 secs] [Times: user=0.06 sys=0.00, real=0.02 secs] 
2018-01-08T10:09:18.891+0300: 3.220: [GC (Allocation Failure) 2018-01-08T10:09:18.891+0300: 3.220: [ParNew: 76311K->8506K(76800K), 0.0192521 secs] 955490K->955417K(3337904K), 0.0193334 secs] [Times: user=0.07 sys=0.00, real=0.02 secs] 
2018-01-08T10:09:18.922+0300: 3.251: [GC (Allocation Failure) 2018-01-08T10:09:18.922+0300: 3.251: [ParNew: 76435K->8510K(76800K), 0.0156421 secs] 1023346K->1023217K(3337904K), 0.0157306 secs] [Times: user=0.06 sys=0.00, real=0.02 secs] 
2018-01-08T10:09:18.950+0300: 3.278: [GC (Allocation Failure) 2018-01-08T10:09:18.950+0300: 3.278: [ParNew: 76774K->8511K(76800K), 0.0161812 secs] 1091482K->1091357K(3337904K), 0.0162749 secs] [Times: user=0.06 sys=0.00, real=0.01 secs] 
2018-01-08T10:09:18.978+0300: 3.307: [GC (Allocation Failure) 2018-01-08T10:09:18.978+0300: 3.307: [ParNew: 76799K->8511K(76800K), 0.0201604 secs] 1159645K->1159479K(3337904K), 0.0202608 secs] [Times: user=0.07 sys=0.00, real=0.02 secs] 
2018-01-08T10:09:19.010+0300: 3.339: [GC (Allocation Failure) 2018-01-08T10:09:19.010+0300: 3.339: [ParNew: 76602K->8510K(76800K), 0.0153411 secs] 1227570K->1227481K(3337904K), 0.0162557 secs] [Times: user=0.06 sys=0.00, real=0.01 secs] 
2018-01-08T10:09:19.039+0300: 3.368: [GC (Allocation Failure) 2018-01-08T10:09:19.039+0300: 3.368: [ParNew: 76319K->8503K(76800K), 0.0150520 secs] 1295289K->1295248K(3337904K), 0.0151593 secs] [Times: user=0.06 sys=0.00, real=0.01 secs] 
2018-01-08T10:09:19.066+0300: 3.395: [GC (Allocation Failure) 2018-01-08T10:09:19.066+0300: 3.395: [ParNew: 76782K->8509K(76800K), 0.0165152 secs] 1363528K->1363419K(3337904K), 0.0166015 secs] [Times: user=0.07 sys=0.00, real=0.02 secs] 
2018-01-08T10:09:19.095+0300: 3.424: [GC (Allocation Failure) 2018-01-08T10:09:19.095+0300: 3.424: [ParNew: 76653K->8511K(76800K), 0.0171784 secs] 1431563K->1431448K(3337904K), 0.0172710 secs] [Times: user=0.06 sys=0.00, real=0.02 secs] 
2018-01-08T10:09:19.124+0300: 3.453: [GC (Allocation Failure) 2018-01-08T10:09:19.124+0300: 3.453: [ParNew: 76744K->8510K(76800K), 0.0154870 secs] 1499681K->1499575K(3337904K), 0.0155799 secs] [Times: user=0.06 sys=0.00, real=0.02 secs] 
2018-01-08T10:09:19.152+0300: 3.480: [GC (Allocation Failure) 2018-01-08T10:09:19.152+0300: 3.480: [ParNew: 76755K->8510K(76800K), 0.0152796 secs] 1567820K->1567657K(3337904K), 0.0153715 secs] [Times: user=0.06 sys=0.00, real=0.01 secs] 
2018-01-08T10:09:19.179+0300: 3.508: [GC (Allocation Failure) 2018-01-08T10:09:19.179+0300: 3.508: [ParNew: 76753K->8503K(76800K), 0.0206131 secs] 1635901K->1635749K(3337904K), 0.0206977 secs] [Times: user=0.08 sys=0.00, real=0.02 secs] 
2018-01-08T10:09:19.212+0300: 3.541: [GC (Allocation Failure) 2018-01-08T10:09:19.212+0300: 3.541: [ParNew: 76595K->8506K(76800K), 0.0152626 secs] 1703841K->1703779K(3337904K), 0.0153493 secs] [Times: user=0.05 sys=0.00, real=0.01 secs] 
2018-01-08T10:09:19.240+0300: 3.569: [GC (Allocation Failure) 2018-01-08T10:09:19.240+0300: 3.569: [ParNew: 76667K->8502K(76800K), 0.0155625 secs] 1771939K->1771817K(3337904K), 0.0156452 secs] [Times: user=0.06 sys=0.00, real=0.01 secs] 
2018-01-08T10:09:19.267+0300: 3.596: [GC (Allocation Failure) 2018-01-08T10:09:19.267+0300: 3.596: [ParNew: 76605K->8511K(76800K), 0.0153375 secs] 1839920K->1839777K(3337904K), 0.0154502 secs] [Times: user=0.05 sys=0.00, real=0.02 secs] 
2018-01-08T10:09:19.296+0300: 3.625: [GC (Allocation Failure) 2018-01-08T10:09:19.296+0300: 3.625: [ParNew: 76230K->8501K(76800K), 0.0158281 secs] 1907496K->1907425K(3337904K), 0.0159203 secs] [Times: user=0.06 sys=0.00, real=0.02 secs] 
2018-01-08T10:09:19.324+0300: 3.652: [GC (Allocation Failure) 2018-01-08T10:09:19.324+0300: 3.652: [ParNew: 76708K->8510K(76800K), 0.0151101 secs] 1975632K->1975521K(3337904K), 0.0152053 secs] [Times: user=0.06 sys=0.00, real=0.02 secs] 
2018-01-08T10:09:19.500+0300: 3.829: [GC (Allocation Failure) 2018-01-08T10:09:19.500+0300: 3.829: [ParNew: 76798K->8511K(76800K), 0.0171225 secs] 2043809K->1999817K(3337904K), 0.0172134 secs] [Times: user=0.06 sys=0.00, real=0.02 secs] 
2018-01-08T10:09:19.683+0300: 4.012: [GC (Allocation Failure) 2018-01-08T10:09:19.683+0300: 4.012: [ParNew: 76799K->8511K(76800K), 0.0202207 secs] 2068105K->2022240K(3337904K), 0.0203240 secs] [Times: user=0.07 sys=0.00, real=0.02 secs] 
2018-01-08T10:09:19.787+0300: 4.116: [GC (Allocation Failure) 2018-01-08T10:09:19.787+0300: 4.116: [ParNew: 76479K->8510K(76800K), 0.0215358 secs] 2090209K->2068308K(3337904K), 0.0216353 secs] [Times: user=0.07 sys=0.00, real=0.02 secs] 
2018-01-08T10:09:19.821+0300: 4.149: [GC (Allocation Failure) 2018-01-08T10:09:19.821+0300: 4.149: [ParNew: 76610K->8504K(76800K), 0.0217958 secs] 2136409K->2136246K(3337904K), 0.0218831 secs] [Times: user=0.07 sys=0.00, real=0.02 secs] 
2018-01-08T10:09:19.855+0300: 4.184: [GC (Allocation Failure) 2018-01-08T10:09:19.855+0300: 4.184: [ParNew: 76789K->8509K(76800K), 0.0222622 secs] 2204532K->2204432K(3337904K), 0.0223611 secs] [Times: user=0.06 sys=0.00, real=0.03 secs] 
2018-01-08T10:09:19.889+0300: 4.218: [GC (Allocation Failure) 2018-01-08T10:09:19.889+0300: 4.218: [ParNew: 76797K->8511K(76800K), 0.0194687 secs] 2272720K->2272408K(3337904K), 0.0195556 secs] [Times: user=0.05 sys=0.00, real=0.02 secs] 
2018-01-08T10:09:19.920+0300: 4.248: [GC (Allocation Failure) 2018-01-08T10:09:19.920+0300: 4.248: [ParNew: 76521K->8505K(76800K), 0.0156308 secs] 2340418K->2340180K(3337904K), 0.0157114 secs] [Times: user=0.06 sys=0.00, real=0.01 secs] 
2018-01-08T10:09:19.947+0300: 4.276: [GC (Allocation Failure) 2018-01-08T10:09:19.947+0300: 4.276: [ParNew: 76740K->8496K(76800K), 0.0151138 secs] 2408415K->2408162K(3337904K), 0.0152010 secs] [Times: user=0.06 sys=0.00, real=0.02 secs] 
2018-01-08T10:09:19.974+0300: 4.302: [GC (Allocation Failure) 2018-01-08T10:09:19.974+0300: 4.303: [ParNew: 76446K->8496K(76800K), 0.0173339 secs] 2476112K->2476064K(3337904K), 0.0174239 secs] [Times: user=0.06 sys=0.00, real=0.02 secs] 
2018-01-08T10:09:20.003+0300: 4.332: [GC (Allocation Failure) 2018-01-08T10:09:20.003+0300: 4.332: [ParNew: 76691K->8496K(76800K), 0.0147972 secs] 2544259K->2544210K(3337904K), 0.0148889 secs] [Times: user=0.06 sys=0.00, real=0.02 secs] 
2018-01-08T10:09:20.030+0300: 4.359: [GC (Allocation Failure) 2018-01-08T10:09:20.030+0300: 4.359: [ParNew: 76735K->8508K(76800K), 0.0154576 secs] 2612449K->2612255K(3337904K), 0.0155470 secs] [Times: user=0.06 sys=0.00, real=0.01 secs] 
2018-01-08T10:09:20.057+0300: 4.386: [GC (Allocation Failure) 2018-01-08T10:09:20.057+0300: 4.386: [ParNew: 76796K->8507K(76800K), 0.0150229 secs] 2680543K->2680473K(3337904K), 0.0151073 secs] [Times: user=0.06 sys=0.00, real=0.01 secs] 
2018-01-08T10:09:20.073+0300: 4.401: [GC (CMS Initial Mark) [1 CMS-initial-mark: 2671966K(3261104K)] 2681175K(3337904K), 0.0002666 secs] [Times: user=0.00 sys=0.00, real=0.00 secs] 
2018-01-08T10:09:20.073+0300: 4.402: [CMS-concurrent-mark-start]
2018-01-08T10:09:20.088+0300: 4.417: [GC (Allocation Failure) 2018-01-08T10:09:20.088+0300: 4.417: [ParNew: 76611K->8510K(76800K), 0.0158904 secs] 2748577K->2748513K(3337904K), 0.0159714 secs] [Times: user=0.06 sys=0.00, real=0.02 secs] 
2018-01-08T10:09:20.104+0300: 4.433: [CMS-concurrent-mark: 0.015/0.031 secs] [Times: user=0.09 sys=0.00, real=0.03 secs] 
2018-01-08T10:09:20.104+0300: 4.433: [CMS-concurrent-preclean-start]
2018-01-08T10:09:20.110+0300: 4.439: [CMS-concurrent-preclean: 0.006/0.006 secs] [Times: user=0.00 sys=0.00, real=0.01 secs] 
2018-01-08T10:09:20.110+0300: 4.439: [CMS-concurrent-abortable-preclean-start]
2018-01-08T10:09:20.116+0300: 4.445: [GC (Allocation Failure) 2018-01-08T10:09:20.116+0300: 4.445: [ParNew: 76798K->8510K(76800K), 0.0162479 secs] 2816801K->2816695K(3337904K), 0.0163360 secs] [Times: user=0.04 sys=0.00, real=0.02 secs] 
2018-01-08T10:09:20.132+0300: 4.461: [CMS-concurrent-abortable-preclean: 0.006/0.022 secs] [Times: user=0.06 sys=0.00, real=0.02 secs] 
2018-01-08T10:09:20.133+0300: 4.461: [GC (CMS Final Remark) [YG occupancy: 9100 K (76800 K)]2018-01-08T10:09:20.133+0300: 4.461: [Rescan (parallel) , 0.0017376 secs]2018-01-08T10:09:20.134+0300: 4.463: [weak refs processing, 0.0000263 secs]2018-01-08T10:09:20.134+0300: 4.463: [class unloading, 0.0004066 secs]2018-01-08T10:09:20.135+0300: 4.464: [scrub symbol table, 0.0003133 secs]2018-01-08T10:09:20.135+0300: 4.464: [scrub string table, 0.0002102 secs][1 CMS-remark: 2808185K(3261104K)] 2817285K(3337904K), 0.0027823 secs] [Times: user=0.01 sys=0.00, real=0.00 secs] 
2018-01-08T10:09:20.135+0300: 4.464: [CMS-concurrent-sweep-start]
2018-01-08T10:09:20.139+0300: 4.467: [CMS-concurrent-sweep: 0.003/0.003 secs] [Times: user=0.01 sys=0.00, real=0.01 secs] 
2018-01-08T10:09:20.139+0300: 4.467: [CMS-concurrent-reset-start]
2018-01-08T10:09:20.150+0300: 4.478: [CMS-concurrent-reset: 0.011/0.011 secs] [Times: user=0.02 sys=0.00, real=0.01 secs] 
2018-01-08T10:09:20.150+0300: 4.479: [GC (Allocation Failure) 2018-01-08T10:09:20.150+0300: 4.479: [ParNew: 76798K->8502K(76800K), 0.0157889 secs] 852795K->852367K(3337904K), 0.0158590 secs] [Times: user=0.06 sys=0.00, real=0.01 secs] 
2018-01-08T10:09:20.178+0300: 4.507: [GC (Allocation Failure) 2018-01-08T10:09:20.178+0300: 4.507: [ParNew: 76425K->8491K(76800K), 0.0194613 secs] 920290K->920193K(3337904K), 0.0195524 secs] [Times: user=0.07 sys=0.00, real=0.02 secs] 
2018-01-08T10:09:20.209+0300: 4.538: [GC (Allocation Failure) 2018-01-08T10:09:20.209+0300: 4.538: [ParNew: 76596K->8510K(76800K), 0.0148508 secs] 988298K->988089K(3337904K), 0.0149349 secs] [Times: user=0.06 sys=0.00, real=0.01 secs] 
2018-01-08T10:09:20.236+0300: 4.565: [GC (Allocation Failure) 2018-01-08T10:09:20.236+0300: 4.565: [ParNew: 76357K->8507K(76800K), 0.0156271 secs] 1055936K->1055855K(3337904K), 0.0157296 secs] [Times: user=0.06 sys=0.00, real=0.02 secs] 
2018-01-08T10:09:20.264+0300: 4.592: [GC (Allocation Failure) 2018-01-08T10:09:20.264+0300: 4.592: [ParNew: 76795K->8508K(76800K), 0.0147779 secs] 1124143K->1123821K(3337904K), 0.0148639 secs] [Times: user=0.05 sys=0.00, real=0.02 secs] 
2018-01-08T10:09:20.291+0300: 4.620: [GC (Allocation Failure) 2018-01-08T10:09:20.292+0300: 4.620: [ParNew: 76760K->8507K(76800K), 0.0158855 secs] 1192074K->1192027K(3337904K), 0.0159759 secs] [Times: user=0.06 sys=0.00, real=0.01 secs] 
2018-01-08T10:09:20.319+0300: 4.647: [GC (Allocation Failure) 2018-01-08T10:09:20.319+0300: 4.648: [ParNew: 76667K->8510K(76800K), 0.0151403 secs] 1260187K->1260029K(3337904K), 0.0152252 secs] [Times: user=0.06 sys=0.00, real=0.01 secs] 
2018-01-08T10:09:20.346+0300: 4.675: [GC (Allocation Failure) 2018-01-08T10:09:20.346+0300: 4.675: [ParNew: 76753K->8511K(76800K), 0.0157617 secs] 1328273K->1327986K(3337904K), 0.0158479 secs] [Times: user=0.06 sys=0.00, real=0.02 secs] 
2018-01-08T10:09:20.374+0300: 4.702: [GC (Allocation Failure) 2018-01-08T10:09:20.374+0300: 4.702: [ParNew: 76699K->8510K(76800K), 0.0180284 secs] 1396174K->1396006K(3337904K), 0.0181163 secs] [Times: user=0.06 sys=0.00, real=0.02 secs] 
2018-01-08T10:09:20.403+0300: 4.732: [GC (Allocation Failure) 2018-01-08T10:09:20.404+0300: 4.732: [ParNew: 76576K->8504K(76800K), 0.0152131 secs] 1464071K->1463904K(3337904K), 0.0153022 secs] [Times: user=0.06 sys=0.00, real=0.02 secs] 
2018-01-08T10:09:20.430+0300: 4.759: [GC (Allocation Failure) 2018-01-08T10:09:20.430+0300: 4.759: [ParNew: 76656K->8508K(76800K), 0.0152436 secs] 1532057K->1531979K(3337904K), 0.0153315 secs] [Times: user=0.06 sys=0.00, real=0.01 secs] 
2018-01-08T10:09:20.458+0300: 4.786: [GC (Allocation Failure) 2018-01-08T10:09:20.458+0300: 4.786: [ParNew: 76796K->8511K(76800K), 0.0166257 secs] 1600267K->1600157K(3337904K), 0.0167194 secs] [Times: user=0.06 sys=0.00, real=0.01 secs] 
2018-01-08T10:09:20.486+0300: 4.815: [GC (Allocation Failure) 2018-01-08T10:09:20.486+0300: 4.815: [ParNew: 76480K->8510K(76800K), 0.0158484 secs] 1668127K->1667993K(3337904K), 0.0159319 secs] [Times: user=0.06 sys=0.00, real=0.02 secs] 
2018-01-08T10:09:20.514+0300: 4.842: [GC (Allocation Failure) 2018-01-08T10:09:20.514+0300: 4.842: [ParNew: 76643K->8511K(76800K), 0.0142062 secs] 1736126K->1736004K(3337904K), 0.0142996 secs] [Times: user=0.05 sys=0.01, real=0.01 secs] 
2018-01-08T10:09:20.540+0300: 4.868: [GC (Allocation Failure) 2018-01-08T10:09:20.540+0300: 4.869: [ParNew: 76161K->8511K(76800K), 0.0132388 secs] 1803654K->1803353K(3337904K), 0.0133263 secs] [Times: user=0.04 sys=0.01, real=0.01 secs] 
2018-01-08T10:09:20.565+0300: 4.894: [GC (Allocation Failure) 2018-01-08T10:09:20.565+0300: 4.894: [ParNew: 76444K->8511K(76800K), 0.0133769 secs] 1871287K->1871162K(3337904K), 0.0134712 secs] [Times: user=0.04 sys=0.00, real=0.02 secs] 
2018-01-08T10:09:20.591+0300: 4.919: [GC (Allocation Failure) 2018-01-08T10:09:20.591+0300: 4.919: [ParNew: 76385K->8511K(76800K), 0.0148481 secs] 1939036K->1938556K(3337904K), 0.0149360 secs] [Times: user=0.05 sys=0.00, real=0.01 secs] 
2018-01-08T10:09:20.655+0300: 4.984: [GC (Allocation Failure) 2018-01-08T10:09:20.655+0300: 4.984: [ParNew: 76799K->8511K(76800K), 0.0159951 secs] 2006844K->1995429K(3337904K), 0.0160928 secs] [Times: user=0.06 sys=0.00, real=0.02 secs] 
2018-01-08T10:09:20.837+0300: 5.166: [GC (Allocation Failure) 2018-01-08T10:09:20.837+0300: 5.166: [ParNew: 76799K->8511K(76800K), 0.0196019 secs] 2063717K->2017887K(3337904K), 0.0196874 secs] [Times: user=0.06 sys=0.00, real=0.01 secs] 
2018-01-08T10:09:21.023+0300: 5.352: [GC (Allocation Failure) 2018-01-08T10:09:21.023+0300: 5.352: [ParNew: 76799K->8510K(76800K), 0.0194990 secs] 2086175K->2040344K(3337904K), 0.0196276 secs] [Times: user=0.07 sys=0.00, real=0.02 secs] 
2018-01-08T10:09:21.082+0300: 5.411: [GC (Allocation Failure) 2018-01-08T10:09:21.083+0300: 5.411: [ParNew: 76519K->8512K(76800K), 0.0188377 secs] 2108353K->2100270K(3337904K), 0.0189368 secs] [Times: user=0.06 sys=0.01, real=0.02 secs] 
2018-01-08T10:09:21.114+0300: 5.442: [GC (Allocation Failure) 2018-01-08T10:09:21.114+0300: 5.442: [ParNew: 76309K->8511K(76800K), 0.0150204 secs] 2168068K->2167985K(3337904K), 0.0151231 secs] [Times: user=0.05 sys=0.00, real=0.01 secs] 
2018-01-08T10:09:21.140+0300: 5.469: [GC (Allocation Failure) 2018-01-08T10:09:21.140+0300: 5.469: [ParNew: 76648K->8511K(76800K), 0.0155164 secs] 2236122K->2235985K(3337904K), 0.0156115 secs] [Times: user=0.06 sys=0.00, real=0.01 secs] 
2018-01-08T10:09:21.167+0300: 5.496: [GC (Allocation Failure) 2018-01-08T10:09:21.167+0300: 5.496: [ParNew: 76448K->8503K(76800K), 0.0159430 secs] 2303923K->2303681K(3337904K), 0.0160386 secs] [Times: user=0.06 sys=0.00, real=0.02 secs] 
2018-01-08T10:09:21.196+0300: 5.524: [GC (Allocation Failure) 2018-01-08T10:09:21.196+0300: 5.524: [ParNew: 76659K->8508K(76800K), 0.0156054 secs] 2371837K->2371671K(3337904K), 0.0156939 secs] [Times: user=0.06 sys=0.00, real=0.02 secs] 
2018-01-08T10:09:21.223+0300: 5.552: [GC (Allocation Failure) 2018-01-08T10:09:21.223+0300: 5.552: [ParNew: 76665K->8506K(76800K), 0.0155335 secs] 2439828K->2439756K(3337904K), 0.0156196 secs] [Times: user=0.06 sys=0.00, real=0.02 secs] 
2018-01-08T10:09:21.251+0300: 5.580: [GC (Allocation Failure) 2018-01-08T10:09:21.251+0300: 5.580: [ParNew: 76654K->8510K(76800K), 0.0158348 secs] 2507905K->2507843K(3337904K), 0.0159222 secs] [Times: user=0.06 sys=0.00, real=0.01 secs] 
2018-01-08T10:09:21.279+0300: 5.607: [GC (Allocation Failure) 2018-01-08T10:09:21.279+0300: 5.607: [ParNew: 76749K->8508K(76800K), 0.0181432 secs] 2576081K->2576003K(3337904K), 0.0182586 secs] [Times: user=0.07 sys=0.00, real=0.02 secs] 
2018-01-08T10:09:21.309+0300: 5.638: [GC (Allocation Failure) 2018-01-08T10:09:21.309+0300: 5.638: [ParNew: 76483K->8509K(76800K), 0.0153956 secs] 2643978K->2643903K(3337904K), 0.0154786 secs] [Times: user=0.06 sys=0.00, real=0.01 secs] 
2018-01-08T10:09:21.336+0300: 5.665: [GC (Allocation Failure) 2018-01-08T10:09:21.336+0300: 5.665: [ParNew: 76797K->8501K(76800K), 0.0162938 secs] 2712191K->2712115K(3337904K), 0.0163820 secs] [Times: user=0.06 sys=0.00, real=0.02 secs] 
2018-01-08T10:09:21.365+0300: 5.693: [GC (Allocation Failure) 2018-01-08T10:09:21.365+0300: 5.693: [ParNew: 76351K->8507K(76800K), 0.0145982 secs] 2779965K->2779878K(3337904K), 0.0146871 secs] [Times: user=0.04 sys=0.01, real=0.02 secs] 
2018-01-08T10:09:21.391+0300: 5.720: [GC (Allocation Failure) 2018-01-08T10:09:21.391+0300: 5.720: [ParNew: 76757K->8505K(76800K), 0.0163917 secs] 2848128K->2848037K(3337904K), 0.0164883 secs] [Times: user=0.06 sys=0.00, real=0.01 secs] 
2018-01-08T10:09:21.408+0300: 5.737: [GC (CMS Initial Mark) [1 CMS-initial-mark: 2839532K(3261104K)] 2848743K(3337904K), 0.0002358 secs] [Times: user=0.00 sys=0.00, real=0.00 secs] 
2018-01-08T10:09:21.408+0300: 5.737: [CMS-concurrent-mark-start]
2018-01-08T10:09:21.416+0300: 5.744: [CMS-concurrent-mark: 0.007/0.007 secs] [Times: user=0.02 sys=0.00, real=0.01 secs] 
2018-01-08T10:09:21.416+0300: 5.745: [CMS-concurrent-preclean-start]
2018-01-08T10:09:21.421+0300: 5.750: [CMS-concurrent-preclean: 0.005/0.005 secs] [Times: user=0.02 sys=0.00, real=0.01 secs] 
2018-01-08T10:09:21.421+0300: 5.750: [GC (Allocation Failure) 2018-01-08T10:09:21.421+0300: 5.750: [ParNew: 76249K->8511K(76800K), 0.0165133 secs] 2915781K->2915691K(3337904K), 0.0165748 secs] [Times: user=0.06 sys=0.00, real=0.02 secs] 
2018-01-08T10:09:21.441+0300: 5.770: [GC (CMS Final Remark) [YG occupancy: 26290 K (76800 K)]2018-01-08T10:09:21.441+0300: 5.770: [Rescan (parallel) , 0.0022348 secs]2018-01-08T10:09:21.443+0300: 5.772: [weak refs processing, 0.0000290 secs]2018-01-08T10:09:21.443+0300: 5.772: [class unloading, 0.0004025 secs]2018-01-08T10:09:21.444+0300: 5.772: [scrub symbol table, 0.0003332 secs]2018-01-08T10:09:21.444+0300: 5.773: [scrub string table, 0.0002076 secs][1 CMS-remark: 2907180K(3261104K)] 2933471K(3337904K), 0.0033375 secs] [Times: user=0.01 sys=0.00, real=0.00 secs] 
2018-01-08T10:09:21.444+0300: 5.773: [CMS-concurrent-sweep-start]
2018-01-08T10:09:21.447+0300: 5.776: [CMS-concurrent-sweep: 0.003/0.003 secs] [Times: user=0.00 sys=0.00, real=0.00 secs] 
2018-01-08T10:09:21.447+0300: 5.776: [CMS-concurrent-reset-start]
2018-01-08T10:09:21.456+0300: 5.785: [GC (Allocation Failure) 2018-01-08T10:09:21.456+0300: 5.785: [ParNew: 76446K->8511K(76800K), 0.0147177 secs] 939874K->939728K(3337904K), 0.0148079 secs] [Times: user=0.06 sys=0.00, real=0.02 secs] 
2018-01-08T10:09:21.473+0300: 5.802: [CMS-concurrent-reset: 0.011/0.026 secs] [Times: user=0.08 sys=0.00, real=0.03 secs] 
2018-01-08T10:09:21.483+0300: 5.812: [GC (Allocation Failure) 2018-01-08T10:09:21.483+0300: 5.812: [ParNew: 76428K->8507K(76800K), 0.0205214 secs] 1007645K->1007275K(3337904K), 0.0206115 secs] [Times: user=0.06 sys=0.00, real=0.02 secs] 
2018-01-08T10:09:21.516+0300: 5.845: [GC (Allocation Failure) 2018-01-08T10:09:21.516+0300: 5.845: [ParNew: 76795K->8511K(76800K), 0.0151945 secs] 1075563K->1075376K(3337904K), 0.0152995 secs] [Times: user=0.06 sys=0.00, real=0.02 secs] 
2018-01-08T10:09:21.543+0300: 5.872: [GC (Allocation Failure) 2018-01-08T10:09:21.543+0300: 5.872: [ParNew: 76793K->8501K(76800K), 0.0144081 secs] 1143658K->1143554K(3337904K), 0.0144875 secs] [Times: user=0.05 sys=0.00, real=0.02 secs] 
2018-01-08T10:09:21.569+0300: 5.898: [GC (Allocation Failure) 2018-01-08T10:09:21.569+0300: 5.898: [ParNew: 76774K->8497K(76800K), 0.0155549 secs] 1211827K->1211684K(3337904K), 0.0156435 secs] [Times: user=0.06 sys=0.00, real=0.01 secs] 
2018-01-08T10:09:21.597+0300: 5.926: [GC (Allocation Failure) 2018-01-08T10:09:21.597+0300: 5.926: [ParNew: 76591K->8510K(76800K), 0.0177898 secs] 1279778K->1279222K(3337904K), 0.0178659 secs] [Times: user=0.07 sys=0.00, real=0.01 secs] 
2018-01-08T10:09:21.627+0300: 5.956: [GC (Allocation Failure) 2018-01-08T10:09:21.627+0300: 5.956: [ParNew: 76646K->8483K(76800K), 0.0172797 secs] 1347358K->1347063K(3337904K), 0.0173603 secs] [Times: user=0.06 sys=0.00, real=0.02 secs] 
2018-01-08T10:09:21.656+0300: 5.985: [GC (Allocation Failure) 2018-01-08T10:09:21.656+0300: 5.985: [ParNew: 76707K->8510K(76800K), 0.0157408 secs] 1415288K->1415222K(3337904K), 0.0158181 secs] [Times: user=0.06 sys=0.00, real=0.02 secs] 
2018-01-08T10:09:21.684+0300: 6.013: [GC (Allocation Failure) 2018-01-08T10:09:21.684+0300: 6.013: [ParNew: 76723K->8511K(76800K), 0.0191404 secs] 1483434K->1483351K(3337904K), 0.0192283 secs] [Times: user=0.07 sys=0.00, real=0.02 secs] 
2018-01-08T10:09:21.715+0300: 6.043: [GC (Allocation Failure) 2018-01-08T10:09:21.715+0300: 6.043: [ParNew: 76163K->8506K(76800K), 0.0154574 secs] 1551003K->1550592K(3337904K), 0.0155476 secs] [Times: user=0.06 sys=0.00, real=0.02 secs] 
2018-01-08T10:09:21.742+0300: 6.071: [GC (Allocation Failure) 2018-01-08T10:09:21.742+0300: 6.071: [ParNew: 76780K->8497K(76800K), 0.0155453 secs] 1618865K->1618770K(3337904K), 0.0156514 secs] [Times: user=0.06 sys=0.00, real=0.02 secs] 
2018-01-08T10:09:21.769+0300: 6.098: [GC (Allocation Failure) 2018-01-08T10:09:21.769+0300: 6.098: [ParNew: 76355K->8502K(76800K), 0.0185011 secs] 1686628K->1686468K(3337904K), 0.0185890 secs] [Times: user=0.07 sys=0.00, real=0.01 secs] 
2018-01-08T10:09:21.800+0300: 6.128: [GC (Allocation Failure) 2018-01-08T10:09:21.800+0300: 6.128: [ParNew: 76511K->8510K(76800K), 0.0157506 secs] 1754476K->1754308K(3337904K), 0.0158424 secs] [Times: user=0.06 sys=0.00, real=0.01 secs] 
2018-01-08T10:09:21.828+0300: 6.156: [GC (Allocation Failure) 2018-01-08T10:09:21.828+0300: 6.156: [ParNew: 76536K->8510K(76800K), 0.0157972 secs] 1822335K->1822282K(3337904K), 0.0158835 secs] [Times: user=0.06 sys=0.00, real=0.02 secs] 
2018-01-08T10:09:21.855+0300: 6.184: [GC (Allocation Failure) 2018-01-08T10:09:21.856+0300: 6.184: [ParNew: 76314K->8505K(76800K), 0.0162890 secs] 1890086K->1889976K(3337904K), 0.0163682 secs] [Times: user=0.06 sys=0.00, real=0.02 secs] 
2018-01-08T10:09:21.884+0300: 6.213: [GC (Allocation Failure) 2018-01-08T10:09:21.884+0300: 6.213: [ParNew: 76444K->8508K(76800K), 0.0189085 secs] 1957915K->1957851K(3337904K), 0.0189973 secs] [Times: user=0.06 sys=0.00, real=0.02 secs] 
2018-01-08T10:09:21.987+0300: 6.315: [GC (Allocation Failure) 2018-01-08T10:09:21.987+0300: 6.315: [ParNew: 76796K->8511K(76800K), 0.0165600 secs] 2026139K->2004587K(3337904K), 0.0166651 secs] [Times: user=0.05 sys=0.00, real=0.02 secs] 
2018-01-08T10:09:22.168+0300: 6.497: [GC (Allocation Failure) 2018-01-08T10:09:22.168+0300: 6.497: [ParNew: 76799K->8511K(76800K), 0.0230752 secs] 2072875K->2027010K(3337904K), 0.0231548 secs] [Times: user=0.08 sys=0.00, real=0.03 secs] 
2018-01-08T10:09:22.350+0300: 6.679: [GC (Allocation Failure) 2018-01-08T10:09:22.350+0300: 6.679: [ParNew: 76799K->8511K(76800K), 0.0190404 secs] 2095298K->2050829K(3337904K), 0.0191168 secs] [Times: user=0.07 sys=0.00, real=0.02 secs] 
2018-01-08T10:09:22.381+0300: 6.710: [GC (Allocation Failure) 2018-01-08T10:09:22.381+0300: 6.710: [ParNew: 76694K->8510K(76800K), 0.0186900 secs] 2119013K->2118898K(3337904K), 0.0187746 secs] [Times: user=0.06 sys=0.00, real=0.02 secs] 
2018-01-08T10:09:22.412+0300: 6.741: [GC (Allocation Failure) 2018-01-08T10:09:22.412+0300: 6.741: [ParNew: 76238K->8506K(76800K), 0.0175219 secs] 2186626K->2186584K(3337904K), 0.0176125 secs] [Times: user=0.05 sys=0.00, real=0.02 secs] 
2018-01-08T10:09:22.442+0300: 6.771: [GC (Allocation Failure) 2018-01-08T10:09:22.442+0300: 6.771: [ParNew: 76640K->8496K(76800K), 0.0159392 secs] 2254718K->2254641K(3337904K), 0.0160234 secs] [Times: user=0.06 sys=0.00, real=0.02 secs] 
2018-01-08T10:09:22.469+0300: 6.798: [GC (Allocation Failure) 2018-01-08T10:09:22.469+0300: 6.798: [ParNew: 76202K->8509K(76800K), 0.0158428 secs] 2322347K->2321991K(3337904K), 0.0159400 secs] [Times: user=0.06 sys=0.00, real=0.01 secs] 
2018-01-08T10:09:22.497+0300: 6.826: [GC (Allocation Failure) 2018-01-08T10:09:22.497+0300: 6.826: [ParNew: 76717K->8502K(76800K), 0.0157472 secs] 2390198K->2389997K(3337904K), 0.0158366 secs] [Times: user=0.06 sys=0.00, real=0.01 secs] 
2018-01-08T10:09:22.524+0300: 6.853: [GC (Allocation Failure) 2018-01-08T10:09:22.525+0300: 6.853: [ParNew: 76076K->8509K(76800K), 0.0156470 secs] 2457571K->2457468K(3337904K), 0.0157375 secs] [Times: user=0.06 sys=0.00, real=0.02 secs] 
2018-01-08T10:09:22.552+0300: 6.880: [GC (Allocation Failure) 2018-01-08T10:09:22.552+0300: 6.880: [ParNew: 76132K->8507K(76800K), 0.0149229 secs] 2525091K->2524995K(3337904K), 0.0150079 secs] [Times: user=0.06 sys=0.00, real=0.01 secs] 
2018-01-08T10:09:22.578+0300: 6.906: [GC (Allocation Failure) 2018-01-08T10:09:22.578+0300: 6.906: [ParNew: 76547K->8511K(76800K), 0.0188860 secs] 2593036K->2592760K(3337904K), 0.0189795 secs] [Times: user=0.06 sys=0.00, real=0.01 secs] 
2018-01-08T10:09:22.609+0300: 6.937: [GC (Allocation Failure) 2018-01-08T10:09:22.609+0300: 6.937: [ParNew: 76686K->8501K(76800K), 0.0156102 secs] 2660935K->2660753K(3337904K), 0.0157052 secs] [Times: user=0.07 sys=0.00, real=0.02 secs] 
2018-01-08T10:09:22.636+0300: 6.965: [GC (Allocation Failure) 2018-01-08T10:09:22.636+0300: 6.965: [ParNew: 76286K->8497K(76800K), 0.0153945 secs] 2728538K->2728445K(3337904K), 0.0154876 secs] [Times: user=0.06 sys=0.00, real=0.02 secs] 
2018-01-08T10:09:22.663+0300: 6.992: [GC (Allocation Failure) 2018-01-08T10:09:22.663+0300: 6.992: [ParNew: 76618K->8511K(76800K), 0.0165225 secs] 2796566K->2796459K(3337904K), 0.0166090 secs] [Times: user=0.06 sys=0.00, real=0.02 secs] 
2018-01-08T10:09:22.691+0300: 7.020: [GC (Allocation Failure) 2018-01-08T10:09:22.691+0300: 7.020: [ParNew: 76219K->8505K(76800K), 0.0174206 secs] 2864168K->2864052K(3337904K), 0.0175083 secs] [Times: user=0.06 sys=0.00, real=0.01 secs] 
2018-01-08T10:09:22.720+0300: 7.049: [GC (Allocation Failure) 2018-01-08T10:09:22.720+0300: 7.049: [ParNew: 76271K->8510K(76800K), 0.0151535 secs] 2931818K->2931691K(3337904K), 0.0152394 secs] [Times: user=0.05 sys=0.00, real=0.01 secs] 
2018-01-08T10:09:22.735+0300: 7.064: [GC (CMS Initial Mark) [1 CMS-initial-mark: 2923181K(3261104K)] 2932271K(3337904K), 0.0001872 secs] [Times: user=0.00 sys=0.00, real=0.00 secs] 
2018-01-08T10:09:22.735+0300: 7.064: [CMS-concurrent-mark-start]
2018-01-08T10:09:22.743+0300: 7.072: [CMS-concurrent-mark: 0.007/0.007 secs] [Times: user=0.03 sys=0.00, real=0.01 secs] 
2018-01-08T10:09:22.743+0300: 7.072: [CMS-concurrent-preclean-start]
2018-01-08T10:09:22.748+0300: 7.077: [CMS-concurrent-preclean: 0.006/0.006 secs] [Times: user=0.01 sys=0.00, real=0.00 secs] 
2018-01-08T10:09:22.749+0300: 7.077: [GC (Allocation Failure) 2018-01-08T10:09:22.749+0300: 7.077: [ParNew: 76208K->8503K(76800K), 0.0144906 secs] 2999389K->2999361K(3337904K), 0.0145423 secs] [Times: user=0.06 sys=0.00, real=0.02 secs] 
2018-01-08T10:09:22.763+0300: 7.092: [GC (CMS Final Remark) [YG occupancy: 9212 K (76800 K)]2018-01-08T10:09:22.763+0300: 7.092: [Rescan (parallel) , 0.0015689 secs]2018-01-08T10:09:22.765+0300: 7.094: [weak refs processing, 0.0000262 secs]2018-01-08T10:09:22.765+0300: 7.094: [class unloading, 0.0004006 secs]2018-01-08T10:09:22.765+0300: 7.094: [scrub symbol table, 0.0003137 secs]2018-01-08T10:09:22.766+0300: 7.094: [scrub string table, 0.0002085 secs][1 CMS-remark: 2990857K(3261104K)] 3000070K(3337904K), 0.0026273 secs] [Times: user=0.01 sys=0.00, real=0.00 secs] 
2018-01-08T10:09:22.766+0300: 7.095: [CMS-concurrent-sweep-start]
2018-01-08T10:09:22.769+0300: 7.098: [CMS-concurrent-sweep: 0.003/0.003 secs] [Times: user=0.00 sys=0.00, real=0.01 secs] 
2018-01-08T10:09:22.769+0300: 7.098: [CMS-concurrent-reset-start]
2018-01-08T10:09:22.780+0300: 7.109: [CMS-concurrent-reset: 0.011/0.011 secs] [Times: user=0.02 sys=0.00, real=0.01 secs] 
2018-01-08T10:09:22.781+0300: 7.109: [GC (Allocation Failure) 2018-01-08T10:09:22.781+0300: 7.109: [ParNew: 76520K->8511K(76800K), 0.0162460 secs] 1019438K->1019177K(3337904K), 0.0163459 secs] [Times: user=0.05 sys=0.01, real=0.02 secs] 
2018-01-08T10:09:22.809+0300: 7.138: [GC (Allocation Failure) 2018-01-08T10:09:22.809+0300: 7.138: [ParNew: 76326K->8510K(76800K), 0.0143904 secs] 1086992K->1086888K(3337904K), 0.0144911 secs] [Times: user=0.06 sys=0.00, real=0.01 secs] 
2018-01-08T10:09:22.835+0300: 7.164: [GC (Allocation Failure) 2018-01-08T10:09:22.835+0300: 7.164: [ParNew: 76643K->8494K(76800K), 0.0159618 secs] 1155021K->1154943K(3337904K), 0.0160455 secs] [Times: user=0.05 sys=0.00, real=0.02 secs] 
2018-01-08T10:09:22.863+0300: 7.192: [GC (Allocation Failure) 2018-01-08T10:09:22.863+0300: 7.192: [ParNew: 76435K->8499K(76800K), 0.0163679 secs] 1222884K->1222624K(3337904K), 0.0164548 secs] [Times: user=0.06 sys=0.00, real=0.02 secs] 
2018-01-08T10:09:22.892+0300: 7.221: [GC (Allocation Failure) 2018-01-08T10:09:22.892+0300: 7.221: [ParNew: 76613K->8499K(76800K), 0.0159475 secs] 1290738K->1290636K(3337904K), 0.0160447 secs] [Times: user=0.06 sys=0.00, real=0.01 secs] 
2018-01-08T10:09:22.920+0300: 7.249: [GC (Allocation Failure) 2018-01-08T10:09:22.920+0300: 7.249: [ParNew: 76584K->8508K(76800K), 0.0156488 secs] 1358721K->1358528K(3337904K), 0.0157354 secs] [Times: user=0.06 sys=0.00, real=0.01 secs] 
2018-01-08T10:09:22.948+0300: 7.277: [GC (Allocation Failure) 2018-01-08T10:09:22.948+0300: 7.277: [ParNew: 76598K->8508K(76800K), 0.0156557 secs] 1426618K->1426598K(3337904K), 0.0157377 secs] [Times: user=0.06 sys=0.00, real=0.02 secs] 
2018-01-08T10:09:22.975+0300: 7.303: [GC (Allocation Failure) 2018-01-08T10:09:22.975+0300: 7.303: [ParNew: 76302K->8511K(76800K), 0.0178507 secs] 1494391K->1494230K(3337904K), 0.0179363 secs] [Times: user=0.06 sys=0.00, real=0.02 secs] 
2018-01-08T10:09:23.004+0300: 7.333: [GC (Allocation Failure) 2018-01-08T10:09:23.004+0300: 7.333: [ParNew: 76799K->8510K(76800K), 0.0161313 secs] 1562518K->1562130K(3337904K), 0.0162149 secs] [Times: user=0.06 sys=0.00, real=0.02 secs] 
2018-01-08T10:09:23.032+0300: 7.360: [GC (Allocation Failure) 2018-01-08T10:09:23.032+0300: 7.360: [ParNew: 76623K->8510K(76800K), 0.0155955 secs] 1630243K->1630047K(3337904K), 0.0156830 secs] [Times: user=0.06 sys=0.00, real=0.01 secs] 
2018-01-08T10:09:23.059+0300: 7.388: [GC (Allocation Failure) 2018-01-08T10:09:23.059+0300: 7.388: [ParNew: 76527K->8505K(76800K), 0.0147879 secs] 1698063K->1697916K(3337904K), 0.0148770 secs] [Times: user=0.06 sys=0.00, real=0.01 secs] 
2018-01-08T10:09:23.085+0300: 7.414: [GC (Allocation Failure) 2018-01-08T10:09:23.086+0300: 7.414: [ParNew: 76277K->8510K(76800K), 0.0174240 secs] 1765687K->1765585K(3337904K), 0.0175151 secs] [Times: user=0.06 sys=0.00, real=0.02 secs] 
2018-01-08T10:09:23.115+0300: 7.443: [GC (Allocation Failure) 2018-01-08T10:09:23.115+0300: 7.443: [ParNew: 76798K->8504K(76800K), 0.0156329 secs] 1833873K->1833626K(3337904K), 0.0157231 secs] [Times: user=0.06 sys=0.00, real=0.02 secs] 
2018-01-08T10:09:23.142+0300: 7.471: [GC (Allocation Failure) 2018-01-08T10:09:23.142+0300: 7.471: [ParNew: 76414K->8501K(76800K), 0.0152599 secs] 1901536K->1901430K(3337904K), 0.0153475 secs] [Times: user=0.06 sys=0.00, real=0.02 secs] 
2018-01-08T10:09:23.170+0300: 7.498: [GC (Allocation Failure) 2018-01-08T10:09:23.170+0300: 7.498: [ParNew: 76726K->8511K(76800K), 0.0154243 secs] 1969655K->1969574K(3337904K), 0.0155046 secs] [Times: user=0.06 sys=0.00, real=0.01 secs] 
2018-01-08T10:09:23.276+0300: 7.605: [GC (Allocation Failure) 2018-01-08T10:09:23.276+0300: 7.605: [ParNew: 76799K->8511K(76800K), 0.0205346 secs] 2037862K->2015260K(3337904K), 0.0206242 secs] [Times: user=0.05 sys=0.00, real=0.03 secs] 
2018-01-08T10:09:23.467+0300: 7.795: [GC (Allocation Failure) 2018-01-08T10:09:23.467+0300: 7.795: [ParNew: 76799K->8511K(76800K), 0.0280767 secs] 2083548K->2037719K(3337904K), 0.0281644 secs] [Times: user=0.08 sys=0.00, real=0.03 secs] 
2018-01-08T10:09:23.649+0300: 7.978: [GC (Allocation Failure) 2018-01-08T10:09:23.649+0300: 7.978: [ParNew: 76628K->8512K(76800K), 0.0263128 secs] 2105837K->2063128K(3337904K), 0.0263964 secs] [Times: user=0.07 sys=0.00, real=0.02 secs] 
2018-01-08T10:09:23.687+0300: 8.016: [GC (Allocation Failure) 2018-01-08T10:09:23.687+0300: 8.016: [ParNew: 76450K->8510K(76800K), 0.0201956 secs] 2131067K->2130832K(3337904K), 0.0202807 secs] [Times: user=0.06 sys=0.00, real=0.02 secs] 
2018-01-08T10:09:23.719+0300: 8.048: [GC (Allocation Failure) 2018-01-08T10:09:23.719+0300: 8.048: [ParNew: 76203K->8508K(76800K), 0.0170236 secs] 2198526K->2198462K(3337904K), 0.0171142 secs] [Times: user=0.05 sys=0.00, real=0.01 secs] 
2018-01-08T10:09:23.748+0300: 8.076: [GC (Allocation Failure) 2018-01-08T10:09:23.748+0300: 8.076: [ParNew: 76796K->8510K(76800K), 0.0167855 secs] 2266750K->2266586K(3337904K), 0.0168792 secs] [Times: user=0.05 sys=0.00, real=0.02 secs] 
2018-01-08T10:09:23.777+0300: 8.105: [GC (Allocation Failure) 2018-01-08T10:09:23.777+0300: 8.105: [ParNew: 76317K->8505K(76800K), 0.0194602 secs] 2334392K->2334335K(3337904K), 0.0195530 secs] [Times: user=0.05 sys=0.01, real=0.02 secs] 
2018-01-08T10:09:23.808+0300: 8.136: [GC (Allocation Failure) 2018-01-08T10:09:23.808+0300: 8.136: [ParNew: 76557K->8506K(76800K), 0.0220235 secs] 2402387K->2402144K(3337904K), 0.0221065 secs] [Times: user=0.06 sys=0.00, real=0.03 secs] 
2018-01-08T10:09:23.841+0300: 8.170: [GC (Allocation Failure) 2018-01-08T10:09:23.842+0300: 8.170: [ParNew: 76526K->8509K(76800K), 0.0188908 secs] 2470164K->2470033K(3337904K), 0.0189785 secs] [Times: user=0.06 sys=0.00, real=0.02 secs] 
2018-01-08T10:09:23.873+0300: 8.202: [GC (Allocation Failure) 2018-01-08T10:09:23.873+0300: 8.202: [ParNew: 76622K->8509K(76800K), 0.0149443 secs] 2538146K->2538070K(3337904K), 0.0150308 secs] [Times: user=0.06 sys=0.00, real=0.01 secs] 
2018-01-08T10:09:23.901+0300: 8.230: [GC (Allocation Failure) 2018-01-08T10:09:23.901+0300: 8.230: [ParNew: 76580K->8510K(76800K), 0.0149206 secs] 2606141K->2606018K(3337904K), 0.0150099 secs] [Times: user=0.06 sys=0.00, real=0.01 secs] 
2018-01-08T10:09:23.928+0300: 8.257: [GC (Allocation Failure) 2018-01-08T10:09:23.928+0300: 8.257: [ParNew: 76434K->8499K(76800K), 0.0158602 secs] 2673942K->2673845K(3337904K), 0.0159494 secs] [Times: user=0.06 sys=0.00, real=0.02 secs] 
2018-01-08T10:09:23.957+0300: 8.285: [GC (Allocation Failure) 2018-01-08T10:09:23.957+0300: 8.285: [ParNew: 76775K->8487K(76800K), 0.0149803 secs] 2742122K->2742027K(3337904K), 0.0150668 secs] [Times: user=0.06 sys=0.00, real=0.02 secs] 
2018-01-08T10:09:23.984+0300: 8.312: [GC (Allocation Failure) 2018-01-08T10:09:23.984+0300: 8.312: [ParNew: 76615K->8499K(76800K), 0.0281768 secs] 2810155K->2810083K(3337904K), 0.0282658 secs] [Times: user=0.09 sys=0.00, real=0.03 secs] 
2018-01-08T10:09:24.024+0300: 8.353: [GC (Allocation Failure) 2018-01-08T10:09:24.024+0300: 8.353: [ParNew: 76623K->8510K(76800K), 0.0161722 secs] 2878207K->2878158K(3337904K), 0.0162676 secs] [Times: user=0.06 sys=0.00, real=0.02 secs] 
2018-01-08T10:09:24.053+0300: 8.381: [GC (Allocation Failure) 2018-01-08T10:09:24.053+0300: 8.381: [ParNew: 76281K->8510K(76800K), 0.0155639 secs] 2945929K->2945841K(3337904K), 0.0156515 secs] [Times: user=0.06 sys=0.00, real=0.01 secs] 
2018-01-08T10:09:24.080+0300: 8.409: [GC (Allocation Failure) 2018-01-08T10:09:24.080+0300: 8.409: [ParNew: 76631K->8510K(76800K), 0.0171324 secs] 3013962K->3013857K(3337904K), 0.0172182 secs] [Times: user=0.06 sys=0.00, real=0.02 secs] 
2018-01-08T10:09:24.100+0300: 8.429: [GC (CMS Initial Mark) [1 CMS-initial-mark: 3005346K(3261104K)] 3030529K(3337904K), 0.0002883 secs] [Times: user=0.00 sys=0.00, real=0.00 secs] 
2018-01-08T10:09:24.100+0300: 8.429: [CMS-concurrent-mark-start]
2018-01-08T10:09:24.110+0300: 8.439: [CMS-concurrent-mark: 0.010/0.010 secs] [Times: user=0.04 sys=0.00, real=0.01 secs] 
2018-01-08T10:09:24.110+0300: 8.439: [GC (Allocation Failure) 2018-01-08T10:09:24.110+0300: 8.439: [ParNew: 76798K->8503K(76800K), 0.0156947 secs] 3082145K->3081702K(3337904K), 0.0157520 secs] [Times: user=0.06 sys=0.00, real=0.01 secs] 
2018-01-08T10:09:24.126+0300: 8.455: [CMS-concurrent-preclean-start]
2018-01-08T10:09:24.132+0300: 8.460: [CMS-concurrent-preclean: 0.006/0.006 secs] [Times: user=0.01 sys=0.00, real=0.01 secs] 
2018-01-08T10:09:24.132+0300: 8.460: [CMS-concurrent-abortable-preclean-start]
2018-01-08T10:09:24.138+0300: 8.467: [GC (Allocation Failure) 2018-01-08T10:09:24.138+0300: 8.467: [ParNew: 76669K->8510K(76800K), 0.0157249 secs] 3149868K->3149742K(3337904K), 0.0158084 secs] [Times: user=0.06 sys=0.00, real=0.01 secs] 
2018-01-08T10:09:24.154+0300: 8.482: [CMS-concurrent-abortable-preclean: 0.005/0.022 secs] [Times: user=0.07 sys=0.00, real=0.02 secs] 
2018-01-08T10:09:24.154+0300: 8.483: [GC (CMS Final Remark) [YG occupancy: 9071 K (76800 K)]2018-01-08T10:09:24.154+0300: 8.483: [Rescan (parallel) , 0.0015762 secs]2018-01-08T10:09:24.156+0300: 8.484: [weak refs processing, 0.0000247 secs]2018-01-08T10:09:24.156+0300: 8.484: [class unloading, 0.0004057 secs]2018-01-08T10:09:24.156+0300: 8.485: [scrub symbol table, 0.0003186 secs]2018-01-08T10:09:24.156+0300: 8.485: [scrub string table, 0.0002133 secs][1 CMS-remark: 3141232K(3261104K)] 3150303K(3337904K), 0.0026215 secs] [Times: user=0.01 sys=0.00, real=0.00 secs] 
2018-01-08T10:09:24.157+0300: 8.485: [CMS-concurrent-sweep-start]
2018-01-08T10:09:24.160+0300: 8.489: [CMS-concurrent-sweep: 0.003/0.003 secs] [Times: user=0.00 sys=0.00, real=0.01 secs] 
2018-01-08T10:09:24.160+0300: 8.489: [CMS-concurrent-reset-start]
2018-01-08T10:09:24.170+0300: 8.499: [CMS-concurrent-reset: 0.010/0.010 secs] [Times: user=0.02 sys=0.00, real=0.01 secs] 
2018-01-08T10:09:24.172+0300: 8.501: [GC (Allocation Failure) 2018-01-08T10:09:24.172+0300: 8.501: [ParNew: 76685K->8509K(76800K), 0.0149842 secs] 1159877K->1159752K(3337904K), 0.0150686 secs] [Times: user=0.06 sys=0.00, real=0.01 secs] 
2018-01-08T10:09:24.202+0300: 8.531: [GC (Allocation Failure) 2018-01-08T10:09:24.202+0300: 8.531: [ParNew: 76286K->8507K(76800K), 0.0154570 secs] 1227529K->1227273K(3337904K), 0.0155436 secs] [Times: user=0.06 sys=0.00, real=0.02 secs] 
2018-01-08T10:09:24.229+0300: 8.557: [GC (Allocation Failure) 2018-01-08T10:09:24.229+0300: 8.557: [ParNew: 76328K->8511K(76800K), 0.0155212 secs] 1295094K->1294975K(3337904K), 0.0156046 secs] [Times: user=0.06 sys=0.00, real=0.02 secs] 
2018-01-08T10:09:24.257+0300: 8.585: [GC (Allocation Failure) 2018-01-08T10:09:24.257+0300: 8.585: [ParNew: 76623K->8509K(76800K), 0.0146595 secs] 1363087K->1362987K(3337904K), 0.0147419 secs] [Times: user=0.05 sys=0.00, real=0.02 secs] 
2018-01-08T10:09:24.283+0300: 8.612: [GC (Allocation Failure) 2018-01-08T10:09:24.283+0300: 8.612: [ParNew: 76659K->8507K(76800K), 0.0182220 secs] 1431136K->1431008K(3337904K), 0.0183124 secs] [Times: user=0.06 sys=0.00, real=0.02 secs] 
2018-01-08T10:09:24.314+0300: 8.642: [GC (Allocation Failure) 2018-01-08T10:09:24.314+0300: 8.642: [ParNew: 76488K->8504K(76800K), 0.0157018 secs] 1498990K->1498811K(3337904K), 0.0157903 secs] [Times: user=0.06 sys=0.00, real=0.02 secs] 
2018-01-08T10:09:24.341+0300: 8.670: [GC (Allocation Failure) 2018-01-08T10:09:24.341+0300: 8.670: [ParNew: 76754K->8509K(76800K), 0.0160892 secs] 1567061K->1566982K(3337904K), 0.0161834 secs] [Times: user=0.06 sys=0.00, real=0.02 secs] 
2018-01-08T10:09:24.369+0300: 8.698: [GC (Allocation Failure) 2018-01-08T10:09:24.369+0300: 8.698: [ParNew: 76689K->8504K(76800K), 0.0153210 secs] 1635162K->1635073K(3337904K), 0.0154059 secs] [Times: user=0.06 sys=0.00, real=0.01 secs] 
2018-01-08T10:09:24.397+0300: 8.726: [GC (Allocation Failure) 2018-01-08T10:09:24.398+0300: 8.726: [ParNew: 76611K->8502K(76800K), 0.0147190 secs] 1703180K->1703088K(3337904K), 0.0151545 secs] [Times: user=0.06 sys=0.00, real=0.01 secs] 
2018-01-08T10:09:24.424+0300: 8.753: [GC (Allocation Failure) 2018-01-08T10:09:24.424+0300: 8.753: [ParNew: 76580K->8508K(76800K), 0.0160122 secs] 1771165K->1771104K(3337904K), 0.0161022 secs] [Times: user=0.06 sys=0.00, real=0.02 secs] 
2018-01-08T10:09:24.453+0300: 8.782: [GC (Allocation Failure) 2018-01-08T10:09:24.453+0300: 8.782: [ParNew: 76341K->8508K(76800K), 0.0158512 secs] 1838938K->1838613K(3337904K), 0.0159358 secs] [Times: user=0.07 sys=0.00, real=0.02 secs] 
2018-01-08T10:09:24.481+0300: 8.809: [GC (Allocation Failure) 2018-01-08T10:09:24.481+0300: 8.809: [ParNew: 76023K->8511K(76800K), 0.0178526 secs] 1906129K->1905868K(3337904K), 0.0179431 secs] [Times: user=0.07 sys=0.00, real=0.02 secs] 
2018-01-08T10:09:24.510+0300: 8.839: [GC (Allocation Failure) 2018-01-08T10:09:24.510+0300: 8.839: [ParNew: 76238K->8509K(76800K), 0.0156519 secs] 1973594K->1973472K(3337904K), 0.0157424 secs] [Times: user=0.06 sys=0.00, real=0.01 secs] 
2018-01-08T10:09:24.653+0300: 8.982: [GC (Allocation Failure) 2018-01-08T10:09:24.653+0300: 8.982: [ParNew: 76797K->8510K(76800K), 0.0159969 secs] 2041760K->2007358K(3337904K), 0.0160863 secs] [Times: user=0.05 sys=0.01, real=0.02 secs] 
2018-01-08T10:09:24.836+0300: 9.165: [GC (Allocation Failure) 2018-01-08T10:09:24.836+0300: 9.165: [ParNew: 76798K->8512K(76800K), 0.0235356 secs] 2075646K->2029814K(3337904K), 0.0236432 secs] [Times: user=0.06 sys=0.00, real=0.03 secs] 
2018-01-08T10:09:24.977+0300: 9.306: [GC (Allocation Failure) 2018-01-08T10:09:24.977+0300: 9.306: [ParNew: 76717K->8511K(76800K), 0.0240594 secs] 2098019K->2067108K(3337904K), 0.0241634 secs] [Times: user=0.07 sys=0.00, real=0.02 secs] 
2018-01-08T10:09:25.013+0300: 9.342: [GC (Allocation Failure) 2018-01-08T10:09:25.013+0300: 9.342: [ParNew: 76799K->8504K(76800K), 0.0163935 secs] 2135396K->2135261K(3337904K), 0.0164856 secs] [Times: user=0.07 sys=0.00, real=0.02 secs] 
2018-01-08T10:09:25.042+0300: 9.370: [GC (Allocation Failure) 2018-01-08T10:09:25.042+0300: 9.371: [ParNew: 76507K->8511K(76800K), 0.0158388 secs] 2203263K->2203202K(3337904K), 0.0159314 secs] [Times: user=0.06 sys=0.00, real=0.02 secs] 
2018-01-08T10:09:25.069+0300: 9.398: [GC (Allocation Failure) 2018-01-08T10:09:25.069+0300: 9.398: [ParNew: 76710K->8510K(76800K), 0.0174634 secs] 2271401K->2271286K(3337904K), 0.0175531 secs] [Times: user=0.06 sys=0.00, real=0.01 secs] 
2018-01-08T10:09:25.099+0300: 9.428: [GC (Allocation Failure) 2018-01-08T10:09:25.099+0300: 9.428: [ParNew: 76388K->8510K(76800K), 0.0156637 secs] 2339164K->2339072K(3337904K), 0.0157508 secs] [Times: user=0.06 sys=0.00, real=0.01 secs] 
2018-01-08T10:09:25.126+0300: 9.455: [GC (Allocation Failure) 2018-01-08T10:09:25.126+0300: 9.455: [ParNew: 76453K->8511K(76800K), 0.0143933 secs] 2407015K->2406925K(3337904K), 0.0144789 secs] [Times: user=0.05 sys=0.00, real=0.02 secs] 
2018-01-08T10:09:25.152+0300: 9.481: [GC (Allocation Failure) 2018-01-08T10:09:25.153+0300: 9.481: [ParNew: 76218K->8487K(76800K), 0.0155209 secs] 2474632K->2474562K(3337904K), 0.0156065 secs] [Times: user=0.06 sys=0.00, real=0.01 secs] 
2018-01-08T10:09:25.180+0300: 9.509: [GC (Allocation Failure) 2018-01-08T10:09:25.180+0300: 9.509: [ParNew: 76449K->8509K(76800K), 0.0163295 secs] 2542525K->2542467K(3337904K), 0.0164163 secs] [Times: user=0.05 sys=0.00, real=0.01 secs] 
2018-01-08T10:09:25.208+0300: 9.537: [GC (Allocation Failure) 2018-01-08T10:09:25.208+0300: 9.537: [ParNew: 76483K->8510K(76800K), 0.0154748 secs] 2610441K->2610332K(3337904K), 0.0155661 secs] [Times: user=0.06 sys=0.00, real=0.02 secs] 
2018-01-08T10:09:25.236+0300: 9.564: [GC (Allocation Failure) 2018-01-08T10:09:25.236+0300: 9.564: [ParNew: 76716K->8510K(76800K), 0.0157062 secs] 2678538K->2678442K(3337904K), 0.0157930 secs] [Times: user=0.06 sys=0.00, real=0.02 secs] 
2018-01-08T10:09:25.263+0300: 9.592: [GC (Allocation Failure) 2018-01-08T10:09:25.263+0300: 9.592: [ParNew: 76256K->8503K(76800K), 0.0161358 secs] 2746188K->2746130K(3337904K), 0.0162215 secs] [Times: user=0.06 sys=0.00, real=0.02 secs] 
2018-01-08T10:09:25.292+0300: 9.621: [GC (Allocation Failure) 2018-01-08T10:09:25.292+0300: 9.621: [ParNew: 76463K->8508K(76800K), 0.0152851 secs] 2814090K->2813944K(3337904K), 0.0153768 secs] [Times: user=0.06 sys=0.00, real=0.01 secs] 
2018-01-08T10:09:25.319+0300: 9.648: [GC (Allocation Failure) 2018-01-08T10:09:25.319+0300: 9.648: [ParNew: 76411K->8509K(76800K), 0.0154149 secs] 2881847K->2881389K(3337904K), 0.0155032 secs] [Times: user=0.06 sys=0.00, real=0.01 secs] 
2018-01-08T10:09:25.347+0300: 9.675: [GC (Allocation Failure) 2018-01-08T10:09:25.347+0300: 9.675: [ParNew: 76690K->8511K(76800K), 0.0148498 secs] 2949570K->2949510K(3337904K), 0.0149384 secs] [Times: user=0.06 sys=0.01, real=0.02 secs] 
2018-01-08T10:09:25.362+0300: 9.691: [GC (CMS Initial Mark) [1 CMS-initial-mark: 2940998K(3261104K)] 2951059K(3337904K), 0.0002699 secs] [Times: user=0.00 sys=0.00, real=0.00 secs] 
2018-01-08T10:09:25.362+0300: 9.691: [CMS-concurrent-mark-start]
2018-01-08T10:09:25.374+0300: 9.703: [CMS-concurrent-mark: 0.012/0.012 secs] [Times: user=0.03 sys=0.00, real=0.01 secs] 
2018-01-08T10:09:25.374+0300: 9.703: [GC (Allocation Failure) 2018-01-08T10:09:25.375+0300: 9.703: [ParNew: 76532K->8510K(76800K), 0.0178752 secs] 3017530K->3017499K(3337904K), 0.0179332 secs] [Times: user=0.07 sys=0.00, real=0.02 secs] 
2018-01-08T10:09:25.393+0300: 9.721: [CMS-concurrent-preclean-start]
2018-01-08T10:09:25.398+0300: 9.727: [CMS-concurrent-preclean: 0.006/0.006 secs] [Times: user=0.00 sys=0.00, real=0.01 secs] 
2018-01-08T10:09:25.398+0300: 9.727: [CMS-concurrent-abortable-preclean-start]
2018-01-08T10:09:25.404+0300: 9.733: [GC (Allocation Failure) 2018-01-08T10:09:25.404+0300: 9.733: [ParNew: 76434K->8511K(76800K), 0.0147020 secs] 3085424K->3085361K(3337904K), 0.0147875 secs] [Times: user=0.06 sys=0.00, real=0.02 secs] 
2018-01-08T10:09:25.419+0300: 9.748: [CMS-concurrent-abortable-preclean: 0.005/0.021 secs] [Times: user=0.08 sys=0.00, real=0.02 secs] 
2018-01-08T10:09:25.419+0300: 9.748: [GC (CMS Final Remark) [YG occupancy: 10245 K (76800 K)]2018-01-08T10:09:25.419+0300: 9.748: [Rescan (parallel) , 0.0015401 secs]2018-01-08T10:09:25.421+0300: 9.750: [weak refs processing, 0.0000254 secs]2018-01-08T10:09:25.421+0300: 9.750: [class unloading, 0.0004042 secs]2018-01-08T10:09:25.421+0300: 9.750: [scrub symbol table, 0.0003155 secs]2018-01-08T10:09:25.422+0300: 9.750: [scrub string table, 0.0002090 secs][1 CMS-remark: 3076849K(3261104K)] 3087095K(3337904K), 0.0025917 secs] [Times: user=0.00 sys=0.00, real=0.00 secs] 
2018-01-08T10:09:25.422+0300: 9.751: [CMS-concurrent-sweep-start]
2018-01-08T10:09:25.425+0300: 9.754: [CMS-concurrent-sweep: 0.003/0.003 secs] [Times: user=0.01 sys=0.00, real=0.00 secs] 
2018-01-08T10:09:25.425+0300: 9.754: [CMS-concurrent-reset-start]
2018-01-08T10:09:25.436+0300: 9.765: [CMS-concurrent-reset: 0.011/0.011 secs] [Times: user=0.02 sys=0.00, real=0.01 secs] 
2018-01-08T10:09:25.437+0300: 9.765: [GC (Allocation Failure) 2018-01-08T10:09:25.437+0300: 9.765: [ParNew: 76241K->8500K(76800K), 0.0152083 secs] 1108709K->1108561K(3337904K), 0.0152681 secs] [Times: user=0.06 sys=0.00, real=0.02 secs] 
2018-01-08T10:09:25.464+0300: 9.792: [GC (Allocation Failure) 2018-01-08T10:09:25.464+0300: 9.792: [ParNew: 76509K->8503K(76800K), 0.0156675 secs] 1176570K->1176439K(3337904K), 0.0157557 secs] [Times: user=0.06 sys=0.00, real=0.02 secs] 
2018-01-08T10:09:25.492+0300: 9.821: [GC (Allocation Failure) 2018-01-08T10:09:25.492+0300: 9.821: [ParNew: 76759K->8503K(76800K), 0.0156794 secs] 1244695K->1244620K(3337904K), 0.0157854 secs] [Times: user=0.06 sys=0.00, real=0.01 secs] 
2018-01-08T10:09:25.520+0300: 9.848: [GC (Allocation Failure) 2018-01-08T10:09:25.520+0300: 9.848: [ParNew: 76757K->8511K(76800K), 0.0147791 secs] 1312874K->1312767K(3337904K), 0.0148666 secs] [Times: user=0.06 sys=0.00, real=0.01 secs] 
2018-01-08T10:09:25.546+0300: 9.875: [GC (Allocation Failure) 2018-01-08T10:09:25.546+0300: 9.875: [ParNew: 76205K->8508K(76800K), 0.0145638 secs] 1380461K->1380341K(3337904K), 0.0146569 secs] [Times: user=0.06 sys=0.00, real=0.02 secs] 
2018-01-08T10:09:25.573+0300: 9.901: [GC (Allocation Failure) 2018-01-08T10:09:25.573+0300: 9.902: [ParNew: 76319K->8505K(76800K), 0.0167480 secs] 1448152K->1448054K(3337904K), 0.0168637 secs] [Times: user=0.05 sys=0.00, real=0.02 secs] 
2018-01-08T10:09:25.602+0300: 9.931: [GC (Allocation Failure) 2018-01-08T10:09:25.602+0300: 9.931: [ParNew: 76739K->8510K(76800K), 0.0152508 secs] 1516288K->1516205K(3337904K), 0.0153377 secs] [Times: user=0.06 sys=0.00, real=0.02 secs] 
2018-01-08T10:09:25.629+0300: 9.958: [GC (Allocation Failure) 2018-01-08T10:09:25.629+0300: 9.958: [ParNew: 76400K->8511K(76800K), 0.0158724 secs] 1584095K->1584000K(3337904K), 0.0159564 secs] [Times: user=0.06 sys=0.00, real=0.01 secs] 
2018-01-08T10:09:25.657+0300: 9.986: [GC (Allocation Failure) 2018-01-08T10:09:25.657+0300: 9.986: [ParNew: 76799K->8510K(76800K), 0.0143057 secs] 1652288K->1652118K(3337904K), 0.0144007 secs] [Times: user=0.05 sys=0.00, real=0.01 secs] 
2018-01-08T10:09:25.684+0300: 10.013: [GC (Allocation Failure) 2018-01-08T10:09:25.684+0300: 10.013: [ParNew: 76637K->8510K(76800K), 0.0156488 secs] 1720245K->1720152K(3337904K), 0.0157475 secs] [Times: user=0.06 sys=0.00, real=0.02 secs] 
2018-01-08T10:09:25.712+0300: 10.040: [GC (Allocation Failure) 2018-01-08T10:09:25.712+0300: 10.040: [ParNew: 76498K->8506K(76800K), 0.0155763 secs] 1788140K->1788063K(3337904K), 0.0156603 secs] [Times: user=0.06 sys=0.00, real=0.01 secs] 
2018-01-08T10:09:25.739+0300: 10.068: [GC (Allocation Failure) 2018-01-08T10:09:25.739+0300: 10.068: [ParNew: 76353K->8510K(76800K), 0.0152469 secs] 1855910K->1855851K(3337904K), 0.0153374 secs] [Times: user=0.06 sys=0.00, real=0.01 secs] 
2018-01-08T10:09:25.766+0300: 10.095: [GC (Allocation Failure) 2018-01-08T10:09:25.766+0300: 10.095: [ParNew: 76319K->8510K(76800K), 0.0152726 secs] 1923660K->1923377K(3337904K), 0.0153555 secs] [Times: user=0.06 sys=0.00, real=0.02 secs] 
2018-01-08T10:09:25.823+0300: 10.152: [GC (Allocation Failure) 2018-01-08T10:09:25.823+0300: 10.152: [ParNew: 76798K->8510K(76800K), 0.0160142 secs] 1991665K->1983946K(3337904K), 0.0161029 secs] [Times: user=0.07 sys=0.00, real=0.02 secs] 
2018-01-08T10:09:26.011+0300: 10.339: [GC (Allocation Failure) 2018-01-08T10:09:26.011+0300: 10.339: [ParNew: 76798K->8511K(76800K), 0.0238157 secs] 2052234K->2006387K(3337904K), 0.0239041 secs] [Times: user=0.06 sys=0.00, real=0.02 secs] 
2018-01-08T10:09:26.203+0300: 10.532: [GC (Allocation Failure) 2018-01-08T10:09:26.203+0300: 10.532: [ParNew: 76799K->8512K(76800K), 0.0210021 secs] 2074675K->2028832K(3337904K), 0.0210887 secs] [Times: user=0.07 sys=0.00, real=0.02 secs] 
2018-01-08T10:09:26.278+0300: 10.606: [GC (Allocation Failure) 2018-01-08T10:09:26.278+0300: 10.606: [ParNew: 76071K->8511K(76800K), 0.0228185 secs] 2096392K->2084512K(3337904K), 0.0229059 secs] [Times: user=0.06 sys=0.00, real=0.02 secs] 
2018-01-08T10:09:26.312+0300: 10.641: [GC (Allocation Failure) 2018-01-08T10:09:26.312+0300: 10.641: [ParNew: 76377K->8510K(76800K), 0.0186991 secs] 2152377K->2152270K(3337904K), 0.0187888 secs] [Times: user=0.05 sys=0.00, real=0.02 secs] 
2018-01-08T10:09:26.343+0300: 10.672: [GC (Allocation Failure) 2018-01-08T10:09:26.343+0300: 10.672: [ParNew: 76349K->8507K(76800K), 0.0171546 secs] 2220109K->2219836K(3337904K), 0.0172510 secs] [Times: user=0.05 sys=0.00, real=0.02 secs] 
2018-01-08T10:09:26.371+0300: 10.700: [GC (Allocation Failure) 2018-01-08T10:09:26.371+0300: 10.700: [ParNew: 76795K->8510K(76800K), 0.0156641 secs] 2288124K->2287360K(3337904K), 0.0157760 secs] [Times: user=0.06 sys=0.00, real=0.01 secs] 
2018-01-08T10:09:26.399+0300: 10.728: [GC (Allocation Failure) 2018-01-08T10:09:26.399+0300: 10.728: [ParNew: 76465K->8507K(76800K), 0.0158289 secs] 2355315K->2355166K(3337904K), 0.0159232 secs] [Times: user=0.05 sys=0.00, real=0.01 secs] 
2018-01-08T10:09:26.427+0300: 10.756: [GC (Allocation Failure) 2018-01-08T10:09:26.427+0300: 10.756: [ParNew: 76730K->8507K(76800K), 0.0154876 secs] 2423388K->2423183K(3337904K), 0.0155754 secs] [Times: user=0.06 sys=0.00, real=0.02 secs] 
2018-01-08T10:09:26.455+0300: 10.784: [GC (Allocation Failure) 2018-01-08T10:09:26.455+0300: 10.784: [ParNew: 76705K->8510K(76800K), 0.0154064 secs] 2491381K->2491312K(3337904K), 0.0154936 secs] [Times: user=0.06 sys=0.00, real=0.02 secs] 
2018-01-08T10:09:26.482+0300: 10.811: [GC (Allocation Failure) 2018-01-08T10:09:26.482+0300: 10.811: [ParNew: 76175K->8505K(76800K), 0.0158799 secs] 2558977K->2558881K(3337904K), 0.0159626 secs] [Times: user=0.06 sys=0.00, real=0.02 secs] 
2018-01-08T10:09:26.510+0300: 10.838: [GC (Allocation Failure) 2018-01-08T10:09:26.510+0300: 10.838: [ParNew: 76518K->8510K(76800K), 0.0155009 secs] 2626894K->2626771K(3337904K), 0.0155977 secs] [Times: user=0.06 sys=0.00, real=0.01 secs] 
2018-01-08T10:09:26.537+0300: 10.866: [GC (Allocation Failure) 2018-01-08T10:09:26.537+0300: 10.866: [ParNew: 76560K->8509K(76800K), 0.0152596 secs] 2694821K->2694675K(3337904K), 0.0153542 secs] [Times: user=0.06 sys=0.00, real=0.01 secs] 
2018-01-08T10:09:26.564+0300: 10.893: [GC (Allocation Failure) 2018-01-08T10:09:26.564+0300: 10.893: [ParNew: 76742K->8511K(76800K), 0.0155595 secs] 2762908K->2762696K(3337904K), 0.0156436 secs] [Times: user=0.06 sys=0.00, real=0.02 secs] 
2018-01-08T10:09:26.591+0300: 10.920: [GC (Allocation Failure) 2018-01-08T10:09:26.591+0300: 10.920: [ParNew: 76415K->8510K(76800K), 0.0181606 secs] 2830599K->2830369K(3337904K), 0.0182480 secs] [Times: user=0.07 sys=0.00, real=0.02 secs] 
2018-01-08T10:09:26.621+0300: 10.950: [GC (Allocation Failure) 2018-01-08T10:09:26.621+0300: 10.950: [ParNew: 76706K->8508K(76800K), 0.0155319 secs] 2898565K->2898463K(3337904K), 0.0156157 secs] [Times: user=0.06 sys=0.00, real=0.02 secs] 
2018-01-08T10:09:26.649+0300: 10.978: [GC (Allocation Failure) 2018-01-08T10:09:26.649+0300: 10.978: [ParNew: 76723K->8510K(76800K), 0.0150469 secs] 2966678K->2966598K(3337904K), 0.0151350 secs] [Times: user=0.06 sys=0.00, real=0.01 secs] 
2018-01-08T10:09:26.665+0300: 10.993: [GC (CMS Initial Mark) [1 CMS-initial-mark: 2958088K(3261104K)] 2970667K(3337904K), 0.0003144 secs] [Times: user=0.00 sys=0.00, real=0.00 secs] 
2018-01-08T10:09:26.665+0300: 10.994: [CMS-concurrent-mark-start]
2018-01-08T10:09:26.674+0300: 11.003: [CMS-concurrent-mark: 0.009/0.009 secs] [Times: user=0.03 sys=0.00, real=0.01 secs] 
2018-01-08T10:09:26.674+0300: 11.003: [CMS-concurrent-preclean-start]
2018-01-08T10:09:26.677+0300: 11.006: [GC (Allocation Failure) 2018-01-08T10:09:26.677+0300: 11.006: [ParNew: 76480K->8509K(76800K), 0.0157865 secs] 3034568K->3034460K(3337904K), 0.0158782 secs] [Times: user=0.06 sys=0.00, real=0.01 secs] 
2018-01-08T10:09:26.696+0300: 11.025: [CMS-concurrent-preclean: 0.006/0.022 secs] [Times: user=0.07 sys=0.00, real=0.02 secs] 
2018-01-08T10:09:26.696+0300: 11.025: [CMS-concurrent-abortable-preclean-start]
2018-01-08T10:09:26.708+0300: 11.037: [GC (Allocation Failure) 2018-01-08T10:09:26.708+0300: 11.037: [ParNew: 76756K->8509K(76800K), 0.0152903 secs] 3102707K->3102583K(3337904K), 0.0153981 secs] [Times: user=0.06 sys=0.00, real=0.02 secs] 
2018-01-08T10:09:26.724+0300: 11.052: [CMS-concurrent-abortable-preclean: 0.012/0.027 secs] [Times: user=0.08 sys=0.00, real=0.03 secs] 
2018-01-08T10:09:26.724+0300: 11.052: [GC (CMS Final Remark) [YG occupancy: 9266 K (76800 K)]2018-01-08T10:09:26.724+0300: 11.052: [Rescan (parallel) , 0.0020280 secs]2018-01-08T10:09:26.726+0300: 11.054: [weak refs processing, 0.0000290 secs]2018-01-08T10:09:26.726+0300: 11.054: [class unloading, 0.0003951 secs]2018-01-08T10:09:26.726+0300: 11.055: [scrub symbol table, 0.0003026 secs]2018-01-08T10:09:26.726+0300: 11.055: [scrub string table, 0.0002049 secs][1 CMS-remark: 3094073K(3261104K)] 3103340K(3337904K), 0.0030736 secs] [Times: user=0.01 sys=0.00, real=0.00 secs] 
2018-01-08T10:09:26.727+0300: 11.056: [CMS-concurrent-sweep-start]
2018-01-08T10:09:26.730+0300: 11.059: [CMS-concurrent-sweep: 0.003/0.003 secs] [Times: user=0.00 sys=0.00, real=0.01 secs] 
2018-01-08T10:09:26.730+0300: 11.059: [CMS-concurrent-reset-start]
2018-01-08T10:09:26.741+0300: 11.070: [CMS-concurrent-reset: 0.011/0.011 secs] [Times: user=0.02 sys=0.00, real=0.01 secs] 
2018-01-08T10:09:26.742+0300: 11.070: [GC (Allocation Failure) 2018-01-08T10:09:26.742+0300: 11.070: [ParNew: 76103K->8509K(76800K), 0.0140240 secs] 1136123K->1135808K(3337904K), 0.0140764 secs] [Times: user=0.05 sys=0.00, real=0.01 secs] 
2018-01-08T10:09:26.768+0300: 11.097: [GC (Allocation Failure) 2018-01-08T10:09:26.768+0300: 11.097: [ParNew: 76615K->8504K(76800K), 0.0152586 secs] 1203914K->1203495K(3337904K), 0.0153454 secs] [Times: user=0.06 sys=0.00, real=0.02 secs] 
2018-01-08T10:09:26.795+0300: 11.124: [GC (Allocation Failure) 2018-01-08T10:09:26.795+0300: 11.124: [ParNew: 76600K->8510K(76800K), 0.0173642 secs] 1271590K->1271508K(3337904K), 0.0174661 secs] [Times: user=0.06 sys=0.00, real=0.02 secs] 
2018-01-08T10:09:26.824+0300: 11.153: [GC (Allocation Failure) 2018-01-08T10:09:26.824+0300: 11.153: [ParNew: 76279K->8507K(76800K), 0.0156162 secs] 1339277K->1339194K(3337904K), 0.0157054 secs] [Times: user=0.06 sys=0.00, real=0.02 secs] 
2018-01-08T10:09:26.854+0300: 11.183: [GC (Allocation Failure) 2018-01-08T10:09:26.854+0300: 11.183: [ParNew: 76457K->8508K(76800K), 0.0162222 secs] 1407143K->1407005K(3337904K), 0.0163079 secs] [Times: user=0.06 sys=0.00, real=0.02 secs] 
2018-01-08T10:09:26.883+0300: 11.211: [GC (Allocation Failure) 2018-01-08T10:09:26.883+0300: 11.211: [ParNew: 76796K->8497K(76800K), 0.0172892 secs] 1475293K->1475022K(3337904K), 0.0173837 secs] [Times: user=0.06 sys=0.00, real=0.02 secs] 
2018-01-08T10:09:26.912+0300: 11.241: [GC (Allocation Failure) 2018-01-08T10:09:26.912+0300: 11.241: [ParNew: 76407K->8509K(76800K), 0.0160383 secs] 1542932K->1542756K(3337904K), 0.0161233 secs] [Times: user=0.06 sys=0.00, real=0.01 secs] 
2018-01-08T10:09:26.941+0300: 11.269: [GC (Allocation Failure) 2018-01-08T10:09:26.941+0300: 11.269: [ParNew: 76190K->8507K(76800K), 0.0165244 secs] 1610438K->1610380K(3337904K), 0.0166214 secs] [Times: user=0.07 sys=0.00, real=0.02 secs] 
2018-01-08T10:09:26.970+0300: 11.298: [GC (Allocation Failure) 2018-01-08T10:09:26.970+0300: 11.298: [ParNew: 76795K->8511K(76800K), 0.0176612 secs] 1678668K->1678551K(3337904K), 0.0177515 secs] [Times: user=0.06 sys=0.00, real=0.01 secs] 
2018-01-08T10:09:26.999+0300: 11.328: [GC (Allocation Failure) 2018-01-08T10:09:26.999+0300: 11.328: [ParNew: 76746K->8505K(76800K), 0.0150116 secs] 1746785K->1746714K(3337904K), 0.0151056 secs] [Times: user=0.06 sys=0.00, real=0.01 secs] 
2018-01-08T10:09:27.026+0300: 11.354: [GC (Allocation Failure) 2018-01-08T10:09:27.026+0300: 11.354: [ParNew: 76203K->8504K(76800K), 0.0156873 secs] 1814412K->1814333K(3337904K), 0.0157736 secs] [Times: user=0.06 sys=0.00, real=0.02 secs] 
2018-01-08T10:09:27.053+0300: 11.381: [GC (Allocation Failure) 2018-01-08T10:09:27.053+0300: 11.381: [ParNew: 76792K->8510K(76800K), 0.0151042 secs] 1882621K->1882416K(3337904K), 0.0151826 secs] [Times: user=0.05 sys=0.00, real=0.01 secs] 
2018-01-08T10:09:27.080+0300: 11.408: [GC (Allocation Failure) 2018-01-08T10:09:27.080+0300: 11.408: [ParNew: 76323K->8510K(76800K), 0.0167634 secs] 1950230K->1950163K(3337904K), 0.0168461 secs] [Times: user=0.06 sys=0.00, real=0.01 secs] 
2018-01-08T10:09:27.127+0300: 11.456: [GC (Allocation Failure) 2018-01-08T10:09:27.127+0300: 11.456: [ParNew: 76798K->8509K(76800K), 0.0147355 secs] 2018451K->2012688K(3337904K), 0.0148196 secs] [Times: user=0.05 sys=0.00, real=0.02 secs] 
2018-01-08T10:09:27.307+0300: 11.636: [GC (Allocation Failure) 2018-01-08T10:09:27.307+0300: 11.636: [ParNew: 76797K->8510K(76800K), 0.0156619 secs] 2080976K->2035117K(3337904K), 0.0157485 secs] [Times: user=0.06 sys=0.00, real=0.02 secs] 
2018-01-08T10:09:27.488+0300: 11.817: [GC (Allocation Failure) 2018-01-08T10:09:27.488+0300: 11.817: [ParNew: 76798K->8512K(76800K), 0.0189195 secs] 2103405K->2057569K(3337904K), 0.0190104 secs] [Times: user=0.07 sys=0.00, real=0.02 secs] 
2018-01-08T10:09:27.566+0300: 11.895: [GC (Allocation Failure) 2018-01-08T10:09:27.566+0300: 11.895: [ParNew: 76277K->8510K(76800K), 0.0224245 secs] 2125335K->2111494K(3337904K), 0.0225174 secs] [Times: user=0.08 sys=0.00, real=0.02 secs] 
2018-01-08T10:09:27.600+0300: 11.929: [GC (Allocation Failure) 2018-01-08T10:09:27.600+0300: 11.929: [ParNew: 76413K->8510K(76800K), 0.0159773 secs] 2179397K->2179269K(3337904K), 0.0160676 secs] [Times: user=0.06 sys=0.00, real=0.01 secs] 
2018-01-08T10:09:27.628+0300: 11.956: [GC (Allocation Failure) 2018-01-08T10:09:27.628+0300: 11.956: [ParNew: 76647K->8511K(76800K), 0.0156748 secs] 2247406K->2247289K(3337904K), 0.0157708 secs] [Times: user=0.06 sys=0.00, real=0.02 secs] 
2018-01-08T10:09:27.656+0300: 11.985: [GC (Allocation Failure) 2018-01-08T10:09:27.656+0300: 11.985: [ParNew: 76597K->8473K(76800K), 0.0158543 secs] 2315375K->2315309K(3337904K), 0.0159409 secs] [Times: user=0.06 sys=0.00, real=0.02 secs] 
2018-01-08T10:09:27.684+0300: 12.012: [GC (Allocation Failure) 2018-01-08T10:09:27.684+0300: 12.012: [ParNew: 76143K->8482K(76800K), 0.0192337 secs] 2382979K->2382642K(3337904K), 0.0193311 secs] [Times: user=0.06 sys=0.00, real=0.02 secs] 
2018-01-08T10:09:27.715+0300: 12.043: [GC (Allocation Failure) 2018-01-08T10:09:27.715+0300: 12.043: [ParNew: 76278K->8509K(76800K), 0.0155380 secs] 2450438K->2450350K(3337904K), 0.0156286 secs] [Times: user=0.06 sys=0.00, real=0.02 secs] 
2018-01-08T10:09:27.742+0300: 12.071: [GC (Allocation Failure) 2018-01-08T10:09:27.742+0300: 12.071: [ParNew: 76497K->8509K(76800K), 0.0161054 secs] 2518338K->2518261K(3337904K), 0.0161998 secs] [Times: user=0.06 sys=0.00, real=0.02 secs] 
2018-01-08T10:09:27.770+0300: 12.098: [GC (Allocation Failure) 2018-01-08T10:09:27.770+0300: 12.098: [ParNew: 76703K->8509K(76800K), 0.0197463 secs] 2586455K->2586358K(3337904K), 0.0198415 secs] [Times: user=0.06 sys=0.00, real=0.02 secs] 
2018-01-08T10:09:27.802+0300: 12.131: [GC (Allocation Failure) 2018-01-08T10:09:27.802+0300: 12.131: [ParNew: 76642K->8509K(76800K), 0.0156006 secs] 2654491K->2654438K(3337904K), 0.0156940 secs] [Times: user=0.06 sys=0.00, real=0.02 secs] 
2018-01-08T10:09:27.829+0300: 12.158: [GC (Allocation Failure) 2018-01-08T10:09:27.829+0300: 12.158: [ParNew: 76730K->8510K(76800K), 0.0151395 secs] 2722659K->2722580K(3337904K), 0.0152273 secs] [Times: user=0.06 sys=0.00, real=0.01 secs] 
2018-01-08T10:09:27.857+0300: 12.186: [GC (Allocation Failure) 2018-01-08T10:09:27.857+0300: 12.186: [ParNew: 76651K->8496K(76800K), 0.0157013 secs] 2790722K->2790639K(3337904K), 0.0157929 secs] [Times: user=0.06 sys=0.01, real=0.01 secs] 
2018-01-08T10:09:27.886+0300: 12.214: [GC (Allocation Failure) 2018-01-08T10:09:27.886+0300: 12.214: [ParNew: 76382K->8510K(76800K), 0.0170358 secs] 2858525K->2858419K(3337904K), 0.0171247 secs] [Times: user=0.06 sys=0.00, real=0.02 secs] 
2018-01-08T10:09:27.915+0300: 12.243: [GC (Allocation Failure) 2018-01-08T10:09:27.915+0300: 12.243: [ParNew: 76760K->8506K(76800K), 0.0154318 secs] 2926670K->2925924K(3337904K), 0.0155260 secs] [Times: user=0.06 sys=0.00, real=0.02 secs] 
2018-01-08T10:09:27.942+0300: 12.271: [GC (Allocation Failure) 2018-01-08T10:09:27.942+0300: 12.271: [ParNew: 76488K->8508K(76800K), 0.0172974 secs] 2993906K->2993857K(3337904K), 0.0173892 secs] [Times: user=0.07 sys=0.00, real=0.02 secs] 
2018-01-08T10:09:27.960+0300: 12.289: [GC (CMS Initial Mark) [1 CMS-initial-mark: 2985348K(3261104K)] 2995531K(3337904K), 0.0001820 secs] [Times: user=0.00 sys=0.00, real=0.00 secs] 
2018-01-08T10:09:27.960+0300: 12.289: [CMS-concurrent-mark-start]
2018-01-08T10:09:27.972+0300: 12.300: [CMS-concurrent-mark: 0.012/0.012 secs] [Times: user=0.03 sys=0.00, real=0.01 secs] 
2018-01-08T10:09:27.972+0300: 12.301: [GC (Allocation Failure) 2018-01-08T10:09:27.972+0300: 12.301: [ParNew: 76309K->8501K(76800K), 0.0193878 secs] 3061658K->3061521K(3337904K), 0.0194551 secs] [Times: user=0.06 sys=0.00, real=0.02 secs] 
2018-01-08T10:09:27.991+0300: 12.320: [CMS-concurrent-preclean-start]
2018-01-08T10:09:27.997+0300: 12.326: [CMS-concurrent-preclean: 0.006/0.006 secs] [Times: user=0.01 sys=0.00, real=0.01 secs] 
2018-01-08T10:09:27.997+0300: 12.326: [CMS-concurrent-abortable-preclean-start]
2018-01-08T10:09:28.003+0300: 12.332: [GC (Allocation Failure) 2018-01-08T10:09:28.003+0300: 12.332: [ParNew: 76752K->8511K(76800K), 0.0156340 secs] 3129773K->3129672K(3337904K), 0.0157153 secs] [Times: user=0.06 sys=0.00, real=0.02 secs] 
2018-01-08T10:09:28.019+0300: 12.347: [CMS-concurrent-abortable-preclean: 0.005/0.022 secs] [Times: user=0.08 sys=0.00, real=0.02 secs] 
2018-01-08T10:09:28.019+0300: 12.348: [GC (CMS Final Remark) [YG occupancy: 10181 K (76800 K)]2018-01-08T10:09:28.019+0300: 12.348: [Rescan (parallel) , 0.0015354 secs]2018-01-08T10:09:28.020+0300: 12.349: [weak refs processing, 0.0000278 secs]2018-01-08T10:09:28.021+0300: 12.349: [class unloading, 0.0004226 secs]2018-01-08T10:09:28.021+0300: 12.350: [scrub symbol table, 0.0003109 secs]2018-01-08T10:09:28.021+0300: 12.350: [scrub string table, 0.0002073 secs][1 CMS-remark: 3121161K(3261104K)] 3131342K(3337904K), 0.0026178 secs] [Times: user=0.00 sys=0.00, real=0.00 secs] 
2018-01-08T10:09:28.022+0300: 12.350: [CMS-concurrent-sweep-start]
2018-01-08T10:09:28.026+0300: 12.354: [CMS-concurrent-sweep: 0.004/0.004 secs] [Times: user=0.01 sys=0.00, real=0.00 secs] 
2018-01-08T10:09:28.026+0300: 12.354: [CMS-concurrent-reset-start]
2018-01-08T10:09:28.036+0300: 12.365: [GC (Allocation Failure) 2018-01-08T10:09:28.036+0300: 12.365: [ParNew: 76799K->8507K(76800K), 0.0148829 secs] 1134190K->1133552K(3337904K), 0.0149659 secs] [Times: user=0.06 sys=0.00, real=0.02 secs] 
2018-01-08T10:09:28.052+0300: 12.381: [CMS-concurrent-reset: 0.011/0.026 secs] [Times: user=0.08 sys=0.00, real=0.03 secs] 
2018-01-08T10:09:28.063+0300: 12.392: [GC (Allocation Failure) 2018-01-08T10:09:28.063+0300: 12.392: [ParNew: 76193K->8508K(76800K), 0.0148631 secs] 1201238K->1200444K(3337904K), 0.0149529 secs] [Times: user=0.06 sys=0.00, real=0.02 secs] 
2018-01-08T10:09:28.090+0300: 12.419: [GC (Allocation Failure) 2018-01-08T10:09:28.090+0300: 12.419: [ParNew: 76602K->8507K(76800K), 0.0153149 secs] 1268538K->1268338K(3337904K), 0.0154003 secs] [Times: user=0.05 sys=0.00, real=0.01 secs] 
2018-01-08T10:09:28.117+0300: 12.446: [GC (Allocation Failure) 2018-01-08T10:09:28.118+0300: 12.446: [ParNew: 76774K->8491K(76800K), 0.0149907 secs] 1336604K->1336305K(3337904K), 0.0150736 secs] [Times: user=0.06 sys=0.00, real=0.01 secs] 
2018-01-08T10:09:28.144+0300: 12.473: [GC (Allocation Failure) 2018-01-08T10:09:28.144+0300: 12.473: [ParNew: 76243K->8498K(76800K), 0.0143507 secs] 1404057K->1403900K(3337904K), 0.0144407 secs] [Times: user=0.05 sys=0.00, real=0.02 secs] 
2018-01-08T10:09:28.170+0300: 12.499: [GC (Allocation Failure) 2018-01-08T10:09:28.170+0300: 12.499: [ParNew: 76317K->8510K(76800K), 0.0156098 secs] 1471719K->1471605K(3337904K), 0.0156917 secs] [Times: user=0.06 sys=0.00, real=0.01 secs] 
2018-01-08T10:09:28.197+0300: 12.526: [GC (Allocation Failure) 2018-01-08T10:09:28.197+0300: 12.526: [ParNew: 76318K->8494K(76800K), 0.0179164 secs] 1539413K->1539338K(3337904K), 0.0180063 secs] [Times: user=0.06 sys=0.00, real=0.01 secs] 
2018-01-08T10:09:28.228+0300: 12.556: [GC (Allocation Failure) 2018-01-08T10:09:28.228+0300: 12.556: [ParNew: 76748K->8505K(76800K), 0.0147520 secs] 1607593K->1607551K(3337904K), 0.0148409 secs] [Times: user=0.06 sys=0.00, real=0.02 secs] 
2018-01-08T10:09:28.254+0300: 12.583: [GC (Allocation Failure) 2018-01-08T10:09:28.254+0300: 12.583: [ParNew: 76776K->8506K(76800K), 0.0148039 secs] 1675822K->1675741K(3337904K), 0.0148907 secs] [Times: user=0.06 sys=0.00, real=0.02 secs] 
2018-01-08T10:09:28.281+0300: 12.609: [GC (Allocation Failure) 2018-01-08T10:09:28.281+0300: 12.609: [ParNew: 76694K->8507K(76800K), 0.0140315 secs] 1743929K->1743842K(3337904K), 0.0141250 secs] [Times: user=0.05 sys=0.00, real=0.01 secs] 
2018-01-08T10:09:28.307+0300: 12.636: [GC (Allocation Failure) 2018-01-08T10:09:28.308+0300: 12.636: [ParNew: 76495K->8508K(76800K), 0.0153976 secs] 1811829K->1811757K(3337904K), 0.0154894 secs] [Times: user=0.06 sys=0.00, real=0.02 secs] 
2018-01-08T10:09:28.335+0300: 12.664: [GC (Allocation Failure) 2018-01-08T10:09:28.335+0300: 12.664: [ParNew: 76674K->8510K(76800K), 0.0148232 secs] 1879923K->1879853K(3337904K), 0.0149170 secs] [Times: user=0.05 sys=0.00, real=0.02 secs] 
2018-01-08T10:09:28.362+0300: 12.690: [GC (Allocation Failure) 2018-01-08T10:09:28.362+0300: 12.691: [ParNew: 76477K->8507K(76800K), 0.0155293 secs] 1947820K->1947670K(3337904K), 0.0156220 secs] [Times: user=0.06 sys=0.00, real=0.02 secs] 
2018-01-08T10:09:28.389+0300: 12.718: [GC (Allocation Failure) 2018-01-08T10:09:28.389+0300: 12.718: [ParNew: 76230K->8486K(76800K), 0.0171296 secs] 2015393K->2015335K(3337904K), 0.0172238 secs] [Times: user=0.06 sys=0.00, real=0.01 secs] 
2018-01-08T10:09:28.552+0300: 12.881: [GC (Allocation Failure) 2018-01-08T10:09:28.552+0300: 12.881: [ParNew: 76774K->8511K(76800K), 0.0170244 secs] 2083623K->2043299K(3337904K), 0.0171139 secs] [Times: user=0.07 sys=0.00, real=0.02 secs] 
2018-01-08T10:09:28.734+0300: 13.063: [GC (Allocation Failure) 2018-01-08T10:09:28.734+0300: 13.063: [ParNew: 76799K->8511K(76800K), 0.0177048 secs] 2111587K->2065715K(3337904K), 0.0177892 secs] [Times: user=0.06 sys=0.00, real=0.02 secs] 
Heap
 par new generation   total 76800K, used 48213K [0x00000006c7200000, 0x00000006cc550000, 0x00000006dbec0000)
  eden space 68288K,  58% used [0x00000006c7200000, 0x00000006c98c57a0, 0x00000006cb4b0000)
  from space 8512K,  99% used [0x00000006cb4b0000, 0x00000006cbcffeb8, 0x00000006cbd00000)
  to   space 8512K,   0% used [0x00000006cbd00000, 0x00000006cbd00000, 0x00000006cc550000)
 concurrent mark-sweep generation total 3261104K, used 2057203K [0x00000006dbec0000, 0x00000007a2f6c000, 0x00000007c0000000)
 Metaspace       used 3908K, capacity 4720K, committed 4864K, reserved 1056768K
  class space    used 442K, capacity 507K, committed 512K, reserved 1048576K
