Java HotSpot(TM) 64-Bit Server VM (25.60-b23) for linux-amd64 JRE (1.8.0_60-b27), built on Aug  4 2015 12:19:40 by "java_re" with gcc 4.3.0 20080428 (Red Hat 4.3.0-8)
Memory: 4k page, physical 16303120k(4152004k free), swap 3998716k(3963296k free)
CommandLine flags: -XX:G1HeapRegionSize=33554432 -XX:InitialHeapSize=260849920 -XX:MaxHeapSize=4173598720 -XX:+PrintGC -XX:+PrintGCDateStamps -XX:+PrintGCDetails -XX:+PrintGCTimeStamps -XX:+UseCompressedClassPointers -XX:+UseCompressedOops -XX:+UseG1GC 
2018-01-08T14:41:01.196+0300: 0.539: [GC pause (G1 Evacuation Pause) (young), 0.0091402 secs]
   [Parallel Time: 8.7 ms, GC Workers: 4]
      [GC Worker Start (ms): Min: 538.8, Avg: 538.9, Max: 538.9, Diff: 0.1]
      [Ext Root Scanning (ms): Min: 0.3, Avg: 0.4, Max: 0.5, Diff: 0.3, Sum: 1.5]
      [Update RS (ms): Min: 0.0, Avg: 0.0, Max: 0.0, Diff: 0.0, Sum: 0.0]
         [Processed Buffers: Min: 0, Avg: 0.0, Max: 0, Diff: 0, Sum: 0]
      [Scan RS (ms): Min: 0.0, Avg: 0.0, Max: 0.0, Diff: 0.0, Sum: 0.0]
      [Code Root Scanning (ms): Min: 0.0, Avg: 0.0, Max: 0.1, Diff: 0.1, Sum: 0.1]
      [Object Copy (ms): Min: 7.6, Avg: 7.9, Max: 8.2, Diff: 0.5, Sum: 31.6]
      [Termination (ms): Min: 0.0, Avg: 0.2, Max: 0.5, Diff: 0.5, Sum: 0.9]
         [Termination Attempts: Min: 1, Avg: 1.0, Max: 1, Diff: 0, Sum: 4]
      [GC Worker Other (ms): Min: 0.0, Avg: 0.0, Max: 0.0, Diff: 0.0, Sum: 0.1]
      [GC Worker Total (ms): Min: 8.5, Avg: 8.5, Max: 8.6, Diff: 0.1, Sum: 34.1]
      [GC Worker End (ms): Min: 547.4, Avg: 547.4, Max: 547.5, Diff: 0.1]
   [Code Root Fixup: 0.0 ms]
   [Code Root Purge: 0.1 ms]
   [Clear CT: 0.0 ms]
   [Other: 0.3 ms]
      [Choose CSet: 0.0 ms]
      [Ref Proc: 0.1 ms]
      [Ref Enq: 0.0 ms]
      [Redirty Cards: 0.0 ms]
      [Humongous Register: 0.0 ms]
      [Humongous Reclaim: 0.0 ms]
      [Free CSet: 0.0 ms]
   [Eden: 32.0M(32.0M)->0.0B(32.0M) Survivors: 0.0B->32.0M Heap: 32.0M(256.0M)->29.0M(256.0M)]
 [Times: user=0.02 sys=0.02, real=0.01 secs] 
2018-01-08T14:41:01.214+0300: 0.556: [GC pause (G1 Evacuation Pause) (young), 0.0128145 secs]
   [Parallel Time: 12.2 ms, GC Workers: 4]
      [GC Worker Start (ms): Min: 556.1, Avg: 557.6, Max: 558.6, Diff: 2.5]
      [Ext Root Scanning (ms): Min: 0.0, Avg: 0.2, Max: 0.7, Diff: 0.7, Sum: 0.8]
      [Update RS (ms): Min: 0.0, Avg: 0.0, Max: 0.0, Diff: 0.0, Sum: 0.0]
         [Processed Buffers: Min: 0, Avg: 0.0, Max: 0, Diff: 0, Sum: 0]
      [Scan RS (ms): Min: 0.0, Avg: 0.0, Max: 0.0, Diff: 0.0, Sum: 0.0]
      [Code Root Scanning (ms): Min: 0.0, Avg: 0.0, Max: 0.1, Diff: 0.1, Sum: 0.1]
      [Object Copy (ms): Min: 9.7, Avg: 10.3, Max: 11.1, Diff: 1.5, Sum: 41.0]
      [Termination (ms): Min: 0.0, Avg: 0.1, Max: 0.2, Diff: 0.2, Sum: 0.6]
         [Termination Attempts: Min: 1, Avg: 1.0, Max: 1, Diff: 0, Sum: 4]
      [GC Worker Other (ms): Min: 0.0, Avg: 0.0, Max: 0.0, Diff: 0.0, Sum: 0.0]
      [GC Worker Total (ms): Min: 9.7, Avg: 10.6, Max: 12.2, Diff: 2.5, Sum: 42.5]
      [GC Worker End (ms): Min: 568.2, Avg: 568.3, Max: 568.3, Diff: 0.0]
   [Code Root Fixup: 0.0 ms]
   [Code Root Purge: 0.0 ms]
   [Clear CT: 0.1 ms]
   [Other: 0.5 ms]
      [Choose CSet: 0.0 ms]
      [Ref Proc: 0.2 ms]
      [Ref Enq: 0.0 ms]
      [Redirty Cards: 0.2 ms]
      [Humongous Register: 0.0 ms]
      [Humongous Reclaim: 0.0 ms]
      [Free CSet: 0.0 ms]
   [Eden: 32.0M(32.0M)->0.0B(32.0M) Survivors: 32.0M->32.0M Heap: 61.0M(256.0M)->60.8M(256.0M)]
 [Times: user=0.02 sys=0.02, real=0.01 secs] 
2018-01-08T14:41:01.234+0300: 0.576: [GC pause (G1 Evacuation Pause) (young), 0.0166749 secs]
   [Parallel Time: 10.2 ms, GC Workers: 4]
      [GC Worker Start (ms): Min: 576.4, Avg: 578.9, Max: 586.5, Diff: 10.1]
      [Ext Root Scanning (ms): Min: 0.0, Avg: 0.2, Max: 0.3, Diff: 0.2, Sum: 0.7]
      [Update RS (ms): Min: 0.0, Avg: 0.0, Max: 0.0, Diff: 0.0, Sum: 0.0]
         [Processed Buffers: Min: 0, Avg: 0.8, Max: 1, Diff: 1, Sum: 3]
      [Scan RS (ms): Min: 0.0, Avg: 0.0, Max: 0.0, Diff: 0.0, Sum: 0.0]
      [Code Root Scanning (ms): Min: 0.0, Avg: 0.0, Max: 0.0, Diff: 0.0, Sum: 0.0]
      [Object Copy (ms): Min: 0.0, Avg: 7.3, Max: 9.7, Diff: 9.7, Sum: 29.1]
      [Termination (ms): Min: 0.0, Avg: 0.1, Max: 0.2, Diff: 0.2, Sum: 0.4]
         [Termination Attempts: Min: 1, Avg: 1.2, Max: 2, Diff: 1, Sum: 5]
      [GC Worker Other (ms): Min: 0.0, Avg: 0.0, Max: 0.0, Diff: 0.0, Sum: 0.0]
      [GC Worker Total (ms): Min: 0.0, Avg: 7.6, Max: 10.1, Diff: 10.1, Sum: 30.3]
      [GC Worker End (ms): Min: 586.5, Avg: 586.5, Max: 586.5, Diff: 0.0]
   [Code Root Fixup: 0.0 ms]
   [Code Root Purge: 0.0 ms]
   [Clear CT: 0.1 ms]
   [Other: 6.5 ms]
      [Choose CSet: 0.0 ms]
      [Ref Proc: 6.2 ms]
      [Ref Enq: 0.0 ms]
      [Redirty Cards: 0.2 ms]
      [Humongous Register: 0.0 ms]
      [Humongous Reclaim: 0.0 ms]
      [Free CSet: 0.0 ms]
   [Eden: 32.0M(32.0M)->0.0B(32.0M) Survivors: 32.0M->32.0M Heap: 92.8M(256.0M)->92.8M(256.0M)]
 [Times: user=0.03 sys=0.01, real=0.02 secs] 
2018-01-08T14:41:01.258+0300: 0.601: [GC pause (G1 Evacuation Pause) (young), 0.0139006 secs]
   [Parallel Time: 9.7 ms, GC Workers: 4]
      [GC Worker Start (ms): Min: 600.6, Avg: 603.0, Max: 610.2, Diff: 9.7]
      [Ext Root Scanning (ms): Min: 0.0, Avg: 0.1, Max: 0.2, Diff: 0.2, Sum: 0.6]
      [Update RS (ms): Min: 0.0, Avg: 0.0, Max: 0.0, Diff: 0.0, Sum: 0.1]
         [Processed Buffers: Min: 0, Avg: 1.2, Max: 2, Diff: 2, Sum: 5]
      [Scan RS (ms): Min: 0.0, Avg: 0.0, Max: 0.0, Diff: 0.0, Sum: 0.0]
      [Code Root Scanning (ms): Min: 0.0, Avg: 0.0, Max: 0.0, Diff: 0.0, Sum: 0.0]
      [Object Copy (ms): Min: 0.0, Avg: 7.0, Max: 9.5, Diff: 9.5, Sum: 28.1]
      [Termination (ms): Min: 0.0, Avg: 0.1, Max: 0.2, Diff: 0.2, Sum: 0.4]
         [Termination Attempts: Min: 1, Avg: 1.2, Max: 2, Diff: 1, Sum: 5]
      [GC Worker Other (ms): Min: 0.0, Avg: 0.0, Max: 0.0, Diff: 0.0, Sum: 0.0]
      [GC Worker Total (ms): Min: 0.1, Avg: 7.3, Max: 9.7, Diff: 9.6, Sum: 29.1]
      [GC Worker End (ms): Min: 610.3, Avg: 610.3, Max: 610.3, Diff: 0.0]
   [Code Root Fixup: 0.0 ms]
   [Code Root Purge: 0.0 ms]
   [Clear CT: 0.1 ms]
   [Other: 4.1 ms]
      [Choose CSet: 0.0 ms]
      [Ref Proc: 3.7 ms]
      [Ref Enq: 0.0 ms]
      [Redirty Cards: 0.1 ms]
      [Humongous Register: 0.0 ms]
      [Humongous Reclaim: 0.0 ms]
      [Free CSet: 0.0 ms]
   [Eden: 32.0M(32.0M)->0.0B(32.0M) Survivors: 32.0M->32.0M Heap: 124.8M(256.0M)->124.5M(512.0M)]
 [Times: user=0.03 sys=0.01, real=0.01 secs] 
2018-01-08T14:41:01.278+0300: 0.621: [GC pause (G1 Evacuation Pause) (young), 0.0130880 secs]
   [Parallel Time: 11.6 ms, GC Workers: 4]
      [GC Worker Start (ms): Min: 620.8, Avg: 621.0, Max: 621.2, Diff: 0.4]
      [Ext Root Scanning (ms): Min: 0.0, Avg: 0.1, Max: 0.3, Diff: 0.3, Sum: 0.5]
      [Update RS (ms): Min: 0.0, Avg: 0.0, Max: 0.0, Diff: 0.0, Sum: 0.0]
         [Processed Buffers: Min: 0, Avg: 1.0, Max: 4, Diff: 4, Sum: 4]
      [Scan RS (ms): Min: 0.0, Avg: 0.0, Max: 0.0, Diff: 0.0, Sum: 0.0]
      [Code Root Scanning (ms): Min: 0.0, Avg: 0.0, Max: 0.0, Diff: 0.0, Sum: 0.0]
      [Object Copy (ms): Min: 10.7, Avg: 11.0, Max: 11.1, Diff: 0.4, Sum: 43.8]
      [Termination (ms): Min: 0.0, Avg: 0.2, Max: 0.4, Diff: 0.4, Sum: 1.0]
         [Termination Attempts: Min: 1, Avg: 1.8, Max: 2, Diff: 1, Sum: 7]
      [GC Worker Other (ms): Min: 0.0, Avg: 0.0, Max: 0.0, Diff: 0.0, Sum: 0.0]
      [GC Worker Total (ms): Min: 11.2, Avg: 11.3, Max: 11.5, Diff: 0.4, Sum: 45.4]
      [GC Worker End (ms): Min: 632.3, Avg: 632.3, Max: 632.3, Diff: 0.0]
   [Code Root Fixup: 0.0 ms]
   [Code Root Purge: 0.0 ms]
   [Clear CT: 0.1 ms]
   [Other: 1.4 ms]
      [Choose CSet: 0.0 ms]
      [Ref Proc: 0.1 ms]
      [Ref Enq: 0.0 ms]
      [Redirty Cards: 0.8 ms]
      [Humongous Register: 0.0 ms]
      [Humongous Reclaim: 0.0 ms]
      [Free CSet: 0.0 ms]
   [Eden: 32.0M(32.0M)->0.0B(32.0M) Survivors: 32.0M->32.0M Heap: 156.5M(512.0M)->156.5M(1024.0M)]
 [Times: user=0.03 sys=0.01, real=0.01 secs] 
2018-01-08T14:41:01.299+0300: 0.641: [GC pause (G1 Evacuation Pause) (young), 0.0109986 secs]
   [Parallel Time: 10.0 ms, GC Workers: 4]
      [GC Worker Start (ms): Min: 641.2, Avg: 641.2, Max: 641.2, Diff: 0.1]
      [Ext Root Scanning (ms): Min: 0.1, Avg: 0.2, Max: 0.2, Diff: 0.1, Sum: 0.6]
      [Update RS (ms): Min: 0.0, Avg: 0.0, Max: 0.0, Diff: 0.0, Sum: 0.0]
         [Processed Buffers: Min: 0, Avg: 1.0, Max: 2, Diff: 2, Sum: 4]
      [Scan RS (ms): Min: 0.0, Avg: 0.0, Max: 0.0, Diff: 0.0, Sum: 0.0]
      [Code Root Scanning (ms): Min: 0.0, Avg: 0.0, Max: 0.0, Diff: 0.0, Sum: 0.0]
      [Object Copy (ms): Min: 7.8, Avg: 7.9, Max: 8.0, Diff: 0.2, Sum: 31.6]
      [Termination (ms): Min: 0.0, Avg: 0.1, Max: 0.2, Diff: 0.2, Sum: 0.3]
         [Termination Attempts: Min: 1, Avg: 2.0, Max: 3, Diff: 2, Sum: 8]
      [GC Worker Other (ms): Min: 0.0, Avg: 0.0, Max: 0.0, Diff: 0.0, Sum: 0.0]
      [GC Worker Total (ms): Min: 8.1, Avg: 8.2, Max: 8.2, Diff: 0.1, Sum: 32.7]
      [GC Worker End (ms): Min: 649.4, Avg: 649.4, Max: 649.4, Diff: 0.0]
   [Code Root Fixup: 0.0 ms]
   [Code Root Purge: 0.0 ms]
   [Clear CT: 0.2 ms]
   [Other: 0.8 ms]
      [Choose CSet: 0.0 ms]
      [Ref Proc: 0.2 ms]
      [Ref Enq: 0.0 ms]
      [Redirty Cards: 0.1 ms]
      [Humongous Register: 0.0 ms]
      [Humongous Reclaim: 0.0 ms]
      [Free CSet: 0.0 ms]
   [Eden: 32.0M(32.0M)->0.0B(32.0M) Survivors: 32.0M->32.0M Heap: 188.5M(1024.0M)->188.4M(1632.0M)]
 [Times: user=0.02 sys=0.01, real=0.01 secs] 
2018-01-08T14:41:01.321+0300: 0.663: [GC pause (G1 Evacuation Pause) (young), 0.0098895 secs]
   [Parallel Time: 9.1 ms, GC Workers: 4]
      [GC Worker Start (ms): Min: 663.2, Avg: 663.2, Max: 663.2, Diff: 0.1]
      [Ext Root Scanning (ms): Min: 0.1, Avg: 0.1, Max: 0.2, Diff: 0.1, Sum: 0.6]
      [Update RS (ms): Min: 0.0, Avg: 0.0, Max: 0.0, Diff: 0.0, Sum: 0.1]
         [Processed Buffers: Min: 1, Avg: 1.2, Max: 2, Diff: 1, Sum: 5]
      [Scan RS (ms): Min: 0.0, Avg: 0.0, Max: 0.0, Diff: 0.0, Sum: 0.0]
      [Code Root Scanning (ms): Min: 0.0, Avg: 0.0, Max: 0.0, Diff: 0.0, Sum: 0.0]
      [Object Copy (ms): Min: 8.7, Avg: 8.7, Max: 8.8, Diff: 0.1, Sum: 34.9]
      [Termination (ms): Min: 0.0, Avg: 0.1, Max: 0.1, Diff: 0.1, Sum: 0.3]
         [Termination Attempts: Min: 1, Avg: 1.2, Max: 2, Diff: 1, Sum: 5]
      [GC Worker Other (ms): Min: 0.0, Avg: 0.0, Max: 0.0, Diff: 0.0, Sum: 0.0]
      [GC Worker Total (ms): Min: 8.9, Avg: 9.0, Max: 9.0, Diff: 0.1, Sum: 35.9]
      [GC Worker End (ms): Min: 672.2, Avg: 672.2, Max: 672.2, Diff: 0.0]
   [Code Root Fixup: 0.0 ms]
   [Code Root Purge: 0.0 ms]
   [Clear CT: 0.1 ms]
   [Other: 0.7 ms]
      [Choose CSet: 0.0 ms]
      [Ref Proc: 0.1 ms]
      [Ref Enq: 0.0 ms]
      [Redirty Cards: 0.1 ms]
      [Humongous Register: 0.0 ms]
      [Humongous Reclaim: 0.0 ms]
      [Free CSet: 0.0 ms]
   [Eden: 32.0M(32.0M)->0.0B(64.0M) Survivors: 32.0M->32.0M Heap: 220.4M(1632.0M)->220.4M(2112.0M)]
 [Times: user=0.03 sys=0.01, real=0.01 secs] 
2018-01-08T14:41:01.351+0300: 0.693: [GC pause (G1 Evacuation Pause) (young), 0.0145901 secs]
   [Parallel Time: 13.7 ms, GC Workers: 4]
      [GC Worker Start (ms): Min: 693.0, Avg: 693.0, Max: 693.0, Diff: 0.1]
      [Ext Root Scanning (ms): Min: 0.1, Avg: 0.1, Max: 0.2, Diff: 0.1, Sum: 0.6]
      [Update RS (ms): Min: 0.0, Avg: 0.0, Max: 0.0, Diff: 0.0, Sum: 0.0]
         [Processed Buffers: Min: 0, Avg: 1.2, Max: 2, Diff: 2, Sum: 5]
      [Scan RS (ms): Min: 0.0, Avg: 0.0, Max: 0.0, Diff: 0.0, Sum: 0.0]
      [Code Root Scanning (ms): Min: 0.0, Avg: 0.0, Max: 0.0, Diff: 0.0, Sum: 0.0]
      [Object Copy (ms): Min: 13.3, Avg: 13.4, Max: 13.4, Diff: 0.1, Sum: 53.4]
      [Termination (ms): Min: 0.0, Avg: 0.0, Max: 0.1, Diff: 0.1, Sum: 0.2]
         [Termination Attempts: Min: 1, Avg: 1.0, Max: 1, Diff: 0, Sum: 4]
      [GC Worker Other (ms): Min: 0.0, Avg: 0.0, Max: 0.0, Diff: 0.0, Sum: 0.0]
      [GC Worker Total (ms): Min: 13.5, Avg: 13.6, Max: 13.6, Diff: 0.1, Sum: 54.3]
      [GC Worker End (ms): Min: 706.6, Avg: 706.6, Max: 706.6, Diff: 0.0]
   [Code Root Fixup: 0.0 ms]
   [Code Root Purge: 0.0 ms]
   [Clear CT: 0.3 ms]
   [Other: 0.6 ms]
      [Choose CSet: 0.0 ms]
      [Ref Proc: 0.1 ms]
      [Ref Enq: 0.0 ms]
      [Redirty Cards: 0.1 ms]
      [Humongous Register: 0.0 ms]
      [Humongous Reclaim: 0.0 ms]
      [Free CSet: 0.0 ms]
   [Eden: 64.0M(64.0M)->0.0B(64.0M) Survivors: 32.0M->32.0M Heap: 284.4M(2112.0M)->284.1M(2496.0M)]
 [Times: user=0.05 sys=0.00, real=0.01 secs] 
2018-01-08T14:41:01.385+0300: 0.727: [GC pause (G1 Evacuation Pause) (young), 0.0130252 secs]
   [Parallel Time: 12.1 ms, GC Workers: 4]
      [GC Worker Start (ms): Min: 727.4, Avg: 727.4, Max: 727.4, Diff: 0.1]
      [Ext Root Scanning (ms): Min: 0.1, Avg: 0.2, Max: 0.2, Diff: 0.1, Sum: 0.6]
      [Update RS (ms): Min: 0.0, Avg: 0.0, Max: 0.0, Diff: 0.0, Sum: 0.1]
         [Processed Buffers: Min: 1, Avg: 1.2, Max: 2, Diff: 1, Sum: 5]
      [Scan RS (ms): Min: 0.0, Avg: 0.0, Max: 0.0, Diff: 0.0, Sum: 0.0]
      [Code Root Scanning (ms): Min: 0.0, Avg: 0.0, Max: 0.0, Diff: 0.0, Sum: 0.0]
      [Object Copy (ms): Min: 11.5, Avg: 11.6, Max: 11.7, Diff: 0.3, Sum: 46.3]
      [Termination (ms): Min: 0.0, Avg: 0.2, Max: 0.3, Diff: 0.3, Sum: 0.7]
         [Termination Attempts: Min: 1, Avg: 1.0, Max: 1, Diff: 0, Sum: 4]
      [GC Worker Other (ms): Min: 0.0, Avg: 0.0, Max: 0.0, Diff: 0.0, Sum: 0.0]
      [GC Worker Total (ms): Min: 11.9, Avg: 11.9, Max: 12.0, Diff: 0.0, Sum: 47.8]
      [GC Worker End (ms): Min: 739.3, Avg: 739.3, Max: 739.4, Diff: 0.0]
   [Code Root Fixup: 0.0 ms]
   [Code Root Purge: 0.0 ms]
   [Clear CT: 0.2 ms]
   [Other: 0.7 ms]
      [Choose CSet: 0.0 ms]
      [Ref Proc: 0.1 ms]
      [Ref Enq: 0.0 ms]
      [Redirty Cards: 0.3 ms]
      [Humongous Register: 0.0 ms]
      [Humongous Reclaim: 0.0 ms]
      [Free CSet: 0.0 ms]
   [Eden: 64.0M(64.0M)->0.0B(96.0M) Survivors: 32.0M->32.0M Heap: 348.1M(2496.0M)->347.7M(2816.0M)]
 [Times: user=0.02 sys=0.02, real=0.02 secs] 
2018-01-08T14:41:01.427+0300: 0.769: [GC pause (G1 Evacuation Pause) (young), 0.0169595 secs]
   [Parallel Time: 16.0 ms, GC Workers: 4]
      [GC Worker Start (ms): Min: 769.1, Avg: 769.1, Max: 769.1, Diff: 0.0]
      [Ext Root Scanning (ms): Min: 0.1, Avg: 0.1, Max: 0.2, Diff: 0.0, Sum: 0.6]
      [Update RS (ms): Min: 0.0, Avg: 0.0, Max: 0.0, Diff: 0.0, Sum: 0.1]
         [Processed Buffers: Min: 1, Avg: 1.2, Max: 2, Diff: 1, Sum: 5]
      [Scan RS (ms): Min: 0.0, Avg: 0.0, Max: 0.0, Diff: 0.0, Sum: 0.0]
      [Code Root Scanning (ms): Min: 0.0, Avg: 0.0, Max: 0.0, Diff: 0.0, Sum: 0.0]
      [Object Copy (ms): Min: 15.6, Avg: 15.7, Max: 15.8, Diff: 0.2, Sum: 62.7]
      [Termination (ms): Min: 0.0, Avg: 0.1, Max: 0.2, Diff: 0.2, Sum: 0.3]
         [Termination Attempts: Min: 1, Avg: 1.0, Max: 1, Diff: 0, Sum: 4]
      [GC Worker Other (ms): Min: 0.0, Avg: 0.0, Max: 0.0, Diff: 0.0, Sum: 0.0]
      [GC Worker Total (ms): Min: 15.9, Avg: 15.9, Max: 15.9, Diff: 0.0, Sum: 63.7]
      [GC Worker End (ms): Min: 785.0, Avg: 785.0, Max: 785.1, Diff: 0.0]
   [Code Root Fixup: 0.0 ms]
   [Code Root Purge: 0.0 ms]
   [Clear CT: 0.2 ms]
   [Other: 0.8 ms]
      [Choose CSet: 0.0 ms]
      [Ref Proc: 0.1 ms]
      [Ref Enq: 0.0 ms]
      [Redirty Cards: 0.3 ms]
      [Humongous Register: 0.0 ms]
      [Humongous Reclaim: 0.0 ms]
      [Free CSet: 0.0 ms]
   [Eden: 96.0M(96.0M)->0.0B(96.0M) Survivors: 32.0M->32.0M Heap: 443.7M(2816.0M)->443.6M(3072.0M)]
 [Times: user=0.02 sys=0.04, real=0.02 secs] 
2018-01-08T14:41:01.472+0300: 0.814: [GC pause (G1 Evacuation Pause) (young), 0.0181446 secs]
   [Parallel Time: 17.2 ms, GC Workers: 4]
      [GC Worker Start (ms): Min: 814.6, Avg: 814.6, Max: 814.6, Diff: 0.1]
      [Ext Root Scanning (ms): Min: 0.1, Avg: 0.1, Max: 0.2, Diff: 0.1, Sum: 0.6]
      [Update RS (ms): Min: 0.0, Avg: 0.0, Max: 0.0, Diff: 0.0, Sum: 0.1]
         [Processed Buffers: Min: 1, Avg: 1.5, Max: 2, Diff: 1, Sum: 6]
      [Scan RS (ms): Min: 0.0, Avg: 0.0, Max: 0.0, Diff: 0.0, Sum: 0.0]
      [Code Root Scanning (ms): Min: 0.0, Avg: 0.0, Max: 0.0, Diff: 0.0, Sum: 0.0]
      [Object Copy (ms): Min: 16.8, Avg: 16.9, Max: 16.9, Diff: 0.1, Sum: 67.5]
      [Termination (ms): Min: 0.0, Avg: 0.1, Max: 0.1, Diff: 0.1, Sum: 0.2]
         [Termination Attempts: Min: 1, Avg: 1.0, Max: 1, Diff: 0, Sum: 4]
      [GC Worker Other (ms): Min: 0.0, Avg: 0.0, Max: 0.0, Diff: 0.0, Sum: 0.0]
      [GC Worker Total (ms): Min: 17.1, Avg: 17.1, Max: 17.2, Diff: 0.1, Sum: 68.5]
      [GC Worker End (ms): Min: 831.7, Avg: 831.7, Max: 831.7, Diff: 0.0]
   [Code Root Fixup: 0.0 ms]
   [Code Root Purge: 0.0 ms]
   [Clear CT: 0.2 ms]
   [Other: 0.7 ms]
      [Choose CSet: 0.0 ms]
      [Ref Proc: 0.2 ms]
      [Ref Enq: 0.0 ms]
      [Redirty Cards: 0.2 ms]
      [Humongous Register: 0.0 ms]
      [Humongous Reclaim: 0.0 ms]
      [Free CSet: 0.0 ms]
   [Eden: 96.0M(96.0M)->0.0B(128.0M) Survivors: 32.0M->32.0M Heap: 539.6M(3072.0M)->539.6M(3264.0M)]
 [Times: user=0.06 sys=0.02, real=0.02 secs] 
2018-01-08T14:41:01.526+0300: 0.869: [GC pause (G1 Evacuation Pause) (young), 0.0196906 secs]
   [Parallel Time: 19.2 ms, GC Workers: 4]
      [GC Worker Start (ms): Min: 868.6, Avg: 868.7, Max: 868.7, Diff: 0.1]
      [Ext Root Scanning (ms): Min: 0.1, Avg: 0.1, Max: 0.2, Diff: 0.1, Sum: 0.6]
      [Update RS (ms): Min: 0.0, Avg: 0.0, Max: 0.0, Diff: 0.0, Sum: 0.1]
         [Processed Buffers: Min: 1, Avg: 1.2, Max: 2, Diff: 1, Sum: 5]
      [Scan RS (ms): Min: 0.0, Avg: 0.0, Max: 0.0, Diff: 0.0, Sum: 0.0]
      [Code Root Scanning (ms): Min: 0.0, Avg: 0.0, Max: 0.0, Diff: 0.0, Sum: 0.0]
      [Object Copy (ms): Min: 18.8, Avg: 18.9, Max: 18.9, Diff: 0.1, Sum: 75.4]
      [Termination (ms): Min: 0.0, Avg: 0.0, Max: 0.1, Diff: 0.1, Sum: 0.1]
         [Termination Attempts: Min: 1, Avg: 1.2, Max: 2, Diff: 1, Sum: 5]
      [GC Worker Other (ms): Min: 0.0, Avg: 0.0, Max: 0.0, Diff: 0.0, Sum: 0.1]
      [GC Worker Total (ms): Min: 19.1, Avg: 19.1, Max: 19.1, Diff: 0.1, Sum: 76.3]
      [GC Worker End (ms): Min: 887.7, Avg: 887.8, Max: 887.8, Diff: 0.0]
   [Code Root Fixup: 0.0 ms]
   [Code Root Purge: 0.0 ms]
   [Clear CT: 0.1 ms]
   [Other: 0.4 ms]
      [Choose CSet: 0.0 ms]
      [Ref Proc: 0.1 ms]
      [Ref Enq: 0.0 ms]
      [Redirty Cards: 0.0 ms]
      [Humongous Register: 0.0 ms]
      [Humongous Reclaim: 0.0 ms]
      [Free CSet: 0.0 ms]
   [Eden: 128.0M(128.0M)->0.0B(128.0M) Survivors: 32.0M->32.0M Heap: 667.6M(3264.0M)->666.3M(3424.0M)]
 [Times: user=0.03 sys=0.04, real=0.02 secs] 
2018-01-08T14:41:01.583+0300: 0.925: [GC pause (G1 Evacuation Pause) (young), 0.0202260 secs]
   [Parallel Time: 19.6 ms, GC Workers: 4]
      [GC Worker Start (ms): Min: 925.2, Avg: 925.3, Max: 925.4, Diff: 0.2]
      [Ext Root Scanning (ms): Min: 0.0, Avg: 0.2, Max: 0.2, Diff: 0.2, Sum: 0.6]
      [Update RS (ms): Min: 0.0, Avg: 0.0, Max: 0.1, Diff: 0.1, Sum: 0.1]
         [Processed Buffers: Min: 1, Avg: 1.5, Max: 3, Diff: 2, Sum: 6]
      [Scan RS (ms): Min: 0.0, Avg: 0.0, Max: 0.0, Diff: 0.0, Sum: 0.0]
      [Code Root Scanning (ms): Min: 0.0, Avg: 0.0, Max: 0.0, Diff: 0.0, Sum: 0.0]
      [Object Copy (ms): Min: 18.9, Avg: 19.0, Max: 19.1, Diff: 0.2, Sum: 76.1]
      [Termination (ms): Min: 0.0, Avg: 0.1, Max: 0.2, Diff: 0.2, Sum: 0.5]
         [Termination Attempts: Min: 1, Avg: 1.0, Max: 1, Diff: 0, Sum: 4]
      [GC Worker Other (ms): Min: 0.0, Avg: 0.0, Max: 0.0, Diff: 0.0, Sum: 0.0]
      [GC Worker Total (ms): Min: 19.2, Avg: 19.4, Max: 19.4, Diff: 0.2, Sum: 77.4]
      [GC Worker End (ms): Min: 944.7, Avg: 944.7, Max: 944.7, Diff: 0.0]
   [Code Root Fixup: 0.0 ms]
   [Code Root Purge: 0.0 ms]
   [Clear CT: 0.1 ms]
   [Other: 0.6 ms]
      [Choose CSet: 0.0 ms]
      [Ref Proc: 0.2 ms]
      [Ref Enq: 0.0 ms]
      [Redirty Cards: 0.2 ms]
      [Humongous Register: 0.0 ms]
      [Humongous Reclaim: 0.0 ms]
      [Free CSet: 0.0 ms]
   [Eden: 128.0M(128.0M)->0.0B(160.0M) Survivors: 32.0M->32.0M Heap: 794.3M(3424.0M)->794.5M(3552.0M)]
 [Times: user=0.04 sys=0.04, real=0.02 secs] 
2018-01-08T14:41:01.645+0300: 0.987: [GC pause (G1 Evacuation Pause) (young), 0.0246920 secs]
   [Parallel Time: 24.2 ms, GC Workers: 4]
      [GC Worker Start (ms): Min: 987.4, Avg: 987.4, Max: 987.5, Diff: 0.1]
      [Ext Root Scanning (ms): Min: 0.1, Avg: 0.2, Max: 0.2, Diff: 0.1, Sum: 0.6]
      [Update RS (ms): Min: 0.0, Avg: 0.0, Max: 0.0, Diff: 0.0, Sum: 0.1]
         [Processed Buffers: Min: 1, Avg: 1.2, Max: 2, Diff: 1, Sum: 5]
      [Scan RS (ms): Min: 0.0, Avg: 0.0, Max: 0.0, Diff: 0.0, Sum: 0.0]
      [Code Root Scanning (ms): Min: 0.0, Avg: 0.0, Max: 0.0, Diff: 0.0, Sum: 0.0]
      [Object Copy (ms): Min: 23.7, Avg: 23.7, Max: 23.8, Diff: 0.2, Sum: 94.9]
      [Termination (ms): Min: 0.0, Avg: 0.1, Max: 0.2, Diff: 0.2, Sum: 0.4]
         [Termination Attempts: Min: 1, Avg: 1.0, Max: 1, Diff: 0, Sum: 4]
      [GC Worker Other (ms): Min: 0.0, Avg: 0.0, Max: 0.0, Diff: 0.0, Sum: 0.0]
      [GC Worker Total (ms): Min: 24.0, Avg: 24.0, Max: 24.1, Diff: 0.1, Sum: 96.1]
      [GC Worker End (ms): Min: 1011.5, Avg: 1011.5, Max: 1011.5, Diff: 0.0]
   [Code Root Fixup: 0.0 ms]
   [Code Root Purge: 0.0 ms]
   [Clear CT: 0.1 ms]
   [Other: 0.5 ms]
      [Choose CSet: 0.0 ms]
      [Ref Proc: 0.1 ms]
      [Ref Enq: 0.0 ms]
      [Redirty Cards: 0.1 ms]
      [Humongous Register: 0.0 ms]
      [Humongous Reclaim: 0.0 ms]
      [Free CSet: 0.0 ms]
   [Eden: 160.0M(160.0M)->0.0B(224.0M) Survivors: 32.0M->32.0M Heap: 954.5M(3552.0M)->954.7M(3648.0M)]
 [Times: user=0.07 sys=0.03, real=0.03 secs] 
2018-01-08T14:41:01.720+0300: 1.062: [GC pause (G1 Evacuation Pause) (young), 0.0340493 secs]
   [Parallel Time: 33.4 ms, GC Workers: 4]
      [GC Worker Start (ms): Min: 1062.2, Avg: 1062.3, Max: 1062.3, Diff: 0.1]
      [Ext Root Scanning (ms): Min: 0.1, Avg: 0.2, Max: 0.2, Diff: 0.1, Sum: 0.6]
      [Update RS (ms): Min: 0.0, Avg: 0.0, Max: 0.1, Diff: 0.0, Sum: 0.2]
         [Processed Buffers: Min: 1, Avg: 1.5, Max: 2, Diff: 1, Sum: 6]
      [Scan RS (ms): Min: 0.0, Avg: 0.0, Max: 0.0, Diff: 0.0, Sum: 0.0]
      [Code Root Scanning (ms): Min: 0.0, Avg: 0.0, Max: 0.0, Diff: 0.0, Sum: 0.0]
      [Object Copy (ms): Min: 32.9, Avg: 32.9, Max: 33.0, Diff: 0.1, Sum: 131.7]
      [Termination (ms): Min: 0.0, Avg: 0.1, Max: 0.2, Diff: 0.2, Sum: 0.4]
         [Termination Attempts: Min: 1, Avg: 1.0, Max: 1, Diff: 0, Sum: 4]
      [GC Worker Other (ms): Min: 0.0, Avg: 0.0, Max: 0.0, Diff: 0.0, Sum: 0.0]
      [GC Worker Total (ms): Min: 33.2, Avg: 33.2, Max: 33.3, Diff: 0.1, Sum: 133.0]
      [GC Worker End (ms): Min: 1095.5, Avg: 1095.5, Max: 1095.5, Diff: 0.0]
   [Code Root Fixup: 0.0 ms]
   [Code Root Purge: 0.0 ms]
   [Clear CT: 0.1 ms]
   [Other: 0.5 ms]
      [Choose CSet: 0.0 ms]
      [Ref Proc: 0.1 ms]
      [Ref Enq: 0.0 ms]
      [Redirty Cards: 0.2 ms]
      [Humongous Register: 0.0 ms]
      [Humongous Reclaim: 0.0 ms]
      [Free CSet: 0.0 ms]
   [Eden: 224.0M(224.0M)->0.0B(256.0M) Survivors: 32.0M->32.0M Heap: 1178.7M(3648.0M)->1179.4M(3744.0M)]
 [Times: user=0.08 sys=0.05, real=0.03 secs] 
2018-01-08T14:41:01.810+0300: 1.152: [GC pause (G1 Evacuation Pause) (young), 0.0380634 secs]
   [Parallel Time: 37.5 ms, GC Workers: 4]
      [GC Worker Start (ms): Min: 1152.0, Avg: 1152.1, Max: 1152.1, Diff: 0.1]
      [Ext Root Scanning (ms): Min: 0.1, Avg: 0.1, Max: 0.2, Diff: 0.1, Sum: 0.6]
      [Update RS (ms): Min: 0.0, Avg: 0.0, Max: 0.1, Diff: 0.0, Sum: 0.2]
         [Processed Buffers: Min: 1, Avg: 1.2, Max: 2, Diff: 1, Sum: 5]
      [Scan RS (ms): Min: 0.0, Avg: 0.0, Max: 0.0, Diff: 0.0, Sum: 0.0]
      [Code Root Scanning (ms): Min: 0.0, Avg: 0.0, Max: 0.0, Diff: 0.0, Sum: 0.0]
      [Object Copy (ms): Min: 36.2, Avg: 36.5, Max: 37.2, Diff: 1.0, Sum: 146.1]
      [Termination (ms): Min: 0.0, Avg: 0.7, Max: 1.0, Diff: 1.0, Sum: 2.7]
         [Termination Attempts: Min: 1, Avg: 1.0, Max: 1, Diff: 0, Sum: 4]
      [GC Worker Other (ms): Min: 0.0, Avg: 0.0, Max: 0.0, Diff: 0.0, Sum: 0.1]
      [GC Worker Total (ms): Min: 37.3, Avg: 37.4, Max: 37.4, Diff: 0.1, Sum: 149.6]
      [GC Worker End (ms): Min: 1189.5, Avg: 1189.5, Max: 1189.5, Diff: 0.0]
   [Code Root Fixup: 0.0 ms]
   [Code Root Purge: 0.0 ms]
   [Clear CT: 0.1 ms]
   [Other: 0.4 ms]
      [Choose CSet: 0.0 ms]
      [Ref Proc: 0.1 ms]
      [Ref Enq: 0.0 ms]
      [Redirty Cards: 0.1 ms]
      [Humongous Register: 0.0 ms]
      [Humongous Reclaim: 0.0 ms]
      [Free CSet: 0.0 ms]
   [Eden: 256.0M(256.0M)->0.0B(288.0M) Survivors: 32.0M->64.0M Heap: 1435.4M(3744.0M)->1436.4M(3808.0M)]
 [Times: user=0.09 sys=0.06, real=0.03 secs] 
2018-01-08T14:41:01.907+0300: 1.250: [GC pause (G1 Evacuation Pause) (young), 0.0522629 secs]
   [Parallel Time: 51.6 ms, GC Workers: 4]
      [GC Worker Start (ms): Min: 1249.7, Avg: 1249.8, Max: 1249.8, Diff: 0.1]
      [Ext Root Scanning (ms): Min: 0.1, Avg: 0.2, Max: 0.2, Diff: 0.1, Sum: 0.6]
      [Update RS (ms): Min: 0.0, Avg: 0.0, Max: 0.0, Diff: 0.0, Sum: 0.1]
         [Processed Buffers: Min: 1, Avg: 1.2, Max: 2, Diff: 1, Sum: 5]
      [Scan RS (ms): Min: 0.0, Avg: 0.0, Max: 0.0, Diff: 0.0, Sum: 0.0]
      [Code Root Scanning (ms): Min: 0.0, Avg: 0.0, Max: 0.0, Diff: 0.0, Sum: 0.0]
      [Object Copy (ms): Min: 45.1, Avg: 46.6, Max: 50.8, Diff: 5.7, Sum: 186.3]
      [Termination (ms): Min: 0.0, Avg: 4.4, Max: 6.3, Diff: 6.3, Sum: 17.4]
         [Termination Attempts: Min: 1, Avg: 1.0, Max: 1, Diff: 0, Sum: 4]
      [GC Worker Other (ms): Min: 0.0, Avg: 0.0, Max: 0.0, Diff: 0.0, Sum: 0.0]
      [GC Worker Total (ms): Min: 50.9, Avg: 51.1, Max: 51.6, Diff: 0.6, Sum: 204.5]
      [GC Worker End (ms): Min: 1300.7, Avg: 1300.9, Max: 1301.3, Diff: 0.5]
   [Code Root Fixup: 0.0 ms]
   [Code Root Purge: 0.0 ms]
   [Clear CT: 0.2 ms]
   [Other: 0.4 ms]
      [Choose CSet: 0.0 ms]
      [Ref Proc: 0.2 ms]
      [Ref Enq: 0.0 ms]
      [Redirty Cards: 0.1 ms]
      [Humongous Register: 0.0 ms]
      [Humongous Reclaim: 0.0 ms]
      [Free CSet: 0.0 ms]
   [Eden: 288.0M(288.0M)->0.0B(320.0M) Survivors: 64.0M->64.0M Heap: 1724.4M(3808.0M)->1723.8M(3872.0M)]
 [Times: user=0.14 sys=0.05, real=0.06 secs] 
2018-01-08T14:41:02.276+0300: 1.618: [GC pause (G1 Evacuation Pause) (young), 0.0673569 secs]
   [Parallel Time: 66.6 ms, GC Workers: 4]
      [GC Worker Start (ms): Min: 1617.9, Avg: 1618.2, Max: 1619.1, Diff: 1.2]
      [Ext Root Scanning (ms): Min: 0.0, Avg: 0.1, Max: 0.2, Diff: 0.2, Sum: 0.5]
      [Update RS (ms): Min: 0.0, Avg: 0.2, Max: 0.7, Diff: 0.7, Sum: 0.8]
         [Processed Buffers: Min: 0, Avg: 1.8, Max: 3, Diff: 3, Sum: 7]
      [Scan RS (ms): Min: 0.0, Avg: 0.0, Max: 0.0, Diff: 0.0, Sum: 0.0]
      [Code Root Scanning (ms): Min: 0.0, Avg: 0.0, Max: 0.0, Diff: 0.0, Sum: 0.0]
      [Object Copy (ms): Min: 65.3, Avg: 65.9, Max: 66.3, Diff: 1.0, Sum: 263.4]
      [Termination (ms): Min: 0.0, Avg: 0.1, Max: 0.1, Diff: 0.1, Sum: 0.2]
         [Termination Attempts: Min: 1, Avg: 1.8, Max: 3, Diff: 2, Sum: 7]
      [GC Worker Other (ms): Min: 0.0, Avg: 0.0, Max: 0.0, Diff: 0.0, Sum: 0.0]
      [GC Worker Total (ms): Min: 65.4, Avg: 66.3, Max: 66.6, Diff: 1.2, Sum: 265.1]
      [GC Worker End (ms): Min: 1684.5, Avg: 1684.5, Max: 1684.5, Diff: 0.0]
   [Code Root Fixup: 0.0 ms]
   [Code Root Purge: 0.0 ms]
   [Clear CT: 0.1 ms]
   [Other: 0.7 ms]
      [Choose CSet: 0.0 ms]
      [Ref Proc: 0.2 ms]
      [Ref Enq: 0.0 ms]
      [Redirty Cards: 0.3 ms]
      [Humongous Register: 0.0 ms]
      [Humongous Reclaim: 0.0 ms]
      [Free CSet: 0.0 ms]
   [Eden: 320.0M(320.0M)->0.0B(384.0M) Survivors: 64.0M->64.0M Heap: 2043.8M(3872.0M)->1984.6M(3904.0M)]
 [Times: user=0.17 sys=0.03, real=0.07 secs] 
2018-01-08T14:41:02.554+0300: 1.896: [GC pause (G1 Evacuation Pause) (young) (initial-mark), 0.0370128 secs]
   [Parallel Time: 36.6 ms, GC Workers: 4]
      [GC Worker Start (ms): Min: 1896.6, Avg: 1896.6, Max: 1896.8, Diff: 0.2]
      [Ext Root Scanning (ms): Min: 0.0, Avg: 2.3, Max: 4.2, Diff: 4.2, Sum: 9.4]
      [Update RS (ms): Min: 0.0, Avg: 0.8, Max: 2.4, Diff: 2.4, Sum: 3.0]
         [Processed Buffers: Min: 0, Avg: 2.5, Max: 6, Diff: 6, Sum: 10]
      [Scan RS (ms): Min: 0.9, Avg: 2.3, Max: 4.0, Diff: 3.1, Sum: 9.4]
      [Code Root Scanning (ms): Min: 0.0, Avg: 0.0, Max: 0.0, Diff: 0.0, Sum: 0.0]
      [Object Copy (ms): Min: 28.6, Avg: 30.1, Max: 31.4, Diff: 2.8, Sum: 120.3]
      [Termination (ms): Min: 0.0, Avg: 0.9, Max: 1.2, Diff: 1.2, Sum: 3.7]
         [Termination Attempts: Min: 1, Avg: 1.0, Max: 1, Diff: 0, Sum: 4]
      [GC Worker Other (ms): Min: 0.0, Avg: 0.0, Max: 0.0, Diff: 0.0, Sum: 0.0]
      [GC Worker Total (ms): Min: 36.3, Avg: 36.4, Max: 36.5, Diff: 0.2, Sum: 145.8]
      [GC Worker End (ms): Min: 1933.0, Avg: 1933.1, Max: 1933.1, Diff: 0.0]
   [Code Root Fixup: 0.0 ms]
   [Code Root Purge: 0.0 ms]
   [Clear CT: 0.1 ms]
   [Other: 0.4 ms]
      [Choose CSet: 0.0 ms]
      [Ref Proc: 0.1 ms]
      [Ref Enq: 0.0 ms]
      [Redirty Cards: 0.1 ms]
      [Humongous Register: 0.0 ms]
      [Humongous Reclaim: 0.0 ms]
      [Free CSet: 0.0 ms]
   [Eden: 128.0M(128.0M)->0.0B(160.0M) Survivors: 64.0M->32.0M Heap: 2112.6M(3904.0M)->2062.7M(3936.0M)]
 [Times: user=0.08 sys=0.03, real=0.04 secs] 
2018-01-08T14:41:02.591+0300: 1.934: [GC concurrent-root-region-scan-start]
2018-01-08T14:41:02.622+0300: 1.964: [GC concurrent-root-region-scan-end, 0.0302268 secs]
2018-01-08T14:41:02.622+0300: 1.964: [GC concurrent-mark-start]
2018-01-08T14:41:02.631+0300: 1.973: [GC pause (G1 Evacuation Pause) (young), 0.0291749 secs]
   [Parallel Time: 28.6 ms, GC Workers: 4]
      [GC Worker Start (ms): Min: 1973.4, Avg: 1973.9, Max: 1975.6, Diff: 2.2]
      [Ext Root Scanning (ms): Min: 0.0, Avg: 0.1, Max: 0.2, Diff: 0.2, Sum: 0.5]
      [Update RS (ms): Min: 0.0, Avg: 0.8, Max: 1.2, Diff: 1.2, Sum: 3.2]
         [Processed Buffers: Min: 0, Avg: 2.2, Max: 4, Diff: 4, Sum: 9]
      [Scan RS (ms): Min: 0.0, Avg: 0.0, Max: 0.1, Diff: 0.1, Sum: 0.1]
      [Code Root Scanning (ms): Min: 0.0, Avg: 0.0, Max: 0.0, Diff: 0.0, Sum: 0.0]
      [Object Copy (ms): Min: 26.0, Avg: 26.8, Max: 27.1, Diff: 1.0, Sum: 107.2]
      [Termination (ms): Min: 0.0, Avg: 0.1, Max: 0.2, Diff: 0.2, Sum: 0.5]
         [Termination Attempts: Min: 1, Avg: 1.0, Max: 1, Diff: 0, Sum: 4]
      [GC Worker Other (ms): Min: 0.0, Avg: 0.0, Max: 0.0, Diff: 0.0, Sum: 0.0]
      [GC Worker Total (ms): Min: 26.3, Avg: 27.9, Max: 28.4, Diff: 2.2, Sum: 111.5]
      [GC Worker End (ms): Min: 2001.8, Avg: 2001.8, Max: 2001.8, Diff: 0.0]
   [Code Root Fixup: 0.0 ms]
   [Code Root Purge: 0.0 ms]
   [Clear CT: 0.2 ms]
   [Other: 0.4 ms]
      [Choose CSet: 0.0 ms]
      [Ref Proc: 0.2 ms]
      [Ref Enq: 0.0 ms]
      [Redirty Cards: 0.1 ms]
      [Humongous Register: 0.0 ms]
      [Humongous Reclaim: 0.0 ms]
      [Free CSet: 0.0 ms]
   [Eden: 160.0M(160.0M)->0.0B(288.0M) Survivors: 32.0M->32.0M Heap: 2222.7M(3936.0M)->2221.1M(3968.0M)]
 [Times: user=0.10 sys=0.01, real=0.03 secs] 
2018-01-08T14:41:02.710+0300: 2.052: [GC pause (G1 Evacuation Pause) (young), 0.0434212 secs]
   [Parallel Time: 42.8 ms, GC Workers: 4]
      [GC Worker Start (ms): Min: 2052.6, Avg: 2052.7, Max: 2053.0, Diff: 0.4]
      [Ext Root Scanning (ms): Min: 0.0, Avg: 0.1, Max: 0.2, Diff: 0.2, Sum: 0.5]
      [Update RS (ms): Min: 1.1, Avg: 2.5, Max: 6.2, Diff: 5.0, Sum: 9.8]
         [Processed Buffers: Min: 1, Avg: 2.5, Max: 4, Diff: 3, Sum: 10]
      [Scan RS (ms): Min: 0.0, Avg: 0.0, Max: 0.0, Diff: 0.0, Sum: 0.0]
      [Code Root Scanning (ms): Min: 0.0, Avg: 0.0, Max: 0.0, Diff: 0.0, Sum: 0.0]
      [Object Copy (ms): Min: 36.4, Avg: 40.0, Max: 41.3, Diff: 5.0, Sum: 160.0]
      [Termination (ms): Min: 0.0, Avg: 0.1, Max: 0.2, Diff: 0.2, Sum: 0.3]
         [Termination Attempts: Min: 1, Avg: 1.2, Max: 2, Diff: 1, Sum: 5]
      [GC Worker Other (ms): Min: 0.0, Avg: 0.0, Max: 0.0, Diff: 0.0, Sum: 0.0]
      [GC Worker Total (ms): Min: 42.3, Avg: 42.7, Max: 42.8, Diff: 0.4, Sum: 170.6]
      [GC Worker End (ms): Min: 2095.3, Avg: 2095.3, Max: 2095.3, Diff: 0.0]
   [Code Root Fixup: 0.0 ms]
   [Code Root Purge: 0.0 ms]
   [Clear CT: 0.1 ms]
   [Other: 0.4 ms]
      [Choose CSet: 0.0 ms]
      [Ref Proc: 0.2 ms]
      [Ref Enq: 0.0 ms]
      [Redirty Cards: 0.1 ms]
      [Humongous Register: 0.0 ms]
      [Humongous Reclaim: 0.0 ms]
      [Free CSet: 0.0 ms]
   [Eden: 288.0M(288.0M)->0.0B(288.0M) Survivors: 32.0M->64.0M Heap: 2509.1M(3968.0M)->2509.1M(4000.0M)]
 [Times: user=0.11 sys=0.06, real=0.04 secs] 
2018-01-08T14:41:02.799+0300: 2.141: [GC pause (G1 Evacuation Pause) (young), 0.0537503 secs]
   [Parallel Time: 53.4 ms, GC Workers: 4]
      [GC Worker Start (ms): Min: 2141.2, Avg: 2141.2, Max: 2141.2, Diff: 0.1]
      [Ext Root Scanning (ms): Min: 0.1, Avg: 0.1, Max: 0.2, Diff: 0.1, Sum: 0.6]
      [Update RS (ms): Min: 0.0, Avg: 0.0, Max: 0.0, Diff: 0.0, Sum: 0.1]
         [Processed Buffers: Min: 1, Avg: 1.2, Max: 2, Diff: 1, Sum: 5]
      [Scan RS (ms): Min: 0.0, Avg: 0.0, Max: 0.0, Diff: 0.0, Sum: 0.0]
      [Code Root Scanning (ms): Min: 0.0, Avg: 0.0, Max: 0.0, Diff: 0.0, Sum: 0.0]
      [Object Copy (ms): Min: 47.2, Avg: 48.9, Max: 53.0, Diff: 5.8, Sum: 195.7]
      [Termination (ms): Min: 0.0, Avg: 4.1, Max: 5.8, Diff: 5.8, Sum: 16.4]
         [Termination Attempts: Min: 1, Avg: 1.5, Max: 2, Diff: 1, Sum: 6]
      [GC Worker Other (ms): Min: 0.0, Avg: 0.0, Max: 0.0, Diff: 0.0, Sum: 0.1]
      [GC Worker Total (ms): Min: 53.2, Avg: 53.2, Max: 53.3, Diff: 0.1, Sum: 212.9]
      [GC Worker End (ms): Min: 2194.4, Avg: 2194.4, Max: 2194.4, Diff: 0.0]
   [Code Root Fixup: 0.0 ms]
   [Code Root Purge: 0.0 ms]
   [Clear CT: 0.1 ms]
   [Other: 0.3 ms]
      [Choose CSet: 0.0 ms]
      [Ref Proc: 0.2 ms]
      [Ref Enq: 0.0 ms]
      [Redirty Cards: 0.0 ms]
      [Humongous Register: 0.0 ms]
      [Humongous Reclaim: 0.0 ms]
      [Free CSet: 0.0 ms]
   [Eden: 288.0M(288.0M)->0.0B(384.0M) Survivors: 64.0M->64.0M Heap: 2797.1M(4000.0M)->2797.4M(4000.0M)]
 [Times: user=0.16 sys=0.04, real=0.05 secs] 
2018-01-08T14:41:02.856+0300: 2.198: [GC concurrent-mark-end, 0.2342807 secs]
2018-01-08T14:41:02.856+0300: 2.198: [GC remark 2018-01-08T14:41:02.856+0300: 2.198: [Finalize Marking, 0.0001289 secs] 2018-01-08T14:41:02.856+0300: 2.199: [GC ref-proc, 0.0000925 secs] 2018-01-08T14:41:02.856+0300: 2.199: [Unloading, 0.0015496 secs], 0.0055381 secs]
 [Times: user=0.01 sys=0.00, real=0.01 secs] 
2018-01-08T14:41:02.862+0300: 2.204: [GC cleanup 2828M->2828M(4000M), 0.0009966 secs]
 [Times: user=0.00 sys=0.00, real=0.00 secs] 
2018-01-08T14:41:02.924+0300: 2.266: [GC pause (G1 Evacuation Pause) (young), 0.0949852 secs]
   [Parallel Time: 94.6 ms, GC Workers: 4]
      [GC Worker Start (ms): Min: 2266.5, Avg: 2266.8, Max: 2266.9, Diff: 0.4]
      [Ext Root Scanning (ms): Min: 0.0, Avg: 0.1, Max: 0.3, Diff: 0.3, Sum: 0.6]
      [Update RS (ms): Min: 0.0, Avg: 1.1, Max: 4.2, Diff: 4.2, Sum: 4.3]
         [Processed Buffers: Min: 1, Avg: 1.2, Max: 2, Diff: 1, Sum: 5]
      [Scan RS (ms): Min: 0.0, Avg: 0.0, Max: 0.0, Diff: 0.0, Sum: 0.0]
      [Code Root Scanning (ms): Min: 0.0, Avg: 0.0, Max: 0.0, Diff: 0.0, Sum: 0.0]
      [Object Copy (ms): Min: 87.9, Avg: 91.5, Max: 94.1, Diff: 6.3, Sum: 365.9]
      [Termination (ms): Min: 0.0, Avg: 1.6, Max: 2.2, Diff: 2.2, Sum: 6.4]
         [Termination Attempts: Min: 1, Avg: 1.5, Max: 2, Diff: 1, Sum: 6]
      [GC Worker Other (ms): Min: 0.0, Avg: 0.0, Max: 0.0, Diff: 0.0, Sum: 0.0]
      [GC Worker Total (ms): Min: 94.1, Avg: 94.3, Max: 94.5, Diff: 0.4, Sum: 377.2]
      [GC Worker End (ms): Min: 2361.0, Avg: 2361.1, Max: 2361.1, Diff: 0.0]
   [Code Root Fixup: 0.0 ms]
   [Code Root Purge: 0.0 ms]
   [Clear CT: 0.1 ms]
   [Other: 0.3 ms]
      [Choose CSet: 0.0 ms]
      [Ref Proc: 0.1 ms]
      [Ref Enq: 0.0 ms]
      [Redirty Cards: 0.1 ms]
      [Humongous Register: 0.0 ms]
      [Humongous Reclaim: 0.0 ms]
      [Free CSet: 0.0 ms]
   [Eden: 384.0M(384.0M)->0.0B(192.0M) Survivors: 64.0M->64.0M Heap: 3181.4M(4000.0M)->3180.9M(4000.0M)]
 [Times: user=0.17 sys=0.06, real=0.10 secs] 
2018-01-08T14:41:03.049+0300: 2.391: [GC pause (G1 Evacuation Pause) (young), 0.0449132 secs]
   [Parallel Time: 44.6 ms, GC Workers: 4]
      [GC Worker Start (ms): Min: 2391.2, Avg: 2395.7, Max: 2400.2, Diff: 9.0]
      [Ext Root Scanning (ms): Min: 0.0, Avg: 0.1, Max: 0.2, Diff: 0.2, Sum: 0.5]
      [Update RS (ms): Min: 0.0, Avg: 0.0, Max: 0.1, Diff: 0.1, Sum: 0.1]
         [Processed Buffers: Min: 0, Avg: 1.2, Max: 3, Diff: 3, Sum: 5]
      [Scan RS (ms): Min: 0.0, Avg: 0.0, Max: 0.0, Diff: 0.0, Sum: 0.0]
      [Code Root Scanning (ms): Min: 0.0, Avg: 0.0, Max: 0.0, Diff: 0.0, Sum: 0.0]
      [Object Copy (ms): Min: 35.4, Avg: 39.8, Max: 44.2, Diff: 8.8, Sum: 159.1]
      [Termination (ms): Min: 0.0, Avg: 0.1, Max: 0.2, Diff: 0.2, Sum: 0.4]
         [Termination Attempts: Min: 1, Avg: 1.0, Max: 1, Diff: 0, Sum: 4]
      [GC Worker Other (ms): Min: 0.0, Avg: 0.0, Max: 0.0, Diff: 0.0, Sum: 0.0]
      [GC Worker Total (ms): Min: 35.5, Avg: 40.0, Max: 44.5, Diff: 9.0, Sum: 160.1]
      [GC Worker End (ms): Min: 2435.8, Avg: 2435.8, Max: 2435.8, Diff: 0.0]
   [Code Root Fixup: 0.0 ms]
   [Code Root Purge: 0.0 ms]
   [Clear CT: 0.1 ms]
   [Other: 0.3 ms]
      [Choose CSet: 0.0 ms]
      [Ref Proc: 0.1 ms]
      [Ref Enq: 0.0 ms]
      [Redirty Cards: 0.0 ms]
      [Humongous Register: 0.0 ms]
      [Humongous Reclaim: 0.0 ms]
      [Free CSet: 0.0 ms]
   [Eden: 192.0M(192.0M)->0.0B(160.0M) Survivors: 64.0M->32.0M Heap: 3372.9M(4000.0M)->3372.8M(4000.0M)]
 [Times: user=0.11 sys=0.00, real=0.04 secs] 
2018-01-08T14:41:03.120+0300: 2.462: [GC pause (G1 Evacuation Pause) (young) (initial-mark), 0.0388217 secs]
   [Parallel Time: 38.3 ms, GC Workers: 4]
      [GC Worker Start (ms): Min: 2462.5, Avg: 2462.9, Max: 2463.0, Diff: 0.4]
      [Ext Root Scanning (ms): Min: 0.0, Avg: 7.4, Max: 19.5, Diff: 19.5, Sum: 29.4]
      [Update RS (ms): Min: 0.0, Avg: 0.0, Max: 0.1, Diff: 0.1, Sum: 0.2]
         [Processed Buffers: Min: 0, Avg: 1.5, Max: 4, Diff: 4, Sum: 6]
      [Scan RS (ms): Min: 0.0, Avg: 0.0, Max: 0.0, Diff: 0.0, Sum: 0.0]
      [Code Root Scanning (ms): Min: 0.0, Avg: 0.0, Max: 0.0, Diff: 0.0, Sum: 0.0]
      [Object Copy (ms): Min: 17.9, Avg: 30.2, Max: 37.7, Diff: 19.7, Sum: 120.8]
      [Termination (ms): Min: 0.0, Avg: 0.3, Max: 0.4, Diff: 0.4, Sum: 1.1]
         [Termination Attempts: Min: 1, Avg: 1.0, Max: 1, Diff: 0, Sum: 4]
      [GC Worker Other (ms): Min: 0.0, Avg: 0.0, Max: 0.0, Diff: 0.0, Sum: 0.0]
      [GC Worker Total (ms): Min: 37.8, Avg: 37.9, Max: 38.2, Diff: 0.4, Sum: 151.6]
      [GC Worker End (ms): Min: 2500.8, Avg: 2500.8, Max: 2500.8, Diff: 0.0]
   [Code Root Fixup: 0.0 ms]
   [Code Root Purge: 0.0 ms]
   [Clear CT: 0.3 ms]
   [Other: 0.3 ms]
      [Choose CSet: 0.0 ms]
      [Ref Proc: 0.2 ms]
      [Ref Enq: 0.0 ms]
      [Redirty Cards: 0.0 ms]
      [Humongous Register: 0.0 ms]
      [Humongous Reclaim: 0.0 ms]
      [Free CSet: 0.0 ms]
   [Eden: 160.0M(160.0M)->0.0B(160.0M) Survivors: 32.0M->32.0M Heap: 3532.8M(4000.0M)->3533.5M(4000.0M)]
 [Times: user=0.07 sys=0.01, real=0.04 secs] 
2018-01-08T14:41:03.159+0300: 2.501: [GC concurrent-root-region-scan-start]
2018-01-08T14:41:03.159+0300: 2.502: [GC concurrent-root-region-scan-end, 0.0000570 secs]
2018-01-08T14:41:03.159+0300: 2.502: [GC concurrent-mark-start]
2018-01-08T14:41:03.179+0300: 2.521: [GC concurrent-mark-end, 0.0196813 secs]
2018-01-08T14:41:03.179+0300: 2.521: [GC remark 2018-01-08T14:41:03.179+0300: 2.521: [Finalize Marking, 0.0001581 secs] 2018-01-08T14:41:03.179+0300: 2.522: [GC ref-proc, 0.0000816 secs] 2018-01-08T14:41:03.179+0300: 2.522: [Unloading, 0.0005987 secs], 0.0065229 secs]
 [Times: user=0.01 sys=0.00, real=0.00 secs] 
2018-01-08T14:41:03.186+0300: 2.528: [GC cleanup 3643M->1787M(4000M), 0.0017286 secs]
 [Times: user=0.01 sys=0.00, real=0.00 secs] 
2018-01-08T14:41:03.188+0300: 2.530: [GC concurrent-cleanup-start]
2018-01-08T14:41:03.188+0300: 2.530: [GC concurrent-cleanup-end, 0.0005516 secs]
2018-01-08T14:41:03.210+0300: 2.552: [GC pause (G1 Evacuation Pause) (young), 0.0365263 secs]
   [Parallel Time: 36.3 ms, GC Workers: 4]
      [GC Worker Start (ms): Min: 2552.5, Avg: 2558.5, Max: 2563.4, Diff: 11.0]
      [Ext Root Scanning (ms): Min: 0.0, Avg: 0.1, Max: 0.3, Diff: 0.3, Sum: 0.3]
      [Update RS (ms): Min: 0.0, Avg: 0.0, Max: 0.1, Diff: 0.1, Sum: 0.1]
         [Processed Buffers: Min: 0, Avg: 1.5, Max: 6, Diff: 6, Sum: 6]
      [Scan RS (ms): Min: 0.0, Avg: 0.0, Max: 0.0, Diff: 0.0, Sum: 0.0]
      [Code Root Scanning (ms): Min: 0.0, Avg: 0.0, Max: 0.0, Diff: 0.0, Sum: 0.0]
      [Object Copy (ms): Min: 25.2, Avg: 28.6, Max: 33.0, Diff: 7.8, Sum: 114.5]
      [Termination (ms): Min: 0.0, Avg: 1.4, Max: 2.8, Diff: 2.8, Sum: 5.7]
         [Termination Attempts: Min: 1, Avg: 1.0, Max: 1, Diff: 0, Sum: 4]
      [GC Worker Other (ms): Min: 0.0, Avg: 0.0, Max: 0.0, Diff: 0.0, Sum: 0.0]
      [GC Worker Total (ms): Min: 25.2, Avg: 30.2, Max: 36.2, Diff: 11.0, Sum: 120.6]
      [GC Worker End (ms): Min: 2588.7, Avg: 2588.7, Max: 2588.7, Diff: 0.0]
   [Code Root Fixup: 0.0 ms]
   [Code Root Purge: 0.0 ms]
   [Clear CT: 0.0 ms]
   [Other: 0.2 ms]
      [Choose CSet: 0.0 ms]
      [Ref Proc: 0.1 ms]
      [Ref Enq: 0.0 ms]
      [Redirty Cards: 0.0 ms]
      [Humongous Register: 0.0 ms]
      [Humongous Reclaim: 0.0 ms]
      [Free CSet: 0.0 ms]
   [Eden: 160.0M(160.0M)->0.0B(640.0M) Survivors: 32.0M->32.0M Heap: 1837.5M(4000.0M)->1841.9M(4000.0M)]
 [Times: user=0.09 sys=0.00, real=0.03 secs] 
2018-01-08T14:41:03.764+0300: 3.106: [GC pause (G1 Evacuation Pause) (young), 0.1019663 secs]
   [Parallel Time: 101.5 ms, GC Workers: 4]
      [GC Worker Start (ms): Min: 3106.2, Avg: 3109.4, Max: 3119.1, Diff: 12.9]
      [Ext Root Scanning (ms): Min: 0.0, Avg: 0.1, Max: 0.2, Diff: 0.2, Sum: 0.5]
      [Update RS (ms): Min: 0.0, Avg: 0.5, Max: 1.2, Diff: 1.2, Sum: 1.8]
         [Processed Buffers: Min: 0, Avg: 2.0, Max: 3, Diff: 3, Sum: 8]
      [Scan RS (ms): Min: 0.0, Avg: 0.0, Max: 0.0, Diff: 0.0, Sum: 0.0]
      [Code Root Scanning (ms): Min: 0.0, Avg: 0.0, Max: 0.0, Diff: 0.0, Sum: 0.0]
      [Object Copy (ms): Min: 88.5, Avg: 97.6, Max: 101.0, Diff: 12.5, Sum: 390.4]
      [Termination (ms): Min: 0.0, Avg: 0.0, Max: 0.0, Diff: 0.0, Sum: 0.0]
         [Termination Attempts: Min: 1, Avg: 1.0, Max: 1, Diff: 0, Sum: 4]
      [GC Worker Other (ms): Min: 0.0, Avg: 0.0, Max: 0.0, Diff: 0.0, Sum: 0.0]
      [GC Worker Total (ms): Min: 88.5, Avg: 98.2, Max: 101.4, Diff: 12.9, Sum: 392.7]
      [GC Worker End (ms): Min: 3207.6, Avg: 3207.6, Max: 3207.6, Diff: 0.0]
   [Code Root Fixup: 0.0 ms]
   [Code Root Purge: 0.0 ms]
   [Clear CT: 0.1 ms]
   [Other: 0.4 ms]
      [Choose CSet: 0.0 ms]
      [Ref Proc: 0.1 ms]
      [Ref Enq: 0.0 ms]
      [Redirty Cards: 0.1 ms]
      [Humongous Register: 0.0 ms]
      [Humongous Reclaim: 0.0 ms]
      [Free CSet: 0.0 ms]
   [Eden: 640.0M(640.0M)->0.0B(576.0M) Survivors: 32.0M->96.0M Heap: 2481.9M(4000.0M)->2410.2M(4000.0M)]
 [Times: user=0.34 sys=0.00, real=0.10 secs] 
2018-01-08T14:41:03.923+0300: 3.265: [GC pause (G1 Evacuation Pause) (young) (initial-mark), 0.1013728 secs]
   [Parallel Time: 101.0 ms, GC Workers: 4]
      [GC Worker Start (ms): Min: 3265.0, Avg: 3265.1, Max: 3265.3, Diff: 0.3]
      [Ext Root Scanning (ms): Min: 0.0, Avg: 1.4, Max: 4.7, Diff: 4.7, Sum: 5.4]
      [Update RS (ms): Min: 4.2, Avg: 7.7, Max: 9.1, Diff: 4.9, Sum: 30.7]
         [Processed Buffers: Min: 7, Avg: 13.0, Max: 16, Diff: 9, Sum: 52]
      [Scan RS (ms): Min: 2.9, Avg: 3.1, Max: 3.4, Diff: 0.4, Sum: 12.5]
      [Code Root Scanning (ms): Min: 0.0, Avg: 0.0, Max: 0.0, Diff: 0.0, Sum: 0.0]
      [Object Copy (ms): Min: 88.4, Avg: 88.5, Max: 88.6, Diff: 0.2, Sum: 353.9]
      [Termination (ms): Min: 0.0, Avg: 0.1, Max: 0.2, Diff: 0.2, Sum: 0.4]
         [Termination Attempts: Min: 1, Avg: 28.5, Max: 49, Diff: 48, Sum: 114]
      [GC Worker Other (ms): Min: 0.0, Avg: 0.0, Max: 0.0, Diff: 0.0, Sum: 0.0]
      [GC Worker Total (ms): Min: 100.6, Avg: 100.7, Max: 100.9, Diff: 0.3, Sum: 403.0]
      [GC Worker End (ms): Min: 3365.9, Avg: 3365.9, Max: 3365.9, Diff: 0.0]
   [Code Root Fixup: 0.0 ms]
   [Code Root Purge: 0.0 ms]
   [Clear CT: 0.1 ms]
   [Other: 0.3 ms]
      [Choose CSet: 0.0 ms]
      [Ref Proc: 0.1 ms]
      [Ref Enq: 0.0 ms]
      [Redirty Cards: 0.1 ms]
      [Humongous Register: 0.0 ms]
      [Humongous Reclaim: 0.0 ms]
      [Free CSet: 0.0 ms]
   [Eden: 480.0M(96.0M)->0.0B(320.0M) Survivors: 96.0M->32.0M Heap: 2890.2M(4000.0M)->2912.0M(4000.0M)]
 [Times: user=0.38 sys=0.00, real=0.10 secs] 
2018-01-08T14:41:04.024+0300: 3.366: [GC concurrent-root-region-scan-start]
2018-01-08T14:41:04.025+0300: 3.367: [GC concurrent-root-region-scan-end, 0.0010539 secs]
2018-01-08T14:41:04.025+0300: 3.367: [GC concurrent-mark-start]
2018-01-08T14:41:04.046+0300: 3.388: [GC concurrent-mark-end, 0.0209985 secs]
2018-01-08T14:41:04.046+0300: 3.389: [GC remark 2018-01-08T14:41:04.046+0300: 3.389: [Finalize Marking, 0.0000804 secs] 2018-01-08T14:41:04.046+0300: 3.389: [GC ref-proc, 0.0000779 secs] 2018-01-08T14:41:04.046+0300: 3.389: [Unloading, 0.0010627 secs], 0.0025630 secs]
 [Times: user=0.00 sys=0.00, real=0.01 secs] 
2018-01-08T14:41:04.052+0300: 3.395: [GC cleanup 3072M->1152M(4000M), 0.0030643 secs]
 [Times: user=0.00 sys=0.01, real=0.00 secs] 
2018-01-08T14:41:04.055+0300: 3.398: [GC concurrent-cleanup-start]
2018-01-08T14:41:04.056+0300: 3.398: [GC concurrent-cleanup-end, 0.0007067 secs]
2018-01-08T14:41:04.082+0300: 3.424: [GC pause (G1 Evacuation Pause) (young), 0.0640597 secs]
   [Parallel Time: 63.3 ms, GC Workers: 4]
      [GC Worker Start (ms): Min: 3423.9, Avg: 3423.9, Max: 3424.0, Diff: 0.0]
      [Ext Root Scanning (ms): Min: 0.1, Avg: 0.1, Max: 0.2, Diff: 0.0, Sum: 0.6]
      [Update RS (ms): Min: 11.4, Avg: 11.7, Max: 12.2, Diff: 0.9, Sum: 46.9]
         [Processed Buffers: Min: 2, Avg: 3.0, Max: 4, Diff: 2, Sum: 12]
      [Scan RS (ms): Min: 0.0, Avg: 0.0, Max: 0.0, Diff: 0.0, Sum: 0.0]
      [Code Root Scanning (ms): Min: 0.0, Avg: 0.0, Max: 0.0, Diff: 0.0, Sum: 0.0]
      [Object Copy (ms): Min: 50.7, Avg: 51.2, Max: 51.6, Diff: 1.0, Sum: 204.9]
      [Termination (ms): Min: 0.0, Avg: 0.1, Max: 0.1, Diff: 0.1, Sum: 0.4]
         [Termination Attempts: Min: 1, Avg: 1.0, Max: 1, Diff: 0, Sum: 4]
      [GC Worker Other (ms): Min: 0.0, Avg: 0.0, Max: 0.0, Diff: 0.0, Sum: 0.0]
      [GC Worker Total (ms): Min: 63.2, Avg: 63.2, Max: 63.2, Diff: 0.1, Sum: 252.8]
      [GC Worker End (ms): Min: 3487.1, Avg: 3487.1, Max: 3487.1, Diff: 0.0]
   [Code Root Fixup: 0.0 ms]
   [Code Root Purge: 0.0 ms]
   [Clear CT: 0.1 ms]
   [Other: 0.7 ms]
      [Choose CSet: 0.0 ms]
      [Ref Proc: 0.1 ms]
      [Ref Enq: 0.0 ms]
      [Redirty Cards: 0.5 ms]
      [Humongous Register: 0.0 ms]
      [Humongous Reclaim: 0.0 ms]
      [Free CSet: 0.0 ms]
   [Eden: 320.0M(320.0M)->0.0B(128.0M) Survivors: 32.0M->64.0M Heap: 1312.0M(4000.0M)->1344.0M(4000.0M)]
 [Times: user=0.25 sys=0.00, real=0.06 secs] 
2018-01-08T14:41:04.167+0300: 3.509: [GC pause (G1 Evacuation Pause) (mixed), 0.0318757 secs]
   [Parallel Time: 30.7 ms, GC Workers: 4]
      [GC Worker Start (ms): Min: 3509.5, Avg: 3509.6, Max: 3509.6, Diff: 0.1]
      [Ext Root Scanning (ms): Min: 0.1, Avg: 0.2, Max: 0.3, Diff: 0.1, Sum: 0.7]
      [Update RS (ms): Min: 0.1, Avg: 0.1, Max: 0.1, Diff: 0.0, Sum: 0.3]
         [Processed Buffers: Min: 1, Avg: 1.2, Max: 2, Diff: 1, Sum: 5]
      [Scan RS (ms): Min: 0.0, Avg: 0.1, Max: 0.2, Diff: 0.2, Sum: 0.3]
      [Code Root Scanning (ms): Min: 0.0, Avg: 0.0, Max: 0.1, Diff: 0.1, Sum: 0.1]
      [Object Copy (ms): Min: 29.7, Avg: 30.0, Max: 30.1, Diff: 0.3, Sum: 119.9]
      [Termination (ms): Min: 0.0, Avg: 0.1, Max: 0.1, Diff: 0.1, Sum: 0.3]
         [Termination Attempts: Min: 1, Avg: 1.8, Max: 2, Diff: 1, Sum: 7]
      [GC Worker Other (ms): Min: 0.0, Avg: 0.0, Max: 0.0, Diff: 0.0, Sum: 0.0]
      [GC Worker Total (ms): Min: 30.4, Avg: 30.4, Max: 30.5, Diff: 0.1, Sum: 121.7]
      [GC Worker End (ms): Min: 3540.0, Avg: 3540.0, Max: 3540.0, Diff: 0.0]
   [Code Root Fixup: 0.1 ms]
   [Code Root Purge: 0.0 ms]
   [Clear CT: 0.1 ms]
   [Other: 0.9 ms]
      [Choose CSet: 0.0 ms]
      [Ref Proc: 0.3 ms]
      [Ref Enq: 0.0 ms]
      [Redirty Cards: 0.4 ms]
      [Humongous Register: 0.0 ms]
      [Humongous Reclaim: 0.0 ms]
      [Free CSet: 0.1 ms]
   [Eden: 128.0M(128.0M)->0.0B(736.0M) Survivors: 64.0M->32.0M Heap: 1472.0M(4000.0M)->1408.0M(4000.0M)]
 [Times: user=0.11 sys=0.00, real=0.04 secs] 
2018-01-08T14:41:04.280+0300: 3.623: [GC pause (G1 Evacuation Pause) (young), 0.1155253 secs]
   [Parallel Time: 115.2 ms, GC Workers: 4]
      [GC Worker Start (ms): Min: 3622.6, Avg: 3622.6, Max: 3622.6, Diff: 0.1]
      [Ext Root Scanning (ms): Min: 0.1, Avg: 0.2, Max: 0.2, Diff: 0.1, Sum: 0.6]
      [Update RS (ms): Min: 0.3, Avg: 0.3, Max: 0.4, Diff: 0.1, Sum: 1.4]
         [Processed Buffers: Min: 1, Avg: 1.2, Max: 2, Diff: 1, Sum: 5]
      [Scan RS (ms): Min: 0.0, Avg: 0.0, Max: 0.0, Diff: 0.0, Sum: 0.0]
      [Code Root Scanning (ms): Min: 0.0, Avg: 0.0, Max: 0.0, Diff: 0.0, Sum: 0.0]
      [Object Copy (ms): Min: 114.4, Avg: 114.5, Max: 114.5, Diff: 0.1, Sum: 457.9]
      [Termination (ms): Min: 0.0, Avg: 0.1, Max: 0.2, Diff: 0.2, Sum: 0.3]
         [Termination Attempts: Min: 1, Avg: 1.2, Max: 2, Diff: 1, Sum: 5]
      [GC Worker Other (ms): Min: 0.0, Avg: 0.0, Max: 0.0, Diff: 0.0, Sum: 0.0]
      [GC Worker Total (ms): Min: 115.1, Avg: 115.1, Max: 115.1, Diff: 0.1, Sum: 460.4]
      [GC Worker End (ms): Min: 3737.7, Avg: 3737.7, Max: 3737.7, Diff: 0.0]
   [Code Root Fixup: 0.0 ms]
   [Code Root Purge: 0.0 ms]
   [Clear CT: 0.1 ms]
   [Other: 0.2 ms]
      [Choose CSet: 0.0 ms]
      [Ref Proc: 0.0 ms]
      [Ref Enq: 0.0 ms]
      [Redirty Cards: 0.0 ms]
      [Humongous Register: 0.0 ms]
      [Humongous Reclaim: 0.0 ms]
      [Free CSet: 0.0 ms]
   [Eden: 736.0M(736.0M)->0.0B(704.0M) Survivors: 32.0M->96.0M Heap: 2144.0M(4000.0M)->2176.0M(4000.0M)]
 [Times: user=0.44 sys=0.00, real=0.11 secs] 
2018-01-08T14:41:05.018+0300: 4.360: [GC pause (G1 Evacuation Pause) (young) (initial-mark), 0.1246837 secs]
   [Parallel Time: 123.8 ms, GC Workers: 4]
      [GC Worker Start (ms): Min: 4360.2, Avg: 4360.2, Max: 4360.2, Diff: 0.1]
      [Ext Root Scanning (ms): Min: 0.1, Avg: 0.2, Max: 0.2, Diff: 0.1, Sum: 0.7]
      [Update RS (ms): Min: 0.8, Avg: 0.9, Max: 0.9, Diff: 0.1, Sum: 3.5]
         [Processed Buffers: Min: 4, Avg: 4.2, Max: 5, Diff: 1, Sum: 17]
      [Scan RS (ms): Min: 0.1, Avg: 0.2, Max: 0.3, Diff: 0.1, Sum: 0.8]
      [Code Root Scanning (ms): Min: 0.0, Avg: 0.0, Max: 0.0, Diff: 0.0, Sum: 0.0]
      [Object Copy (ms): Min: 122.3, Avg: 122.4, Max: 122.5, Diff: 0.2, Sum: 489.5]
      [Termination (ms): Min: 0.0, Avg: 0.1, Max: 0.1, Diff: 0.1, Sum: 0.3]
         [Termination Attempts: Min: 1, Avg: 1.0, Max: 1, Diff: 0, Sum: 4]
      [GC Worker Other (ms): Min: 0.0, Avg: 0.0, Max: 0.0, Diff: 0.0, Sum: 0.1]
      [GC Worker Total (ms): Min: 123.7, Avg: 123.7, Max: 123.8, Diff: 0.1, Sum: 494.9]
      [GC Worker End (ms): Min: 4483.9, Avg: 4483.9, Max: 4483.9, Diff: 0.0]
   [Code Root Fixup: 0.0 ms]
   [Code Root Purge: 0.0 ms]
   [Clear CT: 0.5 ms]
   [Other: 0.4 ms]
      [Choose CSet: 0.0 ms]
      [Ref Proc: 0.1 ms]
      [Ref Enq: 0.0 ms]
      [Redirty Cards: 0.2 ms]
      [Humongous Register: 0.0 ms]
      [Humongous Reclaim: 0.0 ms]
      [Free CSet: 0.0 ms]
   [Eden: 704.0M(704.0M)->0.0B(384.0M) Survivors: 96.0M->128.0M Heap: 2880.0M(4000.0M)->2800.0M(4000.0M)]
 [Times: user=0.48 sys=0.00, real=0.12 secs] 
2018-01-08T14:41:05.143+0300: 4.485: [GC concurrent-root-region-scan-start]
2018-01-08T14:41:05.176+0300: 4.519: [GC concurrent-root-region-scan-end, 0.0338189 secs]
2018-01-08T14:41:05.176+0300: 4.519: [GC concurrent-mark-start]
2018-01-08T14:41:05.227+0300: 4.569: [GC pause (G1 Evacuation Pause) (young), 0.0873469 secs]
   [Parallel Time: 87.0 ms, GC Workers: 4]
      [GC Worker Start (ms): Min: 4569.4, Avg: 4569.5, Max: 4569.5, Diff: 0.1]
      [Ext Root Scanning (ms): Min: 0.1, Avg: 0.1, Max: 0.2, Diff: 0.1, Sum: 0.6]
      [Update RS (ms): Min: 1.9, Avg: 2.0, Max: 2.1, Diff: 0.2, Sum: 7.8]
         [Processed Buffers: Min: 3, Avg: 3.8, Max: 5, Diff: 2, Sum: 15]
      [Scan RS (ms): Min: 3.9, Avg: 4.9, Max: 7.7, Diff: 3.7, Sum: 19.7]
      [Code Root Scanning (ms): Min: 0.0, Avg: 0.0, Max: 0.0, Diff: 0.0, Sum: 0.0]
      [Object Copy (ms): Min: 77.1, Avg: 79.8, Max: 80.7, Diff: 3.6, Sum: 319.3]
      [Termination (ms): Min: 0.0, Avg: 0.0, Max: 0.1, Diff: 0.1, Sum: 0.2]
         [Termination Attempts: Min: 1, Avg: 1.0, Max: 1, Diff: 0, Sum: 4]
      [GC Worker Other (ms): Min: 0.0, Avg: 0.0, Max: 0.0, Diff: 0.0, Sum: 0.0]
      [GC Worker Total (ms): Min: 86.9, Avg: 86.9, Max: 87.0, Diff: 0.1, Sum: 347.7]
      [GC Worker End (ms): Min: 4656.4, Avg: 4656.4, Max: 4656.4, Diff: 0.0]
   [Code Root Fixup: 0.0 ms]
   [Code Root Purge: 0.0 ms]
   [Clear CT: 0.1 ms]
   [Other: 0.2 ms]
      [Choose CSet: 0.0 ms]
      [Ref Proc: 0.0 ms]
      [Ref Enq: 0.0 ms]
      [Redirty Cards: 0.1 ms]
      [Humongous Register: 0.0 ms]
      [Humongous Reclaim: 0.0 ms]
      [Free CSet: 0.0 ms]
   [Eden: 384.0M(384.0M)->0.0B(160.0M) Survivors: 128.0M->64.0M Heap: 3184.0M(4000.0M)->3232.0M(4000.0M)]
 [Times: user=0.33 sys=0.00, real=0.09 secs] 
2018-01-08T14:41:05.340+0300: 4.682: [GC pause (G1 Evacuation Pause) (young), 0.0371294 secs]
   [Parallel Time: 36.8 ms, GC Workers: 4]
      [GC Worker Start (ms): Min: 4682.1, Avg: 4682.2, Max: 4682.2, Diff: 0.1]
      [Ext Root Scanning (ms): Min: 0.1, Avg: 0.1, Max: 0.2, Diff: 0.1, Sum: 0.6]
      [Update RS (ms): Min: 2.0, Avg: 2.0, Max: 2.1, Diff: 0.1, Sum: 8.1]
         [Processed Buffers: Min: 3, Avg: 3.8, Max: 4, Diff: 1, Sum: 15]
      [Scan RS (ms): Min: 0.0, Avg: 0.0, Max: 0.0, Diff: 0.0, Sum: 0.0]
      [Code Root Scanning (ms): Min: 0.0, Avg: 0.0, Max: 0.0, Diff: 0.0, Sum: 0.0]
      [Object Copy (ms): Min: 34.3, Avg: 34.4, Max: 34.5, Diff: 0.2, Sum: 137.7]
      [Termination (ms): Min: 0.0, Avg: 0.1, Max: 0.2, Diff: 0.2, Sum: 0.4]
         [Termination Attempts: Min: 1, Avg: 1.0, Max: 1, Diff: 0, Sum: 4]
      [GC Worker Other (ms): Min: 0.0, Avg: 0.0, Max: 0.0, Diff: 0.0, Sum: 0.1]
      [GC Worker Total (ms): Min: 36.7, Avg: 36.7, Max: 36.7, Diff: 0.1, Sum: 146.7]
      [GC Worker End (ms): Min: 4718.8, Avg: 4718.8, Max: 4718.8, Diff: 0.0]
   [Code Root Fixup: 0.0 ms]
   [Code Root Purge: 0.0 ms]
   [Clear CT: 0.1 ms]
   [Other: 0.3 ms]
      [Choose CSet: 0.0 ms]
      [Ref Proc: 0.1 ms]
      [Ref Enq: 0.0 ms]
      [Redirty Cards: 0.1 ms]
      [Humongous Register: 0.0 ms]
      [Humongous Reclaim: 0.0 ms]
      [Free CSet: 0.0 ms]
   [Eden: 160.0M(160.0M)->0.0B(160.0M) Survivors: 64.0M->32.0M Heap: 3392.0M(4000.0M)->3440.0M(4000.0M)]
 [Times: user=0.13 sys=0.00, real=0.04 secs] 
2018-01-08T14:41:05.403+0300: 4.745: [GC pause (G1 Evacuation Pause) (young), 0.0296984 secs]
   [Parallel Time: 29.4 ms, GC Workers: 4]
      [GC Worker Start (ms): Min: 4744.9, Avg: 4745.0, Max: 4745.0, Diff: 0.0]
      [Ext Root Scanning (ms): Min: 0.1, Avg: 0.1, Max: 0.2, Diff: 0.0, Sum: 0.6]
      [Update RS (ms): Min: 0.1, Avg: 0.1, Max: 0.1, Diff: 0.0, Sum: 0.3]
         [Processed Buffers: Min: 1, Avg: 1.5, Max: 3, Diff: 2, Sum: 6]
      [Scan RS (ms): Min: 0.0, Avg: 0.0, Max: 0.0, Diff: 0.0, Sum: 0.0]
      [Code Root Scanning (ms): Min: 0.0, Avg: 0.0, Max: 0.0, Diff: 0.0, Sum: 0.0]
      [Object Copy (ms): Min: 29.1, Avg: 29.1, Max: 29.1, Diff: 0.1, Sum: 116.3]
      [Termination (ms): Min: 0.0, Avg: 0.0, Max: 0.1, Diff: 0.1, Sum: 0.2]
         [Termination Attempts: Min: 1, Avg: 1.0, Max: 1, Diff: 0, Sum: 4]
      [GC Worker Other (ms): Min: 0.0, Avg: 0.0, Max: 0.0, Diff: 0.0, Sum: 0.0]
      [GC Worker Total (ms): Min: 29.3, Avg: 29.4, Max: 29.4, Diff: 0.0, Sum: 117.4]
      [GC Worker End (ms): Min: 4774.3, Avg: 4774.3, Max: 4774.3, Diff: 0.0]
   [Code Root Fixup: 0.0 ms]
   [Code Root Purge: 0.0 ms]
   [Clear CT: 0.1 ms]
   [Other: 0.2 ms]
      [Choose CSet: 0.0 ms]
      [Ref Proc: 0.1 ms]
      [Ref Enq: 0.0 ms]
      [Redirty Cards: 0.0 ms]
      [Humongous Register: 0.0 ms]
      [Humongous Reclaim: 0.0 ms]
      [Free CSet: 0.0 ms]
   [Eden: 160.0M(160.0M)->0.0B(160.0M) Survivors: 32.0M->32.0M Heap: 3600.0M(4000.0M)->3632.0M(4000.0M)]
 [Times: user=0.11 sys=0.00, real=0.03 secs] 
2018-01-08T14:41:05.460+0300: 4.802: [GC pause (G1 Evacuation Pause) (young), 0.0297314 secs]
   [Parallel Time: 29.3 ms, GC Workers: 4]
      [GC Worker Start (ms): Min: 4802.0, Avg: 4802.1, Max: 4802.1, Diff: 0.1]
      [Ext Root Scanning (ms): Min: 0.1, Avg: 0.2, Max: 0.2, Diff: 0.1, Sum: 0.6]
      [Update RS (ms): Min: 0.0, Avg: 0.0, Max: 0.1, Diff: 0.0, Sum: 0.2]
         [Processed Buffers: Min: 1, Avg: 1.2, Max: 2, Diff: 1, Sum: 5]
      [Scan RS (ms): Min: 0.0, Avg: 0.0, Max: 0.0, Diff: 0.0, Sum: 0.0]
      [Code Root Scanning (ms): Min: 0.0, Avg: 0.0, Max: 0.0, Diff: 0.0, Sum: 0.0]
      [Object Copy (ms): Min: 29.0, Avg: 29.0, Max: 29.0, Diff: 0.0, Sum: 116.0]
      [Termination (ms): Min: 0.0, Avg: 0.0, Max: 0.0, Diff: 0.0, Sum: 0.1]
         [Termination Attempts: Min: 1, Avg: 1.0, Max: 1, Diff: 0, Sum: 4]
      [GC Worker Other (ms): Min: 0.0, Avg: 0.0, Max: 0.0, Diff: 0.0, Sum: 0.1]
      [GC Worker Total (ms): Min: 29.2, Avg: 29.2, Max: 29.3, Diff: 0.1, Sum: 117.0]
      [GC Worker End (ms): Min: 4831.3, Avg: 4831.3, Max: 4831.3, Diff: 0.0]
   [Code Root Fixup: 0.0 ms]
   [Code Root Purge: 0.0 ms]
   [Clear CT: 0.1 ms]
   [Other: 0.3 ms]
      [Choose CSet: 0.0 ms]
      [Ref Proc: 0.1 ms]
      [Ref Enq: 0.0 ms]
      [Redirty Cards: 0.1 ms]
      [Humongous Register: 0.0 ms]
      [Humongous Reclaim: 0.0 ms]
      [Free CSet: 0.0 ms]
   [Eden: 160.0M(160.0M)->0.0B(160.0M) Survivors: 32.0M->32.0M Heap: 3792.0M(4000.0M)->3808.0M(4000.0M)]
 [Times: user=0.11 sys=0.00, real=0.03 secs] 
2018-01-08T14:41:05.501+0300: 4.843: [GC concurrent-mark-end, 0.3241509 secs]
2018-01-08T14:41:05.501+0300: 4.843: [GC remark 2018-01-08T14:41:05.501+0300: 4.843: [Finalize Marking, 0.0003552 secs] 2018-01-08T14:41:05.501+0300: 4.843: [GC ref-proc, 0.0000798 secs] 2018-01-08T14:41:05.501+0300: 4.844: [Unloading, 0.0005226 secs], 0.0049058 secs]
 [Times: user=0.02 sys=0.00, real=0.00 secs] 
2018-01-08T14:41:05.506+0300: 4.848: [GC cleanup 3876M->3876M(4000M), 0.0015134 secs]
 [Times: user=0.01 sys=0.00, real=0.00 secs] 
2018-01-08T14:41:05.526+0300: 4.869: [GC pause (G1 Evacuation Pause) (young) (to-space exhausted), 0.0060120 secs]
   [Parallel Time: 5.3 ms, GC Workers: 4]
      [GC Worker Start (ms): Min: 4868.6, Avg: 4868.6, Max: 4868.6, Diff: 0.0]
      [Ext Root Scanning (ms): Min: 0.1, Avg: 0.1, Max: 0.2, Diff: 0.0, Sum: 0.6]
      [Update RS (ms): Min: 0.1, Avg: 0.1, Max: 0.1, Diff: 0.1, Sum: 0.3]
         [Processed Buffers: Min: 1, Avg: 1.5, Max: 2, Diff: 1, Sum: 6]
      [Scan RS (ms): Min: 0.0, Avg: 0.0, Max: 0.0, Diff: 0.0, Sum: 0.0]
      [Code Root Scanning (ms): Min: 0.0, Avg: 0.0, Max: 0.0, Diff: 0.0, Sum: 0.0]
      [Object Copy (ms): Min: 4.9, Avg: 5.0, Max: 5.0, Diff: 0.1, Sum: 19.9]
      [Termination (ms): Min: 0.0, Avg: 0.0, Max: 0.1, Diff: 0.1, Sum: 0.1]
         [Termination Attempts: Min: 1, Avg: 1.0, Max: 1, Diff: 0, Sum: 4]
      [GC Worker Other (ms): Min: 0.0, Avg: 0.0, Max: 0.0, Diff: 0.0, Sum: 0.0]
      [GC Worker Total (ms): Min: 5.2, Avg: 5.3, Max: 5.3, Diff: 0.0, Sum: 21.0]
      [GC Worker End (ms): Min: 4873.9, Avg: 4873.9, Max: 4873.9, Diff: 0.0]
   [Code Root Fixup: 0.0 ms]
   [Code Root Purge: 0.0 ms]
   [Clear CT: 0.1 ms]
   [Other: 0.6 ms]
      [Evacuation Failure: 0.3 ms]
      [Choose CSet: 0.0 ms]
      [Ref Proc: 0.2 ms]
      [Ref Enq: 0.0 ms]
      [Redirty Cards: 0.0 ms]
      [Humongous Register: 0.0 ms]
      [Humongous Reclaim: 0.0 ms]
      [Free CSet: 0.0 ms]
   [Eden: 160.0M(160.0M)->0.0B(160.0M) Survivors: 32.0M->32.0M Heap: 3968.0M(4000.0M)->4000.0M(4000.0M)]
 [Times: user=0.02 sys=0.00, real=0.01 secs] 
2018-01-08T14:41:05.532+0300: 4.875: [Full GC (Allocation Failure)  4000M->1429M(4000M), 0.3750351 secs]
   [Eden: 0.0B(160.0M)->0.0B(864.0M) Survivors: 32.0M->0.0B Heap: 4000.0M(4000.0M)->1429.3M(4000.0M)], [Metaspace: 3903K->3896K(1056768K)]
 [Times: user=0.36 sys=0.00, real=0.37 secs] 
2018-01-08T14:41:06.537+0300: 5.879: [GC pause (G1 Evacuation Pause) (young), 0.1373806 secs]
   [Parallel Time: 136.6 ms, GC Workers: 4]
      [GC Worker Start (ms): Min: 5879.4, Avg: 5883.3, Max: 5887.1, Diff: 7.7]
      [Ext Root Scanning (ms): Min: 0.0, Avg: 0.1, Max: 0.3, Diff: 0.3, Sum: 0.5]
      [Update RS (ms): Min: 0.0, Avg: 0.7, Max: 1.4, Diff: 1.4, Sum: 2.7]
         [Processed Buffers: Min: 0, Avg: 3.2, Max: 7, Diff: 7, Sum: 13]
      [Scan RS (ms): Min: 0.0, Avg: 0.0, Max: 0.0, Diff: 0.0, Sum: 0.0]
      [Code Root Scanning (ms): Min: 0.0, Avg: 0.0, Max: 0.0, Diff: 0.0, Sum: 0.0]
      [Object Copy (ms): Min: 128.7, Avg: 131.8, Max: 134.9, Diff: 6.1, Sum: 527.2]
      [Termination (ms): Min: 0.0, Avg: 0.0, Max: 0.1, Diff: 0.1, Sum: 0.1]
         [Termination Attempts: Min: 1, Avg: 1.0, Max: 1, Diff: 0, Sum: 4]
      [GC Worker Other (ms): Min: 0.0, Avg: 0.0, Max: 0.0, Diff: 0.0, Sum: 0.0]
      [GC Worker Total (ms): Min: 128.8, Avg: 132.6, Max: 136.5, Diff: 7.7, Sum: 530.6]
      [GC Worker End (ms): Min: 6015.9, Avg: 6015.9, Max: 6015.9, Diff: 0.0]
   [Code Root Fixup: 0.0 ms]
   [Code Root Purge: 0.0 ms]
   [Clear CT: 0.2 ms]
   [Other: 0.6 ms]
      [Choose CSet: 0.0 ms]
      [Ref Proc: 0.2 ms]
      [Ref Enq: 0.0 ms]
      [Redirty Cards: 0.3 ms]
      [Humongous Register: 0.0 ms]
      [Humongous Reclaim: 0.0 ms]
      [Free CSet: 0.0 ms]
   [Eden: 864.0M(864.0M)->0.0B(640.0M) Survivors: 0.0B->128.0M Heap: 2293.3M(4000.0M)->2249.9M(4000.0M)]
 [Times: user=0.45 sys=0.00, real=0.13 secs] 
2018-01-08T14:41:06.752+0300: 6.094: [GC pause (G1 Evacuation Pause) (young) (initial-mark), 0.1258275 secs]
   [Parallel Time: 125.2 ms, GC Workers: 4]
      [GC Worker Start (ms): Min: 6094.3, Avg: 6094.3, Max: 6094.4, Diff: 0.1]
      [Ext Root Scanning (ms): Min: 0.1, Avg: 0.2, Max: 0.2, Diff: 0.1, Sum: 0.7]
      [Update RS (ms): Min: 1.8, Avg: 1.9, Max: 2.0, Diff: 0.2, Sum: 7.4]
         [Processed Buffers: Min: 3, Avg: 4.2, Max: 6, Diff: 3, Sum: 17]
      [Scan RS (ms): Min: 3.2, Avg: 3.3, Max: 3.4, Diff: 0.2, Sum: 13.1]
      [Code Root Scanning (ms): Min: 0.0, Avg: 0.0, Max: 0.0, Diff: 0.0, Sum: 0.0]
      [Object Copy (ms): Min: 119.6, Avg: 119.7, Max: 119.9, Diff: 0.3, Sum: 478.9]
      [Termination (ms): Min: 0.0, Avg: 0.1, Max: 0.2, Diff: 0.2, Sum: 0.4]
         [Termination Attempts: Min: 1, Avg: 1.0, Max: 1, Diff: 0, Sum: 4]
      [GC Worker Other (ms): Min: 0.0, Avg: 0.0, Max: 0.0, Diff: 0.0, Sum: 0.0]
      [GC Worker Total (ms): Min: 125.1, Avg: 125.1, Max: 125.2, Diff: 0.1, Sum: 500.5]
      [GC Worker End (ms): Min: 6219.5, Avg: 6219.5, Max: 6219.5, Diff: 0.0]
   [Code Root Fixup: 0.0 ms]
   [Code Root Purge: 0.0 ms]
   [Clear CT: 0.3 ms]
   [Other: 0.3 ms]
      [Choose CSet: 0.0 ms]
      [Ref Proc: 0.2 ms]
      [Ref Enq: 0.0 ms]
      [Redirty Cards: 0.1 ms]
      [Humongous Register: 0.0 ms]
      [Humongous Reclaim: 0.0 ms]
      [Free CSet: 0.0 ms]
   [Eden: 640.0M(640.0M)->0.0B(288.0M) Survivors: 128.0M->96.0M Heap: 2889.9M(4000.0M)->2949.3M(4000.0M)]
 [Times: user=0.47 sys=0.00, real=0.13 secs] 
2018-01-08T14:41:06.878+0300: 6.220: [GC concurrent-root-region-scan-start]
2018-01-08T14:41:06.879+0300: 6.221: [GC concurrent-root-region-scan-end, 0.0011346 secs]
2018-01-08T14:41:06.879+0300: 6.221: [GC concurrent-mark-start]
2018-01-08T14:41:06.894+0300: 6.237: [GC concurrent-mark-end, 0.0151119 secs]
2018-01-08T14:41:06.894+0300: 6.237: [GC remark 2018-01-08T14:41:06.894+0300: 6.237: [Finalize Marking, 0.0025493 secs] 2018-01-08T14:41:06.897+0300: 6.239: [GC ref-proc, 0.0001017 secs] 2018-01-08T14:41:06.897+0300: 6.239: [Unloading, 0.0005363 secs], 0.0050710 secs]
 [Times: user=0.02 sys=0.00, real=0.01 secs] 
2018-01-08T14:41:06.900+0300: 6.242: [GC cleanup 3058M->1212M(4000M), 0.0017390 secs]
 [Times: user=0.00 sys=0.00, real=0.00 secs] 
2018-01-08T14:41:06.901+0300: 6.244: [GC concurrent-cleanup-start]
2018-01-08T14:41:06.902+0300: 6.244: [GC concurrent-cleanup-end, 0.0006607 secs]
2018-01-08T14:41:06.931+0300: 6.273: [GC pause (G1 Evacuation Pause) (young), 0.0804951 secs]
   [Parallel Time: 80.1 ms, GC Workers: 4]
      [GC Worker Start (ms): Min: 6273.0, Avg: 6273.1, Max: 6273.1, Diff: 0.1]
      [Ext Root Scanning (ms): Min: 0.1, Avg: 0.2, Max: 0.2, Diff: 0.1, Sum: 0.6]
      [Update RS (ms): Min: 22.6, Avg: 23.4, Max: 24.5, Diff: 1.8, Sum: 93.5]
         [Processed Buffers: Min: 5, Avg: 6.0, Max: 8, Diff: 3, Sum: 24]
      [Scan RS (ms): Min: 0.0, Avg: 0.0, Max: 0.0, Diff: 0.0, Sum: 0.0]
      [Code Root Scanning (ms): Min: 0.0, Avg: 0.0, Max: 0.0, Diff: 0.0, Sum: 0.0]
      [Object Copy (ms): Min: 55.3, Avg: 56.4, Max: 57.2, Diff: 1.9, Sum: 225.7]
      [Termination (ms): Min: 0.0, Avg: 0.0, Max: 0.1, Diff: 0.1, Sum: 0.1]
         [Termination Attempts: Min: 1, Avg: 1.0, Max: 1, Diff: 0, Sum: 4]
      [GC Worker Other (ms): Min: 0.0, Avg: 0.0, Max: 0.0, Diff: 0.0, Sum: 0.1]
      [GC Worker Total (ms): Min: 80.0, Avg: 80.0, Max: 80.1, Diff: 0.1, Sum: 320.1]
      [GC Worker End (ms): Min: 6353.1, Avg: 6353.1, Max: 6353.1, Diff: 0.0]
   [Code Root Fixup: 0.0 ms]
   [Code Root Purge: 0.0 ms]
   [Clear CT: 0.1 ms]
   [Other: 0.3 ms]
      [Choose CSet: 0.0 ms]
      [Ref Proc: 0.1 ms]
      [Ref Enq: 0.0 ms]
      [Redirty Cards: 0.0 ms]
      [Humongous Register: 0.0 ms]
      [Humongous Reclaim: 0.0 ms]
      [Free CSet: 0.0 ms]
   [Eden: 288.0M(288.0M)->0.0B(128.0M) Survivors: 96.0M->64.0M Heap: 1391.8M(4000.0M)->1423.8M(4000.0M)]
 [Times: user=0.31 sys=0.01, real=0.08 secs] 
2018-01-08T14:41:07.033+0300: 6.375: [GC pause (G1 Evacuation Pause) (mixed), 0.0334142 secs]
   [Parallel Time: 32.9 ms, GC Workers: 4]
      [GC Worker Start (ms): Min: 6374.9, Avg: 6374.9, Max: 6375.0, Diff: 0.1]
      [Ext Root Scanning (ms): Min: 0.2, Avg: 0.2, Max: 0.3, Diff: 0.1, Sum: 0.8]
      [Update RS (ms): Min: 0.1, Avg: 0.1, Max: 0.1, Diff: 0.0, Sum: 0.3]
         [Processed Buffers: Min: 1, Avg: 1.2, Max: 2, Diff: 1, Sum: 5]
      [Scan RS (ms): Min: 0.0, Avg: 0.0, Max: 0.1, Diff: 0.1, Sum: 0.2]
      [Code Root Scanning (ms): Min: 0.0, Avg: 0.0, Max: 0.2, Diff: 0.2, Sum: 0.2]
      [Object Copy (ms): Min: 28.3, Avg: 29.5, Max: 32.5, Diff: 4.2, Sum: 118.0]
      [Termination (ms): Min: 0.0, Avg: 2.9, Max: 3.9, Diff: 3.9, Sum: 11.6]
         [Termination Attempts: Min: 1, Avg: 1.0, Max: 1, Diff: 0, Sum: 4]
      [GC Worker Other (ms): Min: 0.0, Avg: 0.0, Max: 0.0, Diff: 0.0, Sum: 0.0]
      [GC Worker Total (ms): Min: 32.7, Avg: 32.8, Max: 32.8, Diff: 0.1, Sum: 131.1]
      [GC Worker End (ms): Min: 6407.7, Avg: 6407.7, Max: 6407.7, Diff: 0.0]
   [Code Root Fixup: 0.0 ms]
   [Code Root Purge: 0.0 ms]
   [Clear CT: 0.1 ms]
   [Other: 0.4 ms]
      [Choose CSet: 0.0 ms]
      [Ref Proc: 0.1 ms]
      [Ref Enq: 0.0 ms]
      [Redirty Cards: 0.1 ms]
      [Humongous Register: 0.0 ms]
      [Humongous Reclaim: 0.0 ms]
      [Free CSet: 0.0 ms]
   [Eden: 128.0M(128.0M)->0.0B(960.0M) Survivors: 64.0M->32.0M Heap: 1551.8M(4000.0M)->1520.0M(4000.0M)]
 [Times: user=0.13 sys=0.00, real=0.03 secs] 
2018-01-08T14:41:07.712+0300: 7.054: [GC pause (G1 Evacuation Pause) (young), 0.1674015 secs]
   [Parallel Time: 166.6 ms, GC Workers: 4]
      [GC Worker Start (ms): Min: 7053.9, Avg: 7054.0, Max: 7054.0, Diff: 0.1]
      [Ext Root Scanning (ms): Min: 0.1, Avg: 0.1, Max: 0.2, Diff: 0.1, Sum: 0.6]
      [Update RS (ms): Min: 0.9, Avg: 1.0, Max: 1.1, Diff: 0.2, Sum: 4.0]
         [Processed Buffers: Min: 4, Avg: 4.5, Max: 5, Diff: 1, Sum: 18]
      [Scan RS (ms): Min: 0.0, Avg: 0.0, Max: 0.1, Diff: 0.1, Sum: 0.1]
      [Code Root Scanning (ms): Min: 0.0, Avg: 0.0, Max: 0.0, Diff: 0.0, Sum: 0.0]
      [Object Copy (ms): Min: 165.1, Avg: 165.2, Max: 165.4, Diff: 0.3, Sum: 660.8]
      [Termination (ms): Min: 0.0, Avg: 0.1, Max: 0.2, Diff: 0.2, Sum: 0.3]
         [Termination Attempts: Min: 1, Avg: 1.0, Max: 1, Diff: 0, Sum: 4]
      [GC Worker Other (ms): Min: 0.0, Avg: 0.0, Max: 0.0, Diff: 0.0, Sum: 0.0]
      [GC Worker Total (ms): Min: 166.4, Avg: 166.5, Max: 166.5, Diff: 0.1, Sum: 665.8]
      [GC Worker End (ms): Min: 7220.4, Avg: 7220.4, Max: 7220.4, Diff: 0.0]
   [Code Root Fixup: 0.0 ms]
   [Code Root Purge: 0.0 ms]
   [Clear CT: 0.2 ms]
   [Other: 0.6 ms]
      [Choose CSet: 0.0 ms]
      [Ref Proc: 0.2 ms]
      [Ref Enq: 0.0 ms]
      [Redirty Cards: 0.3 ms]
      [Humongous Register: 0.0 ms]
      [Humongous Reclaim: 0.0 ms]
      [Free CSet: 0.0 ms]
   [Eden: 960.0M(960.0M)->0.0B(576.0M) Survivors: 32.0M->128.0M Heap: 2480.0M(4000.0M)->2416.0M(4000.0M)]
 [Times: user=0.64 sys=0.00, real=0.17 secs] 
2018-01-08T14:41:07.982+0300: 7.324: [GC pause (G1 Evacuation Pause) (young) (initial-mark), 0.1279794 secs]
   [Parallel Time: 127.2 ms, GC Workers: 4]
      [GC Worker Start (ms): Min: 7324.4, Avg: 7324.4, Max: 7324.4, Diff: 0.0]
      [Ext Root Scanning (ms): Min: 0.1, Avg: 0.2, Max: 0.2, Diff: 0.0, Sum: 0.7]
      [Update RS (ms): Min: 4.5, Avg: 5.0, Max: 6.0, Diff: 1.5, Sum: 19.9]
         [Processed Buffers: Min: 8, Avg: 9.0, Max: 11, Diff: 3, Sum: 36]
      [Scan RS (ms): Min: 3.6, Avg: 4.6, Max: 5.0, Diff: 1.4, Sum: 18.3]
      [Code Root Scanning (ms): Min: 0.0, Avg: 0.0, Max: 0.0, Diff: 0.0, Sum: 0.0]
      [Object Copy (ms): Min: 117.2, Avg: 117.3, Max: 117.4, Diff: 0.3, Sum: 469.2]
      [Termination (ms): Min: 0.0, Avg: 0.1, Max: 0.2, Diff: 0.2, Sum: 0.4]
         [Termination Attempts: Min: 1, Avg: 1.0, Max: 1, Diff: 0, Sum: 4]
      [GC Worker Other (ms): Min: 0.0, Avg: 0.0, Max: 0.0, Diff: 0.0, Sum: 0.0]
      [GC Worker Total (ms): Min: 127.1, Avg: 127.1, Max: 127.2, Diff: 0.1, Sum: 508.5]
      [GC Worker End (ms): Min: 7451.5, Avg: 7451.5, Max: 7451.5, Diff: 0.0]
   [Code Root Fixup: 0.0 ms]
   [Code Root Purge: 0.0 ms]
   [Clear CT: 0.3 ms]
   [Other: 0.4 ms]
      [Choose CSet: 0.0 ms]
      [Ref Proc: 0.2 ms]
      [Ref Enq: 0.0 ms]
      [Redirty Cards: 0.1 ms]
      [Humongous Register: 0.0 ms]
      [Humongous Reclaim: 0.0 ms]
      [Free CSet: 0.0 ms]
   [Eden: 576.0M(576.0M)->0.0B(256.0M) Survivors: 128.0M->96.0M Heap: 2992.0M(4000.0M)->3040.0M(4000.0M)]
 [Times: user=0.43 sys=0.00, real=0.13 secs] 
2018-01-08T14:41:08.110+0300: 7.452: [GC concurrent-root-region-scan-start]
2018-01-08T14:41:08.111+0300: 7.453: [GC concurrent-root-region-scan-end, 0.0004415 secs]
2018-01-08T14:41:08.111+0300: 7.453: [GC concurrent-mark-start]
2018-01-08T14:41:08.127+0300: 7.470: [GC concurrent-mark-end, 0.0167738 secs]
2018-01-08T14:41:08.132+0300: 7.474: [GC remark 2018-01-08T14:41:08.132+0300: 7.474: [Finalize Marking, 0.0002277 secs] 2018-01-08T14:41:08.132+0300: 7.474: [GC ref-proc, 0.0000784 secs] 2018-01-08T14:41:08.132+0300: 7.474: [Unloading, 0.0013952 secs], 0.0051271 secs]
 [Times: user=0.01 sys=0.00, real=0.01 secs] 
2018-01-08T14:41:08.141+0300: 7.483: [GC cleanup 3104M->1024M(4000M), 0.0019831 secs]
 [Times: user=0.01 sys=0.00, real=0.00 secs] 
2018-01-08T14:41:08.143+0300: 7.485: [GC concurrent-cleanup-start]
2018-01-08T14:41:08.144+0300: 7.486: [GC concurrent-cleanup-end, 0.0006971 secs]
2018-01-08T14:41:08.175+0300: 7.517: [GC pause (G1 Evacuation Pause) (young), 0.0786047 secs]
   [Parallel Time: 78.3 ms, GC Workers: 4]
      [GC Worker Start (ms): Min: 7517.5, Avg: 7520.0, Max: 7527.1, Diff: 9.6]
      [Ext Root Scanning (ms): Min: 0.0, Avg: 0.1, Max: 0.2, Diff: 0.2, Sum: 0.5]
      [Update RS (ms): Min: 17.7, Avg: 23.0, Max: 32.0, Diff: 14.3, Sum: 92.0]
         [Processed Buffers: Min: 3, Avg: 8.0, Max: 14, Diff: 11, Sum: 32]
      [Scan RS (ms): Min: 0.0, Avg: 0.0, Max: 0.0, Diff: 0.0, Sum: 0.0]
      [Code Root Scanning (ms): Min: 0.0, Avg: 0.0, Max: 0.0, Diff: 0.0, Sum: 0.0]
      [Object Copy (ms): Min: 45.6, Avg: 52.2, Max: 57.4, Diff: 11.9, Sum: 208.9]
      [Termination (ms): Min: 0.0, Avg: 0.1, Max: 0.2, Diff: 0.2, Sum: 0.4]
         [Termination Attempts: Min: 1, Avg: 1.0, Max: 1, Diff: 0, Sum: 4]
      [GC Worker Other (ms): Min: 0.0, Avg: 0.0, Max: 0.0, Diff: 0.0, Sum: 0.0]
      [GC Worker Total (ms): Min: 68.3, Avg: 75.5, Max: 78.0, Diff: 9.7, Sum: 301.8]
      [GC Worker End (ms): Min: 7595.4, Avg: 7595.4, Max: 7595.5, Diff: 0.0]
   [Code Root Fixup: 0.0 ms]
   [Code Root Purge: 0.0 ms]
   [Clear CT: 0.1 ms]
   [Other: 0.3 ms]
      [Choose CSet: 0.0 ms]
      [Ref Proc: 0.1 ms]
      [Ref Enq: 0.0 ms]
      [Redirty Cards: 0.0 ms]
      [Humongous Register: 0.0 ms]
      [Humongous Reclaim: 0.0 ms]
      [Free CSet: 0.0 ms]
   [Eden: 256.0M(256.0M)->0.0B(128.0M) Survivors: 96.0M->64.0M Heap: 1216.0M(4000.0M)->1248.0M(4000.0M)]
 [Times: user=0.25 sys=0.00, real=0.08 secs] 
2018-01-08T14:41:08.279+0300: 7.621: [GC pause (G1 Evacuation Pause) (mixed), 0.0329347 secs]
   [Parallel Time: 31.2 ms, GC Workers: 4]
      [GC Worker Start (ms): Min: 7620.9, Avg: 7622.2, Max: 7623.5, Diff: 2.6]
      [Ext Root Scanning (ms): Min: 0.0, Avg: 0.1, Max: 0.3, Diff: 0.3, Sum: 0.5]
      [Update RS (ms): Min: 0.0, Avg: 0.1, Max: 0.1, Diff: 0.1, Sum: 0.2]
         [Processed Buffers: Min: 0, Avg: 1.2, Max: 3, Diff: 3, Sum: 5]
      [Scan RS (ms): Min: 0.0, Avg: 0.1, Max: 0.2, Diff: 0.2, Sum: 0.3]
      [Code Root Scanning (ms): Min: 0.0, Avg: 0.0, Max: 0.1, Diff: 0.1, Sum: 0.1]
      [Object Copy (ms): Min: 28.5, Avg: 29.5, Max: 30.4, Diff: 2.0, Sum: 117.9]
      [Termination (ms): Min: 0.0, Avg: 0.1, Max: 0.2, Diff: 0.2, Sum: 0.3]
         [Termination Attempts: Min: 1, Avg: 1.0, Max: 1, Diff: 0, Sum: 4]
      [GC Worker Other (ms): Min: 0.0, Avg: 0.0, Max: 0.0, Diff: 0.0, Sum: 0.0]
      [GC Worker Total (ms): Min: 28.5, Avg: 29.9, Max: 31.2, Diff: 2.6, Sum: 119.5]
      [GC Worker End (ms): Min: 7652.1, Avg: 7652.1, Max: 7652.1, Diff: 0.0]
   [Code Root Fixup: 0.0 ms]
   [Code Root Purge: 0.0 ms]
   [Clear CT: 0.2 ms]
   [Other: 1.5 ms]
      [Choose CSet: 0.0 ms]
      [Ref Proc: 1.1 ms]
      [Ref Enq: 0.0 ms]
      [Redirty Cards: 0.2 ms]
      [Humongous Register: 0.0 ms]
      [Humongous Reclaim: 0.0 ms]
      [Free CSet: 0.0 ms]
   [Eden: 128.0M(128.0M)->0.0B(960.0M) Survivors: 64.0M->32.0M Heap: 1376.0M(4000.0M)->1312.0M(4000.0M)]
 [Times: user=0.12 sys=0.00, real=0.03 secs] 
2018-01-08T14:41:08.541+0300: 7.883: [GC pause (G1 Evacuation Pause) (young), 0.1650077 secs]
   [Parallel Time: 163.4 ms, GC Workers: 4]
      [GC Worker Start (ms): Min: 7882.9, Avg: 7883.0, Max: 7883.1, Diff: 0.1]
      [Ext Root Scanning (ms): Min: 0.1, Avg: 0.2, Max: 0.3, Diff: 0.1, Sum: 0.7]
      [Update RS (ms): Min: 0.4, Avg: 0.5, Max: 0.6, Diff: 0.2, Sum: 1.9]
         [Processed Buffers: Min: 2, Avg: 2.8, Max: 4, Diff: 2, Sum: 11]
      [Scan RS (ms): Min: 0.0, Avg: 0.0, Max: 0.0, Diff: 0.0, Sum: 0.0]
      [Code Root Scanning (ms): Min: 0.0, Avg: 0.0, Max: 0.0, Diff: 0.0, Sum: 0.0]
      [Object Copy (ms): Min: 162.0, Avg: 162.1, Max: 162.2, Diff: 0.2, Sum: 648.5]
      [Termination (ms): Min: 0.0, Avg: 0.0, Max: 0.0, Diff: 0.0, Sum: 0.0]
         [Termination Attempts: Min: 1, Avg: 1.0, Max: 1, Diff: 0, Sum: 4]
      [GC Worker Other (ms): Min: 0.0, Avg: 0.0, Max: 0.0, Diff: 0.0, Sum: 0.1]
      [GC Worker Total (ms): Min: 162.7, Avg: 162.8, Max: 162.9, Diff: 0.1, Sum: 651.1]
      [GC Worker End (ms): Min: 8045.8, Avg: 8045.8, Max: 8045.8, Diff: 0.0]
   [Code Root Fixup: 0.0 ms]
   [Code Root Purge: 0.0 ms]
   [Clear CT: 0.4 ms]
   [Other: 1.2 ms]
      [Choose CSet: 0.0 ms]
      [Ref Proc: 0.9 ms]
      [Ref Enq: 0.0 ms]
      [Redirty Cards: 0.2 ms]
      [Humongous Register: 0.0 ms]
      [Humongous Reclaim: 0.0 ms]
      [Free CSet: 0.0 ms]
   [Eden: 960.0M(960.0M)->0.0B(640.0M) Survivors: 32.0M->128.0M Heap: 2272.0M(4000.0M)->2304.0M(4000.0M)]
 [Times: user=0.59 sys=0.00, real=0.16 secs] 
2018-01-08T14:41:09.210+0300: 8.553: [GC pause (G1 Evacuation Pause) (young) (initial-mark), 0.1136277 secs]
   [Parallel Time: 112.7 ms, GC Workers: 4]
      [GC Worker Start (ms): Min: 8552.8, Avg: 8553.0, Max: 8553.1, Diff: 0.3]
      [Ext Root Scanning (ms): Min: 0.0, Avg: 1.5, Max: 5.6, Diff: 5.5, Sum: 5.9]
      [Update RS (ms): Min: 0.0, Avg: 1.6, Max: 2.2, Diff: 2.2, Sum: 6.3]
         [Processed Buffers: Min: 0, Avg: 5.5, Max: 8, Diff: 8, Sum: 22]
      [Scan RS (ms): Min: 0.0, Avg: 0.8, Max: 1.2, Diff: 1.2, Sum: 3.4]
      [Code Root Scanning (ms): Min: 0.0, Avg: 0.0, Max: 0.0, Diff: 0.0, Sum: 0.0]
      [Object Copy (ms): Min: 107.0, Avg: 108.6, Max: 109.1, Diff: 2.1, Sum: 434.4]
      [Termination (ms): Min: 0.0, Avg: 0.0, Max: 0.1, Diff: 0.1, Sum: 0.1]
         [Termination Attempts: Min: 1, Avg: 1.0, Max: 1, Diff: 0, Sum: 4]
      [GC Worker Other (ms): Min: 0.0, Avg: 0.0, Max: 0.0, Diff: 0.0, Sum: 0.0]
      [GC Worker Total (ms): Min: 112.4, Avg: 112.5, Max: 112.7, Diff: 0.3, Sum: 450.1]
      [GC Worker End (ms): Min: 8665.5, Avg: 8665.5, Max: 8665.5, Diff: 0.0]
   [Code Root Fixup: 0.0 ms]
   [Code Root Purge: 0.0 ms]
   [Clear CT: 0.4 ms]
   [Other: 0.5 ms]
      [Choose CSet: 0.0 ms]
      [Ref Proc: 0.2 ms]
      [Ref Enq: 0.0 ms]
      [Redirty Cards: 0.2 ms]
      [Humongous Register: 0.0 ms]
      [Humongous Reclaim: 0.0 ms]
      [Free CSet: 0.0 ms]
   [Eden: 640.0M(640.0M)->0.0B(320.0M) Survivors: 128.0M->96.0M Heap: 2944.0M(4000.0M)->2912.0M(4000.0M)]
 [Times: user=0.42 sys=0.00, real=0.11 secs] 
2018-01-08T14:41:09.324+0300: 8.667: [GC concurrent-root-region-scan-start]
2018-01-08T14:41:09.386+0300: 8.728: [GC pause (G1 Evacuation Pause) (young)2018-01-08T14:41:09.445+0300: 8.787: [GC concurrent-root-region-scan-end, 0.1208153 secs]
2018-01-08T14:41:09.445+0300: 8.787: [GC concurrent-mark-start]
, 0.1326589 secs]
   [Root Region Scan Waiting: 59.1 ms]
   [Parallel Time: 72.9 ms, GC Workers: 4]
      [GC Worker Start (ms): Min: 8787.4, Avg: 8787.4, Max: 8787.5, Diff: 0.1]
      [Ext Root Scanning (ms): Min: 0.1, Avg: 0.2, Max: 0.2, Diff: 0.1, Sum: 0.6]
      [Update RS (ms): Min: 2.0, Avg: 2.1, Max: 2.4, Diff: 0.4, Sum: 8.5]
         [Processed Buffers: Min: 4, Avg: 4.0, Max: 4, Diff: 0, Sum: 16]
      [Scan RS (ms): Min: 0.1, Avg: 0.3, Max: 0.5, Diff: 0.4, Sum: 1.4]
      [Code Root Scanning (ms): Min: 0.0, Avg: 0.0, Max: 0.0, Diff: 0.0, Sum: 0.0]
      [Object Copy (ms): Min: 70.1, Avg: 70.1, Max: 70.2, Diff: 0.1, Sum: 280.4]
      [Termination (ms): Min: 0.0, Avg: 0.1, Max: 0.2, Diff: 0.2, Sum: 0.3]
         [Termination Attempts: Min: 1, Avg: 1.0, Max: 1, Diff: 0, Sum: 4]
      [GC Worker Other (ms): Min: 0.0, Avg: 0.0, Max: 0.0, Diff: 0.0, Sum: 0.1]
      [GC Worker Total (ms): Min: 72.8, Avg: 72.8, Max: 72.8, Diff: 0.0, Sum: 291.3]
      [GC Worker End (ms): Min: 8860.2, Avg: 8860.3, Max: 8860.3, Diff: 0.1]
   [Code Root Fixup: 0.0 ms]
   [Code Root Purge: 0.0 ms]
   [Clear CT: 0.2 ms]
   [Other: 0.4 ms]
      [Choose CSet: 0.0 ms]
      [Ref Proc: 0.1 ms]
      [Ref Enq: 0.0 ms]
      [Redirty Cards: 0.1 ms]
      [Humongous Register: 0.0 ms]
      [Humongous Reclaim: 0.0 ms]
      [Free CSet: 0.0 ms]
   [Eden: 320.0M(320.0M)->0.0B(128.0M) Survivors: 96.0M->64.0M Heap: 3232.0M(4000.0M)->3280.0M(4000.0M)]
 [Times: user=0.33 sys=0.00, real=0.14 secs] 
2018-01-08T14:41:09.548+0300: 8.890: [GC pause (G1 Evacuation Pause) (young), 0.0431528 secs]
   [Parallel Time: 42.5 ms, GC Workers: 4]
      [GC Worker Start (ms): Min: 8890.5, Avg: 8890.6, Max: 8890.6, Diff: 0.1]
      [Ext Root Scanning (ms): Min: 0.1, Avg: 0.1, Max: 0.2, Diff: 0.1, Sum: 0.6]
      [Update RS (ms): Min: 4.8, Avg: 5.1, Max: 6.0, Diff: 1.3, Sum: 20.5]
         [Processed Buffers: Min: 8, Avg: 8.5, Max: 9, Diff: 1, Sum: 34]
      [Scan RS (ms): Min: 0.0, Avg: 0.0, Max: 0.0, Diff: 0.0, Sum: 0.0]
      [Code Root Scanning (ms): Min: 0.0, Avg: 0.0, Max: 0.0, Diff: 0.0, Sum: 0.0]
      [Object Copy (ms): Min: 34.4, Avg: 35.5, Max: 36.8, Diff: 2.5, Sum: 141.9]
      [Termination (ms): Min: 0.0, Avg: 1.2, Max: 1.9, Diff: 1.9, Sum: 4.7]
         [Termination Attempts: Min: 1, Avg: 1.0, Max: 1, Diff: 0, Sum: 4]
      [GC Worker Other (ms): Min: 0.0, Avg: 0.0, Max: 0.0, Diff: 0.0, Sum: 0.1]
      [GC Worker Total (ms): Min: 41.7, Avg: 41.9, Max: 42.4, Diff: 0.7, Sum: 167.7]
      [GC Worker End (ms): Min: 8932.3, Avg: 8932.5, Max: 8933.0, Diff: 0.6]
   [Code Root Fixup: 0.0 ms]
   [Code Root Purge: 0.0 ms]
   [Clear CT: 0.1 ms]
   [Other: 0.5 ms]
      [Choose CSet: 0.0 ms]
      [Ref Proc: 0.1 ms]
      [Ref Enq: 0.0 ms]
      [Redirty Cards: 0.3 ms]
      [Humongous Register: 0.0 ms]
      [Humongous Reclaim: 0.0 ms]
      [Free CSet: 0.0 ms]
   [Eden: 128.0M(128.0M)->0.0B(160.0M) Survivors: 64.0M->32.0M Heap: 3408.0M(4000.0M)->3440.0M(4000.0M)]
 [Times: user=0.13 sys=0.00, real=0.05 secs] 
2018-01-08T14:41:09.624+0300: 8.966: [GC pause (G1 Evacuation Pause) (young), 0.0365589 secs]
   [Parallel Time: 36.0 ms, GC Workers: 4]
      [GC Worker Start (ms): Min: 8966.0, Avg: 8966.6, Max: 8968.0, Diff: 1.9]
      [Ext Root Scanning (ms): Min: 0.0, Avg: 0.1, Max: 0.2, Diff: 0.2, Sum: 0.5]
      [Update RS (ms): Min: 0.0, Avg: 0.1, Max: 0.1, Diff: 0.1, Sum: 0.2]
         [Processed Buffers: Min: 0, Avg: 1.5, Max: 3, Diff: 3, Sum: 6]
      [Scan RS (ms): Min: 0.0, Avg: 0.0, Max: 0.0, Diff: 0.0, Sum: 0.0]
      [Code Root Scanning (ms): Min: 0.0, Avg: 0.0, Max: 0.0, Diff: 0.0, Sum: 0.0]
      [Object Copy (ms): Min: 33.9, Avg: 35.2, Max: 35.7, Diff: 1.8, Sum: 140.7]
      [Termination (ms): Min: 0.0, Avg: 0.1, Max: 0.2, Diff: 0.2, Sum: 0.4]
         [Termination Attempts: Min: 1, Avg: 1.0, Max: 1, Diff: 0, Sum: 4]
      [GC Worker Other (ms): Min: 0.0, Avg: 0.0, Max: 0.0, Diff: 0.0, Sum: 0.0]
      [GC Worker Total (ms): Min: 34.0, Avg: 35.5, Max: 36.0, Diff: 1.9, Sum: 141.8]
      [GC Worker End (ms): Min: 9002.0, Avg: 9002.0, Max: 9002.0, Diff: 0.0]
   [Code Root Fixup: 0.0 ms]
   [Code Root Purge: 0.0 ms]
   [Clear CT: 0.1 ms]
   [Other: 0.4 ms]
      [Choose CSet: 0.0 ms]
      [Ref Proc: 0.2 ms]
      [Ref Enq: 0.0 ms]
      [Redirty Cards: 0.2 ms]
      [Humongous Register: 0.0 ms]
      [Humongous Reclaim: 0.0 ms]
      [Free CSet: 0.0 ms]
   [Eden: 160.0M(160.0M)->0.0B(160.0M) Survivors: 32.0M->32.0M Heap: 3600.0M(4000.0M)->3616.0M(4000.0M)]
 [Times: user=0.12 sys=0.00, real=0.04 secs] 
2018-01-08T14:41:09.688+0300: 9.030: [GC pause (G1 Evacuation Pause) (young), 0.0375013 secs]
   [Parallel Time: 37.0 ms, GC Workers: 4]
      [GC Worker Start (ms): Min: 9029.9, Avg: 9030.0, Max: 9030.0, Diff: 0.1]
      [Ext Root Scanning (ms): Min: 0.1, Avg: 0.2, Max: 0.3, Diff: 0.2, Sum: 0.8]
      [Update RS (ms): Min: 0.0, Avg: 0.1, Max: 0.5, Diff: 0.5, Sum: 0.6]
         [Processed Buffers: Min: 0, Avg: 1.2, Max: 2, Diff: 2, Sum: 5]
      [Scan RS (ms): Min: 0.0, Avg: 0.0, Max: 0.0, Diff: 0.0, Sum: 0.0]
      [Code Root Scanning (ms): Min: 0.0, Avg: 0.0, Max: 0.0, Diff: 0.0, Sum: 0.0]
      [Object Copy (ms): Min: 33.8, Avg: 34.6, Max: 36.5, Diff: 2.8, Sum: 138.5]
      [Termination (ms): Min: 0.0, Avg: 1.9, Max: 2.6, Diff: 2.6, Sum: 7.4]
         [Termination Attempts: Min: 1, Avg: 1.0, Max: 1, Diff: 0, Sum: 4]
      [GC Worker Other (ms): Min: 0.0, Avg: 0.0, Max: 0.0, Diff: 0.0, Sum: 0.0]
      [GC Worker Total (ms): Min: 36.8, Avg: 36.8, Max: 36.9, Diff: 0.1, Sum: 147.3]
      [GC Worker End (ms): Min: 9066.8, Avg: 9066.8, Max: 9066.8, Diff: 0.0]
   [Code Root Fixup: 0.0 ms]
   [Code Root Purge: 0.0 ms]
   [Clear CT: 0.1 ms]
   [Other: 0.5 ms]
      [Choose CSet: 0.0 ms]
      [Ref Proc: 0.2 ms]
      [Ref Enq: 0.0 ms]
      [Redirty Cards: 0.2 ms]
      [Humongous Register: 0.0 ms]
      [Humongous Reclaim: 0.0 ms]
      [Free CSet: 0.0 ms]
   [Eden: 160.0M(160.0M)->0.0B(160.0M) Survivors: 32.0M->32.0M Heap: 3776.0M(4000.0M)->3808.0M(4000.0M)]
 [Times: user=0.13 sys=0.00, real=0.04 secs] 
2018-01-08T14:41:09.739+0300: 9.082: [GC concurrent-mark-end, 0.2942655 secs]
2018-01-08T14:41:09.739+0300: 9.082: [GC remark 2018-01-08T14:41:09.739+0300: 9.082: [Finalize Marking, 0.0021585 secs] 2018-01-08T14:41:09.742+0300: 9.084: [GC ref-proc, 0.0000890 secs] 2018-01-08T14:41:09.742+0300: 9.084: [Unloading, 0.0009775 secs], 0.0089389 secs]
 [Times: user=0.02 sys=0.00, real=0.00 secs] 
2018-01-08T14:41:09.749+0300: 9.091: [GC cleanup 3879M->3879M(4000M), 0.0017126 secs]
 [Times: user=0.01 sys=0.00, real=0.01 secs] 
2018-01-08T14:41:09.772+0300: 9.114: [GC pause (G1 Evacuation Pause) (young) (to-space exhausted), 0.0079390 secs]
   [Parallel Time: 7.3 ms, GC Workers: 4]
      [GC Worker Start (ms): Min: 9114.3, Avg: 9114.8, Max: 9116.3, Diff: 2.0]
      [Ext Root Scanning (ms): Min: 0.0, Avg: 0.1, Max: 0.2, Diff: 0.2, Sum: 0.6]
      [Update RS (ms): Min: 0.0, Avg: 0.1, Max: 0.1, Diff: 0.1, Sum: 0.3]
         [Processed Buffers: Min: 0, Avg: 1.5, Max: 3, Diff: 3, Sum: 6]
      [Scan RS (ms): Min: 0.0, Avg: 0.0, Max: 0.0, Diff: 0.0, Sum: 0.0]
      [Code Root Scanning (ms): Min: 0.0, Avg: 0.0, Max: 0.0, Diff: 0.0, Sum: 0.0]
      [Object Copy (ms): Min: 5.2, Avg: 6.2, Max: 6.9, Diff: 1.7, Sum: 24.6]
      [Termination (ms): Min: 0.0, Avg: 0.3, Max: 0.8, Diff: 0.8, Sum: 1.2]
         [Termination Attempts: Min: 1, Avg: 1.0, Max: 1, Diff: 0, Sum: 4]
      [GC Worker Other (ms): Min: 0.0, Avg: 0.0, Max: 0.0, Diff: 0.0, Sum: 0.0]
      [GC Worker Total (ms): Min: 5.2, Avg: 6.7, Max: 7.2, Diff: 2.0, Sum: 26.8]
      [GC Worker End (ms): Min: 9121.5, Avg: 9121.6, Max: 9121.6, Diff: 0.0]
   [Code Root Fixup: 0.0 ms]
   [Code Root Purge: 0.0 ms]
   [Clear CT: 0.1 ms]
   [Other: 0.6 ms]
      [Evacuation Failure: 0.2 ms]
      [Choose CSet: 0.0 ms]
      [Ref Proc: 0.2 ms]
      [Ref Enq: 0.0 ms]
      [Redirty Cards: 0.0 ms]
      [Humongous Register: 0.0 ms]
      [Humongous Reclaim: 0.0 ms]
      [Free CSet: 0.0 ms]
   [Eden: 160.0M(160.0M)->0.0B(160.0M) Survivors: 32.0M->32.0M Heap: 3968.0M(4000.0M)->4000.0M(4000.0M)]
 [Times: user=0.02 sys=0.00, real=0.01 secs] 
2018-01-08T14:41:09.780+0300: 9.122: [Full GC (Allocation Failure)  4000M->1429M(4000M), 0.3907042 secs]
   [Eden: 0.0B(160.0M)->0.0B(1120.0M) Survivors: 32.0M->0.0B Heap: 4000.0M(4000.0M)->1429.6M(4000.0M)], [Metaspace: 3896K->3896K(1056768K)]
 [Times: user=0.39 sys=0.01, real=0.39 secs] 
2018-01-08T14:41:10.818+0300: 10.160: [GC pause (G1 Evacuation Pause) (young), 0.1789799 secs]
   [Parallel Time: 178.2 ms, GC Workers: 4]
      [GC Worker Start (ms): Min: 10160.2, Avg: 10160.2, Max: 10160.3, Diff: 0.1]
      [Ext Root Scanning (ms): Min: 0.1, Avg: 0.1, Max: 0.2, Diff: 0.1, Sum: 0.6]
      [Update RS (ms): Min: 0.7, Avg: 0.8, Max: 1.1, Diff: 0.4, Sum: 3.1]
         [Processed Buffers: Min: 3, Avg: 3.2, Max: 4, Diff: 1, Sum: 13]
      [Scan RS (ms): Min: 0.0, Avg: 0.0, Max: 0.0, Diff: 0.0, Sum: 0.0]
      [Code Root Scanning (ms): Min: 0.0, Avg: 0.0, Max: 0.0, Diff: 0.0, Sum: 0.0]
      [Object Copy (ms): Min: 176.6, Avg: 176.9, Max: 177.2, Diff: 0.5, Sum: 707.7]
      [Termination (ms): Min: 0.0, Avg: 0.1, Max: 0.2, Diff: 0.2, Sum: 0.5]
         [Termination Attempts: Min: 1, Avg: 1.0, Max: 1, Diff: 0, Sum: 4]
      [GC Worker Other (ms): Min: 0.0, Avg: 0.0, Max: 0.0, Diff: 0.0, Sum: 0.1]
      [GC Worker Total (ms): Min: 178.0, Avg: 178.0, Max: 178.0, Diff: 0.1, Sum: 711.9]
      [GC Worker End (ms): Min: 10338.2, Avg: 10338.2, Max: 10338.2, Diff: 0.0]
   [Code Root Fixup: 0.0 ms]
   [Code Root Purge: 0.0 ms]
   [Clear CT: 0.2 ms]
   [Other: 0.5 ms]
      [Choose CSet: 0.0 ms]
      [Ref Proc: 0.2 ms]
      [Ref Enq: 0.0 ms]
      [Redirty Cards: 0.2 ms]
      [Humongous Register: 0.0 ms]
      [Humongous Reclaim: 0.0 ms]
      [Free CSet: 0.0 ms]
   [Eden: 1120.0M(1120.0M)->0.0B(512.0M) Survivors: 0.0B->160.0M Heap: 2549.6M(4000.0M)->2515.9M(4000.0M)]
 [Times: user=0.67 sys=0.00, real=0.18 secs] 
2018-01-08T14:41:11.057+0300: 10.399: [GC pause (G1 Evacuation Pause) (young) (initial-mark), 0.1208637 secs]
   [Parallel Time: 120.1 ms, GC Workers: 4]
      [GC Worker Start (ms): Min: 10399.2, Avg: 10399.3, Max: 10399.4, Diff: 0.2]
      [Ext Root Scanning (ms): Min: 0.0, Avg: 1.1, Max: 3.9, Diff: 3.9, Sum: 4.4]
      [Update RS (ms): Min: 0.0, Avg: 3.6, Max: 6.6, Diff: 6.6, Sum: 14.3]
         [Processed Buffers: Min: 2, Avg: 6.0, Max: 8, Diff: 6, Sum: 24]
      [Scan RS (ms): Min: 2.1, Avg: 4.7, Max: 6.0, Diff: 3.9, Sum: 18.8]
      [Code Root Scanning (ms): Min: 0.0, Avg: 0.0, Max: 0.0, Diff: 0.0, Sum: 0.0]
      [Object Copy (ms): Min: 109.9, Avg: 110.5, Max: 111.0, Diff: 1.1, Sum: 441.9]
      [Termination (ms): Min: 0.0, Avg: 0.0, Max: 0.1, Diff: 0.1, Sum: 0.2]
         [Termination Attempts: Min: 1, Avg: 2.5, Max: 4, Diff: 3, Sum: 10]
      [GC Worker Other (ms): Min: 0.0, Avg: 0.0, Max: 0.0, Diff: 0.0, Sum: 0.0]
      [GC Worker Total (ms): Min: 119.8, Avg: 119.9, Max: 120.0, Diff: 0.2, Sum: 479.6]
      [GC Worker End (ms): Min: 10519.2, Avg: 10519.2, Max: 10519.2, Diff: 0.0]
   [Code Root Fixup: 0.0 ms]
   [Code Root Purge: 0.0 ms]
   [Clear CT: 0.3 ms]
   [Other: 0.5 ms]
      [Choose CSet: 0.0 ms]
      [Ref Proc: 0.3 ms]
      [Ref Enq: 0.0 ms]
      [Redirty Cards: 0.1 ms]
      [Humongous Register: 0.0 ms]
      [Humongous Reclaim: 0.0 ms]
      [Free CSet: 0.0 ms]
   [Eden: 512.0M(512.0M)->0.0B(224.0M) Survivors: 160.0M->96.0M Heap: 3027.9M(4000.0M)->3077.6M(4000.0M)]
 [Times: user=0.44 sys=0.01, real=0.12 secs] 
2018-01-08T14:41:11.178+0300: 10.520: [GC concurrent-root-region-scan-start]
2018-01-08T14:41:11.183+0300: 10.525: [GC concurrent-root-region-scan-end, 0.0049617 secs]
2018-01-08T14:41:11.183+0300: 10.525: [GC concurrent-mark-start]
2018-01-08T14:41:11.195+0300: 10.537: [GC concurrent-mark-end, 0.0120002 secs]
2018-01-08T14:41:11.195+0300: 10.537: [GC remark 2018-01-08T14:41:11.195+0300: 10.537: [Finalize Marking, 0.0001042 secs] 2018-01-08T14:41:11.195+0300: 10.537: [GC ref-proc, 0.0000894 secs] 2018-01-08T14:41:11.195+0300: 10.537: [Unloading, 0.0005457 secs], 0.0026371 secs]
 [Times: user=0.01 sys=0.00, real=0.01 secs] 
2018-01-08T14:41:11.198+0300: 10.540: [GC cleanup 3152M->1275M(4000M), 0.0011059 secs]
 [Times: user=0.01 sys=0.00, real=0.00 secs] 
2018-01-08T14:41:11.199+0300: 10.541: [GC concurrent-cleanup-start]
2018-01-08T14:41:11.199+0300: 10.542: [GC concurrent-cleanup-end, 0.0005068 secs]
2018-01-08T14:41:11.224+0300: 10.567: [GC pause (G1 Evacuation Pause) (young), 0.0818431 secs]
   [Parallel Time: 81.2 ms, GC Workers: 4]
      [GC Worker Start (ms): Min: 10566.8, Avg: 10566.9, Max: 10567.1, Diff: 0.4]
      [Ext Root Scanning (ms): Min: 0.0, Avg: 0.1, Max: 0.2, Diff: 0.2, Sum: 0.5]
      [Update RS (ms): Min: 31.0, Avg: 37.1, Max: 45.5, Diff: 14.5, Sum: 148.4]
         [Processed Buffers: Min: 2, Avg: 4.8, Max: 9, Diff: 7, Sum: 19]
      [Scan RS (ms): Min: 0.0, Avg: 0.0, Max: 0.0, Diff: 0.0, Sum: 0.0]
      [Code Root Scanning (ms): Min: 0.0, Avg: 0.0, Max: 0.0, Diff: 0.0, Sum: 0.0]
      [Object Copy (ms): Min: 35.3, Avg: 43.7, Max: 49.7, Diff: 14.3, Sum: 174.6]
      [Termination (ms): Min: 0.0, Avg: 0.1, Max: 0.2, Diff: 0.2, Sum: 0.4]
         [Termination Attempts: Min: 1, Avg: 1.0, Max: 1, Diff: 0, Sum: 4]
      [GC Worker Other (ms): Min: 0.0, Avg: 0.0, Max: 0.0, Diff: 0.0, Sum: 0.1]
      [GC Worker Total (ms): Min: 80.8, Avg: 81.0, Max: 81.1, Diff: 0.3, Sum: 324.0]
      [GC Worker End (ms): Min: 10647.9, Avg: 10647.9, Max: 10647.9, Diff: 0.0]
   [Code Root Fixup: 0.0 ms]
   [Code Root Purge: 0.0 ms]
   [Clear CT: 0.1 ms]
   [Other: 0.5 ms]
      [Choose CSet: 0.0 ms]
      [Ref Proc: 0.3 ms]
      [Ref Enq: 0.0 ms]
      [Redirty Cards: 0.2 ms]
      [Humongous Register: 0.0 ms]
      [Humongous Reclaim: 0.0 ms]
      [Free CSet: 0.0 ms]
   [Eden: 224.0M(224.0M)->0.0B(928.0M) Survivors: 96.0M->64.0M Heap: 1423.9M(4000.0M)->1455.9M(4000.0M)]
 [Times: user=0.31 sys=0.00, real=0.08 secs] 
2018-01-08T14:41:11.956+0300: 11.298: [GC pause (G1 Evacuation Pause) (young), 0.1685691 secs]
   [Parallel Time: 167.9 ms, GC Workers: 4]
      [GC Worker Start (ms): Min: 11298.2, Avg: 11298.3, Max: 11298.4, Diff: 0.2]
      [Ext Root Scanning (ms): Min: 0.1, Avg: 0.2, Max: 0.2, Diff: 0.2, Sum: 0.6]
      [Update RS (ms): Min: 0.9, Avg: 2.1, Max: 5.6, Diff: 4.7, Sum: 8.5]
         [Processed Buffers: Min: 2, Avg: 4.2, Max: 5, Diff: 3, Sum: 17]
      [Scan RS (ms): Min: 0.0, Avg: 0.0, Max: 0.0, Diff: 0.0, Sum: 0.0]
      [Code Root Scanning (ms): Min: 0.0, Avg: 0.0, Max: 0.0, Diff: 0.0, Sum: 0.0]
      [Object Copy (ms): Min: 161.9, Avg: 165.4, Max: 166.6, Diff: 4.7, Sum: 661.6]
      [Termination (ms): Min: 0.0, Avg: 0.0, Max: 0.0, Diff: 0.0, Sum: 0.0]
         [Termination Attempts: Min: 1, Avg: 1.0, Max: 1, Diff: 0, Sum: 4]
      [GC Worker Other (ms): Min: 0.0, Avg: 0.0, Max: 0.0, Diff: 0.0, Sum: 0.0]
      [GC Worker Total (ms): Min: 167.6, Avg: 167.7, Max: 167.8, Diff: 0.2, Sum: 670.8]
      [GC Worker End (ms): Min: 11466.0, Avg: 11466.0, Max: 11466.0, Diff: 0.0]
   [Code Root Fixup: 0.0 ms]
   [Code Root Purge: 0.0 ms]
   [Clear CT: 0.2 ms]
   [Other: 0.5 ms]
      [Choose CSet: 0.0 ms]
      [Ref Proc: 0.2 ms]
      [Ref Enq: 0.0 ms]
      [Redirty Cards: 0.2 ms]
      [Humongous Register: 0.0 ms]
      [Humongous Reclaim: 0.0 ms]
      [Free CSet: 0.0 ms]
   [Eden: 928.0M(928.0M)->0.0B(640.0M) Survivors: 64.0M->128.0M Heap: 2383.9M(4000.0M)->2303.9M(4000.0M)]
 [Times: user=0.65 sys=0.00, real=0.17 secs] 
2018-01-08T14:41:12.200+0300: 11.542: [GC pause (G1 Evacuation Pause) (young) (initial-mark), 0.1252465 secs]
   [Parallel Time: 124.4 ms, GC Workers: 4]
      [GC Worker Start (ms): Min: 11542.4, Avg: 11542.4, Max: 11542.5, Diff: 0.1]
      [Ext Root Scanning (ms): Min: 0.1, Avg: 0.2, Max: 0.2, Diff: 0.1, Sum: 0.7]
      [Update RS (ms): Min: 2.2, Avg: 2.3, Max: 2.6, Diff: 0.4, Sum: 9.3]
         [Processed Buffers: Min: 4, Avg: 4.8, Max: 6, Diff: 2, Sum: 19]
      [Scan RS (ms): Min: 3.7, Avg: 3.8, Max: 4.1, Diff: 0.4, Sum: 15.3]
      [Code Root Scanning (ms): Min: 0.0, Avg: 0.0, Max: 0.0, Diff: 0.0, Sum: 0.0]
      [Object Copy (ms): Min: 117.7, Avg: 117.8, Max: 118.0, Diff: 0.3, Sum: 471.2]
      [Termination (ms): Min: 0.0, Avg: 0.0, Max: 0.1, Diff: 0.1, Sum: 0.2]
         [Termination Attempts: Min: 1, Avg: 1.0, Max: 1, Diff: 0, Sum: 4]
      [GC Worker Other (ms): Min: 0.0, Avg: 0.0, Max: 0.0, Diff: 0.0, Sum: 0.1]
      [GC Worker Total (ms): Min: 124.1, Avg: 124.2, Max: 124.2, Diff: 0.1, Sum: 496.7]
      [GC Worker End (ms): Min: 11666.6, Avg: 11666.6, Max: 11666.6, Diff: 0.0]
   [Code Root Fixup: 0.0 ms]
   [Code Root Purge: 0.0 ms]
   [Clear CT: 0.4 ms]
   [Other: 0.5 ms]
      [Choose CSet: 0.0 ms]
      [Ref Proc: 0.2 ms]
      [Ref Enq: 0.0 ms]
      [Redirty Cards: 0.1 ms]
      [Humongous Register: 0.0 ms]
      [Humongous Reclaim: 0.0 ms]
      [Free CSet: 0.0 ms]
   [Eden: 640.0M(640.0M)->0.0B(288.0M) Survivors: 128.0M->96.0M Heap: 2943.9M(4000.0M)->2959.9M(4000.0M)]
 [Times: user=0.49 sys=0.00, real=0.12 secs] 
2018-01-08T14:41:12.325+0300: 11.668: [GC concurrent-root-region-scan-start]
2018-01-08T14:41:12.326+0300: 11.668: [GC concurrent-root-region-scan-end, 0.0004690 secs]
2018-01-08T14:41:12.326+0300: 11.668: [GC concurrent-mark-start]
2018-01-08T14:41:12.340+0300: 11.682: [GC concurrent-mark-end, 0.0137770 secs]
2018-01-08T14:41:12.341+0300: 11.684: [GC remark 2018-01-08T14:41:12.341+0300: 11.684: [Finalize Marking, 0.0014133 secs] 2018-01-08T14:41:12.343+0300: 11.685: [GC ref-proc, 0.0000737 secs] 2018-01-08T14:41:12.343+0300: 11.685: [Unloading, 0.0006806 secs], 0.0039549 secs]
 [Times: user=0.02 sys=0.00, real=0.00 secs] 
2018-01-08T14:41:12.347+0300: 11.689: [GC cleanup 3055M->911M(4000M), 0.0015093 secs]
 [Times: user=0.00 sys=0.00, real=0.00 secs] 
2018-01-08T14:41:12.348+0300: 11.691: [GC concurrent-cleanup-start]
2018-01-08T14:41:12.349+0300: 11.691: [GC concurrent-cleanup-end, 0.0008209 secs]
2018-01-08T14:41:12.380+0300: 11.722: [GC pause (G1 Evacuation Pause) (young), 0.0882993 secs]
   [Parallel Time: 87.8 ms, GC Workers: 4]
      [GC Worker Start (ms): Min: 11722.3, Avg: 11722.9, Max: 11724.5, Diff: 2.2]
      [Ext Root Scanning (ms): Min: 0.0, Avg: 0.1, Max: 0.2, Diff: 0.2, Sum: 0.5]
      [Update RS (ms): Min: 28.4, Avg: 30.8, Max: 37.0, Diff: 8.6, Sum: 123.2]
         [Processed Buffers: Min: 6, Avg: 14.0, Max: 22, Diff: 16, Sum: 56]
      [Scan RS (ms): Min: 0.0, Avg: 0.0, Max: 0.0, Diff: 0.0, Sum: 0.0]
      [Code Root Scanning (ms): Min: 0.0, Avg: 0.0, Max: 0.0, Diff: 0.0, Sum: 0.0]
      [Object Copy (ms): Min: 48.1, Avg: 53.9, Max: 56.7, Diff: 8.5, Sum: 215.8]
      [Termination (ms): Min: 0.0, Avg: 0.9, Max: 2.3, Diff: 2.3, Sum: 3.7]
         [Termination Attempts: Min: 1, Avg: 1.0, Max: 1, Diff: 0, Sum: 4]
      [GC Worker Other (ms): Min: 0.0, Avg: 0.0, Max: 0.0, Diff: 0.0, Sum: 0.1]
      [GC Worker Total (ms): Min: 83.8, Avg: 85.8, Max: 87.6, Diff: 3.9, Sum: 343.2]
      [GC Worker End (ms): Min: 11808.3, Avg: 11808.7, Max: 11810.0, Diff: 1.7]
   [Code Root Fixup: 0.0 ms]
   [Code Root Purge: 0.0 ms]
   [Clear CT: 0.1 ms]
   [Other: 0.4 ms]
      [Choose CSet: 0.0 ms]
      [Ref Proc: 0.2 ms]
      [Ref Enq: 0.0 ms]
      [Redirty Cards: 0.1 ms]
      [Humongous Register: 0.0 ms]
      [Humongous Reclaim: 0.0 ms]
      [Free CSet: 0.0 ms]
   [Eden: 288.0M(288.0M)->0.0B(896.0M) Survivors: 96.0M->64.0M Heap: 1103.9M(4000.0M)->1135.9M(4000.0M)]
 [Times: user=0.34 sys=0.00, real=0.08 secs] 
2018-01-08T14:41:12.561+0300: 11.904: [GC pause (G1 Evacuation Pause) (young), 0.1495368 secs]
   [Parallel Time: 148.9 ms, GC Workers: 4]
      [GC Worker Start (ms): Min: 11903.6, Avg: 11905.6, Max: 11907.5, Diff: 3.9]
      [Ext Root Scanning (ms): Min: 0.0, Avg: 0.1, Max: 0.2, Diff: 0.2, Sum: 0.4]
      [Update RS (ms): Min: 0.0, Avg: 0.1, Max: 0.1, Diff: 0.1, Sum: 0.2]
         [Processed Buffers: Min: 0, Avg: 1.2, Max: 3, Diff: 3, Sum: 5]
      [Scan RS (ms): Min: 0.0, Avg: 0.0, Max: 0.0, Diff: 0.0, Sum: 0.0]
      [Code Root Scanning (ms): Min: 0.0, Avg: 0.0, Max: 0.0, Diff: 0.0, Sum: 0.0]
      [Object Copy (ms): Min: 144.8, Avg: 146.6, Max: 148.5, Diff: 3.7, Sum: 586.4]
      [Termination (ms): Min: 0.0, Avg: 0.1, Max: 0.1, Diff: 0.1, Sum: 0.4]
         [Termination Attempts: Min: 1, Avg: 1.0, Max: 1, Diff: 0, Sum: 4]
      [GC Worker Other (ms): Min: 0.0, Avg: 0.0, Max: 0.0, Diff: 0.0, Sum: 0.0]
      [GC Worker Total (ms): Min: 144.9, Avg: 146.9, Max: 148.8, Diff: 3.9, Sum: 587.5]
      [GC Worker End (ms): Min: 12052.4, Avg: 12052.5, Max: 12052.5, Diff: 0.0]
   [Code Root Fixup: 0.0 ms]
   [Code Root Purge: 0.0 ms]
   [Clear CT: 0.2 ms]
   [Other: 0.4 ms]
      [Choose CSet: 0.0 ms]
      [Ref Proc: 0.1 ms]
      [Ref Enq: 0.0 ms]
      [Redirty Cards: 0.2 ms]
      [Humongous Register: 0.0 ms]
      [Humongous Reclaim: 0.0 ms]
      [Free CSet: 0.0 ms]
   [Eden: 896.0M(896.0M)->0.0B(736.0M) Survivors: 64.0M->128.0M Heap: 2031.9M(4000.0M)->2079.9M(4000.0M)]
 [Times: user=0.54 sys=0.00, real=0.15 secs] 
2018-01-08T14:41:13.327+0300: 12.670: [GC pause (G1 Evacuation Pause) (young) (initial-mark), 0.1355333 secs]
   [Parallel Time: 134.8 ms, GC Workers: 4]
      [GC Worker Start (ms): Min: 12669.6, Avg: 12669.6, Max: 12669.7, Diff: 0.1]
      [Ext Root Scanning (ms): Min: 0.1, Avg: 0.2, Max: 0.2, Diff: 0.1, Sum: 0.7]
      [Update RS (ms): Min: 1.0, Avg: 1.1, Max: 1.3, Diff: 0.2, Sum: 4.5]
         [Processed Buffers: Min: 5, Avg: 5.5, Max: 6, Diff: 1, Sum: 22]
      [Scan RS (ms): Min: 0.0, Avg: 0.0, Max: 0.0, Diff: 0.0, Sum: 0.0]
      [Code Root Scanning (ms): Min: 0.0, Avg: 0.0, Max: 0.0, Diff: 0.0, Sum: 0.0]
      [Object Copy (ms): Min: 132.3, Avg: 132.8, Max: 133.4, Diff: 1.2, Sum: 531.1]
      [Termination (ms): Min: 0.0, Avg: 0.6, Max: 1.0, Diff: 1.0, Sum: 2.5]
         [Termination Attempts: Min: 1, Avg: 1.0, Max: 1, Diff: 0, Sum: 4]
      [GC Worker Other (ms): Min: 0.0, Avg: 0.0, Max: 0.0, Diff: 0.0, Sum: 0.1]
      [GC Worker Total (ms): Min: 134.7, Avg: 134.7, Max: 134.8, Diff: 0.1, Sum: 538.8]
      [GC Worker End (ms): Min: 12804.3, Avg: 12804.4, Max: 12804.4, Diff: 0.0]
   [Code Root Fixup: 0.0 ms]
   [Code Root Purge: 0.0 ms]
   [Clear CT: 0.2 ms]
   [Other: 0.5 ms]
      [Choose CSet: 0.0 ms]
      [Ref Proc: 0.2 ms]
      [Ref Enq: 0.0 ms]
      [Redirty Cards: 0.2 ms]
      [Humongous Register: 0.0 ms]
      [Humongous Reclaim: 0.0 ms]
      [Free CSet: 0.0 ms]
   [Eden: 736.0M(736.0M)->0.0B(416.0M) Survivors: 128.0M->128.0M Heap: 2815.9M(4000.0M)->2719.9M(4000.0M)]
 [Times: user=0.52 sys=0.00, real=0.14 secs] 
2018-01-08T14:41:13.463+0300: 12.805: [GC concurrent-root-region-scan-start]
2018-01-08T14:41:13.504+0300: 12.847: [GC concurrent-root-region-scan-end, 0.0414690 secs]
2018-01-08T14:41:13.504+0300: 12.847: [GC concurrent-mark-start]
2018-01-08T14:41:13.544+0300: 12.887: [GC pause (G1 Evacuation Pause) (young), 0.0951247 secs]
   [Parallel Time: 94.5 ms, GC Workers: 4]
      [GC Worker Start (ms): Min: 12886.9, Avg: 12886.9, Max: 12886.9, Diff: 0.1]
      [Ext Root Scanning (ms): Min: 0.1, Avg: 0.1, Max: 0.2, Diff: 0.1, Sum: 0.6]
      [Update RS (ms): Min: 2.2, Avg: 2.3, Max: 2.5, Diff: 0.3, Sum: 9.3]
         [Processed Buffers: Min: 4, Avg: 4.8, Max: 6, Diff: 2, Sum: 19]
      [Scan RS (ms): Min: 3.4, Avg: 3.7, Max: 3.8, Diff: 0.5, Sum: 14.7]
      [Code Root Scanning (ms): Min: 0.0, Avg: 0.0, Max: 0.0, Diff: 0.0, Sum: 0.0]
      [Object Copy (ms): Min: 87.9, Avg: 88.0, Max: 88.1, Diff: 0.2, Sum: 351.8]
      [Termination (ms): Min: 0.0, Avg: 0.1, Max: 0.3, Diff: 0.3, Sum: 0.4]
         [Termination Attempts: Min: 1, Avg: 1.0, Max: 1, Diff: 0, Sum: 4]
      [GC Worker Other (ms): Min: 0.0, Avg: 0.0, Max: 0.0, Diff: 0.0, Sum: 0.0]
      [GC Worker Total (ms): Min: 94.2, Avg: 94.2, Max: 94.3, Diff: 0.2, Sum: 376.9]
      [GC Worker End (ms): Min: 12981.1, Avg: 12981.1, Max: 12981.2, Diff: 0.1]
   [Code Root Fixup: 0.0 ms]
   [Code Root Purge: 0.0 ms]
   [Clear CT: 0.2 ms]
   [Other: 0.4 ms]
      [Choose CSet: 0.0 ms]
      [Ref Proc: 0.2 ms]
      [Ref Enq: 0.0 ms]
      [Redirty Cards: 0.1 ms]
      [Humongous Register: 0.0 ms]
      [Humongous Reclaim: 0.0 ms]
      [Free CSet: 0.0 ms]
   [Eden: 416.0M(416.0M)->0.0B(192.0M) Survivors: 128.0M->96.0M Heap: 3135.9M(4000.0M)->3183.9M(4000.0M)]
 [Times: user=0.36 sys=0.00, real=0.10 secs] 
2018-01-08T14:41:13.676+0300: 13.018: [GC pause (G1 Evacuation Pause) (young), 0.0455284 secs]
   [Parallel Time: 45.0 ms, GC Workers: 4]
      [GC Worker Start (ms): Min: 13018.6, Avg: 13018.6, Max: 13018.6, Diff: 0.0]
      [Ext Root Scanning (ms): Min: 0.1, Avg: 0.1, Max: 0.2, Diff: 0.0, Sum: 0.5]
      [Update RS (ms): Min: 2.5, Avg: 2.7, Max: 2.9, Diff: 0.4, Sum: 10.7]
         [Processed Buffers: Min: 4, Avg: 4.8, Max: 5, Diff: 1, Sum: 19]
      [Scan RS (ms): Min: 0.0, Avg: 0.0, Max: 0.0, Diff: 0.0, Sum: 0.0]
      [Code Root Scanning (ms): Min: 0.0, Avg: 0.0, Max: 0.0, Diff: 0.0, Sum: 0.0]
      [Object Copy (ms): Min: 41.7, Avg: 42.0, Max: 42.1, Diff: 0.4, Sum: 168.0]
      [Termination (ms): Min: 0.0, Avg: 0.1, Max: 0.2, Diff: 0.2, Sum: 0.4]
         [Termination Attempts: Min: 1, Avg: 1.0, Max: 1, Diff: 0, Sum: 4]
      [GC Worker Other (ms): Min: 0.0, Avg: 0.0, Max: 0.0, Diff: 0.0, Sum: 0.0]
      [GC Worker Total (ms): Min: 44.9, Avg: 44.9, Max: 44.9, Diff: 0.0, Sum: 179.7]
      [GC Worker End (ms): Min: 13063.5, Avg: 13063.5, Max: 13063.5, Diff: 0.0]
   [Code Root Fixup: 0.0 ms]
   [Code Root Purge: 0.0 ms]
   [Clear CT: 0.1 ms]
   [Other: 0.4 ms]
      [Choose CSet: 0.0 ms]
      [Ref Proc: 0.1 ms]
      [Ref Enq: 0.0 ms]
      [Redirty Cards: 0.2 ms]
      [Humongous Register: 0.0 ms]
      [Humongous Reclaim: 0.0 ms]
      [Free CSet: 0.0 ms]
   [Eden: 192.0M(192.0M)->0.0B(128.0M) Survivors: 96.0M->64.0M Heap: 3375.9M(4000.0M)->3407.9M(4000.0M)]
 [Times: user=0.18 sys=0.00, real=0.05 secs] 
2018-01-08T14:41:13.743+0300: 13.085: [GC pause (G1 Evacuation Pause) (young), 0.0301814 secs]
   [Parallel Time: 29.4 ms, GC Workers: 4]
      [GC Worker Start (ms): Min: 13085.0, Avg: 13085.1, Max: 13085.1, Diff: 0.1]
      [Ext Root Scanning (ms): Min: 0.1, Avg: 0.1, Max: 0.2, Diff: 0.1, Sum: 0.6]
      [Update RS (ms): Min: 0.1, Avg: 0.1, Max: 0.1, Diff: 0.0, Sum: 0.3]
         [Processed Buffers: Min: 1, Avg: 1.5, Max: 3, Diff: 2, Sum: 6]
      [Scan RS (ms): Min: 0.0, Avg: 0.0, Max: 0.0, Diff: 0.0, Sum: 0.0]
      [Code Root Scanning (ms): Min: 0.0, Avg: 0.0, Max: 0.0, Diff: 0.0, Sum: 0.0]
      [Object Copy (ms): Min: 28.9, Avg: 28.9, Max: 29.0, Diff: 0.1, Sum: 115.7]
      [Termination (ms): Min: 0.0, Avg: 0.1, Max: 0.1, Diff: 0.1, Sum: 0.3]
         [Termination Attempts: Min: 1, Avg: 1.0, Max: 1, Diff: 0, Sum: 4]
      [GC Worker Other (ms): Min: 0.0, Avg: 0.0, Max: 0.0, Diff: 0.0, Sum: 0.1]
      [GC Worker Total (ms): Min: 29.2, Avg: 29.2, Max: 29.3, Diff: 0.1, Sum: 117.0]
      [GC Worker End (ms): Min: 13114.3, Avg: 13114.3, Max: 13114.3, Diff: 0.0]
   [Code Root Fixup: 0.0 ms]
   [Code Root Purge: 0.0 ms]
   [Clear CT: 0.2 ms]
   [Other: 0.6 ms]
      [Choose CSet: 0.0 ms]
      [Ref Proc: 0.3 ms]
      [Ref Enq: 0.0 ms]
      [Redirty Cards: 0.2 ms]
      [Humongous Register: 0.0 ms]
      [Humongous Reclaim: 0.0 ms]
      [Free CSet: 0.0 ms]
   [Eden: 128.0M(128.0M)->0.0B(160.0M) Survivors: 64.0M->32.0M Heap: 3535.9M(4000.0M)->3567.9M(4000.0M)]
 [Times: user=0.11 sys=0.00, real=0.03 secs] 
2018-01-08T14:41:13.798+0300: 13.141: [GC pause (G1 Evacuation Pause) (young), 0.0299855 secs]
   [Parallel Time: 29.1 ms, GC Workers: 4]
      [GC Worker Start (ms): Min: 13140.8, Avg: 13140.8, Max: 13140.9, Diff: 0.1]
      [Ext Root Scanning (ms): Min: 0.1, Avg: 0.1, Max: 0.2, Diff: 0.1, Sum: 0.6]
      [Update RS (ms): Min: 0.0, Avg: 0.1, Max: 0.1, Diff: 0.0, Sum: 0.2]
         [Processed Buffers: Min: 1, Avg: 1.2, Max: 2, Diff: 1, Sum: 5]
      [Scan RS (ms): Min: 0.0, Avg: 0.0, Max: 0.0, Diff: 0.0, Sum: 0.0]
      [Code Root Scanning (ms): Min: 0.0, Avg: 0.0, Max: 0.0, Diff: 0.0, Sum: 0.0]
      [Object Copy (ms): Min: 28.6, Avg: 28.7, Max: 28.8, Diff: 0.2, Sum: 114.9]
      [Termination (ms): Min: 0.0, Avg: 0.1, Max: 0.2, Diff: 0.2, Sum: 0.2]
         [Termination Attempts: Min: 1, Avg: 1.0, Max: 1, Diff: 0, Sum: 4]
      [GC Worker Other (ms): Min: 0.0, Avg: 0.0, Max: 0.0, Diff: 0.0, Sum: 0.0]
      [GC Worker Total (ms): Min: 29.0, Avg: 29.0, Max: 29.1, Diff: 0.1, Sum: 116.1]
      [GC Worker End (ms): Min: 13169.9, Avg: 13169.9, Max: 13169.9, Diff: 0.0]
   [Code Root Fixup: 0.0 ms]
   [Code Root Purge: 0.0 ms]
   [Clear CT: 0.4 ms]
   [Other: 0.5 ms]
      [Choose CSet: 0.0 ms]
      [Ref Proc: 0.3 ms]
      [Ref Enq: 0.0 ms]
      [Redirty Cards: 0.1 ms]
      [Humongous Register: 0.0 ms]
      [Humongous Reclaim: 0.0 ms]
      [Free CSet: 0.0 ms]
   [Eden: 160.0M(160.0M)->0.0B(160.0M) Survivors: 32.0M->32.0M Heap: 3727.9M(4000.0M)->3759.9M(4000.0M)]
 [Times: user=0.11 sys=0.00, real=0.02 secs] 
2018-01-08T14:41:13.846+0300: 13.188: [GC concurrent-mark-end, 0.3413922 secs]
2018-01-08T14:41:13.849+0300: 13.191: [GC remark 2018-01-08T14:41:13.849+0300: 13.191: [Finalize Marking, 0.0008954 secs] 2018-01-08T14:41:13.850+0300: 13.192: [GC ref-proc, 0.0000774 secs] 2018-01-08T14:41:13.850+0300: 13.192: [Unloading, 0.0006317 secs], 0.0060657 secs]
 [Times: user=0.02 sys=0.00, real=0.01 secs] 
2018-01-08T14:41:13.855+0300: 13.197: [GC cleanup 3888M->3856M(4000M), 0.0019595 secs]
 [Times: user=0.00 sys=0.00, real=0.01 secs] 
2018-01-08T14:41:13.857+0300: 13.199: [GC concurrent-cleanup-start]
2018-01-08T14:41:13.857+0300: 13.199: [GC concurrent-cleanup-end, 0.0000348 secs]
2018-01-08T14:41:13.864+0300: 13.206: [GC pause (G1 Evacuation Pause) (young) (to-space exhausted), 0.0150646 secs]
   [Parallel Time: 14.5 ms, GC Workers: 4]
      [GC Worker Start (ms): Min: 13206.4, Avg: 13206.5, Max: 13206.5, Diff: 0.1]
      [Ext Root Scanning (ms): Min: 0.1, Avg: 0.1, Max: 0.2, Diff: 0.1, Sum: 0.6]
      [Update RS (ms): Min: 0.1, Avg: 0.1, Max: 0.2, Diff: 0.1, Sum: 0.4]
         [Processed Buffers: Min: 1, Avg: 1.5, Max: 2, Diff: 1, Sum: 6]
      [Scan RS (ms): Min: 0.0, Avg: 0.0, Max: 0.0, Diff: 0.0, Sum: 0.0]
      [Code Root Scanning (ms): Min: 0.0, Avg: 0.0, Max: 0.0, Diff: 0.0, Sum: 0.0]
      [Object Copy (ms): Min: 14.0, Avg: 14.1, Max: 14.3, Diff: 0.3, Sum: 56.3]
      [Termination (ms): Min: 0.0, Avg: 0.1, Max: 0.2, Diff: 0.2, Sum: 0.5]
         [Termination Attempts: Min: 1, Avg: 1.2, Max: 2, Diff: 1, Sum: 5]
      [GC Worker Other (ms): Min: 0.0, Avg: 0.0, Max: 0.0, Diff: 0.0, Sum: 0.0]
      [GC Worker Total (ms): Min: 14.4, Avg: 14.5, Max: 14.5, Diff: 0.1, Sum: 57.9]
      [GC Worker End (ms): Min: 13220.9, Avg: 13220.9, Max: 13220.9, Diff: 0.0]
   [Code Root Fixup: 0.0 ms]
   [Code Root Purge: 0.0 ms]
   [Clear CT: 0.1 ms]
   [Other: 0.5 ms]
      [Evacuation Failure: 0.2 ms]
      [Choose CSet: 0.0 ms]
      [Ref Proc: 0.2 ms]
      [Ref Enq: 0.0 ms]
      [Redirty Cards: 0.0 ms]
      [Humongous Register: 0.0 ms]
      [Humongous Reclaim: 0.0 ms]
      [Free CSet: 0.0 ms]
   [Eden: 160.0M(160.0M)->0.0B(160.0M) Survivors: 32.0M->32.0M Heap: 3887.9M(4000.0M)->3967.9M(4000.0M)]
 [Times: user=0.05 sys=0.00, real=0.02 secs] 
2018-01-08T14:41:13.886+0300: 13.228: [GC pause (G1 Evacuation Pause) (young) (to-space exhausted), 0.0009397 secs]
   [Parallel Time: 0.7 ms, GC Workers: 4]
      [GC Worker Start (ms): Min: 13228.3, Avg: 13228.3, Max: 13228.4, Diff: 0.0]
      [Ext Root Scanning (ms): Min: 0.1, Avg: 0.1, Max: 0.2, Diff: 0.0, Sum: 0.6]
      [Update RS (ms): Min: 0.1, Avg: 0.1, Max: 0.1, Diff: 0.0, Sum: 0.3]
         [Processed Buffers: Min: 2, Avg: 3.5, Max: 6, Diff: 4, Sum: 14]
      [Scan RS (ms): Min: 0.0, Avg: 0.0, Max: 0.0, Diff: 0.0, Sum: 0.0]
      [Code Root Scanning (ms): Min: 0.0, Avg: 0.0, Max: 0.0, Diff: 0.0, Sum: 0.0]
      [Object Copy (ms): Min: 0.3, Avg: 0.3, Max: 0.4, Diff: 0.1, Sum: 1.4]
      [Termination (ms): Min: 0.0, Avg: 0.0, Max: 0.1, Diff: 0.1, Sum: 0.1]
         [Termination Attempts: Min: 1, Avg: 1.0, Max: 1, Diff: 0, Sum: 4]
      [GC Worker Other (ms): Min: 0.0, Avg: 0.0, Max: 0.0, Diff: 0.0, Sum: 0.0]
      [GC Worker Total (ms): Min: 0.6, Avg: 0.6, Max: 0.6, Diff: 0.0, Sum: 2.4]
      [GC Worker End (ms): Min: 13228.9, Avg: 13228.9, Max: 13228.9, Diff: 0.0]
   [Code Root Fixup: 0.0 ms]
   [Code Root Purge: 0.0 ms]
   [Clear CT: 0.1 ms]
   [Other: 0.2 ms]
      [Evacuation Failure: 0.1 ms]
      [Choose CSet: 0.0 ms]
      [Ref Proc: 0.1 ms]
      [Ref Enq: 0.0 ms]
      [Redirty Cards: 0.0 ms]
      [Humongous Register: 0.0 ms]
      [Humongous Reclaim: 0.0 ms]
      [Free CSet: 0.0 ms]
   [Eden: 32.0M(160.0M)->0.0B(192.0M) Survivors: 32.0M->0.0B Heap: 3999.9M(4000.0M)->3999.9M(4000.0M)]
 [Times: user=0.00 sys=0.00, real=0.00 secs] 
2018-01-08T14:41:13.887+0300: 13.229: [Full GC (Allocation Failure)  3999M->1516M(4000M), 0.3725080 secs]
   [Eden: 0.0B(192.0M)->0.0B(1088.0M) Survivors: 0.0B->0.0B Heap: 3999.9M(4000.0M)->1516.0M(4000.0M)], [Metaspace: 3896K->3896K(1056768K)]
 [Times: user=0.37 sys=0.00, real=0.38 secs] 
Heap
 garbage-first heap   total 4096000K, used 2175004K [0x00000006c6000000, 0x00000006c80003e8, 0x00000007c0000000)
  region size 32768K, 20 young (655360K), 0 survivors (0K)
 Metaspace       used 3903K, capacity 4710K, committed 4864K, reserved 1056768K
  class space    used 439K, capacity 502K, committed 512K, reserved 1048576K
