Java HotSpot(TM) 64-Bit Server VM (25.60-b23) for linux-amd64 JRE (1.8.0_60-b27), built on Aug  4 2015 12:19:40 by "java_re" with gcc 4.3.0 20080428 (Red Hat 4.3.0-8)
Memory: 4k page, physical 16303120k(4264552k free), swap 3998716k(3513936k free)
CommandLine flags: -XX:InitialHeapSize=260849920 -XX:MaxHeapSize=4173598720 -XX:+PrintGC -XX:+PrintGCDateStamps -XX:+PrintGCDetails -XX:+PrintGCTimeStamps -XX:+UseCompressedClassPointers -XX:+UseCompressedOops -XX:+UseG1GC 
2018-01-06T19:04:27.738+0300: 0.157: [GC pause (G1 Evacuation Pause) (young), 0.0032915 secs]
   [Parallel Time: 2.7 ms, GC Workers: 4]
      [GC Worker Start (ms): Min: 157.3, Avg: 158.0, Max: 159.9, Diff: 2.6]
      [Ext Root Scanning (ms): Min: 0.0, Avg: 0.3, Max: 0.4, Diff: 0.4, Sum: 1.0]
      [Update RS (ms): Min: 0.0, Avg: 0.0, Max: 0.0, Diff: 0.0, Sum: 0.0]
         [Processed Buffers: Min: 0, Avg: 0.0, Max: 0, Diff: 0, Sum: 0]
      [Scan RS (ms): Min: 0.0, Avg: 0.0, Max: 0.0, Diff: 0.0, Sum: 0.0]
      [Code Root Scanning (ms): Min: 0.0, Avg: 0.0, Max: 0.1, Diff: 0.1, Sum: 0.1]
      [Object Copy (ms): Min: 0.0, Avg: 1.6, Max: 2.1, Diff: 2.1, Sum: 6.2]
      [Termination (ms): Min: 0.0, Avg: 0.1, Max: 0.1, Diff: 0.1, Sum: 0.3]
         [Termination Attempts: Min: 1, Avg: 1.0, Max: 1, Diff: 0, Sum: 4]
      [GC Worker Other (ms): Min: 0.0, Avg: 0.0, Max: 0.0, Diff: 0.0, Sum: 0.1]
      [GC Worker Total (ms): Min: 0.0, Avg: 1.9, Max: 2.6, Diff: 2.6, Sum: 7.7]
      [GC Worker End (ms): Min: 159.9, Avg: 159.9, Max: 159.9, Diff: 0.0]
   [Code Root Fixup: 0.0 ms]
   [Code Root Purge: 0.0 ms]
   [Clear CT: 0.1 ms]
   [Other: 0.5 ms]
      [Choose CSet: 0.0 ms]
      [Ref Proc: 0.3 ms]
      [Ref Enq: 0.0 ms]
      [Redirty Cards: 0.1 ms]
      [Humongous Register: 0.0 ms]
      [Humongous Reclaim: 0.0 ms]
      [Free CSet: 0.0 ms]
   [Eden: 14.0M(14.0M)->0.0B(10.0M) Survivors: 0.0B->2048.0K Heap: 28.9M(250.0M)->27.6M(250.0M)]
 [Times: user=0.00 sys=0.01, real=0.00 secs] 
2018-01-06T19:04:27.747+0300: 0.166: [GC pause (G1 Evacuation Pause) (young), 0.0040416 secs]
   [Parallel Time: 2.9 ms, GC Workers: 4]
      [GC Worker Start (ms): Min: 166.2, Avg: 167.6, Max: 169.1, Diff: 2.8]
      [Ext Root Scanning (ms): Min: 0.0, Avg: 0.1, Max: 0.3, Diff: 0.3, Sum: 0.5]
      [Update RS (ms): Min: 0.0, Avg: 0.1, Max: 0.3, Diff: 0.3, Sum: 0.3]
         [Processed Buffers: Min: 0, Avg: 1.0, Max: 2, Diff: 2, Sum: 4]
      [Scan RS (ms): Min: 0.0, Avg: 0.0, Max: 0.0, Diff: 0.0, Sum: 0.0]
      [Code Root Scanning (ms): Min: 0.0, Avg: 0.0, Max: 0.1, Diff: 0.1, Sum: 0.1]
      [Object Copy (ms): Min: 0.0, Avg: 1.1, Max: 2.2, Diff: 2.2, Sum: 4.4]
      [Termination (ms): Min: 0.0, Avg: 0.1, Max: 0.2, Diff: 0.2, Sum: 0.4]
         [Termination Attempts: Min: 1, Avg: 1.0, Max: 1, Diff: 0, Sum: 4]
      [GC Worker Other (ms): Min: 0.0, Avg: 0.0, Max: 0.0, Diff: 0.0, Sum: 0.0]
      [GC Worker Total (ms): Min: 0.0, Avg: 1.4, Max: 2.9, Diff: 2.8, Sum: 5.8]
      [GC Worker End (ms): Min: 169.1, Avg: 169.1, Max: 169.1, Diff: 0.0]
   [Code Root Fixup: 0.0 ms]
   [Code Root Purge: 0.0 ms]
   [Clear CT: 0.1 ms]
   [Other: 1.0 ms]
      [Choose CSet: 0.0 ms]
      [Ref Proc: 0.8 ms]
      [Ref Enq: 0.0 ms]
      [Redirty Cards: 0.1 ms]
      [Humongous Register: 0.0 ms]
      [Humongous Reclaim: 0.0 ms]
      [Free CSet: 0.0 ms]
   [Eden: 10.0M(10.0M)->0.0B(15.0M) Survivors: 2048.0K->2048.0K Heap: 55.6M(250.0M)->55.7M(250.0M)]
 [Times: user=0.01 sys=0.00, real=0.00 secs] 
2018-01-06T19:04:27.758+0300: 0.177: [GC pause (G1 Evacuation Pause) (young), 0.0051515 secs]
   [Parallel Time: 4.3 ms, GC Workers: 4]
      [GC Worker Start (ms): Min: 177.3, Avg: 177.8, Max: 178.6, Diff: 1.4]
      [Ext Root Scanning (ms): Min: 0.0, Avg: 0.1, Max: 0.3, Diff: 0.3, Sum: 0.6]
      [Update RS (ms): Min: 0.0, Avg: 1.0, Max: 3.5, Diff: 3.5, Sum: 3.8]
         [Processed Buffers: Min: 0, Avg: 1.5, Max: 3, Diff: 3, Sum: 6]
      [Scan RS (ms): Min: 0.0, Avg: 0.0, Max: 0.0, Diff: 0.0, Sum: 0.0]
      [Code Root Scanning (ms): Min: 0.0, Avg: 0.0, Max: 0.0, Diff: 0.0, Sum: 0.0]
      [Object Copy (ms): Min: 0.0, Avg: 2.0, Max: 3.6, Diff: 3.5, Sum: 8.2]
      [Termination (ms): Min: 0.0, Avg: 0.6, Max: 0.9, Diff: 0.9, Sum: 2.2]
         [Termination Attempts: Min: 1, Avg: 1.0, Max: 1, Diff: 0, Sum: 4]
      [GC Worker Other (ms): Min: 0.0, Avg: 0.0, Max: 0.0, Diff: 0.0, Sum: 0.0]
      [GC Worker Total (ms): Min: 2.9, Avg: 3.7, Max: 4.2, Diff: 1.4, Sum: 14.9]
      [GC Worker End (ms): Min: 181.5, Avg: 181.5, Max: 181.5, Diff: 0.0]
   [Code Root Fixup: 0.0 ms]
   [Code Root Purge: 0.0 ms]
   [Clear CT: 0.1 ms]
   [Other: 0.8 ms]
      [Choose CSet: 0.0 ms]
      [Ref Proc: 0.6 ms]
      [Ref Enq: 0.0 ms]
      [Redirty Cards: 0.0 ms]
      [Humongous Register: 0.0 ms]
      [Humongous Reclaim: 0.0 ms]
      [Free CSet: 0.0 ms]
   [Eden: 15.0M(15.0M)->0.0B(19.0M) Survivors: 2048.0K->3072.0K Heap: 85.8M(250.0M)->86.5M(250.0M)]
 [Times: user=0.01 sys=0.01, real=0.00 secs] 
2018-01-06T19:04:27.763+0300: 0.183: [GC pause (G1 Humongous Allocation) (young) (initial-mark), 0.0018530 secs]
   [Parallel Time: 1.4 ms, GC Workers: 4]
      [GC Worker Start (ms): Min: 182.9, Avg: 183.1, Max: 183.3, Diff: 0.4]
      [Ext Root Scanning (ms): Min: 0.0, Avg: 0.9, Max: 1.3, Diff: 1.3, Sum: 3.4]
      [Update RS (ms): Min: 0.0, Avg: 0.0, Max: 0.1, Diff: 0.1, Sum: 0.1]
         [Processed Buffers: Min: 0, Avg: 1.2, Max: 5, Diff: 5, Sum: 5]
      [Scan RS (ms): Min: 0.0, Avg: 0.0, Max: 0.0, Diff: 0.0, Sum: 0.0]
      [Code Root Scanning (ms): Min: 0.0, Avg: 0.0, Max: 0.0, Diff: 0.0, Sum: 0.0]
      [Object Copy (ms): Min: 0.0, Avg: 0.2, Max: 0.7, Diff: 0.7, Sum: 0.7]
      [Termination (ms): Min: 0.0, Avg: 0.1, Max: 0.2, Diff: 0.2, Sum: 0.3]
         [Termination Attempts: Min: 1, Avg: 1.0, Max: 1, Diff: 0, Sum: 4]
      [GC Worker Other (ms): Min: 0.0, Avg: 0.0, Max: 0.0, Diff: 0.0, Sum: 0.0]
      [GC Worker Total (ms): Min: 0.9, Avg: 1.1, Max: 1.3, Diff: 0.4, Sum: 4.5]
      [GC Worker End (ms): Min: 184.2, Avg: 184.2, Max: 184.2, Diff: 0.0]
   [Code Root Fixup: 0.0 ms]
   [Code Root Purge: 0.0 ms]
   [Clear CT: 0.0 ms]
   [Other: 0.4 ms]
      [Choose CSet: 0.0 ms]
      [Ref Proc: 0.3 ms]
      [Ref Enq: 0.0 ms]
      [Redirty Cards: 0.0 ms]
      [Humongous Register: 0.0 ms]
      [Humongous Reclaim: 0.0 ms]
      [Free CSet: 0.0 ms]
   [Eden: 1024.0K(19.0M)->0.0B(31.0M) Survivors: 3072.0K->1024.0K Heap: 87.9M(250.0M)->87.5M(250.0M)]
 [Times: user=0.00 sys=0.00, real=0.00 secs] 
2018-01-06T19:04:27.765+0300: 0.185: [GC concurrent-root-region-scan-start]
2018-01-06T19:04:27.780+0300: 0.200: [GC pause (G1 Evacuation Pause) (young)2018-01-06T19:04:27.948+0300: 0.367: [GC concurrent-root-region-scan-end, 0.1822908 secs]
2018-01-06T19:04:27.948+0300: 0.367: [GC concurrent-mark-start]
, 0.1749939 secs]
   [Root Region Scan Waiting: 167.4 ms]
   [Parallel Time: 5.0 ms, GC Workers: 4]
      [GC Worker Start (ms): Min: 367.2, Avg: 369.7, Max: 372.1, Diff: 4.9]
      [Ext Root Scanning (ms): Min: 0.0, Avg: 0.1, Max: 0.2, Diff: 0.2, Sum: 0.4]
      [Update RS (ms): Min: 0.0, Avg: 0.0, Max: 0.1, Diff: 0.1, Sum: 0.1]
         [Processed Buffers: Min: 0, Avg: 0.8, Max: 3, Diff: 3, Sum: 3]
      [Scan RS (ms): Min: 0.0, Avg: 0.0, Max: 0.0, Diff: 0.0, Sum: 0.0]
      [Code Root Scanning (ms): Min: 0.0, Avg: 0.0, Max: 0.0, Diff: 0.0, Sum: 0.0]
      [Object Copy (ms): Min: 0.0, Avg: 2.2, Max: 4.5, Diff: 4.5, Sum: 8.9]
      [Termination (ms): Min: 0.0, Avg: 0.1, Max: 0.2, Diff: 0.2, Sum: 0.5]
         [Termination Attempts: Min: 1, Avg: 1.0, Max: 1, Diff: 0, Sum: 4]
      [GC Worker Other (ms): Min: 0.0, Avg: 0.0, Max: 0.0, Diff: 0.0, Sum: 0.0]
      [GC Worker Total (ms): Min: 0.0, Avg: 2.5, Max: 5.0, Diff: 4.9, Sum: 10.0]
      [GC Worker End (ms): Min: 372.1, Avg: 372.1, Max: 372.2, Diff: 0.0]
   [Code Root Fixup: 0.0 ms]
   [Code Root Purge: 0.0 ms]
   [Clear CT: 0.2 ms]
   [Other: 2.5 ms]
      [Choose CSet: 0.0 ms]
      [Ref Proc: 2.0 ms]
      [Ref Enq: 0.0 ms]
      [Redirty Cards: 0.2 ms]
      [Humongous Register: 0.1 ms]
      [Humongous Reclaim: 0.0 ms]
      [Free CSet: 0.0 ms]
   [Eden: 31.0M(31.0M)->0.0B(9216.0K) Survivors: 1024.0K->4096.0K Heap: 158.0M(250.0M)->158.9M(250.0M)]
 [Times: user=0.01 sys=0.01, real=0.18 secs] 
2018-01-06T19:04:27.957+0300: 0.377: [GC concurrent-mark-end, 0.0094077 secs]
2018-01-06T19:04:27.957+0300: 0.377: [GC remark 2018-01-06T19:04:27.957+0300: 0.377: [Finalize Marking, 0.0001852 secs] 2018-01-06T19:04:27.957+0300: 0.377: [GC ref-proc, 0.0000622 secs] 2018-01-06T19:04:27.957+0300: 0.377: [Unloading, 0.0005933 secs], 0.0012258 secs]
 [Times: user=0.01 sys=0.00, real=0.00 secs] 
2018-01-06T19:04:27.958+0300: 0.378: [GC cleanup 165M->165M(250M), 0.0005285 secs]
 [Times: user=0.00 sys=0.00, real=0.00 secs] 
2018-01-06T19:04:27.965+0300: 0.384: [GC pause (G1 Evacuation Pause) (young), 0.0068770 secs]
   [Parallel Time: 5.1 ms, GC Workers: 4]
      [GC Worker Start (ms): Min: 384.2, Avg: 386.0, Max: 389.2, Diff: 5.0]
      [Ext Root Scanning (ms): Min: 0.0, Avg: 0.1, Max: 0.2, Diff: 0.2, Sum: 0.4]
      [Update RS (ms): Min: 0.0, Avg: 0.0, Max: 0.1, Diff: 0.1, Sum: 0.1]
         [Processed Buffers: Min: 0, Avg: 1.2, Max: 3, Diff: 3, Sum: 5]
      [Scan RS (ms): Min: 0.0, Avg: 0.0, Max: 0.0, Diff: 0.0, Sum: 0.0]
      [Code Root Scanning (ms): Min: 0.0, Avg: 0.0, Max: 0.0, Diff: 0.0, Sum: 0.0]
      [Object Copy (ms): Min: 0.0, Avg: 0.8, Max: 1.7, Diff: 1.7, Sum: 3.4]
      [Termination (ms): Min: 0.0, Avg: 2.3, Max: 3.1, Diff: 3.1, Sum: 9.1]
         [Termination Attempts: Min: 1, Avg: 1.0, Max: 1, Diff: 0, Sum: 4]
      [GC Worker Other (ms): Min: 0.0, Avg: 0.0, Max: 0.0, Diff: 0.0, Sum: 0.0]
      [GC Worker Total (ms): Min: 0.0, Avg: 3.3, Max: 5.0, Diff: 5.0, Sum: 13.0]
      [GC Worker End (ms): Min: 389.2, Avg: 389.2, Max: 389.3, Diff: 0.0]
   [Code Root Fixup: 0.0 ms]
   [Code Root Purge: 0.0 ms]
   [Clear CT: 0.1 ms]
   [Other: 1.7 ms]
      [Choose CSet: 0.0 ms]
      [Ref Proc: 0.2 ms]
      [Ref Enq: 0.0 ms]
      [Redirty Cards: 0.0 ms]
      [Humongous Register: 0.1 ms]
      [Humongous Reclaim: 0.0 ms]
      [Free CSet: 0.0 ms]
   [Eden: 9216.0K(9216.0K)->0.0B(26.0M) Survivors: 4096.0K->2048.0K Heap: 177.3M(250.0M)->176.8M(500.0M)]
 [Times: user=0.02 sys=0.00, real=0.00 secs] 
2018-01-06T19:04:27.972+0300: 0.391: [GC pause (G1 Humongous Allocation) (young) (initial-mark), 0.0041364 secs]
   [Parallel Time: 1.0 ms, GC Workers: 4]
      [GC Worker Start (ms): Min: 391.5, Avg: 391.6, Max: 391.8, Diff: 0.3]
      [Ext Root Scanning (ms): Min: 0.0, Avg: 0.3, Max: 0.7, Diff: 0.7, Sum: 1.3]
      [Update RS (ms): Min: 0.0, Avg: 0.0, Max: 0.1, Diff: 0.1, Sum: 0.2]
         [Processed Buffers: Min: 0, Avg: 1.0, Max: 2, Diff: 2, Sum: 4]
      [Scan RS (ms): Min: 0.0, Avg: 0.0, Max: 0.0, Diff: 0.0, Sum: 0.0]
      [Code Root Scanning (ms): Min: 0.0, Avg: 0.0, Max: 0.0, Diff: 0.0, Sum: 0.0]
      [Object Copy (ms): Min: 0.0, Avg: 0.4, Max: 0.6, Diff: 0.6, Sum: 1.5]
      [Termination (ms): Min: 0.0, Avg: 0.1, Max: 0.1, Diff: 0.1, Sum: 0.2]
         [Termination Attempts: Min: 1, Avg: 1.0, Max: 1, Diff: 0, Sum: 4]
      [GC Worker Other (ms): Min: 0.0, Avg: 0.0, Max: 0.0, Diff: 0.0, Sum: 0.0]
      [GC Worker Total (ms): Min: 0.7, Avg: 0.8, Max: 0.9, Diff: 0.3, Sum: 3.2]
      [GC Worker End (ms): Min: 392.4, Avg: 392.4, Max: 392.4, Diff: 0.0]
   [Code Root Fixup: 0.0 ms]
   [Code Root Purge: 0.0 ms]
   [Clear CT: 0.0 ms]
   [Other: 3.1 ms]
      [Choose CSet: 0.0 ms]
      [Ref Proc: 0.1 ms]
      [Ref Enq: 0.0 ms]
      [Redirty Cards: 0.0 ms]
      [Humongous Register: 0.1 ms]
      [Humongous Reclaim: 0.0 ms]
      [Free CSet: 0.0 ms]
   [Eden: 2048.0K(26.0M)->0.0B(46.0M) Survivors: 2048.0K->4096.0K Heap: 178.5M(500.0M)->178.4M(1000.0M)]
 [Times: user=0.00 sys=0.00, real=0.01 secs] 
2018-01-06T19:04:27.976+0300: 0.396: [GC concurrent-root-region-scan-start]
2018-01-06T19:04:27.976+0300: 0.396: [GC concurrent-root-region-scan-end, 0.0000815 secs]
2018-01-06T19:04:27.976+0300: 0.396: [GC concurrent-mark-start]
2018-01-06T19:04:27.979+0300: 0.398: [GC concurrent-mark-end, 0.0023464 secs]
2018-01-06T19:04:27.979+0300: 0.398: [GC remark 2018-01-06T19:04:27.979+0300: 0.398: [Finalize Marking, 0.0001227 secs] 2018-01-06T19:04:27.979+0300: 0.398: [GC ref-proc, 0.0000745 secs] 2018-01-06T19:04:27.979+0300: 0.398: [Unloading, 0.0009530 secs], 0.0018783 secs]
 [Times: user=0.00 sys=0.00, real=0.00 secs] 
2018-01-06T19:04:27.981+0300: 0.400: [GC cleanup 191M->191M(1000M), 0.0012441 secs]
 [Times: user=0.01 sys=0.00, real=0.00 secs] 
2018-01-06T19:04:28.006+0300: 0.426: [GC pause (G1 Evacuation Pause) (young), 0.0142606 secs]
   [Parallel Time: 9.1 ms, GC Workers: 4]
      [GC Worker Start (ms): Min: 426.2, Avg: 428.6, Max: 430.9, Diff: 4.8]
      [Ext Root Scanning (ms): Min: 0.0, Avg: 0.1, Max: 0.2, Diff: 0.2, Sum: 0.4]
      [Update RS (ms): Min: 0.0, Avg: 0.0, Max: 0.1, Diff: 0.1, Sum: 0.1]
         [Processed Buffers: Min: 0, Avg: 1.0, Max: 2, Diff: 2, Sum: 4]
      [Scan RS (ms): Min: 0.0, Avg: 0.0, Max: 0.0, Diff: 0.0, Sum: 0.0]
      [Code Root Scanning (ms): Min: 0.0, Avg: 0.0, Max: 0.0, Diff: 0.0, Sum: 0.0]
      [Object Copy (ms): Min: 2.8, Avg: 5.4, Max: 8.8, Diff: 6.0, Sum: 21.5]
      [Termination (ms): Min: 0.0, Avg: 1.1, Max: 1.5, Diff: 1.5, Sum: 4.4]
         [Termination Attempts: Min: 1, Avg: 1.0, Max: 1, Diff: 0, Sum: 4]
      [GC Worker Other (ms): Min: 0.0, Avg: 0.0, Max: 0.0, Diff: 0.0, Sum: 0.0]
      [GC Worker Total (ms): Min: 4.3, Avg: 6.7, Max: 9.0, Diff: 4.7, Sum: 26.6]
      [GC Worker End (ms): Min: 435.2, Avg: 435.2, Max: 435.2, Diff: 0.0]
   [Code Root Fixup: 0.0 ms]
   [Code Root Purge: 0.0 ms]
   [Clear CT: 0.0 ms]
   [Other: 5.1 ms]
      [Choose CSet: 0.0 ms]
      [Ref Proc: 1.4 ms]
      [Ref Enq: 0.0 ms]
      [Redirty Cards: 0.0 ms]
      [Humongous Register: 0.1 ms]
      [Humongous Reclaim: 0.0 ms]
      [Free CSet: 0.0 ms]
   [Eden: 46.0M(46.0M)->0.0B(72.0M) Survivors: 4096.0K->7168.0K Heap: 273.4M(1000.0M)->275.0M(1597.0M)]
 [Times: user=0.01 sys=0.01, real=0.01 secs] 
2018-01-06T19:04:28.064+0300: 0.483: [GC pause (G1 Evacuation Pause) (young), 0.0137655 secs]
   [Parallel Time: 10.0 ms, GC Workers: 4]
      [GC Worker Start (ms): Min: 483.7, Avg: 485.0, Max: 488.9, Diff: 5.2]
      [Ext Root Scanning (ms): Min: 0.0, Avg: 0.1, Max: 0.2, Diff: 0.2, Sum: 0.5]
      [Update RS (ms): Min: 0.0, Avg: 0.1, Max: 0.1, Diff: 0.1, Sum: 0.2]
         [Processed Buffers: Min: 0, Avg: 1.8, Max: 3, Diff: 3, Sum: 7]
      [Scan RS (ms): Min: 0.0, Avg: 0.0, Max: 0.0, Diff: 0.0, Sum: 0.0]
      [Code Root Scanning (ms): Min: 0.0, Avg: 0.0, Max: 0.0, Diff: 0.0, Sum: 0.0]
      [Object Copy (ms): Min: 4.6, Avg: 8.4, Max: 9.6, Diff: 5.0, Sum: 33.5]
      [Termination (ms): Min: 0.0, Avg: 0.0, Max: 0.1, Diff: 0.1, Sum: 0.2]
         [Termination Attempts: Min: 1, Avg: 1.0, Max: 1, Diff: 0, Sum: 4]
      [GC Worker Other (ms): Min: 0.0, Avg: 0.0, Max: 0.0, Diff: 0.0, Sum: 0.0]
      [GC Worker Total (ms): Min: 4.8, Avg: 8.6, Max: 9.9, Diff: 5.2, Sum: 34.5]
      [GC Worker End (ms): Min: 493.7, Avg: 493.7, Max: 493.7, Diff: 0.0]
   [Code Root Fixup: 0.0 ms]
   [Code Root Purge: 0.0 ms]
   [Clear CT: 0.1 ms]
   [Other: 3.7 ms]
      [Choose CSet: 0.0 ms]
      [Ref Proc: 0.1 ms]
      [Ref Enq: 0.0 ms]
      [Redirty Cards: 0.1 ms]
      [Humongous Register: 0.2 ms]
      [Humongous Reclaim: 0.0 ms]
      [Free CSet: 0.1 ms]
   [Eden: 72.0M(72.0M)->0.0B(93.0M) Survivors: 7168.0K->10.0M Heap: 431.0M(1597.0M)->430.5M(2074.0M)]
 [Times: user=0.03 sys=0.01, real=0.01 secs] 
2018-01-06T19:04:28.136+0300: 0.556: [GC pause (G1 Evacuation Pause) (young), 0.0141938 secs]
   [Parallel Time: 11.0 ms, GC Workers: 4]
      [GC Worker Start (ms): Min: 556.1, Avg: 556.2, Max: 556.2, Diff: 0.1]
      [Ext Root Scanning (ms): Min: 0.1, Avg: 0.1, Max: 0.2, Diff: 0.1, Sum: 0.6]
      [Update RS (ms): Min: 0.0, Avg: 0.1, Max: 0.2, Diff: 0.1, Sum: 0.4]
         [Processed Buffers: Min: 1, Avg: 1.5, Max: 2, Diff: 1, Sum: 6]
      [Scan RS (ms): Min: 0.0, Avg: 0.0, Max: 0.0, Diff: 0.0, Sum: 0.1]
      [Code Root Scanning (ms): Min: 0.0, Avg: 0.0, Max: 0.0, Diff: 0.0, Sum: 0.0]
      [Object Copy (ms): Min: 10.4, Avg: 10.5, Max: 10.5, Diff: 0.1, Sum: 42.0]
      [Termination (ms): Min: 0.0, Avg: 0.0, Max: 0.1, Diff: 0.1, Sum: 0.2]
         [Termination Attempts: Min: 1, Avg: 1.0, Max: 1, Diff: 0, Sum: 4]
      [GC Worker Other (ms): Min: 0.0, Avg: 0.0, Max: 0.0, Diff: 0.0, Sum: 0.0]
      [GC Worker Total (ms): Min: 10.8, Avg: 10.8, Max: 10.8, Diff: 0.1, Sum: 43.2]
      [GC Worker End (ms): Min: 567.0, Avg: 567.0, Max: 567.0, Diff: 0.0]
   [Code Root Fixup: 0.0 ms]
   [Code Root Purge: 0.0 ms]
   [Clear CT: 0.2 ms]
   [Other: 3.0 ms]
      [Choose CSet: 0.0 ms]
      [Ref Proc: 0.2 ms]
      [Ref Enq: 0.0 ms]
      [Redirty Cards: 0.1 ms]
      [Humongous Register: 0.2 ms]
      [Humongous Reclaim: 0.1 ms]
      [Free CSet: 0.1 ms]
   [Eden: 93.0M(93.0M)->0.0B(109.0M) Survivors: 10.0M->13.0M Heap: 649.5M(2074.0M)->651.5M(2456.0M)]
 [Times: user=0.03 sys=0.02, real=0.01 secs] 
2018-01-06T19:04:28.209+0300: 0.629: [GC pause (G1 Evacuation Pause) (young), 0.0227663 secs]
   [Parallel Time: 19.9 ms, GC Workers: 4]
      [GC Worker Start (ms): Min: 628.9, Avg: 633.7, Max: 638.5, Diff: 9.6]
      [Ext Root Scanning (ms): Min: 0.0, Avg: 0.1, Max: 0.2, Diff: 0.2, Sum: 0.5]
      [Update RS (ms): Min: 0.0, Avg: 0.1, Max: 0.3, Diff: 0.3, Sum: 0.4]
         [Processed Buffers: Min: 0, Avg: 1.5, Max: 3, Diff: 3, Sum: 6]
      [Scan RS (ms): Min: 0.0, Avg: 0.0, Max: 0.0, Diff: 0.0, Sum: 0.1]
      [Code Root Scanning (ms): Min: 0.0, Avg: 0.0, Max: 0.0, Diff: 0.0, Sum: 0.0]
      [Object Copy (ms): Min: 10.1, Avg: 14.7, Max: 19.5, Diff: 9.4, Sum: 58.7]
      [Termination (ms): Min: 0.0, Avg: 0.2, Max: 0.2, Diff: 0.2, Sum: 0.6]
         [Termination Attempts: Min: 1, Avg: 1.0, Max: 1, Diff: 0, Sum: 4]
      [GC Worker Other (ms): Min: 0.0, Avg: 0.0, Max: 0.0, Diff: 0.0, Sum: 0.1]
      [GC Worker Total (ms): Min: 10.3, Avg: 15.1, Max: 19.9, Diff: 9.6, Sum: 60.3]
      [GC Worker End (ms): Min: 648.7, Avg: 648.8, Max: 648.8, Diff: 0.0]
   [Code Root Fixup: 0.0 ms]
   [Code Root Purge: 0.0 ms]
   [Clear CT: 0.1 ms]
   [Other: 2.7 ms]
      [Choose CSet: 0.0 ms]
      [Ref Proc: 0.2 ms]
      [Ref Enq: 0.0 ms]
      [Redirty Cards: 0.2 ms]
      [Humongous Register: 0.3 ms]
      [Humongous Reclaim: 0.1 ms]
      [Free CSet: 0.1 ms]
   [Eden: 109.0M(109.0M)->0.0B(122.0M) Survivors: 13.0M->16.0M Heap: 885.3M(2456.0M)->885.9M(2762.0M)]
 [Times: user=0.02 sys=0.02, real=0.02 secs] 
2018-01-06T19:04:28.267+0300: 0.686: [GC pause (G1 Humongous Allocation) (young) (initial-mark), 0.0141170 secs]
   [Parallel Time: 11.2 ms, GC Workers: 4]
      [GC Worker Start (ms): Min: 686.8, Avg: 686.9, Max: 687.0, Diff: 0.2]
      [Ext Root Scanning (ms): Min: 0.0, Avg: 4.0, Max: 11.2, Diff: 11.1, Sum: 15.9]
      [Update RS (ms): Min: 0.0, Avg: 0.1, Max: 0.5, Diff: 0.5, Sum: 0.5]
         [Processed Buffers: Min: 0, Avg: 1.5, Max: 6, Diff: 6, Sum: 6]
      [Scan RS (ms): Min: 0.0, Avg: 0.0, Max: 0.0, Diff: 0.0, Sum: 0.0]
      [Code Root Scanning (ms): Min: 0.0, Avg: 0.0, Max: 0.0, Diff: 0.0, Sum: 0.0]
      [Object Copy (ms): Min: 0.0, Avg: 6.9, Max: 10.3, Diff: 10.3, Sum: 27.8]
      [Termination (ms): Min: 0.0, Avg: 0.1, Max: 0.1, Diff: 0.1, Sum: 0.3]
         [Termination Attempts: Min: 1, Avg: 1.0, Max: 1, Diff: 0, Sum: 4]
      [GC Worker Other (ms): Min: 0.0, Avg: 0.0, Max: 0.0, Diff: 0.0, Sum: 0.0]
      [GC Worker Total (ms): Min: 11.0, Avg: 11.1, Max: 11.2, Diff: 0.2, Sum: 44.5]
      [GC Worker End (ms): Min: 698.0, Avg: 698.0, Max: 698.0, Diff: 0.0]
   [Code Root Fixup: 0.0 ms]
   [Code Root Purge: 0.0 ms]
   [Clear CT: 0.1 ms]
   [Other: 2.7 ms]
      [Choose CSet: 0.0 ms]
      [Ref Proc: 0.2 ms]
      [Ref Enq: 0.0 ms]
      [Redirty Cards: 0.2 ms]
      [Humongous Register: 0.4 ms]
      [Humongous Reclaim: 0.1 ms]
      [Free CSet: 0.1 ms]
   [Eden: 66.0M(122.0M)->0.0B(132.0M) Survivors: 16.0M->18.0M Heap: 1015.2M(2762.0M)->1015.7M(3006.0M)]
 [Times: user=0.01 sys=0.02, real=0.01 secs] 
2018-01-06T19:04:28.281+0300: 0.701: [GC concurrent-root-region-scan-start]
2018-01-06T19:04:28.281+0300: 0.701: [GC concurrent-root-region-scan-end, 0.0001651 secs]
2018-01-06T19:04:28.281+0300: 0.701: [GC concurrent-mark-start]
2018-01-06T19:04:28.287+0300: 0.706: [GC concurrent-mark-end, 0.0057145 secs]
2018-01-06T19:04:28.287+0300: 0.707: [GC remark 2018-01-06T19:04:28.287+0300: 0.707: [Finalize Marking, 0.0063575 secs] 2018-01-06T19:04:28.293+0300: 0.713: [GC ref-proc, 0.0000892 secs] 2018-01-06T19:04:28.294+0300: 0.713: [Unloading, 0.0008094 secs], 0.0093296 secs]
 [Times: user=0.02 sys=0.00, real=0.01 secs] 
2018-01-06T19:04:28.297+0300: 0.716: [GC cleanup 1036M->1036M(3006M), 0.0017701 secs]
 [Times: user=0.00 sys=0.01, real=0.00 secs] 
2018-01-06T19:04:28.369+0300: 0.789: [GC pause (G1 Evacuation Pause) (young), 0.0185028 secs]
   [Parallel Time: 16.1 ms, GC Workers: 4]
      [GC Worker Start (ms): Min: 789.5, Avg: 789.5, Max: 789.6, Diff: 0.1]
      [Ext Root Scanning (ms): Min: 0.1, Avg: 0.1, Max: 0.2, Diff: 0.1, Sum: 0.6]
      [Update RS (ms): Min: 0.1, Avg: 0.3, Max: 0.8, Diff: 0.8, Sum: 1.0]
         [Processed Buffers: Min: 1, Avg: 1.5, Max: 3, Diff: 2, Sum: 6]
      [Scan RS (ms): Min: 0.0, Avg: 0.0, Max: 0.0, Diff: 0.0, Sum: 0.1]
      [Code Root Scanning (ms): Min: 0.0, Avg: 0.0, Max: 0.0, Diff: 0.0, Sum: 0.0]
      [Object Copy (ms): Min: 15.0, Avg: 15.5, Max: 15.8, Diff: 0.7, Sum: 62.2]
      [Termination (ms): Min: 0.0, Avg: 0.0, Max: 0.1, Diff: 0.1, Sum: 0.2]
         [Termination Attempts: Min: 1, Avg: 1.0, Max: 1, Diff: 0, Sum: 4]
      [GC Worker Other (ms): Min: 0.0, Avg: 0.0, Max: 0.0, Diff: 0.0, Sum: 0.0]
      [GC Worker Total (ms): Min: 16.0, Avg: 16.0, Max: 16.1, Diff: 0.1, Sum: 64.1]
      [GC Worker End (ms): Min: 805.6, Avg: 805.6, Max: 805.6, Diff: 0.0]
   [Code Root Fixup: 0.0 ms]
   [Code Root Purge: 0.0 ms]
   [Clear CT: 0.1 ms]
   [Other: 2.3 ms]
      [Choose CSet: 0.0 ms]
      [Ref Proc: 0.1 ms]
      [Ref Enq: 0.0 ms]
      [Redirty Cards: 0.1 ms]
      [Humongous Register: 0.5 ms]
      [Humongous Reclaim: 0.1 ms]
      [Free CSet: 0.1 ms]
   [Eden: 132.0M(132.0M)->0.0B(157.0M) Survivors: 18.0M->19.0M Heap: 1313.3M(3006.0M)->1312.4M(3202.0M)]
 [Times: user=0.04 sys=0.02, real=0.02 secs] 
2018-01-06T19:04:28.388+0300: 0.808: [GC pause (G1 Humongous Allocation) (young) (initial-mark), 0.0046391 secs]
   [Parallel Time: 2.4 ms, GC Workers: 4]
      [GC Worker Start (ms): Min: 808.3, Avg: 808.3, Max: 808.3, Diff: 0.1]
      [Ext Root Scanning (ms): Min: 0.1, Avg: 0.2, Max: 0.2, Diff: 0.1, Sum: 0.7]
      [Update RS (ms): Min: 0.1, Avg: 0.3, Max: 0.8, Diff: 0.7, Sum: 1.0]
         [Processed Buffers: Min: 1, Avg: 1.5, Max: 2, Diff: 1, Sum: 6]
      [Scan RS (ms): Min: 0.0, Avg: 0.0, Max: 0.0, Diff: 0.0, Sum: 0.0]
      [Code Root Scanning (ms): Min: 0.0, Avg: 0.0, Max: 0.0, Diff: 0.0, Sum: 0.0]
      [Object Copy (ms): Min: 1.2, Avg: 1.8, Max: 2.1, Diff: 0.8, Sum: 7.3]
      [Termination (ms): Min: 0.0, Avg: 0.1, Max: 0.1, Diff: 0.1, Sum: 0.3]
         [Termination Attempts: Min: 1, Avg: 1.0, Max: 1, Diff: 0, Sum: 4]
      [GC Worker Other (ms): Min: 0.0, Avg: 0.0, Max: 0.0, Diff: 0.0, Sum: 0.0]
      [GC Worker Total (ms): Min: 2.3, Avg: 2.3, Max: 2.4, Diff: 0.1, Sum: 9.3]
      [GC Worker End (ms): Min: 810.6, Avg: 810.6, Max: 810.7, Diff: 0.0]
   [Code Root Fixup: 0.0 ms]
   [Code Root Purge: 0.0 ms]
   [Clear CT: 0.2 ms]
   [Other: 2.1 ms]
      [Choose CSet: 0.0 ms]
      [Ref Proc: 0.1 ms]
      [Ref Enq: 0.0 ms]
      [Redirty Cards: 0.2 ms]
      [Humongous Register: 0.4 ms]
      [Humongous Reclaim: 0.1 ms]
      [Free CSet: 0.0 ms]
   [Eden: 1024.0K(157.0M)->0.0B(230.0M) Survivors: 19.0M->1024.0K Heap: 1313.0M(3202.0M)->1312.9M(3358.0M)]
 [Times: user=0.02 sys=0.00, real=0.00 secs] 
2018-01-06T19:04:28.393+0300: 0.812: [GC concurrent-root-region-scan-start]
2018-01-06T19:04:28.393+0300: 0.813: [GC concurrent-root-region-scan-end, 0.0000307 secs]
2018-01-06T19:04:28.393+0300: 0.813: [GC concurrent-mark-start]
2018-01-06T19:04:28.399+0300: 0.819: [GC concurrent-mark-end, 0.0064244 secs]
2018-01-06T19:04:28.400+0300: 0.819: [GC remark 2018-01-06T19:04:28.400+0300: 0.819: [Finalize Marking, 0.0001502 secs] 2018-01-06T19:04:28.400+0300: 0.819: [GC ref-proc, 0.0000685 secs] 2018-01-06T19:04:28.400+0300: 0.819: [Unloading, 0.0005664 secs], 0.0030905 secs]
 [Times: user=0.00 sys=0.00, real=0.00 secs] 
2018-01-06T19:04:28.403+0300: 0.822: [GC cleanup 1336M->1336M(3358M), 0.0036529 secs]
 [Times: user=0.00 sys=0.01, real=0.01 secs] 
2018-01-06T19:04:28.525+0300: 0.944: [GC pause (G1 Evacuation Pause) (young), 0.0302985 secs]
   [Parallel Time: 27.0 ms, GC Workers: 4]
      [GC Worker Start (ms): Min: 945.2, Avg: 945.9, Max: 947.9, Diff: 2.8]
      [Ext Root Scanning (ms): Min: 0.0, Avg: 0.1, Max: 0.2, Diff: 0.2, Sum: 0.5]
      [Update RS (ms): Min: 0.0, Avg: 0.3, Max: 0.9, Diff: 0.9, Sum: 1.1]
         [Processed Buffers: Min: 0, Avg: 1.8, Max: 3, Diff: 3, Sum: 7]
      [Scan RS (ms): Min: 0.0, Avg: 0.0, Max: 0.1, Diff: 0.1, Sum: 0.1]
      [Code Root Scanning (ms): Min: 0.0, Avg: 0.0, Max: 0.0, Diff: 0.0, Sum: 0.0]
      [Object Copy (ms): Min: 24.1, Avg: 25.7, Max: 26.4, Diff: 2.3, Sum: 102.6]
      [Termination (ms): Min: 0.0, Avg: 0.1, Max: 0.2, Diff: 0.2, Sum: 0.5]
         [Termination Attempts: Min: 1, Avg: 1.0, Max: 1, Diff: 0, Sum: 4]
      [GC Worker Other (ms): Min: 0.0, Avg: 0.0, Max: 0.0, Diff: 0.0, Sum: 0.0]
      [GC Worker Total (ms): Min: 24.1, Avg: 26.2, Max: 26.9, Diff: 2.8, Sum: 104.8]
      [GC Worker End (ms): Min: 972.1, Avg: 972.1, Max: 972.1, Diff: 0.0]
   [Code Root Fixup: 0.0 ms]
   [Code Root Purge: 0.0 ms]
   [Clear CT: 0.1 ms]
   [Other: 3.2 ms]
      [Choose CSet: 0.0 ms]
      [Ref Proc: 0.7 ms]
      [Ref Enq: 0.0 ms]
      [Redirty Cards: 0.6 ms]
      [Humongous Register: 0.7 ms]
      [Humongous Reclaim: 0.2 ms]
      [Free CSet: 0.1 ms]
   [Eden: 230.0M(230.0M)->0.0B(244.0M) Survivors: 1024.0K->29.0M Heap: 1808.7M(3358.0M)->1808.9M(3483.0M)]
 [Times: user=0.03 sys=0.05, real=0.03 secs] 
2018-01-06T19:04:28.556+0300: 0.975: [GC pause (G1 Humongous Allocation) (young) (initial-mark), 0.0097880 secs]
   [Parallel Time: 4.9 ms, GC Workers: 4]
      [GC Worker Start (ms): Min: 975.9, Avg: 976.0, Max: 976.1, Diff: 0.2]
      [Ext Root Scanning (ms): Min: 0.0, Avg: 1.4, Max: 2.9, Diff: 2.9, Sum: 5.6]
      [Update RS (ms): Min: 0.0, Avg: 0.3, Max: 1.0, Diff: 1.0, Sum: 1.1]
         [Processed Buffers: Min: 0, Avg: 1.5, Max: 4, Diff: 4, Sum: 6]
      [Scan RS (ms): Min: 0.0, Avg: 0.0, Max: 0.0, Diff: 0.0, Sum: 0.0]
      [Code Root Scanning (ms): Min: 0.0, Avg: 0.0, Max: 0.0, Diff: 0.0, Sum: 0.0]
      [Object Copy (ms): Min: 1.9, Avg: 3.0, Max: 4.3, Diff: 2.4, Sum: 12.1]
      [Termination (ms): Min: 0.0, Avg: 0.1, Max: 0.1, Diff: 0.1, Sum: 0.2]
         [Termination Attempts: Min: 1, Avg: 1.0, Max: 1, Diff: 0, Sum: 4]
      [GC Worker Other (ms): Min: 0.0, Avg: 0.0, Max: 0.0, Diff: 0.0, Sum: 0.0]
      [GC Worker Total (ms): Min: 4.6, Avg: 4.8, Max: 4.8, Diff: 0.2, Sum: 19.1]
      [GC Worker End (ms): Min: 980.7, Avg: 980.8, Max: 980.8, Diff: 0.0]
   [Code Root Fixup: 0.0 ms]
   [Code Root Purge: 0.0 ms]
   [Clear CT: 0.2 ms]
   [Other: 4.7 ms]
      [Choose CSet: 0.0 ms]
      [Ref Proc: 2.8 ms]
      [Ref Enq: 0.0 ms]
      [Redirty Cards: 0.2 ms]
      [Humongous Register: 0.6 ms]
      [Humongous Reclaim: 0.2 ms]
      [Free CSet: 0.0 ms]
   [Eden: 1024.0K(244.0M)->0.0B(319.0M) Survivors: 29.0M->1024.0K Heap: 1809.7M(3483.0M)->1810.5M(3583.0M)]
 [Times: user=0.03 sys=0.00, real=0.01 secs] 
2018-01-06T19:04:28.565+0300: 0.985: [GC concurrent-root-region-scan-start]
2018-01-06T19:04:28.566+0300: 0.985: [GC concurrent-root-region-scan-end, 0.0000393 secs]
2018-01-06T19:04:28.566+0300: 0.985: [GC concurrent-mark-start]
2018-01-06T19:04:28.574+0300: 0.993: [GC concurrent-mark-end, 0.0083071 secs]
2018-01-06T19:04:28.574+0300: 0.994: [GC remark 2018-01-06T19:04:28.574+0300: 0.994: [Finalize Marking, 0.0002026 secs] 2018-01-06T19:04:28.574+0300: 0.994: [GC ref-proc, 0.0000664 secs] 2018-01-06T19:04:28.574+0300: 0.994: [Unloading, 0.0005367 secs], 0.0039166 secs]
 [Times: user=0.02 sys=0.00, real=0.01 secs] 
2018-01-06T19:04:28.578+0300: 0.998: [GC cleanup 1849M->1849M(3583M), 0.0020641 secs]
 [Times: user=0.01 sys=0.00, real=0.00 secs] 
2018-01-06T19:04:29.139+0300: 1.558: [GC pause (G1 Evacuation Pause) (young), 0.0511797 secs]
   [Parallel Time: 49.0 ms, GC Workers: 4]
      [GC Worker Start (ms): Min: 1559.1, Avg: 1559.2, Max: 1559.2, Diff: 0.1]
      [Ext Root Scanning (ms): Min: 0.1, Avg: 0.1, Max: 0.2, Diff: 0.1, Sum: 0.6]
      [Update RS (ms): Min: 0.1, Avg: 0.8, Max: 2.9, Diff: 2.8, Sum: 3.3]
         [Processed Buffers: Min: 1, Avg: 2.0, Max: 3, Diff: 2, Sum: 8]
      [Scan RS (ms): Min: 0.0, Avg: 0.0, Max: 0.1, Diff: 0.1, Sum: 0.2]
      [Code Root Scanning (ms): Min: 0.0, Avg: 0.0, Max: 0.0, Diff: 0.0, Sum: 0.0]
      [Object Copy (ms): Min: 45.8, Avg: 47.8, Max: 48.5, Diff: 2.8, Sum: 191.4]
      [Termination (ms): Min: 0.0, Avg: 0.0, Max: 0.0, Diff: 0.0, Sum: 0.0]
         [Termination Attempts: Min: 1, Avg: 1.0, Max: 1, Diff: 0, Sum: 4]
      [GC Worker Other (ms): Min: 0.0, Avg: 0.0, Max: 0.0, Diff: 0.0, Sum: 0.1]
      [GC Worker Total (ms): Min: 48.9, Avg: 48.9, Max: 48.9, Diff: 0.1, Sum: 195.6]
      [GC Worker End (ms): Min: 1608.1, Avg: 1608.1, Max: 1608.1, Diff: 0.0]
   [Code Root Fixup: 0.0 ms]
   [Code Root Purge: 0.0 ms]
   [Clear CT: 0.1 ms]
   [Other: 2.1 ms]
      [Choose CSet: 0.0 ms]
      [Ref Proc: 0.1 ms]
      [Ref Enq: 0.0 ms]
      [Redirty Cards: 0.1 ms]
      [Humongous Register: 0.9 ms]
      [Humongous Reclaim: 0.2 ms]
      [Free CSet: 0.2 ms]
   [Eden: 319.0M(319.0M)->0.0B(247.0M) Survivors: 1024.0K->40.0M Heap: 2300.3M(3583.0M)->2190.3M(3663.0M)]
 [Times: user=0.17 sys=0.02, real=0.05 secs] 
2018-01-06T19:04:29.194+0300: 1.614: [GC pause (G1 Humongous Allocation) (young) (initial-mark), 0.0754203 secs]
   [Parallel Time: 73.5 ms, GC Workers: 4]
      [GC Worker Start (ms): Min: 1614.5, Avg: 1614.5, Max: 1614.6, Diff: 0.1]
      [Ext Root Scanning (ms): Min: 0.2, Avg: 0.2, Max: 0.2, Diff: 0.1, Sum: 0.8]
      [Update RS (ms): Min: 66.0, Avg: 66.1, Max: 66.2, Diff: 0.2, Sum: 264.4]
         [Processed Buffers: Min: 83, Avg: 94.5, Max: 101, Diff: 18, Sum: 378]
      [Scan RS (ms): Min: 0.0, Avg: 0.1, Max: 0.2, Diff: 0.2, Sum: 0.3]
      [Code Root Scanning (ms): Min: 0.0, Avg: 0.0, Max: 0.0, Diff: 0.0, Sum: 0.0]
      [Object Copy (ms): Min: 7.0, Avg: 7.1, Max: 7.1, Diff: 0.1, Sum: 28.3]
      [Termination (ms): Min: 0.0, Avg: 0.0, Max: 0.0, Diff: 0.0, Sum: 0.0]
         [Termination Attempts: Min: 1, Avg: 10.0, Max: 18, Diff: 17, Sum: 40]
      [GC Worker Other (ms): Min: 0.0, Avg: 0.0, Max: 0.0, Diff: 0.0, Sum: 0.0]
      [GC Worker Total (ms): Min: 73.4, Avg: 73.5, Max: 73.5, Diff: 0.1, Sum: 293.8]
      [GC Worker End (ms): Min: 1688.0, Avg: 1688.0, Max: 1688.0, Diff: 0.0]
   [Code Root Fixup: 0.0 ms]
   [Code Root Purge: 0.0 ms]
   [Clear CT: 0.0 ms]
   [Other: 1.8 ms]
      [Choose CSet: 0.0 ms]
      [Ref Proc: 0.0 ms]
      [Ref Enq: 0.0 ms]
      [Redirty Cards: 0.1 ms]
      [Humongous Register: 0.8 ms]
      [Humongous Reclaim: 0.2 ms]
      [Free CSet: 0.1 ms]
   [Eden: 1024.0K(247.0M)->0.0B(302.0M) Survivors: 40.0M->1024.0K Heap: 2190.9M(3663.0M)->2189.4M(3727.0M)]
 [Times: user=0.28 sys=0.01, real=0.08 secs] 
2018-01-06T19:04:29.270+0300: 1.689: [GC concurrent-root-region-scan-start]
2018-01-06T19:04:29.270+0300: 1.689: [GC concurrent-root-region-scan-end, 0.0000357 secs]
2018-01-06T19:04:29.270+0300: 1.689: [GC concurrent-mark-start]
2018-01-06T19:04:29.276+0300: 1.696: [GC concurrent-mark-end, 0.0066587 secs]
2018-01-06T19:04:29.282+0300: 1.701: [GC remark 2018-01-06T19:04:29.282+0300: 1.701: [Finalize Marking, 0.0002287 secs] 2018-01-06T19:04:29.282+0300: 1.702: [GC ref-proc, 0.0000738 secs] 2018-01-06T19:04:29.282+0300: 1.702: [Unloading, 0.0007728 secs], 0.0020211 secs]
 [Times: user=0.00 sys=0.00, real=0.01 secs] 
2018-01-06T19:04:29.284+0300: 1.704: [GC cleanup 2205M->79M(3727M), 0.0061565 secs]
 [Times: user=0.01 sys=0.00, real=0.00 secs] 
2018-01-06T19:04:29.290+0300: 1.710: [GC concurrent-cleanup-start]
2018-01-06T19:04:29.305+0300: 1.724: [GC concurrent-cleanup-end, 0.0145727 secs]
2018-01-06T19:04:29.423+0300: 1.843: [GC pause (G1 Evacuation Pause) (young), 0.0404909 secs]
   [Parallel Time: 38.8 ms, GC Workers: 4]
      [GC Worker Start (ms): Min: 1843.5, Avg: 1844.3, Max: 1846.6, Diff: 3.2]
      [Ext Root Scanning (ms): Min: 0.0, Avg: 0.1, Max: 0.2, Diff: 0.2, Sum: 0.5]
      [Update RS (ms): Min: 0.0, Avg: 0.2, Max: 0.2, Diff: 0.2, Sum: 0.6]
         [Processed Buffers: Min: 0, Avg: 4.2, Max: 7, Diff: 7, Sum: 17]
      [Scan RS (ms): Min: 0.0, Avg: 0.0, Max: 0.1, Diff: 0.0, Sum: 0.2]
      [Code Root Scanning (ms): Min: 0.0, Avg: 0.0, Max: 0.0, Diff: 0.0, Sum: 0.0]
      [Object Copy (ms): Min: 35.5, Avg: 37.6, Max: 38.3, Diff: 2.7, Sum: 150.2]
      [Termination (ms): Min: 0.0, Avg: 0.0, Max: 0.1, Diff: 0.1, Sum: 0.1]
         [Termination Attempts: Min: 1, Avg: 1.0, Max: 1, Diff: 0, Sum: 4]
      [GC Worker Other (ms): Min: 0.0, Avg: 0.0, Max: 0.0, Diff: 0.0, Sum: 0.1]
      [GC Worker Total (ms): Min: 35.6, Avg: 37.9, Max: 38.7, Diff: 3.2, Sum: 151.7]
      [GC Worker End (ms): Min: 1882.2, Avg: 1882.2, Max: 1882.2, Diff: 0.0]
   [Code Root Fixup: 0.0 ms]
   [Code Root Purge: 0.0 ms]
   [Clear CT: 0.1 ms]
   [Other: 1.5 ms]
      [Choose CSet: 0.0 ms]
      [Ref Proc: 0.1 ms]
      [Ref Enq: 0.0 ms]
      [Redirty Cards: 0.1 ms]
      [Humongous Register: 0.1 ms]
      [Humongous Reclaim: 0.1 ms]
      [Free CSet: 0.2 ms]
   [Eden: 302.0M(302.0M)->0.0B(425.0M) Survivors: 1024.0K->38.0M Heap: 692.2M(3727.0M)->695.5M(3778.0M)]
 [Times: user=0.12 sys=0.01, real=0.04 secs] 
2018-01-06T19:04:29.646+0300: 2.065: [GC pause (G1 Evacuation Pause) (young), 0.0581406 secs]
   [Parallel Time: 56.4 ms, GC Workers: 4]
      [GC Worker Start (ms): Min: 2065.7, Avg: 2065.7, Max: 2065.7, Diff: 0.1]
      [Ext Root Scanning (ms): Min: 0.1, Avg: 0.1, Max: 0.2, Diff: 0.1, Sum: 0.6]
      [Update RS (ms): Min: 0.1, Avg: 0.2, Max: 0.6, Diff: 0.5, Sum: 0.9]
         [Processed Buffers: Min: 2, Avg: 2.8, Max: 3, Diff: 1, Sum: 11]
      [Scan RS (ms): Min: 0.0, Avg: 0.1, Max: 0.1, Diff: 0.1, Sum: 0.3]
      [Code Root Scanning (ms): Min: 0.0, Avg: 0.0, Max: 0.0, Diff: 0.0, Sum: 0.0]
      [Object Copy (ms): Min: 55.5, Avg: 55.8, Max: 55.9, Diff: 0.4, Sum: 223.2]
      [Termination (ms): Min: 0.0, Avg: 0.1, Max: 0.1, Diff: 0.1, Sum: 0.2]
         [Termination Attempts: Min: 1, Avg: 1.2, Max: 2, Diff: 1, Sum: 5]
      [GC Worker Other (ms): Min: 0.0, Avg: 0.0, Max: 0.0, Diff: 0.0, Sum: 0.1]
      [GC Worker Total (ms): Min: 56.3, Avg: 56.3, Max: 56.3, Diff: 0.1, Sum: 225.2]
      [GC Worker End (ms): Min: 2122.0, Avg: 2122.0, Max: 2122.0, Diff: 0.0]
   [Code Root Fixup: 0.0 ms]
   [Code Root Purge: 0.0 ms]
   [Clear CT: 0.1 ms]
   [Other: 1.6 ms]
      [Choose CSet: 0.0 ms]
      [Ref Proc: 0.2 ms]
      [Ref Enq: 0.0 ms]
      [Redirty Cards: 0.0 ms]
      [Humongous Register: 0.5 ms]
      [Humongous Reclaim: 0.1 ms]
      [Free CSet: 0.2 ms]
   [Eden: 425.0M(425.0M)->0.0B(480.0M) Survivors: 38.0M->58.0M Heap: 1638.7M(3778.0M)->1640.3M(3819.0M)]
 [Times: user=0.21 sys=0.01, real=0.06 secs] 
2018-01-06T19:04:29.705+0300: 2.124: [GC pause (G1 Humongous Allocation) (young) (initial-mark), 0.0175690 secs]
   [Parallel Time: 16.1 ms, GC Workers: 4]
      [GC Worker Start (ms): Min: 2125.0, Avg: 2125.0, Max: 2125.1, Diff: 0.1]
      [Ext Root Scanning (ms): Min: 0.1, Avg: 0.2, Max: 0.2, Diff: 0.1, Sum: 0.6]
      [Update RS (ms): Min: 0.2, Avg: 0.3, Max: 0.7, Diff: 0.5, Sum: 1.2]
         [Processed Buffers: Min: 1, Avg: 1.5, Max: 2, Diff: 1, Sum: 6]
      [Scan RS (ms): Min: 0.0, Avg: 0.0, Max: 0.0, Diff: 0.0, Sum: 0.0]
      [Code Root Scanning (ms): Min: 0.0, Avg: 0.0, Max: 0.0, Diff: 0.0, Sum: 0.0]
      [Object Copy (ms): Min: 8.1, Avg: 9.9, Max: 15.2, Diff: 7.1, Sum: 39.6]
      [Termination (ms): Min: 0.0, Avg: 5.7, Max: 7.6, Diff: 7.6, Sum: 22.8]
         [Termination Attempts: Min: 1, Avg: 1.2, Max: 2, Diff: 1, Sum: 5]
      [GC Worker Other (ms): Min: 0.0, Avg: 0.0, Max: 0.0, Diff: 0.0, Sum: 0.0]
      [GC Worker Total (ms): Min: 16.0, Avg: 16.1, Max: 16.1, Diff: 0.1, Sum: 64.3]
      [GC Worker End (ms): Min: 2141.1, Avg: 2141.1, Max: 2141.1, Diff: 0.0]
   [Code Root Fixup: 0.0 ms]
   [Code Root Purge: 0.0 ms]
   [Clear CT: 0.1 ms]
   [Other: 1.4 ms]
      [Choose CSet: 0.0 ms]
      [Ref Proc: 0.1 ms]
      [Ref Enq: 0.0 ms]
      [Redirty Cards: 0.1 ms]
      [Humongous Register: 0.4 ms]
      [Humongous Reclaim: 0.1 ms]
      [Free CSet: 0.1 ms]
   [Eden: 2048.0K(480.0M)->0.0B(606.0M) Survivors: 58.0M->1024.0K Heap: 1641.6M(3819.0M)->1640.6M(3852.0M)]
 [Times: user=0.06 sys=0.00, real=0.01 secs] 
2018-01-06T19:04:29.723+0300: 2.142: [GC concurrent-root-region-scan-start]
2018-01-06T19:04:29.723+0300: 2.142: [GC concurrent-root-region-scan-end, 0.0000347 secs]
2018-01-06T19:04:29.723+0300: 2.142: [GC concurrent-mark-start]
2018-01-06T19:04:29.730+0300: 2.150: [GC concurrent-mark-end, 0.0076924 secs]
2018-01-06T19:04:29.730+0300: 2.150: [GC remark 2018-01-06T19:04:29.731+0300: 2.150: [Finalize Marking, 0.0001148 secs] 2018-01-06T19:04:29.731+0300: 2.150: [GC ref-proc, 0.0000745 secs] 2018-01-06T19:04:29.731+0300: 2.150: [Unloading, 0.0005491 secs], 0.0036197 secs]
 [Times: user=0.01 sys=0.00, real=0.00 secs] 
2018-01-06T19:04:29.734+0300: 2.154: [GC cleanup 1671M->1671M(3852M), 0.0056911 secs]
 [Times: user=0.01 sys=0.00, real=0.01 secs] 
2018-01-06T19:04:30.395+0300: 2.814: [GC pause (G1 Evacuation Pause) (young) (to-space exhausted), 0.1620462 secs]
   [Parallel Time: 143.2 ms, GC Workers: 4]
      [GC Worker Start (ms): Min: 2815.4, Avg: 2815.4, Max: 2815.5, Diff: 0.0]
      [Ext Root Scanning (ms): Min: 0.1, Avg: 0.1, Max: 0.2, Diff: 0.0, Sum: 0.6]
      [Update RS (ms): Min: 0.2, Avg: 0.9, Max: 3.1, Diff: 2.9, Sum: 3.7]
         [Processed Buffers: Min: 4, Avg: 4.8, Max: 5, Diff: 1, Sum: 19]
      [Scan RS (ms): Min: 0.0, Avg: 0.1, Max: 0.2, Diff: 0.1, Sum: 0.5]
      [Code Root Scanning (ms): Min: 0.0, Avg: 0.0, Max: 0.0, Diff: 0.0, Sum: 0.0]
      [Object Copy (ms): Min: 139.8, Avg: 141.9, Max: 142.6, Diff: 2.8, Sum: 567.6]
      [Termination (ms): Min: 0.0, Avg: 0.0, Max: 0.0, Diff: 0.0, Sum: 0.0]
         [Termination Attempts: Min: 1, Avg: 1.0, Max: 1, Diff: 0, Sum: 4]
      [GC Worker Other (ms): Min: 0.0, Avg: 0.0, Max: 0.0, Diff: 0.0, Sum: 0.1]
      [GC Worker Total (ms): Min: 143.1, Avg: 143.1, Max: 143.1, Diff: 0.0, Sum: 572.4]
      [GC Worker End (ms): Min: 2958.5, Avg: 2958.5, Max: 2958.5, Diff: 0.0]
   [Code Root Fixup: 0.0 ms]
   [Code Root Purge: 0.0 ms]
   [Clear CT: 0.1 ms]
   [Other: 18.7 ms]
      [Evacuation Failure: 17.0 ms]
      [Choose CSet: 0.0 ms]
      [Ref Proc: 0.0 ms]
      [Ref Enq: 0.0 ms]
      [Redirty Cards: 0.1 ms]
      [Humongous Register: 0.9 ms]
      [Humongous Reclaim: 0.2 ms]
      [Free CSet: 0.3 ms]
   [Eden: 597.0M(597.0M)->0.0B(124.0M) Survivors: 1024.0K->75.0M Heap: 2771.1M(3852.0M)->2740.8M(3982.0M)]
 [Times: user=0.32 sys=0.06, real=0.17 secs] 
2018-01-06T19:04:30.567+0300: 2.987: [GC pause (G1 Humongous Allocation) (young) (initial-mark), 0.0720748 secs]
   [Parallel Time: 70.3 ms, GC Workers: 4]
      [GC Worker Start (ms): Min: 2987.8, Avg: 2987.8, Max: 2987.9, Diff: 0.1]
      [Ext Root Scanning (ms): Min: 0.1, Avg: 0.2, Max: 0.2, Diff: 0.1, Sum: 0.7]
      [Update RS (ms): Min: 51.3, Avg: 51.4, Max: 51.6, Diff: 0.3, Sum: 205.6]
         [Processed Buffers: Min: 84, Avg: 89.8, Max: 94, Diff: 10, Sum: 359]
      [Scan RS (ms): Min: 0.7, Avg: 3.4, Max: 11.1, Diff: 10.4, Sum: 13.6]
      [Code Root Scanning (ms): Min: 0.0, Avg: 0.0, Max: 0.0, Diff: 0.0, Sum: 0.0]
      [Object Copy (ms): Min: 7.7, Avg: 15.3, Max: 17.8, Diff: 10.1, Sum: 61.0]
      [Termination (ms): Min: 0.0, Avg: 0.0, Max: 0.0, Diff: 0.0, Sum: 0.0]
         [Termination Attempts: Min: 1, Avg: 63.5, Max: 99, Diff: 98, Sum: 254]
      [GC Worker Other (ms): Min: 0.0, Avg: 0.0, Max: 0.0, Diff: 0.0, Sum: 0.0]
      [GC Worker Total (ms): Min: 70.2, Avg: 70.3, Max: 70.3, Diff: 0.1, Sum: 281.0]
      [GC Worker End (ms): Min: 3058.1, Avg: 3058.1, Max: 3058.1, Diff: 0.0]
   [Code Root Fixup: 0.0 ms]
   [Code Root Purge: 0.0 ms]
   [Clear CT: 0.0 ms]
   [Other: 1.7 ms]
      [Choose CSet: 0.0 ms]
      [Ref Proc: 0.0 ms]
      [Ref Enq: 0.0 ms]
      [Redirty Cards: 0.1 ms]
      [Humongous Register: 0.9 ms]
      [Humongous Reclaim: 0.2 ms]
      [Free CSet: 0.1 ms]
   [Eden: 1024.0K(124.0M)->0.0B(198.0M) Survivors: 75.0M->1024.0K Heap: 2741.5M(3982.0M)->2741.9M(3982.0M)]
 [Times: user=0.26 sys=0.00, real=0.07 secs] 
2018-01-06T19:04:30.639+0300: 3.059: [GC concurrent-root-region-scan-start]
2018-01-06T19:04:30.643+0300: 3.062: [GC concurrent-root-region-scan-end, 0.0033038 secs]
2018-01-06T19:04:30.643+0300: 3.062: [GC concurrent-mark-start]
2018-01-06T19:04:30.652+0300: 3.071: [GC concurrent-mark-end, 0.0088261 secs]
2018-01-06T19:04:30.652+0300: 3.072: [GC remark 2018-01-06T19:04:30.652+0300: 3.072: [Finalize Marking, 0.0005888 secs] 2018-01-06T19:04:30.653+0300: 3.072: [GC ref-proc, 0.0000752 secs] 2018-01-06T19:04:30.653+0300: 3.073: [Unloading, 0.0005456 secs], 0.0034080 secs]
 [Times: user=0.01 sys=0.00, real=0.01 secs] 
2018-01-06T19:04:30.656+0300: 3.075: [GC cleanup 2791M->581M(3982M), 0.0053452 secs]
 [Times: user=0.01 sys=0.00, real=0.00 secs] 
2018-01-06T19:04:30.661+0300: 3.081: [GC concurrent-cleanup-start]
2018-01-06T19:04:30.678+0300: 3.097: [GC concurrent-cleanup-end, 0.0162359 secs]
2018-01-06T19:04:30.734+0300: 3.153: [GC pause (G1 Evacuation Pause) (young), 0.0267722 secs]
   [Parallel Time: 25.6 ms, GC Workers: 4]
      [GC Worker Start (ms): Min: 3153.8, Avg: 3153.8, Max: 3153.9, Diff: 0.1]
      [Ext Root Scanning (ms): Min: 0.1, Avg: 0.1, Max: 0.2, Diff: 0.1, Sum: 0.6]
      [Update RS (ms): Min: 0.2, Avg: 0.3, Max: 0.7, Diff: 0.5, Sum: 1.3]
         [Processed Buffers: Min: 5, Avg: 5.2, Max: 6, Diff: 1, Sum: 21]
      [Scan RS (ms): Min: 0.0, Avg: 0.0, Max: 0.1, Diff: 0.0, Sum: 0.1]
      [Code Root Scanning (ms): Min: 0.0, Avg: 0.0, Max: 0.0, Diff: 0.0, Sum: 0.0]
      [Object Copy (ms): Min: 24.7, Avg: 25.0, Max: 25.1, Diff: 0.4, Sum: 100.0]
      [Termination (ms): Min: 0.0, Avg: 0.0, Max: 0.1, Diff: 0.1, Sum: 0.2]
         [Termination Attempts: Min: 1, Avg: 1.0, Max: 1, Diff: 0, Sum: 4]
      [GC Worker Other (ms): Min: 0.0, Avg: 0.0, Max: 0.0, Diff: 0.0, Sum: 0.0]
      [GC Worker Total (ms): Min: 25.5, Avg: 25.6, Max: 25.6, Diff: 0.1, Sum: 102.2]
      [GC Worker End (ms): Min: 3179.4, Avg: 3179.4, Max: 3179.4, Diff: 0.0]
   [Code Root Fixup: 0.0 ms]
   [Code Root Purge: 0.0 ms]
   [Clear CT: 0.1 ms]
   [Other: 1.1 ms]
      [Choose CSet: 0.0 ms]
      [Ref Proc: 0.1 ms]
      [Ref Enq: 0.0 ms]
      [Redirty Cards: 0.0 ms]
      [Humongous Register: 0.4 ms]
      [Humongous Reclaim: 0.1 ms]
      [Free CSet: 0.1 ms]
   [Eden: 198.0M(198.0M)->0.0B(617.0M) Survivors: 1024.0K->25.0M Heap: 944.1M(3982.0M)->949.9M(3982.0M)]
 [Times: user=0.08 sys=0.00, real=0.03 secs] 
2018-01-06T19:04:30.888+0300: 3.307: [GC pause (G1 Humongous Allocation) (young) (initial-mark), 0.0471825 secs]
   [Parallel Time: 45.3 ms, GC Workers: 4]
      [GC Worker Start (ms): Min: 3308.1, Avg: 3308.1, Max: 3308.2, Diff: 0.1]
      [Ext Root Scanning (ms): Min: 0.1, Avg: 0.2, Max: 0.2, Diff: 0.0, Sum: 0.7]
      [Update RS (ms): Min: 0.2, Avg: 0.4, Max: 1.0, Diff: 0.9, Sum: 1.5]
         [Processed Buffers: Min: 4, Avg: 4.2, Max: 5, Diff: 1, Sum: 17]
      [Scan RS (ms): Min: 0.0, Avg: 0.0, Max: 0.1, Diff: 0.1, Sum: 0.2]
      [Code Root Scanning (ms): Min: 0.0, Avg: 0.0, Max: 0.0, Diff: 0.0, Sum: 0.0]
      [Object Copy (ms): Min: 41.6, Avg: 42.8, Max: 44.7, Diff: 3.1, Sum: 171.3]
      [Termination (ms): Min: 0.0, Avg: 1.7, Max: 2.3, Diff: 2.3, Sum: 6.8]
         [Termination Attempts: Min: 1, Avg: 1.0, Max: 1, Diff: 0, Sum: 4]
      [GC Worker Other (ms): Min: 0.0, Avg: 0.0, Max: 0.1, Diff: 0.0, Sum: 0.1]
      [GC Worker Total (ms): Min: 45.1, Avg: 45.2, Max: 45.2, Diff: 0.1, Sum: 180.6]
      [GC Worker End (ms): Min: 3353.3, Avg: 3353.3, Max: 3353.3, Diff: 0.0]
   [Code Root Fixup: 0.0 ms]
   [Code Root Purge: 0.0 ms]
   [Clear CT: 0.1 ms]
   [Other: 1.8 ms]
      [Choose CSet: 0.0 ms]
      [Ref Proc: 0.6 ms]
      [Ref Enq: 0.0 ms]
      [Redirty Cards: 0.0 ms]
      [Humongous Register: 0.5 ms]
      [Humongous Reclaim: 0.1 ms]
      [Free CSet: 0.2 ms]
   [Eden: 307.0M(617.0M)->0.0B(659.0M) Survivors: 25.0M->81.0M Heap: 1637.1M(3982.0M)->1642.1M(3982.0M)]
 [Times: user=0.17 sys=0.00, real=0.05 secs] 
2018-01-06T19:04:30.935+0300: 3.355: [GC concurrent-root-region-scan-start]
2018-01-06T19:04:30.936+0300: 3.355: [GC concurrent-root-region-scan-end, 0.0004801 secs]
2018-01-06T19:04:30.936+0300: 3.355: [GC concurrent-mark-start]
2018-01-06T19:04:30.941+0300: 3.361: [GC concurrent-mark-end, 0.0054738 secs]
2018-01-06T19:04:30.941+0300: 3.361: [GC remark 2018-01-06T19:04:30.941+0300: 3.361: [Finalize Marking, 0.0001587 secs] 2018-01-06T19:04:30.942+0300: 3.361: [GC ref-proc, 0.0000678 secs] 2018-01-06T19:04:30.942+0300: 3.361: [Unloading, 0.0011385 secs], 0.0041255 secs]
 [Times: user=0.02 sys=0.00, real=0.01 secs] 
2018-01-06T19:04:30.946+0300: 3.365: [GC cleanup 1674M->1674M(3982M), 0.0022873 secs]
 [Times: user=0.01 sys=0.00, real=0.00 secs] 
2018-01-06T19:04:31.599+0300: 4.018: [GC pause (G1 Evacuation Pause) (young) (to-space exhausted), 0.1807817 secs]
   [Parallel Time: 153.9 ms, GC Workers: 4]
      [GC Worker Start (ms): Min: 4019.1, Avg: 4019.2, Max: 4019.4, Diff: 0.2]
      [Ext Root Scanning (ms): Min: 0.0, Avg: 0.2, Max: 0.6, Diff: 0.6, Sum: 0.9]
      [Update RS (ms): Min: 0.0, Avg: 1.2, Max: 3.9, Diff: 3.9, Sum: 4.7]
         [Processed Buffers: Min: 0, Avg: 5.0, Max: 8, Diff: 8, Sum: 20]
      [Scan RS (ms): Min: 0.1, Avg: 0.2, Max: 0.3, Diff: 0.2, Sum: 0.7]
      [Code Root Scanning (ms): Min: 0.0, Avg: 0.0, Max: 0.0, Diff: 0.0, Sum: 0.0]
      [Object Copy (ms): Min: 142.7, Avg: 147.0, Max: 152.9, Diff: 10.2, Sum: 588.1]
      [Termination (ms): Min: 0.0, Avg: 5.1, Max: 6.8, Diff: 6.8, Sum: 20.3]
         [Termination Attempts: Min: 1, Avg: 1.0, Max: 1, Diff: 0, Sum: 4]
      [GC Worker Other (ms): Min: 0.0, Avg: 0.0, Max: 0.0, Diff: 0.0, Sum: 0.0]
      [GC Worker Total (ms): Min: 153.5, Avg: 153.7, Max: 153.8, Diff: 0.3, Sum: 614.7]
      [GC Worker End (ms): Min: 4172.9, Avg: 4172.9, Max: 4173.0, Diff: 0.1]
   [Code Root Fixup: 0.0 ms]
   [Code Root Purge: 0.0 ms]
   [Clear CT: 0.2 ms]
   [Other: 26.7 ms]
      [Evacuation Failure: 24.9 ms]
      [Choose CSet: 0.0 ms]
      [Ref Proc: 0.1 ms]
      [Ref Enq: 0.0 ms]
      [Redirty Cards: 0.2 ms]
      [Humongous Register: 0.9 ms]
      [Humongous Reclaim: 0.2 ms]
      [Free CSet: 0.3 ms]
   [Eden: 659.0M(659.0M)->0.0B(106.0M) Survivors: 81.0M->93.0M Heap: 2892.2M(3982.0M)->2881.1M(3982.0M)]
 [Times: user=0.34 sys=0.00, real=0.18 secs] 
2018-01-06T19:04:31.780+0300: 4.200: [GC pause (G1 Humongous Allocation) (young) (initial-mark), 0.0868440 secs]
   [Parallel Time: 84.9 ms, GC Workers: 4]
      [GC Worker Start (ms): Min: 4200.6, Avg: 4200.6, Max: 4200.6, Diff: 0.0]
      [Ext Root Scanning (ms): Min: 0.1, Avg: 0.2, Max: 0.2, Diff: 0.0, Sum: 0.6]
      [Update RS (ms): Min: 61.9, Avg: 62.0, Max: 62.3, Diff: 0.4, Sum: 248.1]
         [Processed Buffers: Min: 85, Avg: 93.2, Max: 98, Diff: 13, Sum: 373]
      [Scan RS (ms): Min: 0.0, Avg: 0.0, Max: 0.1, Diff: 0.1, Sum: 0.2]
      [Code Root Scanning (ms): Min: 0.0, Avg: 0.0, Max: 0.0, Diff: 0.0, Sum: 0.0]
      [Object Copy (ms): Min: 22.4, Avg: 22.6, Max: 22.6, Diff: 0.3, Sum: 90.3]
      [Termination (ms): Min: 0.0, Avg: 0.0, Max: 0.0, Diff: 0.0, Sum: 0.1]
         [Termination Attempts: Min: 1, Avg: 159.2, Max: 255, Diff: 254, Sum: 637]
      [GC Worker Other (ms): Min: 0.0, Avg: 0.0, Max: 0.0, Diff: 0.0, Sum: 0.0]
      [GC Worker Total (ms): Min: 84.8, Avg: 84.8, Max: 84.9, Diff: 0.0, Sum: 339.3]
      [GC Worker End (ms): Min: 4285.4, Avg: 4285.4, Max: 4285.4, Diff: 0.0]
   [Code Root Fixup: 0.0 ms]
   [Code Root Purge: 0.0 ms]
   [Clear CT: 0.4 ms]
   [Other: 1.6 ms]
      [Choose CSet: 0.0 ms]
      [Ref Proc: 0.1 ms]
      [Ref Enq: 0.0 ms]
      [Redirty Cards: 0.2 ms]
      [Humongous Register: 0.8 ms]
      [Humongous Reclaim: 0.2 ms]
      [Free CSet: 0.1 ms]
   [Eden: 2048.0K(106.0M)->0.0B(197.0M) Survivors: 93.0M->2048.0K Heap: 2882.7M(3982.0M)->2885.3M(3982.0M)]
 [Times: user=0.32 sys=0.01, real=0.09 secs] 
2018-01-06T19:04:31.867+0300: 4.287: [GC concurrent-root-region-scan-start]
2018-01-06T19:04:31.871+0300: 4.290: [GC concurrent-root-region-scan-end, 0.0037714 secs]
2018-01-06T19:04:31.871+0300: 4.290: [GC concurrent-mark-start]
2018-01-06T19:04:31.893+0300: 4.312: [GC concurrent-mark-end, 0.0218652 secs]
2018-01-06T19:04:31.893+0300: 4.312: [GC remark 2018-01-06T19:04:31.893+0300: 4.312: [Finalize Marking, 0.0061612 secs] 2018-01-06T19:04:31.899+0300: 4.319: [GC ref-proc, 0.0000636 secs] 2018-01-06T19:04:31.899+0300: 4.319: [Unloading, 0.0005944 secs], 0.0083209 secs]
 [Times: user=0.02 sys=0.00, real=0.01 secs] 
2018-01-06T19:04:31.901+0300: 4.321: [GC cleanup 2968M->673M(3982M), 0.0044885 secs]
 [Times: user=0.02 sys=0.00, real=0.01 secs] 
2018-01-06T19:04:31.906+0300: 4.325: [GC concurrent-cleanup-start]
2018-01-06T19:04:31.923+0300: 4.343: [GC concurrent-cleanup-end, 0.0170761 secs]
2018-01-06T19:04:31.981+0300: 4.400: [GC pause (G1 Evacuation Pause) (young), 0.0269621 secs]
   [Parallel Time: 25.8 ms, GC Workers: 4]
      [GC Worker Start (ms): Min: 4400.6, Avg: 4400.6, Max: 4400.7, Diff: 0.1]
      [Ext Root Scanning (ms): Min: 0.1, Avg: 0.2, Max: 0.2, Diff: 0.1, Sum: 0.6]
      [Update RS (ms): Min: 0.1, Avg: 0.2, Max: 0.6, Diff: 0.4, Sum: 1.0]
         [Processed Buffers: Min: 3, Avg: 3.2, Max: 4, Diff: 1, Sum: 13]
      [Scan RS (ms): Min: 0.0, Avg: 0.0, Max: 0.0, Diff: 0.0, Sum: 0.1]
      [Code Root Scanning (ms): Min: 0.0, Avg: 0.0, Max: 0.0, Diff: 0.0, Sum: 0.0]
      [Object Copy (ms): Min: 24.9, Avg: 25.1, Max: 25.2, Diff: 0.4, Sum: 100.5]
      [Termination (ms): Min: 0.0, Avg: 0.0, Max: 0.0, Diff: 0.0, Sum: 0.1]
         [Termination Attempts: Min: 1, Avg: 1.0, Max: 1, Diff: 0, Sum: 4]
      [GC Worker Other (ms): Min: 0.0, Avg: 0.0, Max: 0.0, Diff: 0.0, Sum: 0.1]
      [GC Worker Total (ms): Min: 25.6, Avg: 25.6, Max: 25.7, Diff: 0.1, Sum: 102.5]
      [GC Worker End (ms): Min: 4426.2, Avg: 4426.2, Max: 4426.3, Diff: 0.0]
   [Code Root Fixup: 0.0 ms]
   [Code Root Purge: 0.0 ms]
   [Clear CT: 0.1 ms]
   [Other: 1.1 ms]
      [Choose CSet: 0.0 ms]
      [Ref Proc: 0.1 ms]
      [Ref Enq: 0.0 ms]
      [Redirty Cards: 0.1 ms]
      [Humongous Register: 0.4 ms]
      [Humongous Reclaim: 0.1 ms]
      [Free CSet: 0.1 ms]
   [Eden: 197.0M(197.0M)->0.0B(782.0M) Survivors: 2048.0K->25.0M Heap: 1025.4M(3982.0M)->1028.2M(3982.0M)]
 [Times: user=0.10 sys=0.00, real=0.03 secs] 
2018-01-06T19:04:32.118+0300: 4.538: [GC pause (G1 Humongous Allocation) (young) (initial-mark), 0.0399321 secs]
   [Parallel Time: 38.6 ms, GC Workers: 4]
      [GC Worker Start (ms): Min: 4538.3, Avg: 4538.4, Max: 4538.4, Diff: 0.1]
      [Ext Root Scanning (ms): Min: 0.1, Avg: 0.2, Max: 0.2, Diff: 0.1, Sum: 0.7]
      [Update RS (ms): Min: 0.3, Avg: 0.5, Max: 1.1, Diff: 0.9, Sum: 2.0]
         [Processed Buffers: Min: 6, Avg: 6.5, Max: 7, Diff: 1, Sum: 26]
      [Scan RS (ms): Min: 0.0, Avg: 0.0, Max: 0.1, Diff: 0.0, Sum: 0.2]
      [Code Root Scanning (ms): Min: 0.0, Avg: 0.0, Max: 0.0, Diff: 0.0, Sum: 0.0]
      [Object Copy (ms): Min: 36.9, Avg: 37.5, Max: 37.7, Diff: 0.8, Sum: 150.2]
      [Termination (ms): Min: 0.0, Avg: 0.0, Max: 0.0, Diff: 0.0, Sum: 0.1]
         [Termination Attempts: Min: 1, Avg: 1.0, Max: 1, Diff: 0, Sum: 4]
      [GC Worker Other (ms): Min: 0.0, Avg: 0.0, Max: 0.1, Diff: 0.1, Sum: 0.2]
      [GC Worker Total (ms): Min: 38.3, Avg: 38.3, Max: 38.4, Diff: 0.1, Sum: 153.3]
      [GC Worker End (ms): Min: 4576.7, Avg: 4576.7, Max: 4576.8, Diff: 0.1]
   [Code Root Fixup: 0.0 ms]
   [Code Root Purge: 0.0 ms]
   [Clear CT: 0.1 ms]
   [Other: 1.3 ms]
      [Choose CSet: 0.0 ms]
      [Ref Proc: 0.0 ms]
      [Ref Enq: 0.0 ms]
      [Redirty Cards: 0.1 ms]
      [Humongous Register: 0.5 ms]
      [Humongous Reclaim: 0.1 ms]
      [Free CSet: 0.2 ms]
   [Eden: 277.0M(782.0M)->0.0B(778.0M) Survivors: 25.0M->101.0M Heap: 1617.4M(3982.0M)->1618.7M(3982.0M)]
 [Times: user=0.14 sys=0.01, real=0.04 secs] 
2018-01-06T19:04:32.158+0300: 4.578: [GC concurrent-root-region-scan-start]
2018-01-06T19:04:32.160+0300: 4.580: [GC concurrent-root-region-scan-end, 0.0020810 secs]
2018-01-06T19:04:32.160+0300: 4.580: [GC concurrent-mark-start]
2018-01-06T19:04:32.167+0300: 4.587: [GC concurrent-mark-end, 0.0071391 secs]
2018-01-06T19:04:32.168+0300: 4.587: [GC remark 2018-01-06T19:04:32.168+0300: 4.587: [Finalize Marking, 0.0000916 secs] 2018-01-06T19:04:32.168+0300: 4.587: [GC ref-proc, 0.0000652 secs] 2018-01-06T19:04:32.168+0300: 4.587: [Unloading, 0.0005312 secs], 0.0033782 secs]
 [Times: user=0.01 sys=0.00, real=0.00 secs] 
2018-01-06T19:04:32.171+0300: 4.591: [GC cleanup 1669M->1669M(3982M), 0.0022040 secs]
 [Times: user=0.01 sys=0.00, real=0.00 secs] 
2018-01-06T19:04:32.862+0300: 5.282: [GC pause (G1 Humongous Allocation) (young) (to-space exhausted), 0.1801606 secs]
   [Parallel Time: 146.2 ms, GC Workers: 4]
      [GC Worker Start (ms): Min: 5282.8, Avg: 5282.8, Max: 5282.9, Diff: 0.1]
      [Ext Root Scanning (ms): Min: 0.1, Avg: 0.2, Max: 0.2, Diff: 0.1, Sum: 0.6]
      [Update RS (ms): Min: 0.0, Avg: 0.6, Max: 1.3, Diff: 1.3, Sum: 2.2]
         [Processed Buffers: Min: 0, Avg: 5.5, Max: 8, Diff: 8, Sum: 22]
      [Scan RS (ms): Min: 0.0, Avg: 0.2, Max: 0.5, Diff: 0.5, Sum: 0.9]
      [Code Root Scanning (ms): Min: 0.0, Avg: 0.0, Max: 0.0, Diff: 0.0, Sum: 0.0]
      [Object Copy (ms): Min: 144.5, Avg: 145.1, Max: 145.8, Diff: 1.4, Sum: 580.4]
      [Termination (ms): Min: 0.0, Avg: 0.1, Max: 0.1, Diff: 0.1, Sum: 0.3]
         [Termination Attempts: Min: 1, Avg: 1.0, Max: 1, Diff: 0, Sum: 4]
      [GC Worker Other (ms): Min: 0.0, Avg: 0.0, Max: 0.0, Diff: 0.0, Sum: 0.1]
      [GC Worker Total (ms): Min: 146.1, Avg: 146.1, Max: 146.2, Diff: 0.1, Sum: 584.5]
      [GC Worker End (ms): Min: 5428.9, Avg: 5428.9, Max: 5429.0, Diff: 0.0]
   [Code Root Fixup: 0.0 ms]
   [Code Root Purge: 0.0 ms]
   [Clear CT: 0.2 ms]
   [Other: 33.7 ms]
      [Evacuation Failure: 32.2 ms]
      [Choose CSet: 0.0 ms]
      [Ref Proc: 0.1 ms]
      [Ref Enq: 0.0 ms]
      [Redirty Cards: 0.2 ms]
      [Humongous Register: 0.8 ms]
      [Humongous Reclaim: 0.1 ms]
      [Free CSet: 0.2 ms]
   [Eden: 735.0M(778.0M)->0.0B(199.0M) Survivors: 101.0M->0.0B Heap: 3090.6M(3982.0M)->3091.1M(3982.0M)]
 [Times: user=0.27 sys=0.00, real=0.18 secs] 
2018-01-06T19:04:33.043+0300: 5.462: [Full GC (Allocation Failure)  3091M->748M(2496M), 0.1500496 secs]
   [Eden: 0.0B(199.0M)->0.0B(723.0M) Survivors: 0.0B->0.0B Heap: 3091.1M(3982.0M)->748.7M(2496.0M)], [Metaspace: 3907K->3907K(1056768K)]
 [Times: user=0.10 sys=0.06, real=0.15 secs] 
2018-01-06T19:04:33.209+0300: 5.629: [GC pause (G1 Humongous Allocation) (young) (initial-mark), 0.0140641 secs]
   [Parallel Time: 4.9 ms, GC Workers: 4]
      [GC Worker Start (ms): Min: 5629.6, Avg: 5629.6, Max: 5629.6, Diff: 0.1]
      [Ext Root Scanning (ms): Min: 0.1, Avg: 0.2, Max: 0.2, Diff: 0.1, Sum: 0.7]
      [Update RS (ms): Min: 0.2, Avg: 0.4, Max: 0.8, Diff: 0.6, Sum: 1.5]
         [Processed Buffers: Min: 5, Avg: 5.2, Max: 6, Diff: 1, Sum: 21]
      [Scan RS (ms): Min: 0.0, Avg: 0.0, Max: 0.0, Diff: 0.0, Sum: 0.0]
      [Code Root Scanning (ms): Min: 0.0, Avg: 0.0, Max: 0.0, Diff: 0.0, Sum: 0.0]
      [Object Copy (ms): Min: 3.8, Avg: 4.2, Max: 4.4, Diff: 0.6, Sum: 16.8]
      [Termination (ms): Min: 0.0, Avg: 0.1, Max: 0.1, Diff: 0.1, Sum: 0.2]
         [Termination Attempts: Min: 1, Avg: 1.0, Max: 1, Diff: 0, Sum: 4]
      [GC Worker Other (ms): Min: 0.0, Avg: 0.0, Max: 0.0, Diff: 0.0, Sum: 0.0]
      [GC Worker Total (ms): Min: 4.8, Avg: 4.8, Max: 4.8, Diff: 0.1, Sum: 19.3]
      [GC Worker End (ms): Min: 5634.4, Avg: 5634.4, Max: 5634.4, Diff: 0.0]
   [Code Root Fixup: 0.0 ms]
   [Code Root Purge: 0.0 ms]
   [Clear CT: 0.2 ms]
   [Other: 8.9 ms]
      [Choose CSet: 0.0 ms]
      [Ref Proc: 6.8 ms]
      [Ref Enq: 0.0 ms]
      [Redirty Cards: 0.2 ms]
      [Humongous Register: 0.4 ms]
      [Humongous Reclaim: 0.1 ms]
      [Free CSet: 0.1 ms]
   [Eden: 35.0M(723.0M)->0.0B(786.0M) Survivors: 0.0B->35.0M Heap: 834.6M(2496.0M)->835.0M(2794.0M)]
 [Times: user=0.04 sys=0.00, real=0.02 secs] 
2018-01-06T19:04:33.224+0300: 5.643: [GC concurrent-root-region-scan-start]
2018-01-06T19:04:33.224+0300: 5.643: [GC concurrent-root-region-scan-end, 0.0001534 secs]
2018-01-06T19:04:33.224+0300: 5.643: [GC concurrent-mark-start]
2018-01-06T19:04:33.229+0300: 5.648: [GC concurrent-mark-end, 0.0049480 secs]
2018-01-06T19:04:33.229+0300: 5.648: [GC remark 2018-01-06T19:04:33.229+0300: 5.649: [Finalize Marking, 0.0001305 secs] 2018-01-06T19:04:33.229+0300: 5.649: [GC ref-proc, 0.0000801 secs] 2018-01-06T19:04:33.229+0300: 5.649: [Unloading, 0.0005664 secs], 0.0024528 secs]
 [Times: user=0.01 sys=0.00, real=0.00 secs] 
2018-01-06T19:04:33.234+0300: 5.654: [GC cleanup 856M->856M(2794M), 0.0016331 secs]
 [Times: user=0.01 sys=0.00, real=0.01 secs] 
2018-01-06T19:04:33.646+0300: 6.066: [GC pause (G1 Evacuation Pause) (young), 0.1374126 secs]
   [Parallel Time: 135.5 ms, GC Workers: 4]
      [GC Worker Start (ms): Min: 6066.5, Avg: 6066.6, Max: 6066.6, Diff: 0.1]
      [Ext Root Scanning (ms): Min: 0.1, Avg: 0.2, Max: 0.2, Diff: 0.1, Sum: 0.7]
      [Update RS (ms): Min: 0.2, Avg: 0.4, Max: 0.9, Diff: 0.7, Sum: 1.8]
         [Processed Buffers: Min: 5, Avg: 5.8, Max: 6, Diff: 1, Sum: 23]
      [Scan RS (ms): Min: 0.0, Avg: 0.1, Max: 0.2, Diff: 0.2, Sum: 0.4]
      [Code Root Scanning (ms): Min: 0.0, Avg: 0.0, Max: 0.0, Diff: 0.0, Sum: 0.0]
      [Object Copy (ms): Min: 134.4, Avg: 134.7, Max: 134.9, Diff: 0.5, Sum: 538.9]
      [Termination (ms): Min: 0.0, Avg: 0.0, Max: 0.0, Diff: 0.0, Sum: 0.0]
         [Termination Attempts: Min: 1, Avg: 1.2, Max: 2, Diff: 1, Sum: 5]
      [GC Worker Other (ms): Min: 0.0, Avg: 0.0, Max: 0.0, Diff: 0.0, Sum: 0.1]
      [GC Worker Total (ms): Min: 135.4, Avg: 135.5, Max: 135.5, Diff: 0.1, Sum: 541.8]
      [GC Worker End (ms): Min: 6202.0, Avg: 6202.0, Max: 6202.0, Diff: 0.0]
   [Code Root Fixup: 0.0 ms]
   [Code Root Purge: 0.0 ms]
   [Clear CT: 0.1 ms]
   [Other: 1.8 ms]
      [Choose CSet: 0.0 ms]
      [Ref Proc: 0.1 ms]
      [Ref Enq: 0.0 ms]
      [Redirty Cards: 0.0 ms]
      [Humongous Register: 0.6 ms]
      [Humongous Reclaim: 0.2 ms]
      [Free CSet: 0.3 ms]
   [Eden: 581.0M(786.0M)->0.0B(215.0M) Survivors: 35.0M->103.0M Heap: 2091.5M(2794.0M)->2070.0M(3508.0M)]
 [Times: user=0.18 sys=0.10, real=0.14 secs] 
2018-01-06T19:04:34.112+0300: 6.532: [GC pause (G1 Humongous Allocation) (young) (initial-mark), 0.0389814 secs]
   [Parallel Time: 36.7 ms, GC Workers: 4]
      [GC Worker Start (ms): Min: 6532.6, Avg: 6532.7, Max: 6532.7, Diff: 0.1]
      [Ext Root Scanning (ms): Min: 0.1, Avg: 0.2, Max: 0.2, Diff: 0.1, Sum: 0.7]
      [Update RS (ms): Min: 2.2, Avg: 2.5, Max: 3.1, Diff: 0.9, Sum: 10.1]
         [Processed Buffers: Min: 4, Avg: 4.8, Max: 6, Diff: 2, Sum: 19]
      [Scan RS (ms): Min: 0.9, Avg: 1.5, Max: 1.8, Diff: 1.0, Sum: 5.9]
      [Code Root Scanning (ms): Min: 0.0, Avg: 0.0, Max: 0.0, Diff: 0.0, Sum: 0.0]
      [Object Copy (ms): Min: 32.3, Avg: 32.4, Max: 32.4, Diff: 0.0, Sum: 129.4]
      [Termination (ms): Min: 0.0, Avg: 0.0, Max: 0.0, Diff: 0.0, Sum: 0.0]
         [Termination Attempts: Min: 1, Avg: 1.0, Max: 1, Diff: 0, Sum: 4]
      [GC Worker Other (ms): Min: 0.0, Avg: 0.0, Max: 0.0, Diff: 0.0, Sum: 0.1]
      [GC Worker Total (ms): Min: 36.5, Avg: 36.6, Max: 36.6, Diff: 0.1, Sum: 146.2]
      [GC Worker End (ms): Min: 6569.2, Avg: 6569.2, Max: 6569.2, Diff: 0.0]
   [Code Root Fixup: 0.0 ms]
   [Code Root Purge: 0.0 ms]
   [Clear CT: 0.1 ms]
   [Other: 2.2 ms]
      [Choose CSet: 0.0 ms]
      [Ref Proc: 0.1 ms]
      [Ref Enq: 0.0 ms]
      [Redirty Cards: 0.1 ms]
      [Humongous Register: 0.9 ms]
      [Humongous Reclaim: 0.2 ms]
      [Free CSet: 0.2 ms]
   [Eden: 118.0M(215.0M)->0.0B(252.0M) Survivors: 103.0M->40.0M Heap: 2187.2M(3508.0M)->2112.5M(3603.0M)]
 [Times: user=0.13 sys=0.01, real=0.04 secs] 
2018-01-06T19:04:34.151+0300: 6.571: [GC concurrent-root-region-scan-start]
2018-01-06T19:04:34.243+0300: 6.663: [GC concurrent-root-region-scan-end, 0.0918798 secs]
2018-01-06T19:04:34.243+0300: 6.663: [GC concurrent-mark-start]
2018-01-06T19:04:34.274+0300: 6.693: [GC pause (G1 Evacuation Pause) (young), 0.0682048 secs]
   [Parallel Time: 66.3 ms, GC Workers: 4]
      [GC Worker Start (ms): Min: 6694.2, Avg: 6694.3, Max: 6694.3, Diff: 0.1]
      [Ext Root Scanning (ms): Min: 0.1, Avg: 0.1, Max: 0.2, Diff: 0.1, Sum: 0.6]
      [Update RS (ms): Min: 0.4, Avg: 0.7, Max: 1.2, Diff: 0.8, Sum: 2.9]
         [Processed Buffers: Min: 8, Avg: 8.2, Max: 9, Diff: 1, Sum: 33]
      [Scan RS (ms): Min: 0.0, Avg: 0.1, Max: 0.2, Diff: 0.2, Sum: 0.4]
      [Code Root Scanning (ms): Min: 0.0, Avg: 0.0, Max: 0.0, Diff: 0.0, Sum: 0.0]
      [Object Copy (ms): Min: 64.9, Avg: 65.2, Max: 65.5, Diff: 0.6, Sum: 260.7]
      [Termination (ms): Min: 0.0, Avg: 0.1, Max: 0.2, Diff: 0.2, Sum: 0.4]
         [Termination Attempts: Min: 1, Avg: 1.0, Max: 1, Diff: 0, Sum: 4]
      [GC Worker Other (ms): Min: 0.0, Avg: 0.0, Max: 0.0, Diff: 0.0, Sum: 0.0]
      [GC Worker Total (ms): Min: 66.2, Avg: 66.2, Max: 66.3, Diff: 0.1, Sum: 265.0]
      [GC Worker End (ms): Min: 6760.5, Avg: 6760.5, Max: 6760.5, Diff: 0.0]
   [Code Root Fixup: 0.0 ms]
   [Code Root Purge: 0.0 ms]
   [Clear CT: 0.1 ms]
   [Other: 1.8 ms]
      [Choose CSet: 0.0 ms]
      [Ref Proc: 0.0 ms]
      [Ref Enq: 0.0 ms]
      [Redirty Cards: 0.1 ms]
      [Humongous Register: 1.1 ms]
      [Humongous Reclaim: 0.2 ms]
      [Free CSet: 0.2 ms]
   [Eden: 252.0M(252.0M)->0.0B(158.0M) Survivors: 40.0M->37.0M Heap: 2697.1M(3603.0M)->2705.5M(3907.0M)]
 [Times: user=0.11 sys=0.06, real=0.07 secs] 
2018-01-06T19:04:34.353+0300: 6.772: [GC concurrent-mark-end, 0.1095871 secs]
2018-01-06T19:04:34.353+0300: 6.772: [GC remark 2018-01-06T19:04:34.353+0300: 6.772: [Finalize Marking, 0.0001419 secs] 2018-01-06T19:04:34.353+0300: 6.772: [GC ref-proc, 0.0000648 secs] 2018-01-06T19:04:34.353+0300: 6.772: [Unloading, 0.0006263 secs], 0.0061898 secs]
 [Times: user=0.02 sys=0.00, real=0.01 secs] 
2018-01-06T19:04:34.359+0300: 6.779: [GC cleanup 2748M->2748M(3907M), 0.0025296 secs]
 [Times: user=0.01 sys=0.00, real=0.00 secs] 
2018-01-06T19:04:34.418+0300: 6.837: [GC pause (G1 Evacuation Pause) (young) (to-space exhausted), 0.0176312 secs]
   [Parallel Time: 15.2 ms, GC Workers: 4]
      [GC Worker Start (ms): Min: 6838.5, Avg: 6840.1, Max: 6841.7, Diff: 3.2]
      [Ext Root Scanning (ms): Min: 0.0, Avg: 0.1, Max: 0.2, Diff: 0.2, Sum: 0.5]
      [Update RS (ms): Min: 0.1, Avg: 2.2, Max: 4.9, Diff: 4.8, Sum: 8.8]
         [Processed Buffers: Min: 1, Avg: 33.2, Max: 66, Diff: 65, Sum: 133]
      [Scan RS (ms): Min: 0.0, Avg: 0.0, Max: 0.1, Diff: 0.1, Sum: 0.1]
      [Code Root Scanning (ms): Min: 0.0, Avg: 0.0, Max: 0.0, Diff: 0.0, Sum: 0.0]
      [Object Copy (ms): Min: 10.0, Avg: 10.8, Max: 11.4, Diff: 1.3, Sum: 43.2]
      [Termination (ms): Min: 0.0, Avg: 0.4, Max: 1.3, Diff: 1.3, Sum: 1.8]
         [Termination Attempts: Min: 1, Avg: 1.5, Max: 2, Diff: 1, Sum: 6]
      [GC Worker Other (ms): Min: 0.0, Avg: 0.0, Max: 0.0, Diff: 0.0, Sum: 0.0]
      [GC Worker Total (ms): Min: 12.0, Avg: 13.6, Max: 15.2, Diff: 3.2, Sum: 54.4]
      [GC Worker End (ms): Min: 6853.7, Avg: 6853.7, Max: 6853.7, Diff: 0.0]
   [Code Root Fixup: 0.0 ms]
   [Code Root Purge: 0.0 ms]
   [Clear CT: 0.0 ms]
   [Other: 2.3 ms]
      [Evacuation Failure: 0.5 ms]
      [Choose CSet: 0.0 ms]
      [Ref Proc: 0.1 ms]
      [Ref Enq: 0.0 ms]
      [Redirty Cards: 0.0 ms]
      [Humongous Register: 1.3 ms]
      [Humongous Reclaim: 0.3 ms]
      [Free CSet: 0.1 ms]
   [Eden: 105.0M(158.0M)->0.0B(174.0M) Survivors: 37.0M->25.0M Heap: 2943.5M(3908.0M)->2950.1M(3982.0M)]
 [Times: user=0.02 sys=0.03, real=0.02 secs] 
2018-01-06T19:04:34.436+0300: 6.855: [GC pause (G1 Humongous Allocation) (young) (initial-mark), 0.0065894 secs]
   [Parallel Time: 4.8 ms, GC Workers: 4]
      [GC Worker Start (ms): Min: 6856.3, Avg: 6856.3, Max: 6856.5, Diff: 0.2]
      [Ext Root Scanning (ms): Min: 0.0, Avg: 0.4, Max: 0.7, Diff: 0.7, Sum: 1.7]
      [Update RS (ms): Min: 0.0, Avg: 0.6, Max: 1.3, Diff: 1.3, Sum: 2.2]
         [Processed Buffers: Min: 2, Avg: 2.8, Max: 4, Diff: 2, Sum: 11]
      [Scan RS (ms): Min: 0.0, Avg: 0.0, Max: 0.0, Diff: 0.0, Sum: 0.0]
      [Code Root Scanning (ms): Min: 0.0, Avg: 0.0, Max: 0.0, Diff: 0.0, Sum: 0.0]
      [Object Copy (ms): Min: 0.0, Avg: 2.5, Max: 3.9, Diff: 3.9, Sum: 10.2]
      [Termination (ms): Min: 0.0, Avg: 1.1, Max: 3.2, Diff: 3.2, Sum: 4.6]
         [Termination Attempts: Min: 1, Avg: 1.5, Max: 2, Diff: 1, Sum: 6]
      [GC Worker Other (ms): Min: 0.0, Avg: 0.0, Max: 0.0, Diff: 0.0, Sum: 0.0]
      [GC Worker Total (ms): Min: 4.5, Avg: 4.7, Max: 4.7, Diff: 0.2, Sum: 18.7]
      [GC Worker End (ms): Min: 6861.0, Avg: 6861.0, Max: 6861.0, Diff: 0.0]
   [Code Root Fixup: 0.0 ms]
   [Code Root Purge: 0.0 ms]
   [Clear CT: 0.1 ms]
   [Other: 1.7 ms]
      [Choose CSet: 0.0 ms]
      [Ref Proc: 0.1 ms]
      [Ref Enq: 0.0 ms]
      [Redirty Cards: 0.0 ms]
      [Humongous Register: 1.1 ms]
      [Humongous Reclaim: 0.2 ms]
      [Free CSet: 0.1 ms]
   [Eden: 1024.0K(174.0M)->0.0B(198.0M) Survivors: 25.0M->1024.0K Heap: 2951.1M(3982.0M)->2950.2M(3982.0M)]
 [Times: user=0.01 sys=0.00, real=0.00 secs] 
2018-01-06T19:04:34.442+0300: 6.862: [GC concurrent-root-region-scan-start]
2018-01-06T19:04:34.442+0300: 6.862: [GC concurrent-root-region-scan-end, 0.0000614 secs]
2018-01-06T19:04:34.442+0300: 6.862: [GC concurrent-mark-start]
2018-01-06T19:04:34.451+0300: 6.871: [GC concurrent-mark-end, 0.0088254 secs]
2018-01-06T19:04:34.451+0300: 6.871: [GC remark 2018-01-06T19:04:34.451+0300: 6.871: [Finalize Marking, 0.0003836 secs] 2018-01-06T19:04:34.452+0300: 6.871: [GC ref-proc, 0.0000894 secs] 2018-01-06T19:04:34.452+0300: 6.871: [Unloading, 0.0011545 secs], 0.0050753 secs]
 [Times: user=0.02 sys=0.00, real=0.01 secs] 
2018-01-06T19:04:34.457+0300: 6.876: [GC cleanup 2982M->898M(3982M), 0.0039097 secs]
 [Times: user=0.01 sys=0.00, real=0.00 secs] 
2018-01-06T19:04:34.461+0300: 6.880: [GC concurrent-cleanup-start]
2018-01-06T19:04:34.473+0300: 6.893: [GC concurrent-cleanup-end, 0.0127856 secs]
2018-01-06T19:04:34.546+0300: 6.966: [GC pause (G1 Evacuation Pause) (young), 0.0264123 secs]
   [Parallel Time: 25.0 ms, GC Workers: 4]
      [GC Worker Start (ms): Min: 6966.5, Avg: 6966.6, Max: 6966.7, Diff: 0.1]
      [Ext Root Scanning (ms): Min: 0.1, Avg: 0.2, Max: 0.2, Diff: 0.1, Sum: 0.7]
      [Update RS (ms): Min: 0.3, Avg: 0.5, Max: 1.2, Diff: 0.9, Sum: 2.1]
         [Processed Buffers: Min: 6, Avg: 7.0, Max: 8, Diff: 2, Sum: 28]
      [Scan RS (ms): Min: 0.0, Avg: 0.0, Max: 0.0, Diff: 0.0, Sum: 0.1]
      [Code Root Scanning (ms): Min: 0.0, Avg: 0.0, Max: 0.0, Diff: 0.0, Sum: 0.0]
      [Object Copy (ms): Min: 23.5, Avg: 24.1, Max: 24.3, Diff: 0.8, Sum: 96.2]
      [Termination (ms): Min: 0.0, Avg: 0.1, Max: 0.1, Diff: 0.1, Sum: 0.2]
         [Termination Attempts: Min: 1, Avg: 1.0, Max: 1, Diff: 0, Sum: 4]
      [GC Worker Other (ms): Min: 0.0, Avg: 0.0, Max: 0.0, Diff: 0.0, Sum: 0.1]
      [GC Worker Total (ms): Min: 24.8, Avg: 24.9, Max: 24.9, Diff: 0.1, Sum: 99.4]
      [GC Worker End (ms): Min: 6991.5, Avg: 6991.5, Max: 6991.5, Diff: 0.0]
   [Code Root Fixup: 0.0 ms]
   [Code Root Purge: 0.0 ms]
   [Clear CT: 0.1 ms]
   [Other: 1.4 ms]
      [Choose CSet: 0.0 ms]
      [Ref Proc: 0.1 ms]
      [Ref Enq: 0.0 ms]
      [Redirty Cards: 0.0 ms]
      [Humongous Register: 0.5 ms]
      [Humongous Reclaim: 0.1 ms]
      [Free CSet: 0.2 ms]
   [Eden: 198.0M(198.0M)->0.0B(1019.0M) Survivors: 1024.0K->25.0M Heap: 1316.9M(3982.0M)->1320.1M(3982.0M)]
 [Times: user=0.09 sys=0.01, real=0.02 secs] 
2018-01-06T19:04:34.593+0300: 7.013: [GC pause (G1 Humongous Allocation) (young) (initial-mark), 0.0118448 secs]
   [Parallel Time: 10.2 ms, GC Workers: 4]
      [GC Worker Start (ms): Min: 7013.7, Avg: 7013.8, Max: 7013.8, Diff: 0.1]
      [Ext Root Scanning (ms): Min: 0.1, Avg: 0.2, Max: 0.2, Diff: 0.1, Sum: 0.7]
      [Update RS (ms): Min: 0.3, Avg: 0.7, Max: 1.8, Diff: 1.5, Sum: 3.0]
         [Processed Buffers: Min: 7, Avg: 7.5, Max: 8, Diff: 1, Sum: 30]
      [Scan RS (ms): Min: 0.0, Avg: 0.0, Max: 0.0, Diff: 0.0, Sum: 0.0]
      [Code Root Scanning (ms): Min: 0.0, Avg: 0.0, Max: 0.0, Diff: 0.0, Sum: 0.0]
      [Object Copy (ms): Min: 8.0, Avg: 9.1, Max: 9.5, Diff: 1.5, Sum: 36.4]
      [Termination (ms): Min: 0.0, Avg: 0.1, Max: 0.1, Diff: 0.1, Sum: 0.3]
         [Termination Attempts: Min: 1, Avg: 1.0, Max: 1, Diff: 0, Sum: 4]
      [GC Worker Other (ms): Min: 0.0, Avg: 0.0, Max: 0.0, Diff: 0.0, Sum: 0.0]
      [GC Worker Total (ms): Min: 10.1, Avg: 10.1, Max: 10.1, Diff: 0.1, Sum: 40.4]
      [GC Worker End (ms): Min: 7023.8, Avg: 7023.9, Max: 7023.9, Diff: 0.0]
   [Code Root Fixup: 0.0 ms]
   [Code Root Purge: 0.0 ms]
   [Clear CT: 0.3 ms]
   [Other: 1.4 ms]
      [Choose CSet: 0.0 ms]
      [Ref Proc: 0.1 ms]
      [Ref Enq: 0.0 ms]
      [Redirty Cards: 0.1 ms]
      [Humongous Register: 0.6 ms]
      [Humongous Reclaim: 0.1 ms]
      [Free CSet: 0.1 ms]
   [Eden: 52.0M(1019.0M)->0.0B(913.0M) Survivors: 25.0M->74.0M Heap: 1430.5M(3982.0M)->1427.2M(3982.0M)]
 [Times: user=0.04 sys=0.01, real=0.02 secs] 
2018-01-06T19:04:34.605+0300: 7.025: [GC concurrent-root-region-scan-start]
2018-01-06T19:04:34.606+0300: 7.025: [GC concurrent-root-region-scan-end, 0.0003994 secs]
2018-01-06T19:04:34.606+0300: 7.025: [GC concurrent-mark-start]
2018-01-06T19:04:34.611+0300: 7.031: [GC concurrent-mark-end, 0.0055571 secs]
2018-01-06T19:04:34.611+0300: 7.031: [GC remark 2018-01-06T19:04:34.611+0300: 7.031: [Finalize Marking, 0.0001345 secs] 2018-01-06T19:04:34.612+0300: 7.031: [GC ref-proc, 0.0000623 secs] 2018-01-06T19:04:34.612+0300: 7.031: [Unloading, 0.0005556 secs], 0.0081026 secs]
 [Times: user=0.01 sys=0.00, real=0.01 secs] 
2018-01-06T19:04:34.620+0300: 7.039: [GC cleanup 1460M->1460M(3982M), 0.0048756 secs]
 [Times: user=0.01 sys=0.00, real=0.01 secs] 
2018-01-06T19:04:35.358+0300: 7.777: [GC pause (G1 Humongous Allocation) (young) (to-space exhausted), 0.1846446 secs]
   [Parallel Time: 149.0 ms, GC Workers: 4]
      [GC Worker Start (ms): Min: 7778.0, Avg: 7778.3, Max: 7779.2, Diff: 1.2]
      [Ext Root Scanning (ms): Min: 0.0, Avg: 0.1, Max: 0.2, Diff: 0.2, Sum: 0.5]
      [Update RS (ms): Min: 0.0, Avg: 0.6, Max: 1.4, Diff: 1.4, Sum: 2.6]
         [Processed Buffers: Min: 0, Avg: 8.0, Max: 11, Diff: 11, Sum: 32]
      [Scan RS (ms): Min: 0.0, Avg: 0.2, Max: 0.5, Diff: 0.5, Sum: 0.8]
      [Code Root Scanning (ms): Min: 0.0, Avg: 0.0, Max: 0.0, Diff: 0.0, Sum: 0.0]
      [Object Copy (ms): Min: 147.1, Avg: 147.5, Max: 147.6, Diff: 0.5, Sum: 589.9]
      [Termination (ms): Min: 0.0, Avg: 0.1, Max: 0.2, Diff: 0.2, Sum: 0.4]
         [Termination Attempts: Min: 1, Avg: 1.0, Max: 1, Diff: 0, Sum: 4]
      [GC Worker Other (ms): Min: 0.0, Avg: 0.0, Max: 0.0, Diff: 0.0, Sum: 0.1]
      [GC Worker Total (ms): Min: 147.7, Avg: 148.6, Max: 148.9, Diff: 1.2, Sum: 594.3]
      [GC Worker End (ms): Min: 7926.8, Avg: 7926.9, Max: 7926.9, Diff: 0.0]
   [Code Root Fixup: 0.0 ms]
   [Code Root Purge: 0.0 ms]
   [Clear CT: 0.2 ms]
   [Other: 35.5 ms]
      [Evacuation Failure: 33.9 ms]
      [Choose CSet: 0.0 ms]
      [Ref Proc: 0.1 ms]
      [Ref Enq: 0.0 ms]
      [Redirty Cards: 0.2 ms]
      [Humongous Register: 0.7 ms]
      [Humongous Reclaim: 0.2 ms]
      [Free CSet: 0.2 ms]
   [Eden: 833.0M(913.0M)->0.0B(199.0M) Survivors: 74.0M->0.0B Heap: 3085.8M(3982.0M)->3086.5M(3982.0M)]
 [Times: user=0.27 sys=0.01, real=0.18 secs] 
2018-01-06T19:04:35.555+0300: 7.975: [Full GC (Allocation Failure)  3086M->718M(2397M), 0.1521004 secs]
   [Eden: 0.0B(199.0M)->0.0B(672.0M) Survivors: 0.0B->0.0B Heap: 3086.5M(3982.0M)->718.8M(2397.0M)], [Metaspace: 3907K->3907K(1056768K)]
 [Times: user=0.08 sys=0.06, real=0.16 secs] 
2018-01-06T19:04:35.725+0300: 8.145: [GC pause (G1 Humongous Allocation) (young) (initial-mark), 0.0184384 secs]
   [Parallel Time: 15.8 ms, GC Workers: 4]
      [GC Worker Start (ms): Min: 8145.4, Avg: 8145.5, Max: 8145.6, Diff: 0.2]
      [Ext Root Scanning (ms): Min: 0.0, Avg: 6.1, Max: 15.0, Diff: 15.0, Sum: 24.5]
      [Update RS (ms): Min: 0.0, Avg: 1.6, Max: 3.4, Diff: 3.4, Sum: 6.3]
         [Processed Buffers: Min: 0, Avg: 31.8, Max: 64, Diff: 64, Sum: 127]
      [Scan RS (ms): Min: 0.0, Avg: 0.0, Max: 0.0, Diff: 0.0, Sum: 0.0]
      [Code Root Scanning (ms): Min: 0.0, Avg: 0.0, Max: 0.0, Diff: 0.0, Sum: 0.0]
      [Object Copy (ms): Min: 0.0, Avg: 4.7, Max: 12.4, Diff: 12.4, Sum: 18.7]
      [Termination (ms): Min: 0.0, Avg: 3.2, Max: 6.1, Diff: 6.1, Sum: 12.8]
         [Termination Attempts: Min: 1, Avg: 1.0, Max: 1, Diff: 0, Sum: 4]
      [GC Worker Other (ms): Min: 0.0, Avg: 0.0, Max: 0.0, Diff: 0.0, Sum: 0.1]
      [GC Worker Total (ms): Min: 15.5, Avg: 15.6, Max: 15.7, Diff: 0.2, Sum: 62.4]
      [GC Worker End (ms): Min: 8161.1, Avg: 8161.1, Max: 8161.1, Diff: 0.0]
   [Code Root Fixup: 0.0 ms]
   [Code Root Purge: 0.0 ms]
   [Clear CT: 0.1 ms]
   [Other: 2.5 ms]
      [Choose CSet: 0.0 ms]
      [Ref Proc: 0.3 ms]
      [Ref Enq: 0.0 ms]
      [Redirty Cards: 0.1 ms]
      [Humongous Register: 0.4 ms]
      [Humongous Reclaim: 0.1 ms]
      [Free CSet: 0.1 ms]
   [Eden: 44.0M(672.0M)->0.0B(736.0M) Survivors: 0.0B->45.0M Heap: 811.2M(2397.0M)->812.0M(2714.0M)]
 [Times: user=0.03 sys=0.00, real=0.02 secs] 
2018-01-06T19:04:35.744+0300: 8.163: [GC concurrent-root-region-scan-start]
2018-01-06T19:04:35.744+0300: 8.164: [GC concurrent-root-region-scan-end, 0.0002348 secs]
2018-01-06T19:04:35.744+0300: 8.164: [GC concurrent-mark-start]
2018-01-06T19:04:35.749+0300: 8.168: [GC concurrent-mark-end, 0.0045593 secs]
2018-01-06T19:04:35.749+0300: 8.168: [GC remark 2018-01-06T19:04:35.749+0300: 8.168: [Finalize Marking, 0.0003187 secs] 2018-01-06T19:04:35.749+0300: 8.169: [GC ref-proc, 0.0000739 secs] 2018-01-06T19:04:35.749+0300: 8.169: [Unloading, 0.0009416 secs], 0.0044880 secs]
 [Times: user=0.00 sys=0.00, real=0.00 secs] 
2018-01-06T19:04:35.753+0300: 8.173: [GC cleanup 833M->833M(2714M), 0.0048282 secs]
 [Times: user=0.01 sys=0.00, real=0.01 secs] 
2018-01-06T19:04:36.010+0300: 8.429: [GC pause (G1 Evacuation Pause) (young), 0.0920131 secs]
   [Parallel Time: 90.2 ms, GC Workers: 4]
      [GC Worker Start (ms): Min: 8429.9, Avg: 8430.2, Max: 8431.1, Diff: 1.2]
      [Ext Root Scanning (ms): Min: 0.0, Avg: 0.1, Max: 0.2, Diff: 0.2, Sum: 0.5]
      [Update RS (ms): Min: 0.0, Avg: 0.5, Max: 0.9, Diff: 0.9, Sum: 2.0]
         [Processed Buffers: Min: 0, Avg: 9.2, Max: 13, Diff: 13, Sum: 37]
      [Scan RS (ms): Min: 0.0, Avg: 0.1, Max: 0.1, Diff: 0.1, Sum: 0.3]
      [Code Root Scanning (ms): Min: 0.0, Avg: 0.0, Max: 0.0, Diff: 0.0, Sum: 0.0]
      [Object Copy (ms): Min: 88.7, Avg: 89.0, Max: 89.2, Diff: 0.5, Sum: 355.9]
      [Termination (ms): Min: 0.0, Avg: 0.1, Max: 0.2, Diff: 0.2, Sum: 0.4]
         [Termination Attempts: Min: 1, Avg: 1.2, Max: 2, Diff: 1, Sum: 5]
      [GC Worker Other (ms): Min: 0.0, Avg: 0.0, Max: 0.0, Diff: 0.0, Sum: 0.1]
      [GC Worker Total (ms): Min: 89.0, Avg: 89.8, Max: 90.1, Diff: 1.1, Sum: 359.2]
      [GC Worker End (ms): Min: 8520.0, Avg: 8520.0, Max: 8520.1, Diff: 0.0]
   [Code Root Fixup: 0.0 ms]
   [Code Root Purge: 0.0 ms]
   [Clear CT: 0.2 ms]
   [Other: 1.7 ms]
      [Choose CSet: 0.0 ms]
      [Ref Proc: 0.0 ms]
      [Ref Enq: 0.0 ms]
      [Redirty Cards: 0.0 ms]
      [Humongous Register: 0.5 ms]
      [Humongous Reclaim: 0.1 ms]
      [Free CSet: 0.3 ms]
   [Eden: 544.0M(736.0M)->0.0B(207.0M) Survivors: 45.0M->98.0M Heap: 2029.0M(2717.0M)->2032.2M(3444.0M)]
 [Times: user=0.13 sys=0.13, real=0.09 secs] 
2018-01-06T19:04:36.102+0300: 8.522: [GC pause (G1 Humongous Allocation) (young) (initial-mark), 0.0143241 secs]
   [Parallel Time: 12.7 ms, GC Workers: 4]
      [GC Worker Start (ms): Min: 8522.2, Avg: 8522.3, Max: 8522.3, Diff: 0.0]
      [Ext Root Scanning (ms): Min: 0.2, Avg: 0.2, Max: 0.2, Diff: 0.0, Sum: 0.6]
      [Update RS (ms): Min: 0.2, Avg: 0.4, Max: 0.9, Diff: 0.7, Sum: 1.6]
         [Processed Buffers: Min: 1, Avg: 1.5, Max: 2, Diff: 1, Sum: 6]
      [Scan RS (ms): Min: 0.0, Avg: 0.0, Max: 0.0, Diff: 0.0, Sum: 0.0]
      [Code Root Scanning (ms): Min: 0.0, Avg: 0.0, Max: 0.0, Diff: 0.0, Sum: 0.0]
      [Object Copy (ms): Min: 11.5, Avg: 12.0, Max: 12.2, Diff: 0.7, Sum: 48.1]
      [Termination (ms): Min: 0.0, Avg: 0.1, Max: 0.1, Diff: 0.1, Sum: 0.3]
         [Termination Attempts: Min: 1, Avg: 2.0, Max: 3, Diff: 2, Sum: 8]
      [GC Worker Other (ms): Min: 0.0, Avg: 0.0, Max: 0.0, Diff: 0.0, Sum: 0.0]
      [GC Worker Total (ms): Min: 12.7, Avg: 12.7, Max: 12.7, Diff: 0.0, Sum: 50.7]
      [GC Worker End (ms): Min: 8534.9, Avg: 8534.9, Max: 8534.9, Diff: 0.0]
   [Code Root Fixup: 0.0 ms]
   [Code Root Purge: 0.0 ms]
   [Clear CT: 0.0 ms]
   [Other: 1.5 ms]
      [Choose CSet: 0.0 ms]
      [Ref Proc: 0.1 ms]
      [Ref Enq: 0.0 ms]
      [Redirty Cards: 0.0 ms]
      [Humongous Register: 0.5 ms]
      [Humongous Reclaim: 0.2 ms]
      [Free CSet: 0.1 ms]
   [Eden: 1024.0K(207.0M)->0.0B(278.0M) Survivors: 98.0M->1024.0K Heap: 2033.0M(3444.0M)->2029.8M(3552.0M)]
 [Times: user=0.05 sys=0.00, real=0.02 secs] 
2018-01-06T19:04:36.117+0300: 8.536: [GC concurrent-root-region-scan-start]
2018-01-06T19:04:36.119+0300: 8.539: [GC concurrent-root-region-scan-end, 0.0025804 secs]
2018-01-06T19:04:36.119+0300: 8.539: [GC concurrent-mark-start]
2018-01-06T19:04:36.129+0300: 8.548: [GC concurrent-mark-end, 0.0095189 secs]
2018-01-06T19:04:36.130+0300: 8.550: [GC remark 2018-01-06T19:04:36.130+0300: 8.550: [Finalize Marking, 0.0001529 secs] 2018-01-06T19:04:36.130+0300: 8.550: [GC ref-proc, 0.0000662 secs] 2018-01-06T19:04:36.131+0300: 8.550: [Unloading, 0.0005393 secs], 0.0043218 secs]
 [Times: user=0.01 sys=0.00, real=0.00 secs] 
2018-01-06T19:04:36.135+0300: 8.554: [GC cleanup 2050M->2050M(3552M), 0.0020522 secs]
 [Times: user=0.01 sys=0.00, real=0.01 secs] 
2018-01-06T19:04:36.650+0300: 9.069: [GC pause (G1 Evacuation Pause) (young), 0.0363813 secs]
   [Parallel Time: 34.2 ms, GC Workers: 4]
      [GC Worker Start (ms): Min: 9070.4, Avg: 9070.5, Max: 9070.5, Diff: 0.1]
      [Ext Root Scanning (ms): Min: 0.1, Avg: 0.2, Max: 0.2, Diff: 0.1, Sum: 0.7]
      [Update RS (ms): Min: 0.5, Avg: 1.2, Max: 2.8, Diff: 2.2, Sum: 4.9]
         [Processed Buffers: Min: 12, Avg: 12.0, Max: 12, Diff: 0, Sum: 48]
      [Scan RS (ms): Min: 0.0, Avg: 0.1, Max: 0.1, Diff: 0.1, Sum: 0.3]
      [Code Root Scanning (ms): Min: 0.0, Avg: 0.0, Max: 0.0, Diff: 0.0, Sum: 0.0]
      [Object Copy (ms): Min: 31.1, Avg: 32.6, Max: 33.2, Diff: 2.1, Sum: 130.3]
      [Termination (ms): Min: 0.0, Avg: 0.0, Max: 0.0, Diff: 0.0, Sum: 0.0]
         [Termination Attempts: Min: 1, Avg: 1.2, Max: 2, Diff: 1, Sum: 5]
      [GC Worker Other (ms): Min: 0.0, Avg: 0.0, Max: 0.0, Diff: 0.0, Sum: 0.1]
      [GC Worker Total (ms): Min: 34.0, Avg: 34.1, Max: 34.1, Diff: 0.1, Sum: 136.3]
      [GC Worker End (ms): Min: 9104.5, Avg: 9104.6, Max: 9104.6, Diff: 0.0]
   [Code Root Fixup: 0.0 ms]
   [Code Root Purge: 0.0 ms]
   [Clear CT: 0.1 ms]
   [Other: 2.1 ms]
      [Choose CSet: 0.0 ms]
      [Ref Proc: 0.1 ms]
      [Ref Enq: 0.0 ms]
      [Redirty Cards: 0.1 ms]
      [Humongous Register: 1.0 ms]
      [Humongous Reclaim: 0.2 ms]
      [Free CSet: 0.2 ms]
   [Eden: 278.0M(278.0M)->0.0B(146.0M) Survivors: 1024.0K->35.0M Heap: 2455.0M(3552.0M)->2354.3M(3638.0M)]
 [Times: user=0.14 sys=0.00, real=0.04 secs] 
2018-01-06T19:04:36.687+0300: 9.106: [GC pause (G1 Humongous Allocation) (young) (initial-mark), 0.0574155 secs]
   [Parallel Time: 55.2 ms, GC Workers: 4]
      [GC Worker Start (ms): Min: 9107.5, Avg: 9107.6, Max: 9107.6, Diff: 0.0]
      [Ext Root Scanning (ms): Min: 0.2, Avg: 0.2, Max: 0.2, Diff: 0.0, Sum: 0.7]
      [Update RS (ms): Min: 45.6, Avg: 45.8, Max: 45.9, Diff: 0.3, Sum: 183.0]
         [Processed Buffers: Min: 58, Avg: 72.5, Max: 80, Diff: 22, Sum: 290]
      [Scan RS (ms): Min: 0.0, Avg: 0.0, Max: 0.0, Diff: 0.0, Sum: 0.1]
      [Code Root Scanning (ms): Min: 0.0, Avg: 0.0, Max: 0.0, Diff: 0.0, Sum: 0.0]
      [Object Copy (ms): Min: 9.0, Avg: 9.2, Max: 9.2, Diff: 0.3, Sum: 36.6]
      [Termination (ms): Min: 0.0, Avg: 0.0, Max: 0.0, Diff: 0.0, Sum: 0.0]
         [Termination Attempts: Min: 1, Avg: 1.2, Max: 2, Diff: 1, Sum: 5]
      [GC Worker Other (ms): Min: 0.0, Avg: 0.0, Max: 0.0, Diff: 0.0, Sum: 0.0]
      [GC Worker Total (ms): Min: 55.1, Avg: 55.1, Max: 55.1, Diff: 0.0, Sum: 220.4]
      [GC Worker End (ms): Min: 9162.7, Avg: 9162.7, Max: 9162.7, Diff: 0.0]
   [Code Root Fixup: 0.0 ms]
   [Code Root Purge: 0.0 ms]
   [Clear CT: 0.1 ms]
   [Other: 2.1 ms]
      [Choose CSet: 0.0 ms]
      [Ref Proc: 0.2 ms]
      [Ref Enq: 0.0 ms]
      [Redirty Cards: 0.1 ms]
      [Humongous Register: 1.0 ms]
      [Humongous Reclaim: 0.2 ms]
      [Free CSet: 0.1 ms]
   [Eden: 2048.0K(146.0M)->0.0B(183.0M) Survivors: 35.0M->2048.0K Heap: 2356.1M(3638.0M)->2358.6M(3707.0M)]
 [Times: user=0.21 sys=0.00, real=0.06 secs] 
2018-01-06T19:04:36.744+0300: 9.164: [GC concurrent-root-region-scan-start]
2018-01-06T19:04:36.745+0300: 9.164: [GC concurrent-root-region-scan-end, 0.0000790 secs]
2018-01-06T19:04:36.745+0300: 9.164: [GC concurrent-mark-start]
2018-01-06T19:04:36.759+0300: 9.179: [GC concurrent-mark-end, 0.0145858 secs]
2018-01-06T19:04:36.759+0300: 9.179: [GC remark 2018-01-06T19:04:36.759+0300: 9.179: [Finalize Marking, 0.0001803 secs] 2018-01-06T19:04:36.760+0300: 9.179: [GC ref-proc, 0.0000868 secs] 2018-01-06T19:04:36.760+0300: 9.179: [Unloading, 0.0005951 secs], 0.0020749 secs]
 [Times: user=0.01 sys=0.00, real=0.00 secs] 
2018-01-06T19:04:36.762+0300: 9.181: [GC cleanup 2418M->333M(3707M), 0.0037901 secs]
 [Times: user=0.01 sys=0.00, real=0.01 secs] 
2018-01-06T19:04:36.765+0300: 9.185: [GC concurrent-cleanup-start]
2018-01-06T19:04:36.780+0300: 9.200: [GC concurrent-cleanup-end, 0.0145200 secs]
2018-01-06T19:04:36.870+0300: 9.290: [GC pause (G1 Evacuation Pause) (young), 0.0259815 secs]
   [Parallel Time: 24.2 ms, GC Workers: 4]
      [GC Worker Start (ms): Min: 9290.4, Avg: 9290.4, Max: 9290.4, Diff: 0.1]
      [Ext Root Scanning (ms): Min: 0.1, Avg: 0.1, Max: 0.2, Diff: 0.1, Sum: 0.6]
      [Update RS (ms): Min: 0.4, Avg: 0.4, Max: 0.6, Diff: 0.2, Sum: 1.7]
         [Processed Buffers: Min: 8, Avg: 8.2, Max: 9, Diff: 1, Sum: 33]
      [Scan RS (ms): Min: 0.0, Avg: 0.0, Max: 0.0, Diff: 0.0, Sum: 0.1]
      [Code Root Scanning (ms): Min: 0.0, Avg: 0.0, Max: 0.0, Diff: 0.0, Sum: 0.0]
      [Object Copy (ms): Min: 23.3, Avg: 23.4, Max: 23.5, Diff: 0.2, Sum: 93.7]
      [Termination (ms): Min: 0.0, Avg: 0.0, Max: 0.1, Diff: 0.1, Sum: 0.1]
         [Termination Attempts: Min: 1, Avg: 1.0, Max: 1, Diff: 0, Sum: 4]
      [GC Worker Other (ms): Min: 0.0, Avg: 0.0, Max: 0.0, Diff: 0.0, Sum: 0.1]
      [GC Worker Total (ms): Min: 24.0, Avg: 24.1, Max: 24.1, Diff: 0.1, Sum: 96.3]
      [GC Worker End (ms): Min: 9314.4, Avg: 9314.4, Max: 9314.5, Diff: 0.0]
   [Code Root Fixup: 0.0 ms]
   [Code Root Purge: 0.0 ms]
   [Clear CT: 0.2 ms]
   [Other: 1.6 ms]
      [Choose CSet: 0.0 ms]
      [Ref Proc: 0.2 ms]
      [Ref Enq: 0.0 ms]
      [Redirty Cards: 0.1 ms]
      [Humongous Register: 0.2 ms]
      [Humongous Reclaim: 0.1 ms]
      [Free CSet: 0.1 ms]
   [Eden: 183.0M(183.0M)->0.0B(1188.0M) Survivors: 2048.0K->24.0M Heap: 665.0M(3707.0M)->669.6M(3762.0M)]
 [Times: user=0.10 sys=0.00, real=0.03 secs] 
2018-01-06T19:04:37.087+0300: 9.506: [GC pause (G1 Humongous Allocation) (young) (initial-mark), 0.0642221 secs]
   [Parallel Time: 62.2 ms, GC Workers: 4]
      [GC Worker Start (ms): Min: 9506.8, Avg: 9506.8, Max: 9506.8, Diff: 0.1]
      [Ext Root Scanning (ms): Min: 0.1, Avg: 0.2, Max: 0.2, Diff: 0.1, Sum: 0.7]
      [Update RS (ms): Min: 0.4, Avg: 0.5, Max: 0.9, Diff: 0.5, Sum: 2.1]
         [Processed Buffers: Min: 9, Avg: 9.0, Max: 9, Diff: 0, Sum: 36]
      [Scan RS (ms): Min: 0.0, Avg: 0.1, Max: 0.1, Diff: 0.1, Sum: 0.3]
      [Code Root Scanning (ms): Min: 0.0, Avg: 0.0, Max: 0.0, Diff: 0.0, Sum: 0.0]
      [Object Copy (ms): Min: 60.9, Avg: 61.3, Max: 61.5, Diff: 0.5, Sum: 245.2]
      [Termination (ms): Min: 0.0, Avg: 0.1, Max: 0.1, Diff: 0.1, Sum: 0.3]
         [Termination Attempts: Min: 1, Avg: 1.0, Max: 1, Diff: 0, Sum: 4]
      [GC Worker Other (ms): Min: 0.0, Avg: 0.0, Max: 0.0, Diff: 0.0, Sum: 0.1]
      [GC Worker Total (ms): Min: 62.1, Avg: 62.1, Max: 62.2, Diff: 0.1, Sum: 248.6]
      [GC Worker End (ms): Min: 9568.9, Avg: 9568.9, Max: 9568.9, Diff: 0.0]
   [Code Root Fixup: 0.0 ms]
   [Code Root Purge: 0.0 ms]
   [Clear CT: 0.2 ms]
   [Other: 1.8 ms]
      [Choose CSet: 0.0 ms]
      [Ref Proc: 0.2 ms]
      [Ref Enq: 0.0 ms]
      [Redirty Cards: 0.2 ms]
      [Humongous Register: 0.4 ms]
      [Humongous Reclaim: 0.1 ms]
      [Free CSet: 0.3 ms]
   [Eden: 455.0M(1188.0M)->0.0B(669.0M) Survivors: 24.0M->152.0M Heap: 1667.8M(3762.0M)->1672.2M(3806.0M)]
 [Times: user=0.23 sys=0.00, real=0.06 secs] 
2018-01-06T19:04:37.151+0300: 9.570: [GC concurrent-root-region-scan-start]
2018-01-06T19:04:37.151+0300: 9.571: [GC concurrent-root-region-scan-end, 0.0005733 secs]
2018-01-06T19:04:37.152+0300: 9.571: [GC concurrent-mark-start]
2018-01-06T19:04:37.159+0300: 9.578: [GC concurrent-mark-end, 0.0071752 secs]
2018-01-06T19:04:37.159+0300: 9.578: [GC remark 2018-01-06T19:04:37.159+0300: 9.578: [Finalize Marking, 0.0001298 secs] 2018-01-06T19:04:37.159+0300: 9.579: [GC ref-proc, 0.0000988 secs] 2018-01-06T19:04:37.159+0300: 9.579: [Unloading, 0.0008140 secs], 0.0045303 secs]
 [Times: user=0.01 sys=0.00, real=0.01 secs] 
2018-01-06T19:04:37.164+0300: 9.583: [GC cleanup 1708M->1708M(3806M), 0.0045903 secs]
 [Times: user=0.01 sys=0.00, real=0.00 secs] 
2018-01-06T19:04:37.822+0300: 10.242: [GC pause (G1 Evacuation Pause) (young) (to-space exhausted), 0.1952298 secs]
   [Parallel Time: 158.6 ms, GC Workers: 4]
      [GC Worker Start (ms): Min: 10242.6, Avg: 10242.6, Max: 10242.7, Diff: 0.1]
      [Ext Root Scanning (ms): Min: 0.1, Avg: 0.1, Max: 0.2, Diff: 0.1, Sum: 0.6]
      [Update RS (ms): Min: 0.6, Avg: 0.9, Max: 1.7, Diff: 1.1, Sum: 3.8]
         [Processed Buffers: Min: 14, Avg: 14.0, Max: 14, Diff: 0, Sum: 56]
      [Scan RS (ms): Min: 0.0, Avg: 0.2, Max: 0.3, Diff: 0.3, Sum: 0.9]
      [Code Root Scanning (ms): Min: 0.0, Avg: 0.0, Max: 0.0, Diff: 0.0, Sum: 0.0]
      [Object Copy (ms): Min: 155.1, Avg: 156.1, Max: 157.4, Diff: 2.2, Sum: 624.5]
      [Termination (ms): Min: 0.0, Avg: 1.0, Max: 1.4, Diff: 1.4, Sum: 4.2]
         [Termination Attempts: Min: 1, Avg: 1.0, Max: 1, Diff: 0, Sum: 4]
      [GC Worker Other (ms): Min: 0.0, Avg: 0.0, Max: 0.0, Diff: 0.0, Sum: 0.1]
      [GC Worker Total (ms): Min: 158.5, Avg: 158.5, Max: 158.6, Diff: 0.1, Sum: 634.0]
      [GC Worker End (ms): Min: 10401.1, Avg: 10401.1, Max: 10401.1, Diff: 0.0]
   [Code Root Fixup: 0.0 ms]
   [Code Root Purge: 0.0 ms]
   [Clear CT: 0.2 ms]
   [Other: 36.4 ms]
      [Evacuation Failure: 34.7 ms]
      [Choose CSet: 0.0 ms]
      [Ref Proc: 0.1 ms]
      [Ref Enq: 0.0 ms]
      [Redirty Cards: 0.2 ms]
      [Humongous Register: 0.8 ms]
      [Humongous Reclaim: 0.2 ms]
      [Free CSet: 0.3 ms]
   [Eden: 659.0M(669.0M)->0.0B(177.0M) Survivors: 152.0M->22.0M Heap: 2951.9M(3806.0M)->2953.5M(3982.0M)]
 [Times: user=0.30 sys=0.04, real=0.20 secs] 
2018-01-06T19:04:38.018+0300: 10.438: [GC pause (G1 Humongous Allocation) (young) (initial-mark), 0.0746168 secs]
   [Parallel Time: 72.1 ms, GC Workers: 4]
      [GC Worker Start (ms): Min: 10438.9, Avg: 10438.9, Max: 10438.9, Diff: 0.0]
      [Ext Root Scanning (ms): Min: 0.3, Avg: 0.3, Max: 0.3, Diff: 0.0, Sum: 1.3]
      [Update RS (ms): Min: 60.5, Avg: 60.6, Max: 60.7, Diff: 0.3, Sum: 242.4]
         [Processed Buffers: Min: 87, Avg: 94.2, Max: 99, Diff: 12, Sum: 377]
      [Scan RS (ms): Min: 0.0, Avg: 0.0, Max: 0.1, Diff: 0.1, Sum: 0.1]
      [Code Root Scanning (ms): Min: 0.0, Avg: 0.0, Max: 0.0, Diff: 0.0, Sum: 0.0]
      [Object Copy (ms): Min: 10.7, Avg: 10.8, Max: 10.9, Diff: 0.2, Sum: 43.3]
      [Termination (ms): Min: 0.0, Avg: 0.1, Max: 0.1, Diff: 0.1, Sum: 0.3]
         [Termination Attempts: Min: 1, Avg: 83.8, Max: 139, Diff: 138, Sum: 335]
      [GC Worker Other (ms): Min: 0.0, Avg: 0.0, Max: 0.0, Diff: 0.0, Sum: 0.0]
      [GC Worker Total (ms): Min: 71.8, Avg: 71.8, Max: 71.9, Diff: 0.1, Sum: 287.4]
      [GC Worker End (ms): Min: 10510.7, Avg: 10510.8, Max: 10510.8, Diff: 0.1]
   [Code Root Fixup: 0.0 ms]
   [Code Root Purge: 0.0 ms]
   [Clear CT: 0.1 ms]
   [Other: 2.3 ms]
      [Choose CSet: 0.0 ms]
      [Ref Proc: 0.1 ms]
      [Ref Enq: 0.0 ms]
      [Redirty Cards: 0.9 ms]
      [Humongous Register: 0.8 ms]
      [Humongous Reclaim: 0.2 ms]
      [Free CSet: 0.1 ms]
   [Eden: 1024.0K(177.0M)->0.0B(198.0M) Survivors: 22.0M->1024.0K Heap: 2954.4M(3982.0M)->2955.0M(3982.0M)]
 [Times: user=0.28 sys=0.00, real=0.07 secs] 
2018-01-06T19:04:38.093+0300: 10.513: [GC concurrent-root-region-scan-start]
2018-01-06T19:04:38.093+0300: 10.513: [GC concurrent-root-region-scan-end, 0.0000627 secs]
2018-01-06T19:04:38.093+0300: 10.513: [GC concurrent-mark-start]
2018-01-06T19:04:38.104+0300: 10.523: [GC concurrent-mark-end, 0.0106273 secs]
2018-01-06T19:04:38.104+0300: 10.523: [GC remark 2018-01-06T19:04:38.104+0300: 10.524: [Finalize Marking, 0.0006624 secs] 2018-01-06T19:04:38.105+0300: 10.524: [GC ref-proc, 0.0000658 secs] 2018-01-06T19:04:38.105+0300: 10.524: [Unloading, 0.0005189 secs], 0.0028617 secs]
 [Times: user=0.01 sys=0.00, real=0.00 secs] 
2018-01-06T19:04:38.107+0300: 10.527: [GC cleanup 3004M->720M(3982M), 0.0036470 secs]
 [Times: user=0.01 sys=0.00, real=0.00 secs] 
2018-01-06T19:04:38.111+0300: 10.530: [GC concurrent-cleanup-start]
2018-01-06T19:04:38.127+0300: 10.547: [GC concurrent-cleanup-end, 0.0165108 secs]
2018-01-06T19:04:38.253+0300: 10.673: [GC pause (G1 Evacuation Pause) (young), 0.0296881 secs]
   [Parallel Time: 28.4 ms, GC Workers: 4]
      [GC Worker Start (ms): Min: 10673.2, Avg: 10673.2, Max: 10673.2, Diff: 0.1]
      [Ext Root Scanning (ms): Min: 0.1, Avg: 0.1, Max: 0.2, Diff: 0.1, Sum: 0.6]
      [Update RS (ms): Min: 3.1, Avg: 3.3, Max: 3.7, Diff: 0.6, Sum: 13.2]
         [Processed Buffers: Min: 60, Avg: 67.8, Max: 77, Diff: 17, Sum: 271]
      [Scan RS (ms): Min: 0.0, Avg: 0.0, Max: 0.1, Diff: 0.0, Sum: 0.1]
      [Code Root Scanning (ms): Min: 0.0, Avg: 0.0, Max: 0.0, Diff: 0.0, Sum: 0.0]
      [Object Copy (ms): Min: 24.5, Avg: 24.8, Max: 25.0, Diff: 0.5, Sum: 99.1]
      [Termination (ms): Min: 0.0, Avg: 0.0, Max: 0.1, Diff: 0.1, Sum: 0.1]
         [Termination Attempts: Min: 1, Avg: 1.0, Max: 1, Diff: 0, Sum: 4]
      [GC Worker Other (ms): Min: 0.0, Avg: 0.0, Max: 0.0, Diff: 0.0, Sum: 0.1]
      [GC Worker Total (ms): Min: 28.3, Avg: 28.3, Max: 28.4, Diff: 0.1, Sum: 113.3]
      [GC Worker End (ms): Min: 10701.5, Avg: 10701.5, Max: 10701.5, Diff: 0.0]
   [Code Root Fixup: 0.0 ms]
   [Code Root Purge: 0.0 ms]
   [Clear CT: 0.1 ms]
   [Other: 1.2 ms]
      [Choose CSet: 0.0 ms]
      [Ref Proc: 0.1 ms]
      [Ref Enq: 0.0 ms]
      [Redirty Cards: 0.1 ms]
      [Humongous Register: 0.5 ms]
      [Humongous Reclaim: 0.1 ms]
      [Free CSet: 0.2 ms]
   [Eden: 198.0M(198.0M)->0.0B(816.0M) Survivors: 1024.0K->25.0M Heap: 1106.6M(3982.0M)->1107.9M(3982.0M)]
 [Times: user=0.11 sys=0.00, real=0.03 secs] 
2018-01-06T19:04:38.363+0300: 10.783: [GC pause (G1 Humongous Allocation) (young) (initial-mark), 0.0297654 secs]
   [Parallel Time: 28.1 ms, GC Workers: 4]
      [GC Worker Start (ms): Min: 10783.6, Avg: 10783.7, Max: 10783.7, Diff: 0.1]
      [Ext Root Scanning (ms): Min: 0.1, Avg: 0.2, Max: 0.2, Diff: 0.1, Sum: 0.7]
      [Update RS (ms): Min: 0.5, Avg: 0.8, Max: 1.5, Diff: 0.9, Sum: 3.0]
         [Processed Buffers: Min: 11, Avg: 11.8, Max: 12, Diff: 1, Sum: 47]
      [Scan RS (ms): Min: 0.0, Avg: 0.0, Max: 0.0, Diff: 0.0, Sum: 0.1]
      [Code Root Scanning (ms): Min: 0.0, Avg: 0.0, Max: 0.0, Diff: 0.0, Sum: 0.0]
      [Object Copy (ms): Min: 26.3, Avg: 27.0, Max: 27.2, Diff: 0.9, Sum: 107.9]
      [Termination (ms): Min: 0.0, Avg: 0.0, Max: 0.1, Diff: 0.1, Sum: 0.1]
         [Termination Attempts: Min: 1, Avg: 1.0, Max: 1, Diff: 0, Sum: 4]
      [GC Worker Other (ms): Min: 0.0, Avg: 0.0, Max: 0.0, Diff: 0.0, Sum: 0.1]
      [GC Worker Total (ms): Min: 28.0, Avg: 28.0, Max: 28.0, Diff: 0.1, Sum: 112.0]
      [GC Worker End (ms): Min: 10811.6, Avg: 10811.7, Max: 10811.7, Diff: 0.0]
   [Code Root Fixup: 0.0 ms]
   [Code Root Purge: 0.0 ms]
   [Clear CT: 0.1 ms]
   [Other: 1.5 ms]
      [Choose CSet: 0.0 ms]
      [Ref Proc: 0.1 ms]
      [Ref Enq: 0.0 ms]
      [Redirty Cards: 0.1 ms]
      [Humongous Register: 0.5 ms]
      [Humongous Reclaim: 0.1 ms]
      [Free CSet: 0.2 ms]
   [Eden: 194.0M(816.0M)->0.0B(823.0M) Survivors: 25.0M->106.0M Heap: 1539.8M(3982.0M)->1544.3M(3982.0M)]
 [Times: user=0.11 sys=0.00, real=0.02 secs] 
2018-01-06T19:04:38.393+0300: 10.813: [GC concurrent-root-region-scan-start]
2018-01-06T19:04:38.394+0300: 10.813: [GC concurrent-root-region-scan-end, 0.0004567 secs]
2018-01-06T19:04:38.394+0300: 10.813: [GC concurrent-mark-start]
2018-01-06T19:04:38.406+0300: 10.826: [GC concurrent-mark-end, 0.0123565 secs]
2018-01-06T19:04:38.406+0300: 10.826: [GC remark 2018-01-06T19:04:38.406+0300: 10.826: [Finalize Marking, 0.0002702 secs] 2018-01-06T19:04:38.407+0300: 10.826: [GC ref-proc, 0.0000796 secs] 2018-01-06T19:04:38.407+0300: 10.826: [Unloading, 0.0008610 secs], 0.0037582 secs]
 [Times: user=0.02 sys=0.00, real=0.00 secs] 
2018-01-06T19:04:38.410+0300: 10.830: [GC cleanup 1615M->1615M(3982M), 0.0024965 secs]
 [Times: user=0.01 sys=0.00, real=0.00 secs] 
2018-01-06T19:04:39.100+0300: 11.519: [GC pause (G1 Humongous Allocation) (young) (to-space exhausted), 0.1771648 secs]
   [Parallel Time: 145.0 ms, GC Workers: 4]
      [GC Worker Start (ms): Min: 11520.1, Avg: 11520.2, Max: 11520.2, Diff: 0.1]
      [Ext Root Scanning (ms): Min: 0.1, Avg: 0.1, Max: 0.2, Diff: 0.1, Sum: 0.6]
      [Update RS (ms): Min: 0.0, Avg: 0.9, Max: 1.8, Diff: 1.8, Sum: 3.4]
         [Processed Buffers: Min: 0, Avg: 12.5, Max: 18, Diff: 18, Sum: 50]
      [Scan RS (ms): Min: 0.0, Avg: 0.2, Max: 0.4, Diff: 0.4, Sum: 0.8]
      [Code Root Scanning (ms): Min: 0.0, Avg: 0.0, Max: 0.0, Diff: 0.0, Sum: 0.0]
      [Object Copy (ms): Min: 142.9, Avg: 143.6, Max: 144.7, Diff: 1.8, Sum: 574.5]
      [Termination (ms): Min: 0.0, Avg: 0.1, Max: 0.1, Diff: 0.1, Sum: 0.3]
         [Termination Attempts: Min: 1, Avg: 1.0, Max: 1, Diff: 0, Sum: 4]
      [GC Worker Other (ms): Min: 0.0, Avg: 0.0, Max: 0.0, Diff: 0.0, Sum: 0.1]
      [GC Worker Total (ms): Min: 144.9, Avg: 144.9, Max: 144.9, Diff: 0.1, Sum: 579.7]
      [GC Worker End (ms): Min: 11665.1, Avg: 11665.1, Max: 11665.1, Diff: 0.0]
   [Code Root Fixup: 0.0 ms]
   [Code Root Purge: 0.0 ms]
   [Clear CT: 0.2 ms]
   [Other: 32.0 ms]
      [Evacuation Failure: 30.5 ms]
      [Choose CSet: 0.0 ms]
      [Ref Proc: 0.0 ms]
      [Ref Enq: 0.0 ms]
      [Redirty Cards: 0.1 ms]
      [Humongous Register: 0.8 ms]
      [Humongous Reclaim: 0.1 ms]
      [Free CSet: 0.2 ms]
   [Eden: 780.0M(822.0M)->0.0B(199.0M) Survivors: 106.0M->0.0B Heap: 3085.0M(3982.0M)->3085.1M(3982.0M)]
 [Times: user=0.27 sys=0.00, real=0.18 secs] 
2018-01-06T19:04:39.277+0300: 11.697: [Full GC (Allocation Failure)  3085M->751M(2505M), 0.1515749 secs]
   [Eden: 0.0B(199.0M)->0.0B(716.0M) Survivors: 0.0B->0.0B Heap: 3085.1M(3982.0M)->751.4M(2505.0M)], [Metaspace: 3907K->3907K(1056768K)]
 [Times: user=0.10 sys=0.04, real=0.15 secs] 
2018-01-06T19:04:39.445+0300: 11.864: [GC pause (G1 Humongous Allocation) (young) (initial-mark), 0.0091593 secs]
   [Parallel Time: 6.7 ms, GC Workers: 4]
      [GC Worker Start (ms): Min: 11864.6, Avg: 11864.7, Max: 11864.8, Diff: 0.2]
      [Ext Root Scanning (ms): Min: 0.0, Avg: 0.7, Max: 1.4, Diff: 1.4, Sum: 3.0]
      [Update RS (ms): Min: 0.1, Avg: 1.8, Max: 5.1, Diff: 5.0, Sum: 7.0]
         [Processed Buffers: Min: 3, Avg: 15.0, Max: 28, Diff: 25, Sum: 60]
      [Scan RS (ms): Min: 0.0, Avg: 0.0, Max: 0.0, Diff: 0.0, Sum: 0.0]
      [Code Root Scanning (ms): Min: 0.0, Avg: 0.0, Max: 0.0, Diff: 0.0, Sum: 0.0]
      [Object Copy (ms): Min: 1.1, Avg: 4.0, Max: 5.1, Diff: 4.0, Sum: 15.9]
      [Termination (ms): Min: 0.0, Avg: 0.1, Max: 0.2, Diff: 0.2, Sum: 0.3]
         [Termination Attempts: Min: 1, Avg: 1.0, Max: 1, Diff: 0, Sum: 4]
      [GC Worker Other (ms): Min: 0.0, Avg: 0.0, Max: 0.0, Diff: 0.0, Sum: 0.0]
      [GC Worker Total (ms): Min: 6.4, Avg: 6.6, Max: 6.6, Diff: 0.2, Sum: 26.2]
      [GC Worker End (ms): Min: 11871.2, Avg: 11871.2, Max: 11871.2, Diff: 0.0]
   [Code Root Fixup: 0.0 ms]
   [Code Root Purge: 0.0 ms]
   [Clear CT: 0.1 ms]
   [Other: 2.3 ms]
      [Choose CSet: 0.0 ms]
      [Ref Proc: 0.2 ms]
      [Ref Enq: 0.0 ms]
      [Redirty Cards: 0.1 ms]
      [Humongous Register: 0.4 ms]
      [Humongous Reclaim: 0.1 ms]
      [Free CSet: 0.1 ms]
   [Eden: 40.0M(716.0M)->0.0B(750.0M) Survivors: 0.0B->39.0M Heap: 836.0M(2505.0M)->835.1M(2801.0M)]
 [Times: user=0.02 sys=0.01, real=0.00 secs] 
2018-01-06T19:04:39.454+0300: 11.873: [GC concurrent-root-region-scan-start]
2018-01-06T19:04:39.454+0300: 11.873: [GC concurrent-root-region-scan-end, 0.0000763 secs]
2018-01-06T19:04:39.454+0300: 11.873: [GC concurrent-mark-start]
2018-01-06T19:04:39.459+0300: 11.878: [GC concurrent-mark-end, 0.0048962 secs]
2018-01-06T19:04:39.459+0300: 11.878: [GC remark 2018-01-06T19:04:39.459+0300: 11.879: [Finalize Marking, 0.0002395 secs] 2018-01-06T19:04:39.459+0300: 11.879: [GC ref-proc, 0.0000711 secs] 2018-01-06T19:04:39.459+0300: 11.879: [Unloading, 0.0008048 secs], 0.0042560 secs]
 [Times: user=0.01 sys=0.00, real=0.01 secs] 
2018-01-06T19:04:39.463+0300: 11.883: [GC cleanup 857M->857M(2801M), 0.0052281 secs]
 [Times: user=0.01 sys=0.00, real=0.00 secs] 
2018-01-06T19:04:39.787+0300: 12.207: [GC pause (G1 Evacuation Pause) (young), 0.1094041 secs]
   [Parallel Time: 107.6 ms, GC Workers: 4]
      [GC Worker Start (ms): Min: 12207.5, Avg: 12208.7, Max: 12209.5, Diff: 2.1]
      [Ext Root Scanning (ms): Min: 0.0, Avg: 0.1, Max: 0.3, Diff: 0.3, Sum: 0.3]
      [Update RS (ms): Min: 0.0, Avg: 0.6, Max: 1.4, Diff: 1.4, Sum: 2.4]
         [Processed Buffers: Min: 0, Avg: 11.5, Max: 32, Diff: 32, Sum: 46]
      [Scan RS (ms): Min: 0.0, Avg: 0.1, Max: 0.1, Diff: 0.1, Sum: 0.4]
      [Code Root Scanning (ms): Min: 0.0, Avg: 0.0, Max: 0.0, Diff: 0.0, Sum: 0.0]
      [Object Copy (ms): Min: 105.5, Avg: 105.6, Max: 105.7, Diff: 0.2, Sum: 422.4]
      [Termination (ms): Min: 0.0, Avg: 0.0, Max: 0.0, Diff: 0.0, Sum: 0.0]
         [Termination Attempts: Min: 1, Avg: 1.2, Max: 2, Diff: 1, Sum: 5]
      [GC Worker Other (ms): Min: 0.0, Avg: 0.0, Max: 0.0, Diff: 0.0, Sum: 0.1]
      [GC Worker Total (ms): Min: 105.5, Avg: 106.4, Max: 107.6, Diff: 2.0, Sum: 425.6]
      [GC Worker End (ms): Min: 12315.1, Avg: 12315.1, Max: 12315.1, Diff: 0.0]
   [Code Root Fixup: 0.0 ms]
   [Code Root Purge: 0.0 ms]
   [Clear CT: 0.1 ms]
   [Other: 1.7 ms]
      [Choose CSet: 0.0 ms]
      [Ref Proc: 0.0 ms]
      [Ref Enq: 0.0 ms]
      [Redirty Cards: 0.0 ms]
      [Humongous Register: 0.6 ms]
      [Humongous Reclaim: 0.1 ms]
      [Free CSet: 0.3 ms]
   [Eden: 582.0M(750.0M)->0.0B(211.0M) Survivors: 39.0M->99.0M Heap: 2086.0M(2801.0M)->2080.6M(3530.0M)]
 [Times: user=0.11 sys=0.17, real=0.11 secs] 
Heap
 garbage-first heap   total 3614720K, used 2270774K [0x00000006c7200000, 0x00000006c7306e50, 0x00000007c0000000)
  region size 1024K, 237 young (242688K), 99 survivors (101376K)
 Metaspace       used 3914K, capacity 4720K, committed 4864K, reserved 1056768K
  class space    used 442K, capacity 507K, committed 512K, reserved 1048576K
