Java HotSpot(TM) 64-Bit Server VM (25.60-b23) for linux-amd64 JRE (1.8.0_60-b27), built on Aug  4 2015 12:19:40 by "java_re" with gcc 4.3.0 20080428 (Red Hat 4.3.0-8)
Memory: 4k page, physical 16303120k(4169560k free), swap 3998716k(3965260k free)
CommandLine flags: -XX:G1MaxNewSizePercent=80 -XX:G1NewSizePercent=30 -XX:InitialHeapSize=260849920 -XX:MaxHeapSize=4173598720 -XX:+PrintGC -XX:+PrintGCDateStamps -XX:+PrintGCDetails -XX:+PrintGCTimeStamps -XX:SurvivorRatio=20 -XX:+UnlockExperimentalVMOptions -XX:+UseCompressedClassPointers -XX:+UseCompressedOops -XX:+UseG1GC 
2018-01-08T14:50:03.213+0300: 0.137: [GC pause (G1 Humongous Allocation) (young) (initial-mark), 0.0120384 secs]
   [Parallel Time: 11.5 ms, GC Workers: 4]
      [GC Worker Start (ms): Min: 137.2, Avg: 137.7, Max: 137.9, Diff: 0.8]
      [Ext Root Scanning (ms): Min: 0.1, Avg: 3.3, Max: 8.5, Diff: 8.4, Sum: 13.2]
      [Update RS (ms): Min: 0.0, Avg: 0.0, Max: 0.0, Diff: 0.0, Sum: 0.0]
         [Processed Buffers: Min: 0, Avg: 0.0, Max: 0, Diff: 0, Sum: 0]
      [Scan RS (ms): Min: 0.0, Avg: 0.0, Max: 0.0, Diff: 0.0, Sum: 0.0]
      [Code Root Scanning (ms): Min: 0.0, Avg: 0.0, Max: 0.1, Diff: 0.1, Sum: 0.1]
      [Object Copy (ms): Min: 1.9, Avg: 7.3, Max: 10.6, Diff: 8.8, Sum: 29.1]
      [Termination (ms): Min: 0.0, Avg: 0.2, Max: 0.4, Diff: 0.4, Sum: 1.0]
         [Termination Attempts: Min: 1, Avg: 1.0, Max: 1, Diff: 0, Sum: 4]
      [GC Worker Other (ms): Min: 0.0, Avg: 0.0, Max: 0.0, Diff: 0.0, Sum: 0.0]
      [GC Worker Total (ms): Min: 10.6, Avg: 10.8, Max: 11.4, Diff: 0.8, Sum: 43.4]
      [GC Worker End (ms): Min: 148.6, Avg: 148.6, Max: 148.6, Diff: 0.0]
   [Code Root Fixup: 0.0 ms]
   [Code Root Purge: 0.0 ms]
   [Clear CT: 0.1 ms]
   [Other: 0.5 ms]
      [Choose CSet: 0.0 ms]
      [Ref Proc: 0.2 ms]
      [Ref Enq: 0.0 ms]
      [Redirty Cards: 0.0 ms]
      [Humongous Register: 0.0 ms]
      [Humongous Reclaim: 0.0 ms]
      [Free CSet: 0.0 ms]
   [Eden: 65.0M(75.0M)->0.0B(71.0M) Survivors: 0.0B->4096.0K Heap: 134.6M(250.0M)->132.8M(250.0M)]
 [Times: user=0.03 sys=0.00, real=0.01 secs] 
2018-01-08T14:50:03.225+0300: 0.149: [GC concurrent-root-region-scan-start]
2018-01-08T14:50:03.226+0300: 0.150: [GC concurrent-root-region-scan-end, 0.0008449 secs]
2018-01-08T14:50:03.226+0300: 0.150: [GC concurrent-mark-start]
2018-01-08T14:50:03.226+0300: 0.151: [GC concurrent-mark-end, 0.0004767 secs]
2018-01-08T14:50:03.226+0300: 0.151: [GC remark 2018-01-08T14:50:03.226+0300: 0.151: [Finalize Marking, 0.0019547 secs] 2018-01-08T14:50:03.228+0300: 0.153: [GC ref-proc, 0.0000847 secs] 2018-01-08T14:50:03.229+0300: 0.153: [Unloading, 0.0012108 secs], 0.0038286 secs]
 [Times: user=0.01 sys=0.00, real=0.01 secs] 
2018-01-08T14:50:03.230+0300: 0.155: [GC cleanup 139M->139M(250M), 0.0003829 secs]
 [Times: user=0.00 sys=0.00, real=0.00 secs] 
2018-01-08T14:50:03.241+0300: 0.165: [GC pause (G1 Evacuation Pause) (young), 0.0137473 secs]
   [Parallel Time: 13.3 ms, GC Workers: 4]
      [GC Worker Start (ms): Min: 165.3, Avg: 168.4, Max: 169.6, Diff: 4.3]
      [Ext Root Scanning (ms): Min: 0.0, Avg: 0.1, Max: 0.5, Diff: 0.5, Sum: 0.5]
      [Update RS (ms): Min: 0.0, Avg: 0.0, Max: 0.1, Diff: 0.1, Sum: 0.1]
         [Processed Buffers: Min: 0, Avg: 1.2, Max: 5, Diff: 5, Sum: 5]
      [Scan RS (ms): Min: 0.0, Avg: 0.0, Max: 0.0, Diff: 0.0, Sum: 0.0]
      [Code Root Scanning (ms): Min: 0.0, Avg: 0.0, Max: 0.1, Diff: 0.1, Sum: 0.1]
      [Object Copy (ms): Min: 3.3, Avg: 5.8, Max: 12.6, Diff: 9.3, Sum: 23.2]
      [Termination (ms): Min: 0.0, Avg: 4.2, Max: 5.7, Diff: 5.7, Sum: 16.8]
         [Termination Attempts: Min: 1, Avg: 2.0, Max: 3, Diff: 2, Sum: 8]
      [GC Worker Other (ms): Min: 0.0, Avg: 0.0, Max: 0.0, Diff: 0.0, Sum: 0.0]
      [GC Worker Total (ms): Min: 9.0, Avg: 10.2, Max: 13.3, Diff: 4.3, Sum: 40.7]
      [GC Worker End (ms): Min: 178.6, Avg: 178.6, Max: 178.6, Diff: 0.0]
   [Code Root Fixup: 0.0 ms]
   [Code Root Purge: 0.0 ms]
   [Clear CT: 0.0 ms]
   [Other: 0.3 ms]
      [Choose CSet: 0.0 ms]
      [Ref Proc: 0.2 ms]
      [Ref Enq: 0.0 ms]
      [Redirty Cards: 0.0 ms]
      [Humongous Register: 0.0 ms]
      [Humongous Reclaim: 0.0 ms]
      [Free CSet: 0.0 ms]
   [Eden: 26.0M(71.0M)->0.0B(80.0M) Survivors: 4096.0K->4096.0K Heap: 190.5M(250.0M)->190.1M(280.0M)]
 [Times: user=0.02 sys=0.01, real=0.01 secs] 
2018-01-08T14:50:03.255+0300: 0.179: [GC pause (G1 Humongous Allocation) (young) (initial-mark), 0.0029215 secs]
   [Parallel Time: 1.1 ms, GC Workers: 4]
      [GC Worker Start (ms): Min: 179.3, Avg: 179.4, Max: 179.5, Diff: 0.2]
      [Ext Root Scanning (ms): Min: 0.0, Avg: 0.3, Max: 1.1, Diff: 1.0, Sum: 1.4]
      [Update RS (ms): Min: 0.0, Avg: 0.2, Max: 0.3, Diff: 0.3, Sum: 0.7]
         [Processed Buffers: Min: 0, Avg: 1.8, Max: 4, Diff: 4, Sum: 7]
      [Scan RS (ms): Min: 0.0, Avg: 0.0, Max: 0.0, Diff: 0.0, Sum: 0.0]
      [Code Root Scanning (ms): Min: 0.0, Avg: 0.0, Max: 0.0, Diff: 0.0, Sum: 0.0]
      [Object Copy (ms): Min: 0.0, Avg: 0.4, Max: 0.6, Diff: 0.6, Sum: 1.6]
      [Termination (ms): Min: 0.0, Avg: 0.0, Max: 0.1, Diff: 0.1, Sum: 0.2]
         [Termination Attempts: Min: 1, Avg: 1.0, Max: 1, Diff: 0, Sum: 4]
      [GC Worker Other (ms): Min: 0.0, Avg: 0.0, Max: 0.0, Diff: 0.0, Sum: 0.0]
      [GC Worker Total (ms): Min: 0.8, Avg: 1.0, Max: 1.1, Diff: 0.2, Sum: 3.9]
      [GC Worker End (ms): Min: 180.4, Avg: 180.4, Max: 180.4, Diff: 0.0]
   [Code Root Fixup: 0.0 ms]
   [Code Root Purge: 0.0 ms]
   [Clear CT: 0.0 ms]
   [Other: 1.8 ms]
      [Choose CSet: 0.0 ms]
      [Ref Proc: 0.1 ms]
      [Ref Enq: 0.0 ms]
      [Redirty Cards: 0.0 ms]
      [Humongous Register: 0.0 ms]
      [Humongous Reclaim: 0.0 ms]
      [Free CSet: 0.0 ms]
   [Eden: 1024.0K(80.0M)->0.0B(167.0M) Survivors: 4096.0K->1024.0K Heap: 190.9M(280.0M)->190.7M(560.0M)]
 [Times: user=0.00 sys=0.00, real=0.01 secs] 
2018-01-08T14:50:03.258+0300: 0.182: [GC concurrent-root-region-scan-start]
2018-01-08T14:50:03.258+0300: 0.182: [GC concurrent-root-region-scan-end, 0.0000218 secs]
2018-01-08T14:50:03.258+0300: 0.182: [GC concurrent-mark-start]
2018-01-08T14:50:03.260+0300: 0.185: [GC concurrent-mark-end, 0.0023942 secs]
2018-01-08T14:50:03.261+0300: 0.185: [GC remark 2018-01-08T14:50:03.261+0300: 0.185: [Finalize Marking, 0.0001821 secs] 2018-01-08T14:50:03.261+0300: 0.185: [GC ref-proc, 0.0001103 secs] 2018-01-08T14:50:03.261+0300: 0.185: [Unloading, 0.0006562 secs], 0.0014656 secs]
 [Times: user=0.00 sys=0.01, real=0.00 secs] 
2018-01-08T14:50:03.262+0300: 0.186: [GC cleanup 204M->204M(560M), 0.0006356 secs]
 [Times: user=0.00 sys=0.00, real=0.00 secs] 
2018-01-08T14:50:03.323+0300: 0.247: [GC pause (G1 Evacuation Pause) (young), 0.0305265 secs]
   [Parallel Time: 26.3 ms, GC Workers: 4]
      [GC Worker Start (ms): Min: 247.2, Avg: 247.5, Max: 247.7, Diff: 0.5]
      [Ext Root Scanning (ms): Min: 0.0, Avg: 0.1, Max: 0.2, Diff: 0.2, Sum: 0.5]
      [Update RS (ms): Min: 0.0, Avg: 0.0, Max: 0.2, Diff: 0.2, Sum: 0.2]
         [Processed Buffers: Min: 0, Avg: 1.2, Max: 4, Diff: 4, Sum: 5]
      [Scan RS (ms): Min: 0.0, Avg: 0.0, Max: 0.0, Diff: 0.0, Sum: 0.1]
      [Code Root Scanning (ms): Min: 0.0, Avg: 0.0, Max: 0.0, Diff: 0.0, Sum: 0.0]
      [Object Copy (ms): Min: 25.1, Avg: 25.5, Max: 26.0, Diff: 0.8, Sum: 102.0]
      [Termination (ms): Min: 0.0, Avg: 0.3, Max: 0.6, Diff: 0.6, Sum: 1.3]
         [Termination Attempts: Min: 1, Avg: 1.0, Max: 1, Diff: 0, Sum: 4]
      [GC Worker Other (ms): Min: 0.0, Avg: 0.0, Max: 0.0, Diff: 0.0, Sum: 0.0]
      [GC Worker Total (ms): Min: 25.7, Avg: 26.0, Max: 26.3, Diff: 0.5, Sum: 104.1]
      [GC Worker End (ms): Min: 273.5, Avg: 273.5, Max: 273.5, Diff: 0.0]
   [Code Root Fixup: 0.0 ms]
   [Code Root Purge: 0.0 ms]
   [Clear CT: 0.0 ms]
   [Other: 4.2 ms]
      [Choose CSet: 0.0 ms]
      [Ref Proc: 0.1 ms]
      [Ref Enq: 0.0 ms]
      [Redirty Cards: 0.0 ms]
      [Humongous Register: 0.1 ms]
      [Humongous Reclaim: 0.0 ms]
      [Free CSet: 0.1 ms]
   [Eden: 110.0M(167.0M)->0.0B(390.0M) Survivors: 1024.0K->9216.0K Heap: 430.6M(562.0M)->427.1M(1332.0M)]
 [Times: user=0.02 sys=0.04, real=0.03 secs] 
2018-01-08T14:50:03.367+0300: 0.291: [GC pause (G1 Humongous Allocation) (young) (initial-mark), 0.0092885 secs]
   [Parallel Time: 5.6 ms, GC Workers: 4]
      [GC Worker Start (ms): Min: 291.7, Avg: 291.7, Max: 291.9, Diff: 0.2]
      [Ext Root Scanning (ms): Min: 0.0, Avg: 0.7, Max: 1.4, Diff: 1.4, Sum: 3.0]
      [Update RS (ms): Min: 0.0, Avg: 0.1, Max: 0.2, Diff: 0.2, Sum: 0.3]
         [Processed Buffers: Min: 0, Avg: 1.5, Max: 3, Diff: 3, Sum: 6]
      [Scan RS (ms): Min: 0.0, Avg: 0.0, Max: 0.0, Diff: 0.0, Sum: 0.0]
      [Code Root Scanning (ms): Min: 0.0, Avg: 0.0, Max: 0.0, Diff: 0.0, Sum: 0.0]
      [Object Copy (ms): Min: 4.1, Avg: 4.6, Max: 5.0, Diff: 0.9, Sum: 18.2]
      [Termination (ms): Min: 0.0, Avg: 0.1, Max: 0.2, Diff: 0.2, Sum: 0.3]
         [Termination Attempts: Min: 1, Avg: 1.0, Max: 1, Diff: 0, Sum: 4]
      [GC Worker Other (ms): Min: 0.0, Avg: 0.0, Max: 0.0, Diff: 0.0, Sum: 0.0]
      [GC Worker Total (ms): Min: 5.3, Avg: 5.5, Max: 5.5, Diff: 0.2, Sum: 21.9]
      [GC Worker End (ms): Min: 297.2, Avg: 297.2, Max: 297.2, Diff: 0.0]
   [Code Root Fixup: 0.0 ms]
   [Code Root Purge: 0.0 ms]
   [Clear CT: 0.0 ms]
   [Other: 3.7 ms]
      [Choose CSet: 0.0 ms]
      [Ref Proc: 0.1 ms]
      [Ref Enq: 0.0 ms]
      [Redirty Cards: 0.1 ms]
      [Humongous Register: 0.1 ms]
      [Humongous Reclaim: 0.1 ms]
      [Free CSet: 0.0 ms]
   [Eden: 28.0M(390.0M)->0.0B(538.0M) Survivors: 9216.0K->20.0M Heap: 486.3M(1332.0M)->488.1M(1862.0M)]
 [Times: user=0.01 sys=0.00, real=0.01 secs] 
2018-01-08T14:50:03.377+0300: 0.301: [GC concurrent-root-region-scan-start]
2018-01-08T14:50:03.377+0300: 0.301: [GC concurrent-root-region-scan-end, 0.0004379 secs]
2018-01-08T14:50:03.377+0300: 0.301: [GC concurrent-mark-start]
2018-01-08T14:50:03.380+0300: 0.305: [GC concurrent-mark-end, 0.0034330 secs]
2018-01-08T14:50:03.381+0300: 0.305: [GC remark 2018-01-08T14:50:03.381+0300: 0.305: [Finalize Marking, 0.0002644 secs] 2018-01-08T14:50:03.381+0300: 0.305: [GC ref-proc, 0.0001312 secs] 2018-01-08T14:50:03.381+0300: 0.306: [Unloading, 0.0011453 secs], 0.0032242 secs]
 [Times: user=0.00 sys=0.00, real=0.00 secs] 
2018-01-08T14:50:03.384+0300: 0.308: [GC cleanup 505M->505M(1862M), 0.0033266 secs]
 [Times: user=0.01 sys=0.00, real=0.00 secs] 
2018-01-08T14:50:03.627+0300: 0.551: [GC pause (G1 Evacuation Pause) (young), 0.0801740 secs]
   [Parallel Time: 77.4 ms, GC Workers: 4]
      [GC Worker Start (ms): Min: 551.7, Avg: 554.2, Max: 555.1, Diff: 3.4]
      [Ext Root Scanning (ms): Min: 0.0, Avg: 0.1, Max: 0.3, Diff: 0.3, Sum: 0.3]
      [Update RS (ms): Min: 0.0, Avg: 0.1, Max: 0.3, Diff: 0.3, Sum: 0.3]
         [Processed Buffers: Min: 0, Avg: 1.5, Max: 6, Diff: 6, Sum: 6]
      [Scan RS (ms): Min: 0.0, Avg: 0.1, Max: 0.2, Diff: 0.1, Sum: 0.3]
      [Code Root Scanning (ms): Min: 0.0, Avg: 0.0, Max: 0.0, Diff: 0.0, Sum: 0.0]
      [Object Copy (ms): Min: 73.9, Avg: 74.6, Max: 76.5, Diff: 2.6, Sum: 298.2]
      [Termination (ms): Min: 0.0, Avg: 0.0, Max: 0.1, Diff: 0.1, Sum: 0.1]
         [Termination Attempts: Min: 1, Avg: 1.0, Max: 1, Diff: 0, Sum: 4]
      [GC Worker Other (ms): Min: 0.0, Avg: 0.0, Max: 0.0, Diff: 0.0, Sum: 0.1]
      [GC Worker Total (ms): Min: 74.0, Avg: 74.8, Max: 77.4, Diff: 3.4, Sum: 299.3]
      [GC Worker End (ms): Min: 629.1, Avg: 629.1, Max: 629.1, Diff: 0.0]
   [Code Root Fixup: 0.0 ms]
   [Code Root Purge: 0.0 ms]
   [Clear CT: 0.1 ms]
   [Other: 2.7 ms]
      [Choose CSet: 0.0 ms]
      [Ref Proc: 0.0 ms]
      [Ref Enq: 0.0 ms]
      [Redirty Cards: 0.0 ms]
      [Humongous Register: 0.4 ms]
      [Humongous Reclaim: 0.1 ms]
      [Free CSet: 0.2 ms]
   [Eden: 408.0M(538.0M)->0.0B(762.0M) Survivors: 20.0M->28.0M Heap: 1418.6M(1862.0M)->1425.6M(2634.0M)]
 [Times: user=0.11 sys=0.09, real=0.08 secs] 
2018-01-08T14:50:03.707+0300: 0.632: [GC pause (G1 Humongous Allocation) (young) (initial-mark), 0.0060292 secs]
   [Parallel Time: 3.6 ms, GC Workers: 4]
      [GC Worker Start (ms): Min: 632.1, Avg: 632.2, Max: 632.2, Diff: 0.0]
      [Ext Root Scanning (ms): Min: 0.1, Avg: 0.2, Max: 0.2, Diff: 0.0, Sum: 0.6]
      [Update RS (ms): Min: 0.2, Avg: 0.3, Max: 0.6, Diff: 0.4, Sum: 1.1]
         [Processed Buffers: Min: 1, Avg: 1.5, Max: 2, Diff: 1, Sum: 6]
      [Scan RS (ms): Min: 0.0, Avg: 0.0, Max: 0.0, Diff: 0.0, Sum: 0.0]
      [Code Root Scanning (ms): Min: 0.0, Avg: 0.0, Max: 0.0, Diff: 0.0, Sum: 0.0]
      [Object Copy (ms): Min: 2.7, Avg: 3.0, Max: 3.2, Diff: 0.5, Sum: 12.0]
      [Termination (ms): Min: 0.0, Avg: 0.1, Max: 0.1, Diff: 0.1, Sum: 0.3]
         [Termination Attempts: Min: 1, Avg: 1.5, Max: 2, Diff: 1, Sum: 6]
      [GC Worker Other (ms): Min: 0.0, Avg: 0.0, Max: 0.0, Diff: 0.0, Sum: 0.0]
      [GC Worker Total (ms): Min: 3.5, Avg: 3.5, Max: 3.5, Diff: 0.0, Sum: 14.1]
      [GC Worker End (ms): Min: 635.7, Avg: 635.7, Max: 635.7, Diff: 0.0]
   [Code Root Fixup: 0.0 ms]
   [Code Root Purge: 0.0 ms]
   [Clear CT: 0.1 ms]
   [Other: 2.4 ms]
      [Choose CSet: 0.0 ms]
      [Ref Proc: 0.1 ms]
      [Ref Enq: 0.0 ms]
      [Redirty Cards: 0.1 ms]
      [Humongous Register: 0.3 ms]
      [Humongous Reclaim: 0.1 ms]
      [Free CSet: 0.1 ms]
   [Eden: 1024.0K(762.0M)->0.0B(852.0M) Survivors: 28.0M->19.0M Heap: 1426.2M(2634.0M)->1427.5M(2904.0M)]
 [Times: user=0.01 sys=0.00, real=0.01 secs] 
2018-01-08T14:50:03.714+0300: 0.638: [GC concurrent-root-region-scan-start]
2018-01-08T14:50:03.714+0300: 0.638: [GC concurrent-root-region-scan-end, 0.0003193 secs]
2018-01-08T14:50:03.714+0300: 0.638: [GC concurrent-mark-start]
2018-01-08T14:50:03.720+0300: 0.645: [GC concurrent-mark-end, 0.0065732 secs]
2018-01-08T14:50:03.721+0300: 0.645: [GC remark 2018-01-08T14:50:03.721+0300: 0.645: [Finalize Marking, 0.0000835 secs] 2018-01-08T14:50:03.721+0300: 0.645: [GC ref-proc, 0.0001219 secs] 2018-01-08T14:50:03.721+0300: 0.645: [Unloading, 0.0004992 secs], 0.0032682 secs]
 [Times: user=0.02 sys=0.00, real=0.00 secs] 
2018-01-08T14:50:03.724+0300: 0.648: [GC cleanup 1456M->1456M(2904M), 0.0016263 secs]
 [Times: user=0.00 sys=0.00, real=0.00 secs] 
2018-01-08T14:50:04.287+0300: 1.211: [GC pause (G1 Evacuation Pause) (young), 0.0880225 secs]
   [Parallel Time: 85.8 ms, GC Workers: 4]
      [GC Worker Start (ms): Min: 1212.1, Avg: 1212.2, Max: 1212.2, Diff: 0.1]
      [Ext Root Scanning (ms): Min: 0.2, Avg: 0.8, Max: 2.2, Diff: 2.0, Sum: 3.0]
      [Update RS (ms): Min: 0.0, Avg: 0.4, Max: 1.4, Diff: 1.4, Sum: 1.5]
         [Processed Buffers: Min: 0, Avg: 1.8, Max: 4, Diff: 4, Sum: 7]
      [Scan RS (ms): Min: 0.0, Avg: 0.1, Max: 0.2, Diff: 0.2, Sum: 0.3]
      [Code Root Scanning (ms): Min: 0.0, Avg: 0.0, Max: 0.0, Diff: 0.0, Sum: 0.0]
      [Object Copy (ms): Min: 83.4, Avg: 84.4, Max: 85.4, Diff: 1.9, Sum: 337.7]
      [Termination (ms): Min: 0.0, Avg: 0.0, Max: 0.0, Diff: 0.0, Sum: 0.0]
         [Termination Attempts: Min: 1, Avg: 1.0, Max: 1, Diff: 0, Sum: 4]
      [GC Worker Other (ms): Min: 0.0, Avg: 0.0, Max: 0.1, Diff: 0.0, Sum: 0.2]
      [GC Worker Total (ms): Min: 85.6, Avg: 85.7, Max: 85.7, Diff: 0.1, Sum: 342.7]
      [GC Worker End (ms): Min: 1297.8, Avg: 1297.8, Max: 1297.8, Diff: 0.0]
   [Code Root Fixup: 0.0 ms]
   [Code Root Purge: 0.0 ms]
   [Clear CT: 0.1 ms]
   [Other: 2.1 ms]
      [Choose CSet: 0.0 ms]
      [Ref Proc: 0.0 ms]
      [Ref Enq: 0.0 ms]
      [Redirty Cards: 0.1 ms]
      [Humongous Register: 0.7 ms]
      [Humongous Reclaim: 0.2 ms]
      [Free CSet: 0.2 ms]
   [Eden: 450.0M(852.0M)->0.0B(983.0M) Survivors: 19.0M->44.0M Heap: 2247.2M(2904.0M)->2159.4M(3425.0M)]
 [Times: user=0.21 sys=0.08, real=0.09 secs] 
2018-01-08T14:50:04.479+0300: 1.403: [GC pause (G1 Humongous Allocation) (young) (initial-mark), 0.0189340 secs]
   [Parallel Time: 16.4 ms, GC Workers: 4]
      [GC Worker Start (ms): Min: 1404.4, Avg: 1404.4, Max: 1404.4, Diff: 0.1]
      [Ext Root Scanning (ms): Min: 0.1, Avg: 0.2, Max: 0.2, Diff: 0.1, Sum: 0.7]
      [Update RS (ms): Min: 0.7, Avg: 1.1, Max: 1.8, Diff: 1.1, Sum: 4.4]
         [Processed Buffers: Min: 2, Avg: 2.8, Max: 4, Diff: 2, Sum: 11]
      [Scan RS (ms): Min: 2.8, Avg: 3.6, Max: 4.0, Diff: 1.1, Sum: 14.3]
      [Code Root Scanning (ms): Min: 0.0, Avg: 0.0, Max: 0.0, Diff: 0.0, Sum: 0.0]
      [Object Copy (ms): Min: 11.5, Avg: 11.5, Max: 11.5, Diff: 0.0, Sum: 45.9]
      [Termination (ms): Min: 0.0, Avg: 0.0, Max: 0.0, Diff: 0.0, Sum: 0.0]
         [Termination Attempts: Min: 1, Avg: 1.0, Max: 1, Diff: 0, Sum: 4]
      [GC Worker Other (ms): Min: 0.0, Avg: 0.0, Max: 0.0, Diff: 0.0, Sum: 0.1]
      [GC Worker Total (ms): Min: 16.3, Avg: 16.3, Max: 16.4, Diff: 0.1, Sum: 65.3]
      [GC Worker End (ms): Min: 1420.7, Avg: 1420.7, Max: 1420.7, Diff: 0.0]
   [Code Root Fixup: 0.0 ms]
   [Code Root Purge: 0.0 ms]
   [Clear CT: 0.1 ms]
   [Other: 2.4 ms]
      [Choose CSet: 0.0 ms]
      [Ref Proc: 0.1 ms]
      [Ref Enq: 0.0 ms]
      [Redirty Cards: 0.1 ms]
      [Humongous Register: 0.9 ms]
      [Humongous Reclaim: 0.2 ms]
      [Free CSet: 0.2 ms]
   [Eden: 32.0M(983.0M)->0.0B(1023.0M) Survivors: 44.0M->38.0M Heap: 2191.4M(3425.0M)->2170.7M(3537.0M)]
 [Times: user=0.06 sys=0.01, real=0.02 secs] 
2018-01-08T14:50:04.498+0300: 1.422: [GC concurrent-root-region-scan-start]
2018-01-08T14:50:04.536+0300: 1.461: [GC concurrent-root-region-scan-end, 0.0381731 secs]
2018-01-08T14:50:04.536+0300: 1.461: [GC concurrent-mark-start]
2018-01-08T14:50:04.613+0300: 1.537: [GC pause (G1 Evacuation Pause) (young), 0.0454589 secs]
   [Parallel Time: 43.6 ms, GC Workers: 4]
      [GC Worker Start (ms): Min: 1538.1, Avg: 1538.8, Max: 1541.1, Diff: 3.0]
      [Ext Root Scanning (ms): Min: 0.0, Avg: 0.1, Max: 0.2, Diff: 0.2, Sum: 0.5]
      [Update RS (ms): Min: 0.0, Avg: 0.5, Max: 1.4, Diff: 1.4, Sum: 1.9]
         [Processed Buffers: Min: 0, Avg: 4.0, Max: 6, Diff: 6, Sum: 16]
      [Scan RS (ms): Min: 0.2, Avg: 1.7, Max: 2.6, Diff: 2.4, Sum: 6.8]
      [Code Root Scanning (ms): Min: 0.0, Avg: 0.0, Max: 0.0, Diff: 0.0, Sum: 0.0]
      [Object Copy (ms): Min: 40.3, Avg: 40.4, Max: 40.5, Diff: 0.2, Sum: 161.7]
      [Termination (ms): Min: 0.0, Avg: 0.0, Max: 0.1, Diff: 0.1, Sum: 0.2]
         [Termination Attempts: Min: 1, Avg: 1.0, Max: 1, Diff: 0, Sum: 4]
      [GC Worker Other (ms): Min: 0.0, Avg: 0.0, Max: 0.0, Diff: 0.0, Sum: 0.1]
      [GC Worker Total (ms): Min: 40.5, Avg: 42.8, Max: 43.6, Diff: 3.0, Sum: 171.2]
      [GC Worker End (ms): Min: 1581.6, Avg: 1581.6, Max: 1581.7, Diff: 0.0]
   [Code Root Fixup: 0.0 ms]
   [Code Root Purge: 0.0 ms]
   [Clear CT: 0.1 ms]
   [Other: 1.7 ms]
      [Choose CSet: 0.0 ms]
      [Ref Proc: 0.0 ms]
      [Ref Enq: 0.0 ms]
      [Redirty Cards: 0.0 ms]
      [Humongous Register: 0.9 ms]
      [Humongous Reclaim: 0.2 ms]
      [Free CSet: 0.2 ms]
   [Eden: 237.0M(1023.0M)->0.0B(1099.0M) Survivors: 38.0M->54.0M Heap: 2710.6M(3538.0M)->2710.8M(3846.0M)]
 [Times: user=0.10 sys=0.05, real=0.05 secs] 
2018-01-08T14:50:04.669+0300: 1.593: [GC concurrent-mark-end, 0.1327400 secs]
2018-01-08T14:50:04.669+0300: 1.594: [GC remark 2018-01-08T14:50:04.669+0300: 1.594: [Finalize Marking, 0.0002088 secs] 2018-01-08T14:50:04.670+0300: 1.594: [GC ref-proc, 0.0000760 secs] 2018-01-08T14:50:04.670+0300: 1.594: [Unloading, 0.0004546 secs], 0.0043063 secs]
 [Times: user=0.01 sys=0.00, real=0.00 secs] 
2018-01-08T14:50:04.674+0300: 1.598: [GC cleanup 2730M->2730M(3846M), 0.0027595 secs]
 [Times: user=0.01 sys=0.00, real=0.00 secs] 
2018-01-08T14:50:04.727+0300: 1.651: [GC pause (G1 Evacuation Pause) (young) (to-space exhausted), 0.0423292 secs]
   [Parallel Time: 39.2 ms, GC Workers: 4]
      [GC Worker Start (ms): Min: 1652.5, Avg: 1652.9, Max: 1653.8, Diff: 1.4]
      [Ext Root Scanning (ms): Min: 0.0, Avg: 0.1, Max: 0.2, Diff: 0.2, Sum: 0.5]
      [Update RS (ms): Min: 0.0, Avg: 0.7, Max: 1.7, Diff: 1.7, Sum: 2.8]
         [Processed Buffers: Min: 0, Avg: 5.5, Max: 9, Diff: 9, Sum: 22]
      [Scan RS (ms): Min: 0.0, Avg: 0.0, Max: 0.1, Diff: 0.1, Sum: 0.1]
      [Code Root Scanning (ms): Min: 0.0, Avg: 0.0, Max: 0.0, Diff: 0.0, Sum: 0.0]
      [Object Copy (ms): Min: 37.2, Avg: 37.8, Max: 38.4, Diff: 1.2, Sum: 151.3]
      [Termination (ms): Min: 0.0, Avg: 0.0, Max: 0.0, Diff: 0.0, Sum: 0.0]
         [Termination Attempts: Min: 1, Avg: 1.0, Max: 1, Diff: 0, Sum: 4]
      [GC Worker Other (ms): Min: 0.0, Avg: 0.0, Max: 0.0, Diff: 0.0, Sum: 0.1]
      [GC Worker Total (ms): Min: 37.8, Avg: 38.7, Max: 39.1, Diff: 1.3, Sum: 154.7]
      [GC Worker End (ms): Min: 1691.6, Avg: 1691.6, Max: 1691.6, Diff: 0.0]
   [Code Root Fixup: 0.0 ms]
   [Code Root Purge: 0.0 ms]
   [Clear CT: 0.0 ms]
   [Other: 3.1 ms]
      [Evacuation Failure: 1.4 ms]
      [Choose CSet: 0.0 ms]
      [Ref Proc: 0.0 ms]
      [Ref Enq: 0.0 ms]
      [Redirty Cards: 0.0 ms]
      [Humongous Register: 1.2 ms]
      [Humongous Reclaim: 0.2 ms]
      [Free CSet: 0.1 ms]
   [Eden: 105.0M(1099.0M)->0.0B(1136.0M) Survivors: 54.0M->58.0M Heap: 2945.8M(3846.0M)->2964.9M(3982.0M)]
 [Times: user=0.04 sys=0.02, real=0.05 secs] 
2018-01-08T14:50:04.770+0300: 1.694: [GC pause (G1 Humongous Allocation) (young) (initial-mark), 0.0216522 secs]
   [Parallel Time: 19.8 ms, GC Workers: 4]
      [GC Worker Start (ms): Min: 1694.9, Avg: 1695.0, Max: 1695.0, Diff: 0.0]
      [Ext Root Scanning (ms): Min: 0.1, Avg: 0.2, Max: 0.2, Diff: 0.0, Sum: 0.7]
      [Update RS (ms): Min: 12.5, Avg: 12.6, Max: 12.9, Diff: 0.5, Sum: 50.6]
         [Processed Buffers: Min: 19, Avg: 21.5, Max: 24, Diff: 5, Sum: 86]
      [Scan RS (ms): Min: 0.0, Avg: 0.0, Max: 0.0, Diff: 0.0, Sum: 0.0]
      [Code Root Scanning (ms): Min: 0.0, Avg: 0.0, Max: 0.0, Diff: 0.0, Sum: 0.0]
      [Object Copy (ms): Min: 6.7, Avg: 6.9, Max: 7.1, Diff: 0.4, Sum: 27.8]
      [Termination (ms): Min: 0.0, Avg: 0.0, Max: 0.1, Diff: 0.1, Sum: 0.2]
         [Termination Attempts: Min: 1, Avg: 1.0, Max: 1, Diff: 0, Sum: 4]
      [GC Worker Other (ms): Min: 0.0, Avg: 0.0, Max: 0.0, Diff: 0.0, Sum: 0.0]
      [GC Worker Total (ms): Min: 19.8, Avg: 19.8, Max: 19.8, Diff: 0.0, Sum: 79.2]
      [GC Worker End (ms): Min: 1714.8, Avg: 1714.8, Max: 1714.8, Diff: 0.0]
   [Code Root Fixup: 0.0 ms]
   [Code Root Purge: 0.0 ms]
   [Clear CT: 0.1 ms]
   [Other: 1.7 ms]
      [Choose CSet: 0.0 ms]
      [Ref Proc: 0.2 ms]
      [Ref Enq: 0.0 ms]
      [Redirty Cards: 0.0 ms]
      [Humongous Register: 1.0 ms]
      [Humongous Reclaim: 0.2 ms]
      [Free CSet: 0.1 ms]
   [Eden: 1024.0K(1136.0M)->0.0B(1193.0M) Survivors: 58.0M->1024.0K Heap: 2965.9M(3982.0M)->2964.7M(3982.0M)]
 [Times: user=0.08 sys=0.00, real=0.02 secs] 
2018-01-08T14:50:04.791+0300: 1.716: [GC concurrent-root-region-scan-start]
2018-01-08T14:50:04.791+0300: 1.716: [GC concurrent-root-region-scan-end, 0.0000733 secs]
2018-01-08T14:50:04.791+0300: 1.716: [GC concurrent-mark-start]
2018-01-08T14:50:04.802+0300: 1.727: [GC concurrent-mark-end, 0.0110699 secs]
2018-01-08T14:50:04.803+0300: 1.727: [GC remark 2018-01-08T14:50:04.803+0300: 1.727: [Finalize Marking, 0.0005312 secs] 2018-01-08T14:50:04.803+0300: 1.727: [GC ref-proc, 0.0000885 secs] 2018-01-08T14:50:04.803+0300: 1.728: [Unloading, 0.0005362 secs], 0.0032700 secs]
 [Times: user=0.01 sys=0.00, real=0.00 secs] 
2018-01-08T14:50:04.806+0300: 1.730: [GC cleanup 3023M->848M(3982M), 0.0032673 secs]
 [Times: user=0.01 sys=0.00, real=0.01 secs] 
2018-01-08T14:50:04.809+0300: 1.734: [GC concurrent-cleanup-start]
2018-01-08T14:50:04.818+0300: 1.742: [GC concurrent-cleanup-end, 0.0082347 secs]
2018-01-08T14:50:05.644+0300: 2.569: [GC pause (G1 Humongous Allocation) (young) (to-space exhausted), 0.1913202 secs]
   [Parallel Time: 148.9 ms, GC Workers: 4]
      [GC Worker Start (ms): Min: 2569.4, Avg: 2569.5, Max: 2569.5, Diff: 0.1]
      [Ext Root Scanning (ms): Min: 0.1, Avg: 0.1, Max: 0.2, Diff: 0.0, Sum: 0.6]
      [Update RS (ms): Min: 0.2, Avg: 0.4, Max: 1.0, Diff: 0.8, Sum: 1.6]
         [Processed Buffers: Min: 4, Avg: 4.8, Max: 5, Diff: 1, Sum: 19]
      [Scan RS (ms): Min: 0.0, Avg: 0.2, Max: 0.2, Diff: 0.2, Sum: 0.7]
      [Code Root Scanning (ms): Min: 0.0, Avg: 0.0, Max: 0.0, Diff: 0.0, Sum: 0.0]
      [Object Copy (ms): Min: 147.6, Avg: 148.0, Max: 148.2, Diff: 0.6, Sum: 591.9]
      [Termination (ms): Min: 0.0, Avg: 0.1, Max: 0.4, Diff: 0.4, Sum: 0.4]
         [Termination Attempts: Min: 1, Avg: 1.0, Max: 1, Diff: 0, Sum: 4]
      [GC Worker Other (ms): Min: 0.0, Avg: 0.0, Max: 0.1, Diff: 0.0, Sum: 0.2]
      [GC Worker Total (ms): Min: 148.8, Avg: 148.8, Max: 148.9, Diff: 0.1, Sum: 595.3]
      [GC Worker End (ms): Min: 2718.3, Avg: 2718.3, Max: 2718.3, Diff: 0.0]
   [Code Root Fixup: 0.0 ms]
   [Code Root Purge: 0.0 ms]
   [Clear CT: 0.2 ms]
   [Other: 42.2 ms]
      [Evacuation Failure: 40.6 ms]
      [Choose CSet: 0.0 ms]
      [Ref Proc: 0.1 ms]
      [Ref Enq: 0.0 ms]
      [Redirty Cards: 0.2 ms]
      [Humongous Register: 0.7 ms]
      [Humongous Reclaim: 0.1 ms]
      [Free CSet: 0.3 ms]
   [Eden: 1077.0M(1193.0M)->0.0B(1194.0M) Survivors: 1024.0K->0.0B Heap: 3066.9M(3982.0M)->3067.6M(3982.0M)]
 [Times: user=0.27 sys=0.01, real=0.19 secs] 
2018-01-08T14:50:05.836+0300: 2.760: [Full GC (Allocation Failure)  3067M->694M(2314M), 0.1461633 secs]
   [Eden: 0.0B(1194.0M)->0.0B(694.0M) Survivors: 0.0B->0.0B Heap: 3067.6M(3982.0M)->694.0M(2314.0M)], [Metaspace: 3885K->3885K(1056768K)]
 [Times: user=0.09 sys=0.06, real=0.15 secs] 
2018-01-08T14:50:05.995+0300: 2.920: [GC pause (G1 Humongous Allocation) (young) (initial-mark), 0.0086705 secs]
   [Parallel Time: 4.8 ms, GC Workers: 4]
      [GC Worker Start (ms): Min: 2920.0, Avg: 2920.1, Max: 2920.3, Diff: 0.2]
      [Ext Root Scanning (ms): Min: 0.2, Avg: 1.3, Max: 4.5, Diff: 4.3, Sum: 5.1]
      [Update RS (ms): Min: 0.0, Avg: 0.4, Max: 0.9, Diff: 0.9, Sum: 1.6]
         [Processed Buffers: Min: 0, Avg: 7.0, Max: 10, Diff: 10, Sum: 28]
      [Scan RS (ms): Min: 0.0, Avg: 0.0, Max: 0.0, Diff: 0.0, Sum: 0.0]
      [Code Root Scanning (ms): Min: 0.0, Avg: 0.0, Max: 0.0, Diff: 0.0, Sum: 0.0]
      [Object Copy (ms): Min: 0.0, Avg: 2.9, Max: 4.1, Diff: 4.1, Sum: 11.6]
      [Termination (ms): Min: 0.0, Avg: 0.0, Max: 0.1, Diff: 0.1, Sum: 0.2]
         [Termination Attempts: Min: 1, Avg: 1.0, Max: 1, Diff: 0, Sum: 4]
      [GC Worker Other (ms): Min: 0.0, Avg: 0.0, Max: 0.0, Diff: 0.0, Sum: 0.0]
      [GC Worker Total (ms): Min: 4.5, Avg: 4.6, Max: 4.7, Diff: 0.2, Sum: 18.5]
      [GC Worker End (ms): Min: 2924.8, Avg: 2924.8, Max: 2924.8, Diff: 0.0]
   [Code Root Fixup: 0.0 ms]
   [Code Root Purge: 0.0 ms]
   [Clear CT: 0.3 ms]
   [Other: 3.6 ms]
      [Choose CSet: 0.0 ms]
      [Ref Proc: 1.5 ms]
      [Ref Enq: 0.0 ms]
      [Redirty Cards: 0.0 ms]
      [Humongous Register: 0.3 ms]
      [Humongous Reclaim: 0.1 ms]
      [Free CSet: 0.1 ms]
   [Eden: 31.0M(694.0M)->0.0B(764.0M) Survivors: 0.0B->30.0M Heap: 763.7M(2314.0M)->762.2M(2648.0M)]
 [Times: user=0.02 sys=0.00, real=0.01 secs] 
2018-01-08T14:50:06.004+0300: 2.928: [GC concurrent-root-region-scan-start]
2018-01-08T14:50:06.004+0300: 2.929: [GC concurrent-root-region-scan-end, 0.0002280 secs]
2018-01-08T14:50:06.004+0300: 2.929: [GC concurrent-mark-start]
2018-01-08T14:50:06.009+0300: 2.933: [GC concurrent-mark-end, 0.0043244 secs]
2018-01-08T14:50:06.009+0300: 2.933: [GC remark 2018-01-08T14:50:06.009+0300: 2.933: [Finalize Marking, 0.0063247 secs] 2018-01-08T14:50:06.015+0300: 2.940: [GC ref-proc, 0.0001144 secs] 2018-01-08T14:50:06.015+0300: 2.940: [Unloading, 0.0013427 secs], 0.0103763 secs]
 [Times: user=0.02 sys=0.00, real=0.01 secs] 
2018-01-08T14:50:06.020+0300: 2.944: [GC cleanup 784M->784M(2648M), 0.0023027 secs]
 [Times: user=0.00 sys=0.00, real=0.00 secs] 
2018-01-08T14:50:06.310+0300: 3.234: [GC pause (G1 Evacuation Pause) (young), 0.0879225 secs]
   [Parallel Time: 85.8 ms, GC Workers: 4]
      [GC Worker Start (ms): Min: 3235.2, Avg: 3236.7, Max: 3237.2, Diff: 2.0]
      [Ext Root Scanning (ms): Min: 0.0, Avg: 0.1, Max: 0.3, Diff: 0.3, Sum: 0.3]
      [Update RS (ms): Min: 0.0, Avg: 0.2, Max: 0.8, Diff: 0.8, Sum: 0.8]
         [Processed Buffers: Min: 0, Avg: 4.0, Max: 16, Diff: 16, Sum: 16]
      [Scan RS (ms): Min: 0.0, Avg: 0.1, Max: 0.2, Diff: 0.2, Sum: 0.3]
      [Code Root Scanning (ms): Min: 0.0, Avg: 0.0, Max: 0.0, Diff: 0.0, Sum: 0.0]
      [Object Copy (ms): Min: 83.6, Avg: 83.8, Max: 84.3, Diff: 0.7, Sum: 335.2]
      [Termination (ms): Min: 0.0, Avg: 0.0, Max: 0.0, Diff: 0.0, Sum: 0.1]
         [Termination Attempts: Min: 1, Avg: 1.0, Max: 1, Diff: 0, Sum: 4]
      [GC Worker Other (ms): Min: 0.0, Avg: 0.0, Max: 0.0, Diff: 0.0, Sum: 0.1]
      [GC Worker Total (ms): Min: 83.7, Avg: 84.2, Max: 85.7, Diff: 2.0, Sum: 336.8]
      [GC Worker End (ms): Min: 3320.9, Avg: 3320.9, Max: 3320.9, Diff: 0.0]
   [Code Root Fixup: 0.0 ms]
   [Code Root Purge: 0.0 ms]
   [Clear CT: 0.1 ms]
   [Other: 2.0 ms]
      [Choose CSet: 0.0 ms]
      [Ref Proc: 0.0 ms]
      [Ref Enq: 0.0 ms]
      [Redirty Cards: 0.0 ms]
      [Humongous Register: 0.8 ms]
      [Humongous Reclaim: 0.1 ms]
      [Free CSet: 0.3 ms]
   [Eden: 541.0M(764.0M)->0.0B(971.0M) Survivors: 30.0M->40.0M Heap: 1967.7M(2648.0M)->1965.4M(3370.0M)]
 [Times: user=0.11 sys=0.13, real=0.09 secs] 
2018-01-08T14:50:06.398+0300: 3.322: [GC pause (G1 Humongous Allocation) (young) (initial-mark), 0.0071444 secs]
   [Parallel Time: 5.7 ms, GC Workers: 4]
      [GC Worker Start (ms): Min: 3323.1, Avg: 3323.1, Max: 3323.1, Diff: 0.0]
      [Ext Root Scanning (ms): Min: 0.1, Avg: 0.2, Max: 0.2, Diff: 0.1, Sum: 0.7]
      [Update RS (ms): Min: 0.2, Avg: 0.4, Max: 0.8, Diff: 0.7, Sum: 1.5]
         [Processed Buffers: Min: 1, Avg: 1.5, Max: 2, Diff: 1, Sum: 6]
      [Scan RS (ms): Min: 0.0, Avg: 0.0, Max: 0.0, Diff: 0.0, Sum: 0.0]
      [Code Root Scanning (ms): Min: 0.0, Avg: 0.0, Max: 0.0, Diff: 0.0, Sum: 0.0]
      [Object Copy (ms): Min: 4.6, Avg: 5.0, Max: 5.2, Diff: 0.6, Sum: 20.1]
      [Termination (ms): Min: 0.0, Avg: 0.0, Max: 0.1, Diff: 0.1, Sum: 0.1]
         [Termination Attempts: Min: 1, Avg: 1.5, Max: 2, Diff: 1, Sum: 6]
      [GC Worker Other (ms): Min: 0.0, Avg: 0.0, Max: 0.0, Diff: 0.0, Sum: 0.0]
      [GC Worker Total (ms): Min: 5.6, Avg: 5.6, Max: 5.6, Diff: 0.0, Sum: 22.5]
      [GC Worker End (ms): Min: 3328.7, Avg: 3328.7, Max: 3328.7, Diff: 0.0]
   [Code Root Fixup: 0.0 ms]
   [Code Root Purge: 0.0 ms]
   [Clear CT: 0.0 ms]
   [Other: 1.5 ms]
      [Choose CSet: 0.0 ms]
      [Ref Proc: 0.0 ms]
      [Ref Enq: 0.0 ms]
      [Redirty Cards: 0.0 ms]
      [Humongous Register: 0.5 ms]
      [Humongous Reclaim: 0.2 ms]
      [Free CSet: 0.1 ms]
   [Eden: 1024.0K(971.0M)->0.0B(1046.0M) Survivors: 40.0M->1024.0K Heap: 1966.2M(3370.0M)->1966.8M(3493.0M)]
 [Times: user=0.03 sys=0.00, real=0.00 secs] 
2018-01-08T14:50:06.405+0300: 3.330: [GC concurrent-root-region-scan-start]
2018-01-08T14:50:06.406+0300: 3.330: [GC concurrent-root-region-scan-end, 0.0000513 secs]
2018-01-08T14:50:06.406+0300: 3.330: [GC concurrent-mark-start]
2018-01-08T14:50:06.416+0300: 3.340: [GC concurrent-mark-end, 0.0106789 secs]
2018-01-08T14:50:06.416+0300: 3.341: [GC remark 2018-01-08T14:50:06.416+0300: 3.341: [Finalize Marking, 0.0000713 secs] 2018-01-08T14:50:06.416+0300: 3.341: [GC ref-proc, 0.0000748 secs] 2018-01-08T14:50:06.417+0300: 3.341: [Unloading, 0.0005146 secs], 0.0041213 secs]
 [Times: user=0.02 sys=0.00, real=0.01 secs] 
2018-01-08T14:50:06.421+0300: 3.345: [GC cleanup 2011M->2011M(3493M), 0.0023816 secs]
 [Times: user=0.00 sys=0.00, real=0.00 secs] 
2018-01-08T14:50:06.981+0300: 3.905: [GC pause (G1 Evacuation Pause) (young), 0.0948417 secs]
   [Parallel Time: 92.4 ms, GC Workers: 4]
      [GC Worker Start (ms): Min: 3906.3, Avg: 3906.3, Max: 3906.4, Diff: 0.1]
      [Ext Root Scanning (ms): Min: 0.1, Avg: 0.2, Max: 0.2, Diff: 0.1, Sum: 0.6]
      [Update RS (ms): Min: 0.3, Avg: 0.9, Max: 2.3, Diff: 1.9, Sum: 3.5]
         [Processed Buffers: Min: 7, Avg: 8.0, Max: 9, Diff: 2, Sum: 32]
      [Scan RS (ms): Min: 0.0, Avg: 0.1, Max: 0.2, Diff: 0.1, Sum: 0.4]
      [Code Root Scanning (ms): Min: 0.0, Avg: 0.0, Max: 0.0, Diff: 0.0, Sum: 0.0]
      [Object Copy (ms): Min: 89.7, Avg: 91.0, Max: 91.5, Diff: 1.9, Sum: 364.0]
      [Termination (ms): Min: 0.0, Avg: 0.1, Max: 0.1, Diff: 0.1, Sum: 0.2]
         [Termination Attempts: Min: 1, Avg: 2.0, Max: 3, Diff: 2, Sum: 8]
      [GC Worker Other (ms): Min: 0.0, Avg: 0.0, Max: 0.0, Diff: 0.0, Sum: 0.1]
      [GC Worker Total (ms): Min: 92.1, Avg: 92.2, Max: 92.2, Diff: 0.1, Sum: 368.8]
      [GC Worker End (ms): Min: 3998.5, Avg: 3998.5, Max: 3998.5, Diff: 0.0]
   [Code Root Fixup: 0.0 ms]
   [Code Root Purge: 0.0 ms]
   [Clear CT: 0.2 ms]
   [Other: 2.3 ms]
      [Choose CSet: 0.0 ms]
      [Ref Proc: 0.2 ms]
      [Ref Enq: 0.0 ms]
      [Redirty Cards: 0.3 ms]
      [Humongous Register: 1.0 ms]
      [Humongous Reclaim: 0.2 ms]
      [Free CSet: 0.2 ms]
   [Eden: 388.0M(1046.0M)->0.0B(1091.0M) Survivors: 1024.0K->53.0M Heap: 2644.6M(3493.0M)->2534.7M(3814.0M)]
 [Times: user=0.15 sys=0.04, real=0.09 secs] 
2018-01-08T14:50:07.076+0300: 4.000: [GC pause (G1 Humongous Allocation) (young) (initial-mark), 0.0660830 secs]
   [Parallel Time: 64.1 ms, GC Workers: 4]
      [GC Worker Start (ms): Min: 4001.5, Avg: 4001.6, Max: 4001.7, Diff: 0.3]
      [Ext Root Scanning (ms): Min: 0.0, Avg: 0.6, Max: 1.6, Diff: 1.6, Sum: 2.2]
      [Update RS (ms): Min: 47.9, Avg: 49.0, Max: 49.6, Diff: 1.7, Sum: 196.2]
         [Processed Buffers: Min: 72, Avg: 76.2, Max: 80, Diff: 8, Sum: 305]
      [Scan RS (ms): Min: 0.0, Avg: 0.0, Max: 0.0, Diff: 0.0, Sum: 0.0]
      [Code Root Scanning (ms): Min: 0.0, Avg: 0.0, Max: 0.0, Diff: 0.0, Sum: 0.0]
      [Object Copy (ms): Min: 14.1, Avg: 14.2, Max: 14.5, Diff: 0.4, Sum: 57.0]
      [Termination (ms): Min: 0.0, Avg: 0.1, Max: 0.1, Diff: 0.1, Sum: 0.3]
         [Termination Attempts: Min: 1, Avg: 1.0, Max: 1, Diff: 0, Sum: 4]
      [GC Worker Other (ms): Min: 0.0, Avg: 0.0, Max: 0.0, Diff: 0.0, Sum: 0.0]
      [GC Worker Total (ms): Min: 63.8, Avg: 63.9, Max: 64.1, Diff: 0.3, Sum: 255.7]
      [GC Worker End (ms): Min: 4065.5, Avg: 4065.5, Max: 4065.5, Diff: 0.0]
   [Code Root Fixup: 0.0 ms]
   [Code Root Purge: 0.0 ms]
   [Clear CT: 0.1 ms]
   [Other: 1.9 ms]
      [Choose CSet: 0.0 ms]
      [Ref Proc: 0.1 ms]
      [Ref Enq: 0.0 ms]
      [Redirty Cards: 0.1 ms]
      [Humongous Register: 0.9 ms]
      [Humongous Reclaim: 0.2 ms]
      [Free CSet: 0.1 ms]
   [Eden: 1024.0K(1091.0M)->0.0B(1153.0M) Survivors: 53.0M->1024.0K Heap: 2535.6M(3814.0M)->2532.8M(3848.0M)]
 [Times: user=0.23 sys=0.00, real=0.07 secs] 
2018-01-08T14:50:07.142+0300: 4.067: [GC concurrent-root-region-scan-start]
2018-01-08T14:50:07.144+0300: 4.069: [GC concurrent-root-region-scan-end, 0.0018698 secs]
2018-01-08T14:50:07.144+0300: 4.069: [GC concurrent-mark-start]
2018-01-08T14:50:07.152+0300: 4.076: [GC concurrent-mark-end, 0.0079329 secs]
2018-01-08T14:50:07.153+0300: 4.077: [GC remark 2018-01-08T14:50:07.153+0300: 4.077: [Finalize Marking, 0.0001683 secs] 2018-01-08T14:50:07.153+0300: 4.077: [GC ref-proc, 0.0001202 secs] 2018-01-08T14:50:07.153+0300: 4.077: [Unloading, 0.0005167 secs], 0.0020920 secs]
 [Times: user=0.00 sys=0.00, real=0.00 secs] 
2018-01-08T14:50:07.155+0300: 4.079: [GC cleanup 2542M->452M(3848M), 0.0031993 secs]
 [Times: user=0.02 sys=0.00, real=0.01 secs] 
2018-01-08T14:50:07.158+0300: 4.082: [GC concurrent-cleanup-start]
2018-01-08T14:50:07.173+0300: 4.097: [GC concurrent-cleanup-end, 0.0146200 secs]
2018-01-08T14:50:08.044+0300: 4.968: [GC pause (G1 Evacuation Pause) (young) (to-space exhausted), 0.1879694 secs]
   [Parallel Time: 161.6 ms, GC Workers: 4]
      [GC Worker Start (ms): Min: 4968.8, Avg: 4970.9, Max: 4977.1, Diff: 8.2]
      [Ext Root Scanning (ms): Min: 0.0, Avg: 0.2, Max: 0.6, Diff: 0.6, Sum: 1.0]
      [Update RS (ms): Min: 0.0, Avg: 0.4, Max: 0.5, Diff: 0.5, Sum: 1.4]
         [Processed Buffers: Min: 0, Avg: 6.2, Max: 11, Diff: 11, Sum: 25]
      [Scan RS (ms): Min: 0.0, Avg: 0.2, Max: 0.3, Diff: 0.3, Sum: 0.9]
      [Code Root Scanning (ms): Min: 0.0, Avg: 0.0, Max: 0.0, Diff: 0.0, Sum: 0.0]
      [Object Copy (ms): Min: 153.0, Avg: 158.5, Max: 160.4, Diff: 7.4, Sum: 634.1]
      [Termination (ms): Min: 0.0, Avg: 0.1, Max: 0.1, Diff: 0.1, Sum: 0.3]
         [Termination Attempts: Min: 1, Avg: 1.0, Max: 1, Diff: 0, Sum: 4]
      [GC Worker Other (ms): Min: 0.0, Avg: 0.0, Max: 0.0, Diff: 0.0, Sum: 0.1]
      [GC Worker Total (ms): Min: 153.3, Avg: 159.5, Max: 161.5, Diff: 8.2, Sum: 637.9]
      [GC Worker End (ms): Min: 5130.4, Avg: 5130.4, Max: 5130.4, Diff: 0.0]
   [Code Root Fixup: 0.0 ms]
   [Code Root Purge: 0.0 ms]
   [Clear CT: 0.3 ms]
   [Other: 26.0 ms]
      [Evacuation Failure: 24.6 ms]
      [Choose CSet: 0.0 ms]
      [Ref Proc: 0.1 ms]
      [Ref Enq: 0.0 ms]
      [Redirty Cards: 0.1 ms]
      [Humongous Register: 0.6 ms]
      [Humongous Reclaim: 0.1 ms]
      [Free CSet: 0.4 ms]
   [Eden: 1153.0M(1153.0M)->0.0B(1136.0M) Survivors: 1024.0K->58.0M Heap: 2842.2M(3848.0M)->2828.2M(3982.0M)]
 [Times: user=0.37 sys=0.03, real=0.19 secs] 
2018-01-08T14:50:08.232+0300: 5.156: [GC pause (G1 Humongous Allocation) (young) (initial-mark), 0.0827978 secs]
   [Parallel Time: 81.5 ms, GC Workers: 4]
      [GC Worker Start (ms): Min: 5157.1, Avg: 5157.1, Max: 5157.1, Diff: 0.0]
      [Ext Root Scanning (ms): Min: 0.1, Avg: 0.2, Max: 0.2, Diff: 0.0, Sum: 0.6]
      [Update RS (ms): Min: 70.2, Avg: 70.3, Max: 70.5, Diff: 0.3, Sum: 281.4]
         [Processed Buffers: Min: 103, Avg: 106.0, Max: 108, Diff: 5, Sum: 424]
      [Scan RS (ms): Min: 0.0, Avg: 0.0, Max: 0.0, Diff: 0.0, Sum: 0.1]
      [Code Root Scanning (ms): Min: 0.0, Avg: 0.0, Max: 0.0, Diff: 0.0, Sum: 0.0]
      [Object Copy (ms): Min: 10.8, Avg: 10.9, Max: 11.0, Diff: 0.2, Sum: 43.7]
      [Termination (ms): Min: 0.0, Avg: 0.0, Max: 0.0, Diff: 0.0, Sum: 0.0]
         [Termination Attempts: Min: 1, Avg: 6.2, Max: 9, Diff: 8, Sum: 25]
      [GC Worker Other (ms): Min: 0.0, Avg: 0.0, Max: 0.0, Diff: 0.0, Sum: 0.0]
      [GC Worker Total (ms): Min: 81.4, Avg: 81.4, Max: 81.5, Diff: 0.0, Sum: 325.8]
      [GC Worker End (ms): Min: 5238.6, Avg: 5238.6, Max: 5238.6, Diff: 0.0]
   [Code Root Fixup: 0.0 ms]
   [Code Root Purge: 0.0 ms]
   [Clear CT: 0.0 ms]
   [Other: 1.3 ms]
      [Choose CSet: 0.0 ms]
      [Ref Proc: 0.2 ms]
      [Ref Enq: 0.0 ms]
      [Redirty Cards: 0.1 ms]
      [Humongous Register: 0.5 ms]
      [Humongous Reclaim: 0.2 ms]
      [Free CSet: 0.1 ms]
   [Eden: 1024.0K(1136.0M)->0.0B(1193.0M) Survivors: 58.0M->1024.0K Heap: 2829.1M(3982.0M)->2831.2M(3982.0M)]
 [Times: user=0.31 sys=0.00, real=0.08 secs] 
2018-01-08T14:50:08.315+0300: 5.239: [GC concurrent-root-region-scan-start]
2018-01-08T14:50:08.315+0300: 5.240: [GC concurrent-root-region-scan-end, 0.0000366 secs]
2018-01-08T14:50:08.315+0300: 5.240: [GC concurrent-mark-start]
2018-01-08T14:50:08.327+0300: 5.251: [GC concurrent-mark-end, 0.0113415 secs]
2018-01-08T14:50:08.327+0300: 5.251: [GC remark 2018-01-08T14:50:08.327+0300: 5.251: [Finalize Marking, 0.0001409 secs] 2018-01-08T14:50:08.327+0300: 5.251: [GC ref-proc, 0.0000769 secs] 2018-01-08T14:50:08.327+0300: 5.251: [Unloading, 0.0005171 secs], 0.0021376 secs]
 [Times: user=0.00 sys=0.00, real=0.01 secs] 
2018-01-08T14:50:08.329+0300: 5.253: [GC cleanup 2863M->693M(3982M), 0.0056225 secs]
 [Times: user=0.01 sys=0.00, real=0.00 secs] 
2018-01-08T14:50:08.335+0300: 5.259: [GC concurrent-cleanup-start]
2018-01-08T14:50:08.350+0300: 5.275: [GC concurrent-cleanup-end, 0.0157102 secs]
2018-01-08T14:50:09.265+0300: 6.189: [GC pause (G1 Evacuation Pause) (young) (to-space exhausted), 0.2330445 secs]
   [Parallel Time: 184.5 ms, GC Workers: 4]
      [GC Worker Start (ms): Min: 6190.0, Avg: 6191.6, Max: 6193.1, Diff: 3.1]
      [Ext Root Scanning (ms): Min: 0.0, Avg: 0.1, Max: 0.2, Diff: 0.2, Sum: 0.5]
      [Update RS (ms): Min: 0.0, Avg: 0.3, Max: 0.9, Diff: 0.9, Sum: 1.3]
         [Processed Buffers: Min: 0, Avg: 4.5, Max: 9, Diff: 9, Sum: 18]
      [Scan RS (ms): Min: 0.1, Avg: 0.2, Max: 0.7, Diff: 0.6, Sum: 1.0]
      [Code Root Scanning (ms): Min: 0.0, Avg: 0.0, Max: 0.0, Diff: 0.0, Sum: 0.0]
      [Object Copy (ms): Min: 174.6, Avg: 178.6, Max: 183.1, Diff: 8.5, Sum: 714.5]
      [Termination (ms): Min: 0.0, Avg: 3.6, Max: 6.7, Diff: 6.7, Sum: 14.3]
         [Termination Attempts: Min: 1, Avg: 1.0, Max: 1, Diff: 0, Sum: 4]
      [GC Worker Other (ms): Min: 0.0, Avg: 0.0, Max: 0.0, Diff: 0.0, Sum: 0.1]
      [GC Worker Total (ms): Min: 181.4, Avg: 182.9, Max: 184.5, Diff: 3.0, Sum: 731.7]
      [GC Worker End (ms): Min: 6374.5, Avg: 6374.5, Max: 6374.5, Diff: 0.0]
   [Code Root Fixup: 0.0 ms]
   [Code Root Purge: 0.0 ms]
   [Clear CT: 0.3 ms]
   [Other: 48.2 ms]
      [Evacuation Failure: 46.3 ms]
      [Choose CSet: 0.0 ms]
      [Ref Proc: 0.2 ms]
      [Ref Enq: 0.0 ms]
      [Redirty Cards: 0.5 ms]
      [Humongous Register: 0.7 ms]
      [Humongous Reclaim: 0.1 ms]
      [Free CSet: 0.3 ms]
   [Eden: 1193.0M(1193.0M)->0.0B(1134.0M) Survivors: 1024.0K->60.0M Heap: 3063.3M(3982.0M)->3073.9M(3982.0M)]
 [Times: user=0.30 sys=0.00, real=0.24 secs] 
2018-01-08T14:50:09.505+0300: 6.429: [GC pause (G1 Humongous Allocation) (young) (initial-mark) (to-space exhausted), 0.0969967 secs]
   [Parallel Time: 94.2 ms, GC Workers: 4]
      [GC Worker Start (ms): Min: 6430.6, Avg: 6430.7, Max: 6430.8, Diff: 0.2]
      [Ext Root Scanning (ms): Min: 0.0, Avg: 0.2, Max: 0.3, Diff: 0.3, Sum: 0.9]
      [Update RS (ms): Min: 72.8, Avg: 73.9, Max: 76.1, Diff: 3.3, Sum: 295.8]
         [Processed Buffers: Min: 64, Avg: 96.0, Max: 134, Diff: 70, Sum: 384]
      [Scan RS (ms): Min: 0.0, Avg: 0.4, Max: 1.0, Diff: 1.0, Sum: 1.6]
      [Code Root Scanning (ms): Min: 0.0, Avg: 0.0, Max: 0.0, Diff: 0.0, Sum: 0.0]
      [Object Copy (ms): Min: 17.7, Avg: 19.4, Max: 20.1, Diff: 2.4, Sum: 77.7]
      [Termination (ms): Min: 0.0, Avg: 0.1, Max: 0.1, Diff: 0.1, Sum: 0.2]
         [Termination Attempts: Min: 1, Avg: 43.5, Max: 79, Diff: 78, Sum: 174]
      [GC Worker Other (ms): Min: 0.0, Avg: 0.0, Max: 0.0, Diff: 0.0, Sum: 0.1]
      [GC Worker Total (ms): Min: 93.9, Avg: 94.1, Max: 94.1, Diff: 0.2, Sum: 376.3]
      [GC Worker End (ms): Min: 6524.7, Avg: 6524.7, Max: 6524.7, Diff: 0.0]
   [Code Root Fixup: 0.0 ms]
   [Code Root Purge: 0.0 ms]
   [Clear CT: 0.0 ms]
   [Other: 2.7 ms]
      [Evacuation Failure: 0.7 ms]
      [Choose CSet: 0.0 ms]
      [Ref Proc: 0.2 ms]
      [Ref Enq: 0.0 ms]
      [Redirty Cards: 0.1 ms]
      [Humongous Register: 1.1 ms]
      [Humongous Reclaim: 0.2 ms]
      [Free CSet: 0.1 ms]
   [Eden: 2048.0K(1134.0M)->0.0B(1193.0M) Survivors: 60.0M->1024.0K Heap: 3075.2M(3982.0M)->3089.2M(3982.0M)]
 [Times: user=0.27 sys=0.00, real=0.10 secs] 
2018-01-08T14:50:09.602+0300: 6.526: [GC concurrent-root-region-scan-start]
2018-01-08T14:50:09.605+0300: 6.529: [GC concurrent-root-region-scan-end, 0.0026337 secs]
2018-01-08T14:50:09.605+0300: 6.529: [GC concurrent-mark-start]
2018-01-08T14:50:09.621+0300: 6.545: [GC pause (G1 Humongous Allocation) (young) (to-space exhausted), 0.0057691 secs]
   [Parallel Time: 3.7 ms, GC Workers: 4]
      [GC Worker Start (ms): Min: 6547.5, Avg: 6548.5, Max: 6549.7, Diff: 2.2]
      [Ext Root Scanning (ms): Min: 0.0, Avg: 0.1, Max: 0.3, Diff: 0.3, Sum: 0.5]
      [Update RS (ms): Min: 0.0, Avg: 1.3, Max: 2.5, Diff: 2.5, Sum: 5.4]
         [Processed Buffers: Min: 1, Avg: 13.5, Max: 26, Diff: 25, Sum: 54]
      [Scan RS (ms): Min: 0.0, Avg: 0.0, Max: 0.0, Diff: 0.0, Sum: 0.0]
      [Code Root Scanning (ms): Min: 0.0, Avg: 0.0, Max: 0.0, Diff: 0.0, Sum: 0.0]
      [Object Copy (ms): Min: 0.0, Avg: 0.0, Max: 0.1, Diff: 0.1, Sum: 0.1]
      [Termination (ms): Min: 0.0, Avg: 0.2, Max: 0.5, Diff: 0.5, Sum: 1.0]
         [Termination Attempts: Min: 1, Avg: 1.2, Max: 2, Diff: 1, Sum: 5]
      [GC Worker Other (ms): Min: 0.0, Avg: 0.0, Max: 0.0, Diff: 0.0, Sum: 0.0]
      [GC Worker Total (ms): Min: 0.6, Avg: 1.7, Max: 2.8, Diff: 2.2, Sum: 7.0]
      [GC Worker End (ms): Min: 6550.2, Avg: 6550.2, Max: 6550.3, Diff: 0.0]
   [Code Root Fixup: 0.0 ms]
   [Code Root Purge: 0.0 ms]
   [Clear CT: 0.2 ms]
   [Other: 1.9 ms]
      [Evacuation Failure: 0.3 ms]
      [Choose CSet: 0.0 ms]
      [Ref Proc: 0.2 ms]
      [Ref Enq: 0.0 ms]
      [Redirty Cards: 0.0 ms]
      [Humongous Register: 1.2 ms]
      [Humongous Reclaim: 0.1 ms]
      [Free CSet: 0.0 ms]
   [Eden: 15.0M(1193.0M)->0.0B(1194.0M) Survivors: 1024.0K->0.0B Heap: 3117.8M(3982.0M)->3117.8M(3982.0M)]
 [Times: user=0.01 sys=0.00, real=0.00 secs] 
2018-01-08T14:50:09.627+0300: 6.552: [Full GC (Allocation Failure)  3117M->660M(2204M), 0.1565638 secs]
   [Eden: 0.0B(1194.0M)->0.0B(661.0M) Survivors: 0.0B->0.0B Heap: 3117.8M(3982.0M)->660.9M(2204.0M)], [Metaspace: 3885K->3885K(1056768K)]
 [Times: user=0.09 sys=0.08, real=0.16 secs] 
2018-01-08T14:50:09.785+0300: 6.709: [GC concurrent-mark-abort]
2018-01-08T14:50:09.799+0300: 6.723: [GC pause (G1 Humongous Allocation) (young) (initial-mark), 0.0081875 secs]
   [Parallel Time: 4.8 ms, GC Workers: 4]
      [GC Worker Start (ms): Min: 6723.7, Avg: 6723.7, Max: 6723.8, Diff: 0.1]
      [Ext Root Scanning (ms): Min: 0.1, Avg: 0.2, Max: 0.2, Diff: 0.1, Sum: 0.7]
      [Update RS (ms): Min: 0.2, Avg: 0.4, Max: 0.8, Diff: 0.6, Sum: 1.6]
         [Processed Buffers: Min: 5, Avg: 5.8, Max: 6, Diff: 1, Sum: 23]
      [Scan RS (ms): Min: 0.0, Avg: 0.0, Max: 0.0, Diff: 0.0, Sum: 0.0]
      [Code Root Scanning (ms): Min: 0.0, Avg: 0.0, Max: 0.0, Diff: 0.0, Sum: 0.0]
      [Object Copy (ms): Min: 3.6, Avg: 3.9, Max: 4.1, Diff: 0.5, Sum: 15.8]
      [Termination (ms): Min: 0.0, Avg: 0.1, Max: 0.2, Diff: 0.2, Sum: 0.5]
         [Termination Attempts: Min: 1, Avg: 1.0, Max: 1, Diff: 0, Sum: 4]
      [GC Worker Other (ms): Min: 0.0, Avg: 0.0, Max: 0.0, Diff: 0.0, Sum: 0.0]
      [GC Worker Total (ms): Min: 4.6, Avg: 4.6, Max: 4.7, Diff: 0.1, Sum: 18.6]
      [GC Worker End (ms): Min: 6728.3, Avg: 6728.4, Max: 6728.4, Diff: 0.1]
   [Code Root Fixup: 0.0 ms]
   [Code Root Purge: 0.0 ms]
   [Clear CT: 0.2 ms]
   [Other: 3.1 ms]
      [Choose CSet: 0.0 ms]
      [Ref Proc: 0.7 ms]
      [Ref Enq: 0.0 ms]
      [Redirty Cards: 0.2 ms]
      [Humongous Register: 0.3 ms]
      [Humongous Reclaim: 0.1 ms]
      [Free CSet: 0.1 ms]
   [Eden: 32.0M(661.0M)->0.0B(737.0M) Survivors: 0.0B->31.0M Heap: 735.2M(2204.0M)->734.9M(2560.0M)]
 [Times: user=0.01 sys=0.01, real=0.00 secs] 
2018-01-08T14:50:09.807+0300: 6.732: [GC concurrent-root-region-scan-start]
2018-01-08T14:50:09.811+0300: 6.735: [GC concurrent-root-region-scan-end, 0.0036363 secs]
2018-01-08T14:50:09.811+0300: 6.735: [GC concurrent-mark-start]
2018-01-08T14:50:09.816+0300: 6.740: [GC concurrent-mark-end, 0.0049629 secs]
2018-01-08T14:50:09.817+0300: 6.741: [GC remark 2018-01-08T14:50:09.817+0300: 6.741: [Finalize Marking, 0.0002955 secs] 2018-01-08T14:50:09.817+0300: 6.742: [GC ref-proc, 0.0000788 secs] 2018-01-08T14:50:09.817+0300: 6.742: [Unloading, 0.0008793 secs], 0.0031854 secs]
 [Times: user=0.01 sys=0.00, real=0.00 secs] 
2018-01-08T14:50:09.820+0300: 6.745: [GC cleanup 769M->769M(2560M), 0.0067351 secs]
 [Times: user=0.00 sys=0.00, real=0.00 secs] 
2018-01-08T14:50:10.095+0300: 7.019: [GC pause (G1 Evacuation Pause) (young), 0.1059705 secs]
   [Parallel Time: 104.1 ms, GC Workers: 4]
      [GC Worker Start (ms): Min: 7019.5, Avg: 7019.8, Max: 7020.4, Diff: 0.9]
      [Ext Root Scanning (ms): Min: 0.0, Avg: 0.1, Max: 0.2, Diff: 0.2, Sum: 0.5]
      [Update RS (ms): Min: 0.0, Avg: 0.3, Max: 0.7, Diff: 0.7, Sum: 1.3]
         [Processed Buffers: Min: 0, Avg: 5.2, Max: 7, Diff: 7, Sum: 21]
      [Scan RS (ms): Min: 0.0, Avg: 0.1, Max: 0.1, Diff: 0.1, Sum: 0.3]
      [Code Root Scanning (ms): Min: 0.0, Avg: 0.0, Max: 0.0, Diff: 0.0, Sum: 0.0]
      [Object Copy (ms): Min: 103.0, Avg: 103.1, Max: 103.2, Diff: 0.1, Sum: 412.3]
      [Termination (ms): Min: 0.0, Avg: 0.2, Max: 0.3, Diff: 0.3, Sum: 0.7]
         [Termination Attempts: Min: 1, Avg: 1.5, Max: 2, Diff: 1, Sum: 6]
      [GC Worker Other (ms): Min: 0.0, Avg: 0.0, Max: 0.0, Diff: 0.0, Sum: 0.1]
      [GC Worker Total (ms): Min: 103.1, Avg: 103.8, Max: 104.0, Diff: 0.9, Sum: 415.2]
      [GC Worker End (ms): Min: 7123.5, Avg: 7123.6, Max: 7123.6, Diff: 0.0]
   [Code Root Fixup: 0.0 ms]
   [Code Root Purge: 0.0 ms]
   [Clear CT: 0.1 ms]
   [Other: 1.7 ms]
      [Choose CSet: 0.0 ms]
      [Ref Proc: 0.0 ms]
      [Ref Enq: 0.0 ms]
      [Redirty Cards: 0.0 ms]
      [Humongous Register: 0.5 ms]
      [Humongous Reclaim: 0.1 ms]
      [Free CSet: 0.3 ms]
   [Eden: 527.0M(737.0M)->0.0B(951.0M) Survivors: 31.0M->39.0M Heap: 1911.6M(2561.0M)->1923.4M(3302.0M)]
 [Times: user=0.14 sys=0.11, real=0.11 secs] 
2018-01-08T14:50:10.201+0300: 7.126: [GC pause (G1 Humongous Allocation) (young) (initial-mark), 0.0075638 secs]
   [Parallel Time: 5.5 ms, GC Workers: 4]
      [GC Worker Start (ms): Min: 7126.1, Avg: 7126.1, Max: 7126.1, Diff: 0.0]
      [Ext Root Scanning (ms): Min: 0.1, Avg: 0.2, Max: 0.2, Diff: 0.0, Sum: 0.6]
      [Update RS (ms): Min: 0.2, Avg: 0.4, Max: 0.9, Diff: 0.6, Sum: 1.6]
         [Processed Buffers: Min: 1, Avg: 1.5, Max: 2, Diff: 1, Sum: 6]
      [Scan RS (ms): Min: 0.0, Avg: 0.0, Max: 0.0, Diff: 0.0, Sum: 0.0]
      [Code Root Scanning (ms): Min: 0.0, Avg: 0.0, Max: 0.0, Diff: 0.0, Sum: 0.0]
      [Object Copy (ms): Min: 4.3, Avg: 4.8, Max: 5.0, Diff: 0.7, Sum: 19.3]
      [Termination (ms): Min: 0.0, Avg: 0.1, Max: 0.1, Diff: 0.1, Sum: 0.3]
         [Termination Attempts: Min: 1, Avg: 1.2, Max: 2, Diff: 1, Sum: 5]
      [GC Worker Other (ms): Min: 0.0, Avg: 0.0, Max: 0.0, Diff: 0.0, Sum: 0.0]
      [GC Worker Total (ms): Min: 5.4, Avg: 5.5, Max: 5.5, Diff: 0.0, Sum: 21.8]
      [GC Worker End (ms): Min: 7131.5, Avg: 7131.6, Max: 7131.6, Diff: 0.0]
   [Code Root Fixup: 0.0 ms]
   [Code Root Purge: 0.0 ms]
   [Clear CT: 0.4 ms]
   [Other: 1.6 ms]
      [Choose CSet: 0.0 ms]
      [Ref Proc: 0.1 ms]
      [Ref Enq: 0.0 ms]
      [Redirty Cards: 0.1 ms]
      [Humongous Register: 0.5 ms]
      [Humongous Reclaim: 0.1 ms]
      [Free CSet: 0.1 ms]
   [Eden: 2048.0K(951.0M)->0.0B(1029.0M) Survivors: 39.0M->2048.0K Heap: 1924.7M(3302.0M)->1926.1M(3438.0M)]
 [Times: user=0.02 sys=0.00, real=0.01 secs] 
2018-01-08T14:50:10.209+0300: 7.133: [GC concurrent-root-region-scan-start]
2018-01-08T14:50:10.209+0300: 7.133: [GC concurrent-root-region-scan-end, 0.0000331 secs]
2018-01-08T14:50:10.209+0300: 7.133: [GC concurrent-mark-start]
2018-01-08T14:50:10.219+0300: 7.143: [GC concurrent-mark-end, 0.0095910 secs]
2018-01-08T14:50:10.219+0300: 7.143: [GC remark 2018-01-08T14:50:10.219+0300: 7.143: [Finalize Marking, 0.0001617 secs] 2018-01-08T14:50:10.219+0300: 7.143: [GC ref-proc, 0.0000730 secs] 2018-01-08T14:50:10.219+0300: 7.143: [Unloading, 0.0005472 secs], 0.0042300 secs]
 [Times: user=0.01 sys=0.00, real=0.00 secs] 
2018-01-08T14:50:10.225+0300: 7.149: [GC cleanup 1965M->1965M(3438M), 0.0043259 secs]
 [Times: user=0.01 sys=0.00, real=0.01 secs] 
2018-01-08T14:50:10.846+0300: 7.770: [GC pause (G1 Evacuation Pause) (young), 0.0808510 secs]
   [Parallel Time: 78.9 ms, GC Workers: 4]
      [GC Worker Start (ms): Min: 7771.3, Avg: 7773.5, Max: 7774.5, Diff: 3.2]
      [Ext Root Scanning (ms): Min: 0.0, Avg: 0.1, Max: 0.3, Diff: 0.3, Sum: 0.3]
      [Update RS (ms): Min: 0.0, Avg: 0.7, Max: 2.2, Diff: 2.2, Sum: 2.8]
         [Processed Buffers: Min: 0, Avg: 6.0, Max: 23, Diff: 23, Sum: 24]
      [Scan RS (ms): Min: 0.0, Avg: 0.2, Max: 0.5, Diff: 0.5, Sum: 0.9]
      [Code Root Scanning (ms): Min: 0.0, Avg: 0.0, Max: 0.0, Diff: 0.0, Sum: 0.0]
      [Object Copy (ms): Min: 75.5, Avg: 75.6, Max: 75.7, Diff: 0.2, Sum: 302.5]
      [Termination (ms): Min: 0.0, Avg: 0.1, Max: 0.1, Diff: 0.1, Sum: 0.3]
         [Termination Attempts: Min: 1, Avg: 1.0, Max: 1, Diff: 0, Sum: 4]
      [GC Worker Other (ms): Min: 0.0, Avg: 0.0, Max: 0.0, Diff: 0.0, Sum: 0.0]
      [GC Worker Total (ms): Min: 75.7, Avg: 76.7, Max: 78.9, Diff: 3.2, Sum: 307.0]
      [GC Worker End (ms): Min: 7850.2, Avg: 7850.2, Max: 7850.2, Diff: 0.0]
   [Code Root Fixup: 0.0 ms]
   [Code Root Purge: 0.0 ms]
   [Clear CT: 0.1 ms]
   [Other: 1.8 ms]
      [Choose CSet: 0.0 ms]
      [Ref Proc: 0.0 ms]
      [Ref Enq: 0.0 ms]
      [Redirty Cards: 0.1 ms]
      [Humongous Register: 1.0 ms]
      [Humongous Reclaim: 0.1 ms]
      [Free CSet: 0.3 ms]
   [Eden: 410.0M(1029.0M)->0.0B(1088.0M) Survivors: 2048.0K->52.0M Heap: 2626.7M(3439.0M)->2529.8M(3800.0M)]
 [Times: user=0.14 sys=0.07, real=0.08 secs] 
2018-01-08T14:50:10.932+0300: 7.857: [GC pause (G1 Humongous Allocation) (young) (initial-mark), 0.0675502 secs]
   [Parallel Time: 65.6 ms, GC Workers: 4]
      [GC Worker Start (ms): Min: 7857.7, Avg: 7857.7, Max: 7857.7, Diff: 0.0]
      [Ext Root Scanning (ms): Min: 0.1, Avg: 0.2, Max: 0.2, Diff: 0.0, Sum: 0.7]
      [Update RS (ms): Min: 54.8, Avg: 54.9, Max: 55.1, Diff: 0.3, Sum: 219.7]
         [Processed Buffers: Min: 88, Avg: 89.0, Max: 90, Diff: 2, Sum: 356]
      [Scan RS (ms): Min: 0.1, Avg: 0.2, Max: 0.4, Diff: 0.3, Sum: 0.8]
      [Code Root Scanning (ms): Min: 0.0, Avg: 0.0, Max: 0.0, Diff: 0.0, Sum: 0.0]
      [Object Copy (ms): Min: 10.2, Avg: 10.2, Max: 10.3, Diff: 0.0, Sum: 41.0]
      [Termination (ms): Min: 0.0, Avg: 0.0, Max: 0.0, Diff: 0.0, Sum: 0.0]
         [Termination Attempts: Min: 1, Avg: 36.8, Max: 59, Diff: 58, Sum: 147]
      [GC Worker Other (ms): Min: 0.0, Avg: 0.0, Max: 0.0, Diff: 0.0, Sum: 0.0]
      [GC Worker Total (ms): Min: 65.5, Avg: 65.5, Max: 65.5, Diff: 0.0, Sum: 262.1]
      [GC Worker End (ms): Min: 7923.2, Avg: 7923.2, Max: 7923.2, Diff: 0.0]
   [Code Root Fixup: 0.0 ms]
   [Code Root Purge: 0.0 ms]
   [Clear CT: 0.1 ms]
   [Other: 1.9 ms]
      [Choose CSet: 0.0 ms]
      [Ref Proc: 0.1 ms]
      [Ref Enq: 0.0 ms]
      [Redirty Cards: 0.1 ms]
      [Humongous Register: 0.9 ms]
      [Humongous Reclaim: 0.2 ms]
      [Free CSet: 0.1 ms]
   [Eden: 1024.0K(1088.0M)->0.0B(1150.0M) Survivors: 52.0M->1024.0K Heap: 2530.4M(3800.0M)->2531.5M(3837.0M)]
 [Times: user=0.26 sys=0.00, real=0.07 secs] 
2018-01-08T14:50:11.000+0300: 7.924: [GC concurrent-root-region-scan-start]
2018-01-08T14:50:11.003+0300: 7.928: [GC concurrent-root-region-scan-end, 0.0035486 secs]
2018-01-08T14:50:11.003+0300: 7.928: [GC concurrent-mark-start]
2018-01-08T14:50:11.012+0300: 7.937: [GC concurrent-mark-end, 0.0087698 secs]
2018-01-08T14:50:11.012+0300: 7.937: [GC remark 2018-01-08T14:50:11.012+0300: 7.937: [Finalize Marking, 0.0001527 secs] 2018-01-08T14:50:11.013+0300: 7.937: [GC ref-proc, 0.0000731 secs] 2018-01-08T14:50:11.013+0300: 7.937: [Unloading, 0.0005129 secs], 0.0019254 secs]
 [Times: user=0.01 sys=0.00, real=0.00 secs] 
2018-01-08T14:50:11.015+0300: 7.939: [GC cleanup 2563M->492M(3837M), 0.0034018 secs]
 [Times: user=0.01 sys=0.00, real=0.01 secs] 
2018-01-08T14:50:11.018+0300: 7.942: [GC concurrent-cleanup-start]
2018-01-08T14:50:11.034+0300: 7.958: [GC concurrent-cleanup-end, 0.0157040 secs]
2018-01-08T14:50:11.873+0300: 8.797: [GC pause (G1 Evacuation Pause) (young) (to-space exhausted), 0.1931416 secs]
   [Parallel Time: 172.4 ms, GC Workers: 4]
      [GC Worker Start (ms): Min: 8797.5, Avg: 8797.5, Max: 8797.6, Diff: 0.1]
      [Ext Root Scanning (ms): Min: 0.1, Avg: 0.2, Max: 0.4, Diff: 0.3, Sum: 0.9]
      [Update RS (ms): Min: 0.1, Avg: 0.4, Max: 0.8, Diff: 0.7, Sum: 1.4]
         [Processed Buffers: Min: 2, Avg: 5.0, Max: 6, Diff: 4, Sum: 20]
      [Scan RS (ms): Min: 0.0, Avg: 0.2, Max: 0.3, Diff: 0.2, Sum: 0.8]
      [Code Root Scanning (ms): Min: 0.0, Avg: 0.0, Max: 0.0, Diff: 0.0, Sum: 0.0]
      [Object Copy (ms): Min: 169.9, Avg: 171.0, Max: 171.6, Diff: 1.7, Sum: 684.1]
      [Termination (ms): Min: 0.0, Avg: 0.5, Max: 1.7, Diff: 1.7, Sum: 1.9]
         [Termination Attempts: Min: 1, Avg: 1.0, Max: 1, Diff: 0, Sum: 4]
      [GC Worker Other (ms): Min: 0.0, Avg: 0.0, Max: 0.0, Diff: 0.0, Sum: 0.1]
      [GC Worker Total (ms): Min: 172.3, Avg: 172.3, Max: 172.3, Diff: 0.1, Sum: 689.2]
      [GC Worker End (ms): Min: 8969.8, Avg: 8969.9, Max: 8969.9, Diff: 0.0]
   [Code Root Fixup: 0.0 ms]
   [Code Root Purge: 0.0 ms]
   [Clear CT: 0.3 ms]
   [Other: 20.5 ms]
      [Evacuation Failure: 19.1 ms]
      [Choose CSet: 0.0 ms]
      [Ref Proc: 0.0 ms]
      [Ref Enq: 0.0 ms]
      [Redirty Cards: 0.1 ms]
      [Humongous Register: 0.6 ms]
      [Humongous Reclaim: 0.1 ms]
      [Free CSet: 0.4 ms]
   [Eden: 1150.0M(1150.0M)->0.0B(1136.0M) Survivors: 1024.0K->58.0M Heap: 2798.4M(3837.0M)->2778.5M(3982.0M)]
 [Times: user=0.43 sys=0.01, real=0.19 secs] 
2018-01-08T14:50:12.071+0300: 8.995: [GC pause (G1 Humongous Allocation) (young) (initial-mark), 0.0988153 secs]
   [Parallel Time: 97.3 ms, GC Workers: 4]
      [GC Worker Start (ms): Min: 8996.0, Avg: 8996.0, Max: 8996.2, Diff: 0.2]
      [Ext Root Scanning (ms): Min: 0.0, Avg: 0.2, Max: 0.3, Diff: 0.3, Sum: 0.8]
      [Update RS (ms): Min: 81.1, Avg: 81.2, Max: 81.4, Diff: 0.3, Sum: 325.0]
         [Processed Buffers: Min: 81, Avg: 100.5, Max: 109, Diff: 28, Sum: 402]
      [Scan RS (ms): Min: 0.3, Avg: 0.5, Max: 0.6, Diff: 0.3, Sum: 1.8]
      [Code Root Scanning (ms): Min: 0.0, Avg: 0.0, Max: 0.0, Diff: 0.0, Sum: 0.0]
      [Object Copy (ms): Min: 15.3, Avg: 15.3, Max: 15.3, Diff: 0.0, Sum: 61.1]
      [Termination (ms): Min: 0.0, Avg: 0.0, Max: 0.0, Diff: 0.0, Sum: 0.0]
         [Termination Attempts: Min: 1, Avg: 55.8, Max: 85, Diff: 84, Sum: 223]
      [GC Worker Other (ms): Min: 0.0, Avg: 0.0, Max: 0.0, Diff: 0.0, Sum: 0.0]
      [GC Worker Total (ms): Min: 97.0, Avg: 97.2, Max: 97.3, Diff: 0.2, Sum: 388.7]
      [GC Worker End (ms): Min: 9093.2, Avg: 9093.2, Max: 9093.2, Diff: 0.0]
   [Code Root Fixup: 0.0 ms]
   [Code Root Purge: 0.0 ms]
   [Clear CT: 0.0 ms]
   [Other: 1.5 ms]
      [Choose CSet: 0.0 ms]
      [Ref Proc: 0.1 ms]
      [Ref Enq: 0.0 ms]
      [Redirty Cards: 0.1 ms]
      [Humongous Register: 0.5 ms]
      [Humongous Reclaim: 0.2 ms]
      [Free CSet: 0.2 ms]
   [Eden: 1024.0K(1136.0M)->0.0B(1193.0M) Survivors: 58.0M->1024.0K Heap: 2779.4M(3982.0M)->2779.2M(3982.0M)]
 [Times: user=0.36 sys=0.00, real=0.10 secs] 
2018-01-08T14:50:12.170+0300: 9.094: [GC concurrent-root-region-scan-start]
2018-01-08T14:50:12.170+0300: 9.094: [GC concurrent-root-region-scan-end, 0.0000655 secs]
2018-01-08T14:50:12.170+0300: 9.094: [GC concurrent-mark-start]
2018-01-08T14:50:12.187+0300: 9.111: [GC concurrent-mark-end, 0.0171028 secs]
2018-01-08T14:50:12.189+0300: 9.113: [GC remark 2018-01-08T14:50:12.189+0300: 9.113: [Finalize Marking, 0.0000857 secs] 2018-01-08T14:50:12.189+0300: 9.113: [GC ref-proc, 0.0000863 secs] 2018-01-08T14:50:12.189+0300: 9.113: [Unloading, 0.0004994 secs], 0.0023624 secs]
 [Times: user=0.00 sys=0.00, real=0.00 secs] 
2018-01-08T14:50:12.194+0300: 9.119: [GC cleanup 2817M->518M(3982M), 0.0072577 secs]
 [Times: user=0.02 sys=0.00, real=0.01 secs] 
2018-01-08T14:50:12.202+0300: 9.126: [GC concurrent-cleanup-start]
2018-01-08T14:50:12.219+0300: 9.143: [GC concurrent-cleanup-end, 0.0174145 secs]
2018-01-08T14:50:13.129+0300: 10.053: [GC pause (G1 Evacuation Pause) (young) (to-space exhausted), 0.2001789 secs]
   [Parallel Time: 173.6 ms, GC Workers: 4]
      [GC Worker Start (ms): Min: 10054.0, Avg: 10054.0, Max: 10054.1, Diff: 0.1]
      [Ext Root Scanning (ms): Min: 0.1, Avg: 0.2, Max: 0.2, Diff: 0.1, Sum: 0.6]
      [Update RS (ms): Min: 0.2, Avg: 0.4, Max: 0.8, Diff: 0.6, Sum: 1.6]
         [Processed Buffers: Min: 5, Avg: 5.8, Max: 6, Diff: 1, Sum: 23]
      [Scan RS (ms): Min: 0.0, Avg: 0.2, Max: 0.3, Diff: 0.2, Sum: 0.9]
      [Code Root Scanning (ms): Min: 0.0, Avg: 0.0, Max: 0.0, Diff: 0.0, Sum: 0.0]
      [Object Copy (ms): Min: 172.5, Avg: 172.6, Max: 172.7, Diff: 0.3, Sum: 690.5]
      [Termination (ms): Min: 0.0, Avg: 0.1, Max: 0.2, Diff: 0.2, Sum: 0.4]
         [Termination Attempts: Min: 1, Avg: 1.0, Max: 1, Diff: 0, Sum: 4]
      [GC Worker Other (ms): Min: 0.0, Avg: 0.0, Max: 0.0, Diff: 0.0, Sum: 0.1]
      [GC Worker Total (ms): Min: 173.5, Avg: 173.5, Max: 173.6, Diff: 0.1, Sum: 694.2]
      [GC Worker End (ms): Min: 10227.6, Avg: 10227.6, Max: 10227.6, Diff: 0.0]
   [Code Root Fixup: 0.0 ms]
   [Code Root Purge: 0.0 ms]
   [Clear CT: 0.3 ms]
   [Other: 26.3 ms]
      [Evacuation Failure: 24.8 ms]
      [Choose CSet: 0.0 ms]
      [Ref Proc: 0.1 ms]
      [Ref Enq: 0.0 ms]
      [Redirty Cards: 0.2 ms]
      [Humongous Register: 0.6 ms]
      [Humongous Reclaim: 0.1 ms]
      [Free CSet: 0.4 ms]
   [Eden: 1193.0M(1193.0M)->0.0B(1134.0M) Survivors: 1024.0K->60.0M Heap: 2932.0M(3982.0M)->2925.1M(3982.0M)]
 [Times: user=0.36 sys=0.00, real=0.20 secs] 
2018-01-08T14:50:13.330+0300: 10.255: [GC pause (G1 Humongous Allocation) (young) (initial-mark), 0.0794477 secs]
   [Parallel Time: 78.1 ms, GC Workers: 4]
      [GC Worker Start (ms): Min: 10255.3, Avg: 10255.3, Max: 10255.4, Diff: 0.0]
      [Ext Root Scanning (ms): Min: 0.1, Avg: 0.2, Max: 0.2, Diff: 0.0, Sum: 0.6]
      [Update RS (ms): Min: 64.8, Avg: 64.9, Max: 65.0, Diff: 0.2, Sum: 259.5]
         [Processed Buffers: Min: 101, Avg: 104.8, Max: 107, Diff: 6, Sum: 419]
      [Scan RS (ms): Min: 0.0, Avg: 0.1, Max: 0.2, Diff: 0.2, Sum: 0.5]
      [Code Root Scanning (ms): Min: 0.0, Avg: 0.0, Max: 0.0, Diff: 0.0, Sum: 0.0]
      [Object Copy (ms): Min: 12.8, Avg: 12.8, Max: 12.8, Diff: 0.0, Sum: 51.4]
      [Termination (ms): Min: 0.0, Avg: 0.0, Max: 0.0, Diff: 0.0, Sum: 0.0]
         [Termination Attempts: Min: 1, Avg: 51.5, Max: 93, Diff: 92, Sum: 206]
      [GC Worker Other (ms): Min: 0.0, Avg: 0.0, Max: 0.0, Diff: 0.0, Sum: 0.0]
      [GC Worker Total (ms): Min: 78.0, Avg: 78.0, Max: 78.0, Diff: 0.0, Sum: 312.1]
      [GC Worker End (ms): Min: 10333.4, Avg: 10333.4, Max: 10333.4, Diff: 0.0]
   [Code Root Fixup: 0.0 ms]
   [Code Root Purge: 0.0 ms]
   [Clear CT: 0.1 ms]
   [Other: 1.3 ms]
      [Choose CSet: 0.0 ms]
      [Ref Proc: 0.1 ms]
      [Ref Enq: 0.0 ms]
      [Redirty Cards: 0.1 ms]
      [Humongous Register: 0.5 ms]
      [Humongous Reclaim: 0.2 ms]
      [Free CSet: 0.1 ms]
   [Eden: 1024.0K(1134.0M)->0.0B(1193.0M) Survivors: 60.0M->1024.0K Heap: 2925.8M(3982.0M)->2927.7M(3982.0M)]
 [Times: user=0.31 sys=0.00, real=0.08 secs] 
2018-01-08T14:50:13.410+0300: 10.334: [GC concurrent-root-region-scan-start]
2018-01-08T14:50:13.413+0300: 10.338: [GC concurrent-root-region-scan-end, 0.0034547 secs]
2018-01-08T14:50:13.413+0300: 10.338: [GC concurrent-mark-start]
2018-01-08T14:50:13.424+0300: 10.348: [GC concurrent-mark-end, 0.0106942 secs]
2018-01-08T14:50:13.424+0300: 10.349: [GC remark 2018-01-08T14:50:13.424+0300: 10.349: [Finalize Marking, 0.0001476 secs] 2018-01-08T14:50:13.425+0300: 10.349: [GC ref-proc, 0.0000747 secs] 2018-01-08T14:50:13.425+0300: 10.349: [Unloading, 0.0005908 secs], 0.0024065 secs]
 [Times: user=0.01 sys=0.00, real=0.00 secs] 
2018-01-08T14:50:13.427+0300: 10.351: [GC cleanup 2972M->720M(3982M), 0.0041049 secs]
 [Times: user=0.02 sys=0.00, real=0.01 secs] 
2018-01-08T14:50:13.431+0300: 10.355: [GC concurrent-cleanup-start]
2018-01-08T14:50:13.448+0300: 10.372: [GC concurrent-cleanup-end, 0.0168526 secs]
2018-01-08T14:50:14.651+0300: 11.575: [GC pause (G1 Humongous Allocation) (young) (to-space exhausted), 0.2110194 secs]
   [Parallel Time: 168.0 ms, GC Workers: 4]
      [GC Worker Start (ms): Min: 11576.0, Avg: 11576.7, Max: 11578.9, Diff: 3.0]
      [Ext Root Scanning (ms): Min: 0.0, Avg: 0.1, Max: 0.2, Diff: 0.2, Sum: 0.5]
      [Update RS (ms): Min: 0.0, Avg: 1.6, Max: 3.0, Diff: 3.0, Sum: 6.4]
         [Processed Buffers: Min: 0, Avg: 37.0, Max: 64, Diff: 64, Sum: 148]
      [Scan RS (ms): Min: 0.0, Avg: 0.2, Max: 0.3, Diff: 0.3, Sum: 0.8]
      [Code Root Scanning (ms): Min: 0.0, Avg: 0.0, Max: 0.0, Diff: 0.0, Sum: 0.0]
      [Object Copy (ms): Min: 162.2, Avg: 163.4, Max: 164.9, Diff: 2.7, Sum: 653.6]
      [Termination (ms): Min: 0.0, Avg: 1.8, Max: 2.4, Diff: 2.4, Sum: 7.2]
         [Termination Attempts: Min: 1, Avg: 1.0, Max: 1, Diff: 0, Sum: 4]
      [GC Worker Other (ms): Min: 0.0, Avg: 0.0, Max: 0.0, Diff: 0.0, Sum: 0.1]
      [GC Worker Total (ms): Min: 164.9, Avg: 167.1, Max: 167.9, Diff: 2.9, Sum: 668.6]
      [GC Worker End (ms): Min: 11743.9, Avg: 11743.9, Max: 11743.9, Diff: 0.0]
   [Code Root Fixup: 0.0 ms]
   [Code Root Purge: 0.0 ms]
   [Clear CT: 0.3 ms]
   [Other: 42.8 ms]
      [Evacuation Failure: 41.3 ms]
      [Choose CSet: 0.0 ms]
      [Ref Proc: 0.1 ms]
      [Ref Enq: 0.0 ms]
      [Redirty Cards: 0.2 ms]
      [Humongous Register: 0.6 ms]
      [Humongous Reclaim: 0.2 ms]
      [Free CSet: 0.3 ms]
   [Eden: 1184.0M(1193.0M)->0.0B(1194.0M) Survivors: 1024.0K->0.0B Heap: 3087.7M(3982.0M)->3087.7M(3982.0M)]
 [Times: user=0.30 sys=0.01, real=0.21 secs] 
2018-01-08T14:50:14.863+0300: 11.787: [Full GC (Allocation Failure)  3087M->770M(2569M), 0.1634871 secs]
   [Eden: 0.0B(1194.0M)->0.0B(895.0M) Survivors: 0.0B->0.0B Heap: 3087.7M(3982.0M)->770.6M(2569.0M)], [Metaspace: 3885K->3885K(1056768K)]
 [Times: user=0.11 sys=0.05, real=0.16 secs] 
2018-01-08T14:50:15.043+0300: 11.967: [GC pause (G1 Humongous Allocation) (young) (initial-mark), 0.0087719 secs]
   [Parallel Time: 6.3 ms, GC Workers: 4]
      [GC Worker Start (ms): Min: 11968.0, Avg: 11968.1, Max: 11968.1, Diff: 0.1]
      [Ext Root Scanning (ms): Min: 0.1, Avg: 0.2, Max: 0.2, Diff: 0.1, Sum: 0.7]
      [Update RS (ms): Min: 0.1, Avg: 0.3, Max: 0.9, Diff: 0.7, Sum: 1.3]
         [Processed Buffers: Min: 3, Avg: 3.5, Max: 4, Diff: 1, Sum: 14]
      [Scan RS (ms): Min: 0.0, Avg: 0.0, Max: 0.0, Diff: 0.0, Sum: 0.0]
      [Code Root Scanning (ms): Min: 0.0, Avg: 0.0, Max: 0.0, Diff: 0.0, Sum: 0.0]
      [Object Copy (ms): Min: 4.9, Avg: 5.0, Max: 5.1, Diff: 0.2, Sum: 19.9]
      [Termination (ms): Min: 0.0, Avg: 0.6, Max: 0.9, Diff: 0.9, Sum: 2.6]
         [Termination Attempts: Min: 1, Avg: 1.0, Max: 1, Diff: 0, Sum: 4]
      [GC Worker Other (ms): Min: 0.0, Avg: 0.0, Max: 0.0, Diff: 0.0, Sum: 0.0]
      [GC Worker Total (ms): Min: 6.1, Avg: 6.1, Max: 6.2, Diff: 0.1, Sum: 24.6]
      [GC Worker End (ms): Min: 11974.2, Avg: 11974.2, Max: 11974.3, Diff: 0.0]
   [Code Root Fixup: 0.0 ms]
   [Code Root Purge: 0.0 ms]
   [Clear CT: 0.1 ms]
   [Other: 2.3 ms]
      [Choose CSet: 0.0 ms]
      [Ref Proc: 0.2 ms]
      [Ref Enq: 0.0 ms]
      [Redirty Cards: 0.0 ms]
      [Humongous Register: 0.4 ms]
      [Humongous Reclaim: 0.1 ms]
      [Free CSet: 0.1 ms]
   [Eden: 38.0M(895.0M)->0.0B(846.0M) Survivors: 0.0B->37.0M Heap: 852.7M(2569.0M)->852.3M(2852.0M)]
 [Times: user=0.02 sys=0.00, real=0.01 secs] 
2018-01-08T14:50:15.052+0300: 11.976: [GC concurrent-root-region-scan-start]
2018-01-08T14:50:15.052+0300: 11.976: [GC concurrent-root-region-scan-end, 0.0000990 secs]
2018-01-08T14:50:15.052+0300: 11.976: [GC concurrent-mark-start]
2018-01-08T14:50:15.057+0300: 11.982: [GC concurrent-mark-end, 0.0053337 secs]
2018-01-08T14:50:15.058+0300: 11.982: [GC remark 2018-01-08T14:50:15.058+0300: 11.982: [Finalize Marking, 0.0055189 secs] 2018-01-08T14:50:15.063+0300: 11.988: [GC ref-proc, 0.0001168 secs] 2018-01-08T14:50:15.063+0300: 11.988: [Unloading, 0.0008103 secs], 0.0086408 secs]
 [Times: user=0.03 sys=0.00, real=0.00 secs] 
2018-01-08T14:50:15.067+0300: 11.991: [GC cleanup 869M->869M(2852M), 0.0035638 secs]
 [Times: user=0.01 sys=0.00, real=0.01 secs] 
2018-01-08T14:50:15.609+0300: 12.534: [GC pause (G1 Evacuation Pause) (young), 0.1165740 secs]
   [Parallel Time: 114.7 ms, GC Workers: 4]
      [GC Worker Start (ms): Min: 12534.4, Avg: 12534.6, Max: 12535.2, Diff: 0.9]
      [Ext Root Scanning (ms): Min: 0.0, Avg: 0.1, Max: 0.2, Diff: 0.2, Sum: 0.5]
      [Update RS (ms): Min: 0.0, Avg: 0.4, Max: 0.8, Diff: 0.8, Sum: 1.6]
         [Processed Buffers: Min: 0, Avg: 4.2, Max: 7, Diff: 7, Sum: 17]
      [Scan RS (ms): Min: 0.0, Avg: 0.1, Max: 0.3, Diff: 0.3, Sum: 0.4]
      [Code Root Scanning (ms): Min: 0.0, Avg: 0.0, Max: 0.0, Diff: 0.0, Sum: 0.0]
      [Object Copy (ms): Min: 113.6, Avg: 113.7, Max: 113.9, Diff: 0.3, Sum: 454.9]
      [Termination (ms): Min: 0.0, Avg: 0.0, Max: 0.0, Diff: 0.0, Sum: 0.0]
         [Termination Attempts: Min: 1, Avg: 1.0, Max: 1, Diff: 0, Sum: 4]
      [GC Worker Other (ms): Min: 0.0, Avg: 0.0, Max: 0.0, Diff: 0.0, Sum: 0.1]
      [GC Worker Total (ms): Min: 113.8, Avg: 114.4, Max: 114.6, Diff: 0.9, Sum: 457.6]
      [GC Worker End (ms): Min: 12649.0, Avg: 12649.0, Max: 12649.0, Diff: 0.0]
   [Code Root Fixup: 0.0 ms]
   [Code Root Purge: 0.0 ms]
   [Clear CT: 0.1 ms]
   [Other: 1.8 ms]
      [Choose CSet: 0.0 ms]
      [Ref Proc: 0.1 ms]
      [Ref Enq: 0.0 ms]
      [Redirty Cards: 0.1 ms]
      [Humongous Register: 0.6 ms]
      [Humongous Reclaim: 0.1 ms]
      [Free CSet: 0.3 ms]
   [Eden: 635.0M(846.0M)->0.0B(1026.0M) Survivors: 37.0M->45.0M Heap: 2142.4M(2852.0M)->2086.7M(3572.0M)]
 [Times: user=0.27 sys=0.11, real=0.11 secs] 
Heap
 garbage-first heap   total 3657728K, used 2197227K [0x00000006c7200000, 0x00000006c7306fa0, 0x00000007c0000000)
  region size 1024K, 105 young (107520K), 45 survivors (46080K)
 Metaspace       used 3891K, capacity 4720K, committed 4864K, reserved 1056768K
  class space    used 442K, capacity 507K, committed 512K, reserved 1048576K
