Java HotSpot(TM) 64-Bit Server VM (25.60-b23) for linux-amd64 JRE (1.8.0_60-b27), built on Aug  4 2015 12:19:40 by "java_re" with gcc 4.3.0 20080428 (Red Hat 4.3.0-8)
Memory: 4k page, physical 16303120k(1284896k free), swap 3998716k(3998716k free)
CommandLine flags: -XX:G1HeapRegionSize=1048576 -XX:InitialHeapSize=260849920 -XX:MaxHeapSize=4173598720 -XX:+PrintGC -XX:+PrintGCDateStamps -XX:+PrintGCDetails -XX:+PrintGCTimeStamps -XX:+UseCompressedClassPointers -XX:+UseCompressedOops -XX:+UseG1GC 
2018-01-08T14:40:28.097+0300: 0.213: [GC pause (G1 Evacuation Pause) (young), 0.0037202 secs]
   [Parallel Time: 2.9 ms, GC Workers: 4]
      [GC Worker Start (ms): Min: 213.2, Avg: 214.0, Max: 216.0, Diff: 2.8]
      [Ext Root Scanning (ms): Min: 0.0, Avg: 0.3, Max: 0.5, Diff: 0.5, Sum: 1.2]
      [Update RS (ms): Min: 0.0, Avg: 0.0, Max: 0.0, Diff: 0.0, Sum: 0.0]
         [Processed Buffers: Min: 0, Avg: 0.0, Max: 0, Diff: 0, Sum: 0]
      [Scan RS (ms): Min: 0.0, Avg: 0.0, Max: 0.0, Diff: 0.0, Sum: 0.0]
      [Code Root Scanning (ms): Min: 0.0, Avg: 0.0, Max: 0.0, Diff: 0.0, Sum: 0.1]
      [Object Copy (ms): Min: 0.0, Avg: 1.6, Max: 2.2, Diff: 2.2, Sum: 6.5]
      [Termination (ms): Min: 0.0, Avg: 0.1, Max: 0.2, Diff: 0.2, Sum: 0.4]
         [Termination Attempts: Min: 1, Avg: 1.0, Max: 1, Diff: 0, Sum: 4]
      [GC Worker Other (ms): Min: 0.0, Avg: 0.0, Max: 0.0, Diff: 0.0, Sum: 0.0]
      [GC Worker Total (ms): Min: 0.0, Avg: 2.0, Max: 2.9, Diff: 2.8, Sum: 8.2]
      [GC Worker End (ms): Min: 216.0, Avg: 216.0, Max: 216.0, Diff: 0.0]
   [Code Root Fixup: 0.0 ms]
   [Code Root Purge: 0.0 ms]
   [Clear CT: 0.0 ms]
   [Other: 0.7 ms]
      [Choose CSet: 0.0 ms]
      [Ref Proc: 0.6 ms]
      [Ref Enq: 0.0 ms]
      [Redirty Cards: 0.0 ms]
      [Humongous Register: 0.0 ms]
      [Humongous Reclaim: 0.0 ms]
      [Free CSet: 0.0 ms]
   [Eden: 14.0M(14.0M)->0.0B(10.0M) Survivors: 0.0B->2048.0K Heap: 30.2M(250.0M)->28.8M(250.0M)]
 [Times: user=0.00 sys=0.01, real=0.00 secs] 
2018-01-08T14:40:28.104+0300: 0.220: [GC pause (G1 Evacuation Pause) (young), 0.0027502 secs]
   [Parallel Time: 2.5 ms, GC Workers: 4]
      [GC Worker Start (ms): Min: 219.8, Avg: 221.0, Max: 222.2, Diff: 2.4]
      [Ext Root Scanning (ms): Min: 0.0, Avg: 0.1, Max: 0.3, Diff: 0.3, Sum: 0.5]
      [Update RS (ms): Min: 0.0, Avg: 0.0, Max: 0.1, Diff: 0.1, Sum: 0.1]
         [Processed Buffers: Min: 0, Avg: 1.0, Max: 2, Diff: 2, Sum: 4]
      [Scan RS (ms): Min: 0.0, Avg: 0.0, Max: 0.0, Diff: 0.0, Sum: 0.0]
      [Code Root Scanning (ms): Min: 0.0, Avg: 0.0, Max: 0.1, Diff: 0.1, Sum: 0.1]
      [Object Copy (ms): Min: 0.0, Avg: 1.0, Max: 1.9, Diff: 1.9, Sum: 3.8]
      [Termination (ms): Min: 0.0, Avg: 0.1, Max: 0.2, Diff: 0.2, Sum: 0.4]
         [Termination Attempts: Min: 1, Avg: 1.0, Max: 1, Diff: 0, Sum: 4]
      [GC Worker Other (ms): Min: 0.0, Avg: 0.0, Max: 0.0, Diff: 0.0, Sum: 0.0]
      [GC Worker Total (ms): Min: 0.0, Avg: 1.2, Max: 2.5, Diff: 2.4, Sum: 5.0]
      [GC Worker End (ms): Min: 222.2, Avg: 222.2, Max: 222.2, Diff: 0.0]
   [Code Root Fixup: 0.0 ms]
   [Code Root Purge: 0.0 ms]
   [Clear CT: 0.0 ms]
   [Other: 0.2 ms]
      [Choose CSet: 0.0 ms]
      [Ref Proc: 0.1 ms]
      [Ref Enq: 0.0 ms]
      [Redirty Cards: 0.0 ms]
      [Humongous Register: 0.0 ms]
      [Humongous Reclaim: 0.0 ms]
      [Free CSet: 0.0 ms]
   [Eden: 10.0M(10.0M)->0.0B(15.0M) Survivors: 2048.0K->2048.0K Heap: 43.2M(250.0M)->41.8M(250.0M)]
 [Times: user=0.00 sys=0.00, real=0.00 secs] 
2018-01-08T14:40:28.113+0300: 0.229: [GC pause (G1 Evacuation Pause) (young), 0.0039266 secs]
   [Parallel Time: 3.4 ms, GC Workers: 4]
      [GC Worker Start (ms): Min: 228.8, Avg: 230.7, Max: 232.2, Diff: 3.3]
      [Ext Root Scanning (ms): Min: 0.0, Avg: 0.1, Max: 0.3, Diff: 0.3, Sum: 0.3]
      [Update RS (ms): Min: 0.0, Avg: 0.2, Max: 0.7, Diff: 0.7, Sum: 0.7]
         [Processed Buffers: Min: 0, Avg: 1.5, Max: 3, Diff: 3, Sum: 6]
      [Scan RS (ms): Min: 0.0, Avg: 0.0, Max: 0.0, Diff: 0.0, Sum: 0.0]
      [Code Root Scanning (ms): Min: 0.0, Avg: 0.0, Max: 0.0, Diff: 0.0, Sum: 0.0]
      [Object Copy (ms): Min: 0.0, Avg: 1.2, Max: 2.4, Diff: 2.4, Sum: 4.6]
      [Termination (ms): Min: 0.0, Avg: 0.1, Max: 0.2, Diff: 0.2, Sum: 0.4]
         [Termination Attempts: Min: 1, Avg: 1.0, Max: 1, Diff: 0, Sum: 4]
      [GC Worker Other (ms): Min: 0.0, Avg: 0.0, Max: 0.0, Diff: 0.0, Sum: 0.0]
      [GC Worker Total (ms): Min: 0.0, Avg: 1.5, Max: 3.3, Diff: 3.3, Sum: 6.0]
      [GC Worker End (ms): Min: 232.2, Avg: 232.2, Max: 232.2, Diff: 0.0]
   [Code Root Fixup: 0.0 ms]
   [Code Root Purge: 0.0 ms]
   [Clear CT: 0.1 ms]
   [Other: 0.4 ms]
      [Choose CSet: 0.0 ms]
      [Ref Proc: 0.3 ms]
      [Ref Enq: 0.0 ms]
      [Redirty Cards: 0.0 ms]
      [Humongous Register: 0.0 ms]
      [Humongous Reclaim: 0.0 ms]
      [Free CSet: 0.0 ms]
   [Eden: 15.0M(15.0M)->0.0B(20.0M) Survivors: 2048.0K->3072.0K Heap: 74.4M(250.0M)->73.7M(250.0M)]
 [Times: user=0.00 sys=0.00, real=0.00 secs] 
2018-01-08T14:40:28.122+0300: 0.238: [GC pause (G1 Humongous Allocation) (young) (initial-mark), 0.0097284 secs]
   [Parallel Time: 7.2 ms, GC Workers: 4]
      [GC Worker Start (ms): Min: 237.8, Avg: 238.0, Max: 238.3, Diff: 0.5]
      [Ext Root Scanning (ms): Min: 0.0, Avg: 3.2, Max: 7.0, Diff: 7.0, Sum: 12.6]
      [Update RS (ms): Min: 0.0, Avg: 0.0, Max: 0.1, Diff: 0.1, Sum: 0.1]
         [Processed Buffers: Min: 0, Avg: 1.0, Max: 4, Diff: 4, Sum: 4]
      [Scan RS (ms): Min: 0.0, Avg: 0.0, Max: 0.0, Diff: 0.0, Sum: 0.0]
      [Code Root Scanning (ms): Min: 0.0, Avg: 0.0, Max: 0.0, Diff: 0.0, Sum: 0.0]
      [Object Copy (ms): Min: 0.0, Avg: 1.2, Max: 3.3, Diff: 3.3, Sum: 4.6]
      [Termination (ms): Min: 0.0, Avg: 2.5, Max: 3.5, Diff: 3.5, Sum: 10.0]
         [Termination Attempts: Min: 1, Avg: 1.0, Max: 1, Diff: 0, Sum: 4]
      [GC Worker Other (ms): Min: 0.0, Avg: 0.0, Max: 0.0, Diff: 0.0, Sum: 0.0]
      [GC Worker Total (ms): Min: 6.6, Avg: 6.9, Max: 7.1, Diff: 0.5, Sum: 27.4]
      [GC Worker End (ms): Min: 244.9, Avg: 244.9, Max: 244.9, Diff: 0.0]
   [Code Root Fixup: 0.0 ms]
   [Code Root Purge: 0.0 ms]
   [Clear CT: 0.0 ms]
   [Other: 2.5 ms]
      [Choose CSet: 0.0 ms]
      [Ref Proc: 2.4 ms]
      [Ref Enq: 0.0 ms]
      [Redirty Cards: 0.0 ms]
      [Humongous Register: 0.0 ms]
      [Humongous Reclaim: 0.0 ms]
      [Free CSet: 0.0 ms]
   [Eden: 15.0M(20.0M)->0.0B(27.0M) Survivors: 3072.0K->3072.0K Heap: 100.9M(250.0M)->100.2M(250.0M)]
 [Times: user=0.02 sys=0.00, real=0.01 secs] 
2018-01-08T14:40:28.132+0300: 0.248: [GC concurrent-root-region-scan-start]
2018-01-08T14:40:28.132+0300: 0.248: [GC concurrent-root-region-scan-end, 0.0005947 secs]
2018-01-08T14:40:28.132+0300: 0.248: [GC concurrent-mark-start]
2018-01-08T14:40:28.134+0300: 0.250: [GC concurrent-mark-end, 0.0017426 secs]
2018-01-08T14:40:28.134+0300: 0.250: [GC remark 2018-01-08T14:40:28.134+0300: 0.250: [Finalize Marking, 0.0001536 secs] 2018-01-08T14:40:28.134+0300: 0.250: [GC ref-proc, 0.0000658 secs] 2018-01-08T14:40:28.134+0300: 0.250: [Unloading, 0.0007268 secs], 0.0015122 secs]
 [Times: user=0.00 sys=0.00, real=0.00 secs] 
2018-01-08T14:40:28.136+0300: 0.252: [GC cleanup 112M->112M(250M), 0.0005622 secs]
 [Times: user=0.00 sys=0.00, real=0.00 secs] 
2018-01-08T14:40:28.146+0300: 0.262: [GC pause (G1 Evacuation Pause) (young), 0.0066412 secs]
   [Parallel Time: 6.0 ms, GC Workers: 4]
      [GC Worker Start (ms): Min: 262.5, Avg: 262.6, Max: 262.9, Diff: 0.4]
      [Ext Root Scanning (ms): Min: 0.0, Avg: 0.2, Max: 0.4, Diff: 0.4, Sum: 0.6]
      [Update RS (ms): Min: 0.0, Avg: 0.0, Max: 0.1, Diff: 0.1, Sum: 0.1]
         [Processed Buffers: Min: 0, Avg: 1.5, Max: 4, Diff: 4, Sum: 6]
      [Scan RS (ms): Min: 0.0, Avg: 0.0, Max: 0.0, Diff: 0.0, Sum: 0.0]
      [Code Root Scanning (ms): Min: 0.0, Avg: 0.0, Max: 0.0, Diff: 0.0, Sum: 0.0]
      [Object Copy (ms): Min: 4.2, Avg: 5.0, Max: 5.6, Diff: 1.4, Sum: 20.1]
      [Termination (ms): Min: 0.0, Avg: 0.6, Max: 1.3, Diff: 1.3, Sum: 2.4]
         [Termination Attempts: Min: 1, Avg: 1.5, Max: 2, Diff: 1, Sum: 6]
      [GC Worker Other (ms): Min: 0.0, Avg: 0.0, Max: 0.0, Diff: 0.0, Sum: 0.0]
      [GC Worker Total (ms): Min: 5.6, Avg: 5.8, Max: 6.0, Diff: 0.4, Sum: 23.2]
      [GC Worker End (ms): Min: 268.4, Avg: 268.4, Max: 268.4, Diff: 0.0]
   [Code Root Fixup: 0.0 ms]
   [Code Root Purge: 0.0 ms]
   [Clear CT: 0.0 ms]
   [Other: 0.6 ms]
      [Choose CSet: 0.0 ms]
      [Ref Proc: 0.1 ms]
      [Ref Enq: 0.0 ms]
      [Redirty Cards: 0.0 ms]
      [Humongous Register: 0.4 ms]
      [Humongous Reclaim: 0.0 ms]
      [Free CSet: 0.0 ms]
   [Eden: 27.0M(27.0M)->0.0B(8192.0K) Survivors: 3072.0K->4096.0K Heap: 160.6M(250.0M)->161.8M(250.0M)]
 [Times: user=0.01 sys=0.01, real=0.01 secs] 
2018-01-08T14:40:28.154+0300: 0.270: [GC pause (G1 Humongous Allocation) (young) (initial-mark), 0.0035779 secs]
   [Parallel Time: 1.4 ms, GC Workers: 4]
      [GC Worker Start (ms): Min: 270.3, Avg: 270.4, Max: 270.6, Diff: 0.3]
      [Ext Root Scanning (ms): Min: 0.0, Avg: 0.6, Max: 1.3, Diff: 1.3, Sum: 2.2]
      [Update RS (ms): Min: 0.0, Avg: 0.1, Max: 0.3, Diff: 0.3, Sum: 0.3]
         [Processed Buffers: Min: 0, Avg: 1.8, Max: 5, Diff: 5, Sum: 7]
      [Scan RS (ms): Min: 0.0, Avg: 0.0, Max: 0.0, Diff: 0.0, Sum: 0.0]
      [Code Root Scanning (ms): Min: 0.0, Avg: 0.0, Max: 0.0, Diff: 0.0, Sum: 0.0]
      [Object Copy (ms): Min: 0.0, Avg: 0.4, Max: 0.8, Diff: 0.7, Sum: 1.6]
      [Termination (ms): Min: 0.0, Avg: 0.2, Max: 0.3, Diff: 0.3, Sum: 0.7]
         [Termination Attempts: Min: 1, Avg: 1.0, Max: 1, Diff: 0, Sum: 4]
      [GC Worker Other (ms): Min: 0.0, Avg: 0.0, Max: 0.0, Diff: 0.0, Sum: 0.0]
      [GC Worker Total (ms): Min: 1.0, Avg: 1.2, Max: 1.3, Diff: 0.3, Sum: 4.9]
      [GC Worker End (ms): Min: 271.6, Avg: 271.6, Max: 271.6, Diff: 0.0]
   [Code Root Fixup: 0.0 ms]
   [Code Root Purge: 0.0 ms]
   [Clear CT: 0.1 ms]
   [Other: 2.1 ms]
      [Choose CSet: 0.0 ms]
      [Ref Proc: 0.5 ms]
      [Ref Enq: 0.0 ms]
      [Redirty Cards: 0.0 ms]
      [Humongous Register: 0.0 ms]
      [Humongous Reclaim: 0.0 ms]
      [Free CSet: 0.0 ms]
   [Eden: 1024.0K(8192.0K)->0.0B(51.0M) Survivors: 4096.0K->1024.0K Heap: 162.2M(250.0M)->161.9M(500.0M)]
 [Times: user=0.00 sys=0.01, real=0.01 secs] 
2018-01-08T14:40:28.158+0300: 0.274: [GC concurrent-root-region-scan-start]
2018-01-08T14:40:28.158+0300: 0.274: [GC concurrent-root-region-scan-end, 0.0003265 secs]
2018-01-08T14:40:28.158+0300: 0.274: [GC concurrent-mark-start]
2018-01-08T14:40:28.162+0300: 0.278: [GC concurrent-mark-end, 0.0038473 secs]
2018-01-08T14:40:28.162+0300: 0.278: [GC remark 2018-01-08T14:40:28.162+0300: 0.278: [Finalize Marking, 0.0001439 secs] 2018-01-08T14:40:28.162+0300: 0.278: [GC ref-proc, 0.0000808 secs] 2018-01-08T14:40:28.162+0300: 0.278: [Unloading, 0.0009969 secs], 0.0017671 secs]
 [Times: user=0.01 sys=0.00, real=0.00 secs] 
2018-01-08T14:40:28.164+0300: 0.280: [GC cleanup 185M->185M(500M), 0.0014043 secs]
 [Times: user=0.00 sys=0.00, real=0.00 secs] 
2018-01-08T14:40:28.190+0300: 0.306: [GC pause (G1 Evacuation Pause) (young), 0.0123174 secs]
   [Parallel Time: 6.1 ms, GC Workers: 4]
      [GC Worker Start (ms): Min: 306.1, Avg: 307.6, Max: 312.1, Diff: 6.1]
      [Ext Root Scanning (ms): Min: 0.0, Avg: 0.1, Max: 0.2, Diff: 0.2, Sum: 0.5]
      [Update RS (ms): Min: 0.0, Avg: 0.0, Max: 0.1, Diff: 0.1, Sum: 0.1]
         [Processed Buffers: Min: 0, Avg: 1.2, Max: 2, Diff: 2, Sum: 5]
      [Scan RS (ms): Min: 0.0, Avg: 0.0, Max: 0.0, Diff: 0.0, Sum: 0.0]
      [Code Root Scanning (ms): Min: 0.0, Avg: 0.0, Max: 0.0, Diff: 0.0, Sum: 0.0]
      [Object Copy (ms): Min: 0.0, Avg: 4.3, Max: 5.9, Diff: 5.9, Sum: 17.3]
      [Termination (ms): Min: 0.0, Avg: 0.1, Max: 0.2, Diff: 0.2, Sum: 0.3]
         [Termination Attempts: Min: 1, Avg: 1.0, Max: 1, Diff: 0, Sum: 4]
      [GC Worker Other (ms): Min: 0.0, Avg: 0.0, Max: 0.0, Diff: 0.0, Sum: 0.0]
      [GC Worker Total (ms): Min: 0.0, Avg: 4.6, Max: 6.1, Diff: 6.1, Sum: 18.3]
      [GC Worker End (ms): Min: 312.2, Avg: 312.2, Max: 312.2, Diff: 0.0]
   [Code Root Fixup: 0.0 ms]
   [Code Root Purge: 0.0 ms]
   [Clear CT: 0.1 ms]
   [Other: 6.1 ms]
      [Choose CSet: 0.0 ms]
      [Ref Proc: 3.0 ms]
      [Ref Enq: 0.0 ms]
      [Redirty Cards: 0.0 ms]
      [Humongous Register: 0.1 ms]
      [Humongous Reclaim: 0.0 ms]
      [Free CSet: 0.0 ms]
   [Eden: 51.0M(51.0M)->0.0B(57.0M) Survivors: 1024.0K->7168.0K Heap: 282.0M(500.0M)->281.8M(1000.0M)]
 [Times: user=0.03 sys=0.00, real=0.01 secs] 
2018-01-08T14:40:28.229+0300: 0.345: [GC pause (G1 Humongous Allocation) (young) (initial-mark), 0.0195192 secs]
   [Parallel Time: 15.3 ms, GC Workers: 4]
      [GC Worker Start (ms): Min: 345.7, Avg: 346.1, Max: 346.4, Diff: 0.7]
      [Ext Root Scanning (ms): Min: 0.0, Avg: 6.1, Max: 14.9, Diff: 14.8, Sum: 24.3]
      [Update RS (ms): Min: 0.0, Avg: 0.1, Max: 0.1, Diff: 0.1, Sum: 0.2]
         [Processed Buffers: Min: 0, Avg: 1.2, Max: 3, Diff: 3, Sum: 5]
      [Scan RS (ms): Min: 0.0, Avg: 0.0, Max: 0.0, Diff: 0.0, Sum: 0.0]
      [Code Root Scanning (ms): Min: 0.0, Avg: 0.0, Max: 0.0, Diff: 0.0, Sum: 0.0]
      [Object Copy (ms): Min: 0.0, Avg: 4.3, Max: 8.6, Diff: 8.6, Sum: 17.0]
      [Termination (ms): Min: 0.0, Avg: 4.4, Max: 6.0, Diff: 6.0, Sum: 17.8]
         [Termination Attempts: Min: 1, Avg: 1.0, Max: 1, Diff: 0, Sum: 4]
      [GC Worker Other (ms): Min: 0.0, Avg: 0.0, Max: 0.0, Diff: 0.0, Sum: 0.0]
      [GC Worker Total (ms): Min: 14.6, Avg: 14.8, Max: 15.3, Diff: 0.7, Sum: 59.4]
      [GC Worker End (ms): Min: 361.0, Avg: 361.0, Max: 361.0, Diff: 0.0]
   [Code Root Fixup: 0.0 ms]
   [Code Root Purge: 0.0 ms]
   [Clear CT: 0.1 ms]
   [Other: 4.0 ms]
      [Choose CSet: 0.0 ms]
      [Ref Proc: 0.2 ms]
      [Ref Enq: 0.0 ms]
      [Redirty Cards: 0.1 ms]
      [Humongous Register: 0.1 ms]
      [Humongous Reclaim: 0.0 ms]
      [Free CSet: 0.0 ms]
   [Eden: 48.0M(57.0M)->0.0B(71.0M) Survivors: 7168.0K->8192.0K Heap: 385.8M(1000.0M)->385.9M(1597.0M)]
 [Times: user=0.03 sys=0.01, real=0.02 secs] 
2018-01-08T14:40:28.249+0300: 0.365: [GC concurrent-root-region-scan-start]
2018-01-08T14:40:28.249+0300: 0.365: [GC concurrent-root-region-scan-end, 0.0001490 secs]
2018-01-08T14:40:28.249+0300: 0.365: [GC concurrent-mark-start]
2018-01-08T14:40:28.251+0300: 0.367: [GC concurrent-mark-end, 0.0021904 secs]
2018-01-08T14:40:28.252+0300: 0.368: [GC remark 2018-01-08T14:40:28.252+0300: 0.368: [Finalize Marking, 0.0002435 secs] 2018-01-08T14:40:28.252+0300: 0.368: [GC ref-proc, 0.0000836 secs] 2018-01-08T14:40:28.252+0300: 0.368: [Unloading, 0.0006794 secs], 0.0020787 secs]
 [Times: user=0.00 sys=0.00, real=0.00 secs] 
2018-01-08T14:40:28.254+0300: 0.370: [GC cleanup 388M->388M(1597M), 0.0027633 secs]
 [Times: user=0.01 sys=0.00, real=0.00 secs] 
2018-01-08T14:40:28.297+0300: 0.413: [GC pause (G1 Evacuation Pause) (young), 0.0170793 secs]
   [Parallel Time: 11.2 ms, GC Workers: 4]
      [GC Worker Start (ms): Min: 413.5, Avg: 415.3, Max: 417.0, Diff: 3.5]
      [Ext Root Scanning (ms): Min: 0.0, Avg: 0.1, Max: 0.2, Diff: 0.2, Sum: 0.4]
      [Update RS (ms): Min: 0.0, Avg: 0.1, Max: 0.2, Diff: 0.2, Sum: 0.2]
         [Processed Buffers: Min: 0, Avg: 1.0, Max: 2, Diff: 2, Sum: 4]
      [Scan RS (ms): Min: 0.0, Avg: 0.0, Max: 0.0, Diff: 0.0, Sum: 0.0]
      [Code Root Scanning (ms): Min: 0.0, Avg: 0.0, Max: 0.0, Diff: 0.0, Sum: 0.0]
      [Object Copy (ms): Min: 7.3, Avg: 9.0, Max: 10.6, Diff: 3.2, Sum: 35.9]
      [Termination (ms): Min: 0.0, Avg: 0.1, Max: 0.2, Diff: 0.2, Sum: 0.6]
         [Termination Attempts: Min: 1, Avg: 1.0, Max: 1, Diff: 0, Sum: 4]
      [GC Worker Other (ms): Min: 0.0, Avg: 0.0, Max: 0.0, Diff: 0.0, Sum: 0.0]
      [GC Worker Total (ms): Min: 7.5, Avg: 9.3, Max: 11.1, Diff: 3.5, Sum: 37.2]
      [GC Worker End (ms): Min: 424.5, Avg: 424.6, Max: 424.6, Diff: 0.0]
   [Code Root Fixup: 0.0 ms]
   [Code Root Purge: 0.0 ms]
   [Clear CT: 0.1 ms]
   [Other: 5.8 ms]
      [Choose CSet: 0.0 ms]
      [Ref Proc: 2.4 ms]
      [Ref Enq: 0.0 ms]
      [Redirty Cards: 0.3 ms]
      [Humongous Register: 0.2 ms]
      [Humongous Reclaim: 0.1 ms]
      [Free CSet: 0.1 ms]
   [Eden: 71.0M(71.0M)->0.0B(93.0M) Survivors: 8192.0K->10.0M Heap: 539.6M(1597.0M)->540.4M(2074.0M)]
 [Times: user=0.02 sys=0.01, real=0.01 secs] 
2018-01-08T14:40:28.373+0300: 0.489: [GC pause (G1 Evacuation Pause) (young), 0.0169447 secs]
   [Parallel Time: 13.9 ms, GC Workers: 4]
      [GC Worker Start (ms): Min: 489.6, Avg: 491.4, Max: 496.8, Diff: 7.2]
      [Ext Root Scanning (ms): Min: 0.0, Avg: 0.1, Max: 0.2, Diff: 0.2, Sum: 0.5]
      [Update RS (ms): Min: 0.0, Avg: 0.1, Max: 0.3, Diff: 0.3, Sum: 0.4]
         [Processed Buffers: Min: 0, Avg: 1.5, Max: 3, Diff: 3, Sum: 6]
      [Scan RS (ms): Min: 0.0, Avg: 0.0, Max: 0.0, Diff: 0.0, Sum: 0.1]
      [Code Root Scanning (ms): Min: 0.0, Avg: 0.0, Max: 0.0, Diff: 0.0, Sum: 0.0]
      [Object Copy (ms): Min: 6.6, Avg: 11.7, Max: 13.5, Diff: 6.9, Sum: 46.8]
      [Termination (ms): Min: 0.0, Avg: 0.1, Max: 0.2, Diff: 0.2, Sum: 0.4]
         [Termination Attempts: Min: 1, Avg: 1.2, Max: 2, Diff: 1, Sum: 5]
      [GC Worker Other (ms): Min: 0.0, Avg: 0.0, Max: 0.0, Diff: 0.0, Sum: 0.0]
      [GC Worker Total (ms): Min: 6.7, Avg: 12.1, Max: 13.9, Diff: 7.2, Sum: 48.3]
      [GC Worker End (ms): Min: 503.5, Avg: 503.5, Max: 503.5, Diff: 0.0]
   [Code Root Fixup: 0.0 ms]
   [Code Root Purge: 0.0 ms]
   [Clear CT: 0.0 ms]
   [Other: 3.0 ms]
      [Choose CSet: 0.0 ms]
      [Ref Proc: 0.2 ms]
      [Ref Enq: 0.0 ms]
      [Redirty Cards: 0.0 ms]
      [Humongous Register: 0.3 ms]
      [Humongous Reclaim: 0.1 ms]
      [Free CSet: 0.1 ms]
   [Eden: 93.0M(93.0M)->0.0B(109.0M) Survivors: 10.0M->13.0M Heap: 759.2M(2074.0M)->761.3M(2456.0M)]
 [Times: user=0.03 sys=0.02, real=0.02 secs] 
2018-01-08T14:40:28.440+0300: 0.556: [GC pause (G1 Humongous Allocation) (young) (initial-mark), 0.0156865 secs]
   [Parallel Time: 12.8 ms, GC Workers: 4]
      [GC Worker Start (ms): Min: 559.8, Avg: 560.1, Max: 560.2, Diff: 0.4]
      [Ext Root Scanning (ms): Min: 0.0, Avg: 0.3, Max: 0.5, Diff: 0.5, Sum: 1.1]
      [Update RS (ms): Min: 0.0, Avg: 0.2, Max: 0.6, Diff: 0.6, Sum: 0.7]
         [Processed Buffers: Min: 0, Avg: 1.5, Max: 3, Diff: 3, Sum: 6]
      [Scan RS (ms): Min: 0.0, Avg: 0.0, Max: 0.0, Diff: 0.0, Sum: 0.0]
      [Code Root Scanning (ms): Min: 0.0, Avg: 0.0, Max: 0.0, Diff: 0.0, Sum: 0.0]
      [Object Copy (ms): Min: 7.8, Avg: 8.2, Max: 8.4, Diff: 0.6, Sum: 32.6]
      [Termination (ms): Min: 0.0, Avg: 0.2, Max: 0.3, Diff: 0.3, Sum: 0.7]
         [Termination Attempts: Min: 1, Avg: 1.0, Max: 1, Diff: 0, Sum: 4]
      [GC Worker Other (ms): Min: 0.0, Avg: 0.0, Max: 0.0, Diff: 0.0, Sum: 0.0]
      [GC Worker Total (ms): Min: 8.6, Avg: 8.8, Max: 9.1, Diff: 0.5, Sum: 35.2]
      [GC Worker End (ms): Min: 568.9, Avg: 568.9, Max: 569.0, Diff: 0.1]
   [Code Root Fixup: 0.0 ms]
   [Code Root Purge: 0.0 ms]
   [Clear CT: 0.1 ms]
   [Other: 2.8 ms]
      [Choose CSet: 0.0 ms]
      [Ref Proc: 0.2 ms]
      [Ref Enq: 0.0 ms]
      [Redirty Cards: 0.1 ms]
      [Humongous Register: 0.3 ms]
      [Humongous Reclaim: 0.1 ms]
      [Free CSet: 0.0 ms]
   [Eden: 53.0M(109.0M)->0.0B(133.0M) Survivors: 13.0M->16.0M Heap: 890.8M(2456.0M)->889.5M(2762.0M)]
 [Times: user=0.02 sys=0.01, real=0.01 secs] 
2018-01-08T14:40:28.456+0300: 0.572: [GC concurrent-root-region-scan-start]
2018-01-08T14:40:28.456+0300: 0.572: [GC concurrent-root-region-scan-end, 0.0002137 secs]
2018-01-08T14:40:28.456+0300: 0.572: [GC concurrent-mark-start]
2018-01-08T14:40:28.459+0300: 0.575: [GC concurrent-mark-end, 0.0033963 secs]
2018-01-08T14:40:28.459+0300: 0.575: [GC remark 2018-01-08T14:40:28.459+0300: 0.575: [Finalize Marking, 0.0001184 secs] 2018-01-08T14:40:28.459+0300: 0.575: [GC ref-proc, 0.0000728 secs] 2018-01-08T14:40:28.460+0300: 0.576: [Unloading, 0.0004775 secs], 0.0024165 secs]
 [Times: user=0.01 sys=0.00, real=0.00 secs] 
2018-01-08T14:40:28.462+0300: 0.578: [GC cleanup 898M->898M(2762M), 0.0020871 secs]
 [Times: user=0.01 sys=0.00, real=0.00 secs] 
2018-01-08T14:40:28.554+0300: 0.670: [GC pause (G1 Evacuation Pause) (young), 0.0241198 secs]
   [Parallel Time: 21.6 ms, GC Workers: 4]
      [GC Worker Start (ms): Min: 670.7, Avg: 671.8, Max: 675.1, Diff: 4.4]
      [Ext Root Scanning (ms): Min: 0.0, Avg: 0.2, Max: 0.4, Diff: 0.4, Sum: 0.7]
      [Update RS (ms): Min: 0.0, Avg: 0.1, Max: 0.5, Diff: 0.5, Sum: 0.5]
         [Processed Buffers: Min: 0, Avg: 1.5, Max: 3, Diff: 3, Sum: 6]
      [Scan RS (ms): Min: 0.0, Avg: 0.0, Max: 0.1, Diff: 0.1, Sum: 0.1]
      [Code Root Scanning (ms): Min: 0.0, Avg: 0.0, Max: 0.0, Diff: 0.0, Sum: 0.0]
      [Object Copy (ms): Min: 17.0, Avg: 20.0, Max: 21.1, Diff: 4.1, Sum: 79.8]
      [Termination (ms): Min: 0.0, Avg: 0.1, Max: 0.1, Diff: 0.1, Sum: 0.2]
         [Termination Attempts: Min: 1, Avg: 1.0, Max: 1, Diff: 0, Sum: 4]
      [GC Worker Other (ms): Min: 0.0, Avg: 0.0, Max: 0.0, Diff: 0.0, Sum: 0.0]
      [GC Worker Total (ms): Min: 17.1, Avg: 20.4, Max: 21.5, Diff: 4.5, Sum: 81.4]
      [GC Worker End (ms): Min: 692.2, Avg: 692.2, Max: 692.2, Diff: 0.0]
   [Code Root Fixup: 0.0 ms]
   [Code Root Purge: 0.0 ms]
   [Clear CT: 0.1 ms]
   [Other: 2.5 ms]
      [Choose CSet: 0.0 ms]
      [Ref Proc: 0.2 ms]
      [Ref Enq: 0.0 ms]
      [Redirty Cards: 0.0 ms]
      [Humongous Register: 0.5 ms]
      [Humongous Reclaim: 0.1 ms]
      [Free CSet: 0.1 ms]
   [Eden: 133.0M(133.0M)->0.0B(162.0M) Survivors: 16.0M->19.0M Heap: 1183.9M(2762.0M)->1184.7M(3006.0M)]
 [Times: user=0.02 sys=0.05, real=0.03 secs] 
2018-01-08T14:40:28.579+0300: 0.695: [GC pause (G1 Humongous Allocation) (young) (initial-mark), 0.0052374 secs]
   [Parallel Time: 3.1 ms, GC Workers: 4]
      [GC Worker Start (ms): Min: 695.2, Avg: 695.3, Max: 695.4, Diff: 0.2]
      [Ext Root Scanning (ms): Min: 0.0, Avg: 0.2, Max: 0.4, Diff: 0.4, Sum: 0.8]
      [Update RS (ms): Min: 0.0, Avg: 0.2, Max: 0.6, Diff: 0.6, Sum: 0.8]
         [Processed Buffers: Min: 0, Avg: 1.5, Max: 2, Diff: 2, Sum: 6]
      [Scan RS (ms): Min: 0.0, Avg: 0.0, Max: 0.0, Diff: 0.0, Sum: 0.0]
      [Code Root Scanning (ms): Min: 0.0, Avg: 0.0, Max: 0.0, Diff: 0.0, Sum: 0.0]
      [Object Copy (ms): Min: 2.1, Avg: 2.5, Max: 2.7, Diff: 0.6, Sum: 10.0]
      [Termination (ms): Min: 0.0, Avg: 0.1, Max: 0.1, Diff: 0.1, Sum: 0.3]
         [Termination Attempts: Min: 1, Avg: 1.5, Max: 3, Diff: 2, Sum: 6]
      [GC Worker Other (ms): Min: 0.0, Avg: 0.0, Max: 0.0, Diff: 0.0, Sum: 0.0]
      [GC Worker Total (ms): Min: 2.9, Avg: 3.0, Max: 3.1, Diff: 0.2, Sum: 12.0]
      [GC Worker End (ms): Min: 698.3, Avg: 698.3, Max: 698.3, Diff: 0.0]
   [Code Root Fixup: 0.0 ms]
   [Code Root Purge: 0.0 ms]
   [Clear CT: 0.1 ms]
   [Other: 2.1 ms]
      [Choose CSet: 0.0 ms]
      [Ref Proc: 0.2 ms]
      [Ref Enq: 0.0 ms]
      [Redirty Cards: 0.0 ms]
      [Humongous Register: 0.4 ms]
      [Humongous Reclaim: 0.1 ms]
      [Free CSet: 0.0 ms]
   [Eden: 1024.0K(162.0M)->0.0B(222.0M) Survivors: 19.0M->1024.0K Heap: 1185.6M(3006.0M)->1185.9M(3202.0M)]
 [Times: user=0.01 sys=0.00, real=0.00 secs] 
2018-01-08T14:40:28.584+0300: 0.700: [GC concurrent-root-region-scan-start]
2018-01-08T14:40:28.584+0300: 0.700: [GC concurrent-root-region-scan-end, 0.0000272 secs]
2018-01-08T14:40:28.584+0300: 0.700: [GC concurrent-mark-start]
2018-01-08T14:40:28.590+0300: 0.706: [GC concurrent-mark-end, 0.0060535 secs]
2018-01-08T14:40:28.590+0300: 0.706: [GC remark 2018-01-08T14:40:28.590+0300: 0.706: [Finalize Marking, 0.0001519 secs] 2018-01-08T14:40:28.590+0300: 0.706: [GC ref-proc, 0.0000817 secs] 2018-01-08T14:40:28.590+0300: 0.706: [Unloading, 0.0006315 secs], 0.0035946 secs]
 [Times: user=0.00 sys=0.00, real=0.00 secs] 
2018-01-08T14:40:28.594+0300: 0.710: [GC cleanup 1214M->1214M(3202M), 0.0042680 secs]
 [Times: user=0.01 sys=0.00, real=0.01 secs] 
2018-01-08T14:40:28.753+0300: 0.869: [GC pause (G1 Evacuation Pause) (young), 0.1112841 secs]
   [Parallel Time: 109.1 ms, GC Workers: 4]
      [GC Worker Start (ms): Min: 869.7, Avg: 870.2, Max: 871.7, Diff: 2.0]
      [Ext Root Scanning (ms): Min: 0.0, Avg: 0.1, Max: 0.2, Diff: 0.2, Sum: 0.5]
      [Update RS (ms): Min: 0.0, Avg: 0.2, Max: 0.8, Diff: 0.8, Sum: 1.0]
         [Processed Buffers: Min: 0, Avg: 1.8, Max: 3, Diff: 3, Sum: 7]
      [Scan RS (ms): Min: 0.0, Avg: 0.0, Max: 0.1, Diff: 0.0, Sum: 0.1]
      [Code Root Scanning (ms): Min: 0.0, Avg: 0.0, Max: 0.0, Diff: 0.0, Sum: 0.0]
      [Object Copy (ms): Min: 38.4, Avg: 56.8, Max: 108.7, Diff: 70.3, Sum: 227.0]
      [Termination (ms): Min: 0.0, Avg: 51.3, Max: 68.5, Diff: 68.5, Sum: 205.4]
         [Termination Attempts: Min: 1, Avg: 1.0, Max: 1, Diff: 0, Sum: 4]
      [GC Worker Other (ms): Min: 0.0, Avg: 0.0, Max: 0.0, Diff: 0.0, Sum: 0.0]
      [GC Worker Total (ms): Min: 107.0, Avg: 108.5, Max: 109.0, Diff: 2.0, Sum: 434.1]
      [GC Worker End (ms): Min: 978.7, Avg: 978.7, Max: 978.7, Diff: 0.0]
   [Code Root Fixup: 0.0 ms]
   [Code Root Purge: 0.0 ms]
   [Clear CT: 0.1 ms]
   [Other: 2.1 ms]
      [Choose CSet: 0.0 ms]
      [Ref Proc: 0.1 ms]
      [Ref Enq: 0.0 ms]
      [Redirty Cards: 0.1 ms]
      [Humongous Register: 0.6 ms]
      [Humongous Reclaim: 0.1 ms]
      [Free CSet: 0.1 ms]
   [Eden: 222.0M(222.0M)->0.0B(228.0M) Survivors: 1024.0K->28.0M Heap: 1679.5M(3202.0M)->1679.2M(3358.0M)]
 [Times: user=0.22 sys=0.09, real=0.11 secs] 
2018-01-08T14:40:28.865+0300: 0.981: [GC pause (G1 Humongous Allocation) (young) (initial-mark), 0.0075764 secs]
   [Parallel Time: 5.4 ms, GC Workers: 4]
      [GC Worker Start (ms): Min: 981.3, Avg: 981.4, Max: 981.5, Diff: 0.2]
      [Ext Root Scanning (ms): Min: 0.0, Avg: 1.8, Max: 3.6, Diff: 3.5, Sum: 7.3]
      [Update RS (ms): Min: 0.0, Avg: 0.3, Max: 0.9, Diff: 0.9, Sum: 1.0]
         [Processed Buffers: Min: 0, Avg: 1.5, Max: 3, Diff: 3, Sum: 6]
      [Scan RS (ms): Min: 0.0, Avg: 0.0, Max: 0.0, Diff: 0.0, Sum: 0.0]
      [Code Root Scanning (ms): Min: 0.0, Avg: 0.0, Max: 0.0, Diff: 0.0, Sum: 0.0]
      [Object Copy (ms): Min: 1.4, Avg: 2.9, Max: 4.9, Diff: 3.5, Sum: 11.7]
      [Termination (ms): Min: 0.0, Avg: 0.2, Max: 0.3, Diff: 0.3, Sum: 0.9]
         [Termination Attempts: Min: 1, Avg: 1.0, Max: 1, Diff: 0, Sum: 4]
      [GC Worker Other (ms): Min: 0.0, Avg: 0.0, Max: 0.0, Diff: 0.0, Sum: 0.0]
      [GC Worker Total (ms): Min: 5.1, Avg: 5.2, Max: 5.3, Diff: 0.2, Sum: 20.9]
      [GC Worker End (ms): Min: 986.6, Avg: 986.6, Max: 986.6, Diff: 0.0]
   [Code Root Fixup: 0.0 ms]
   [Code Root Purge: 0.0 ms]
   [Clear CT: 0.1 ms]
   [Other: 2.1 ms]
      [Choose CSet: 0.0 ms]
      [Ref Proc: 0.2 ms]
      [Ref Enq: 0.0 ms]
      [Redirty Cards: 0.1 ms]
      [Humongous Register: 0.6 ms]
      [Humongous Reclaim: 0.1 ms]
      [Free CSet: 0.0 ms]
   [Eden: 1024.0K(228.0M)->0.0B(314.0M) Survivors: 28.0M->1024.0K Heap: 1680.2M(3358.0M)->1680.4M(3483.0M)]
 [Times: user=0.01 sys=0.01, real=0.01 secs] 
2018-01-08T14:40:28.872+0300: 0.988: [GC concurrent-root-region-scan-start]
2018-01-08T14:40:28.872+0300: 0.988: [GC concurrent-root-region-scan-end, 0.0000319 secs]
2018-01-08T14:40:28.872+0300: 0.988: [GC concurrent-mark-start]
2018-01-08T14:40:28.883+0300: 0.999: [GC concurrent-mark-end, 0.0106606 secs]
2018-01-08T14:40:28.883+0300: 0.999: [GC remark 2018-01-08T14:40:28.883+0300: 0.999: [Finalize Marking, 0.0002669 secs] 2018-01-08T14:40:28.883+0300: 0.999: [GC ref-proc, 0.0000684 secs] 2018-01-08T14:40:28.883+0300: 1.000: [Unloading, 0.0005044 secs], 0.0037768 secs]
 [Times: user=0.01 sys=0.00, real=0.00 secs] 
2018-01-08T14:40:28.887+0300: 1.003: [GC cleanup 1701M->1701M(3483M), 0.0020107 secs]
 [Times: user=0.01 sys=0.01, real=0.01 secs] 
2018-01-08T14:40:29.415+0300: 1.531: [GC pause (G1 Evacuation Pause) (young), 0.0735768 secs]
   [Parallel Time: 71.0 ms, GC Workers: 4]
      [GC Worker Start (ms): Min: 1532.1, Avg: 1532.1, Max: 1532.1, Diff: 0.1]
      [Ext Root Scanning (ms): Min: 0.1, Avg: 0.2, Max: 0.2, Diff: 0.1, Sum: 0.7]
      [Update RS (ms): Min: 0.0, Avg: 0.8, Max: 3.0, Diff: 2.9, Sum: 3.1]
         [Processed Buffers: Min: 1, Avg: 2.0, Max: 3, Diff: 2, Sum: 8]
      [Scan RS (ms): Min: 0.0, Avg: 0.1, Max: 0.1, Diff: 0.0, Sum: 0.2]
      [Code Root Scanning (ms): Min: 0.0, Avg: 0.0, Max: 0.0, Diff: 0.0, Sum: 0.0]
      [Object Copy (ms): Min: 67.7, Avg: 69.8, Max: 70.5, Diff: 2.8, Sum: 279.4]
      [Termination (ms): Min: 0.0, Avg: 0.1, Max: 0.1, Diff: 0.1, Sum: 0.2]
         [Termination Attempts: Min: 1, Avg: 1.5, Max: 2, Diff: 1, Sum: 6]
      [GC Worker Other (ms): Min: 0.0, Avg: 0.0, Max: 0.0, Diff: 0.0, Sum: 0.1]
      [GC Worker Total (ms): Min: 70.9, Avg: 70.9, Max: 71.0, Diff: 0.1, Sum: 283.7]
      [GC Worker End (ms): Min: 1603.0, Avg: 1603.0, Max: 1603.0, Diff: 0.0]
   [Code Root Fixup: 0.0 ms]
   [Code Root Purge: 0.0 ms]
   [Clear CT: 0.2 ms]
   [Other: 2.3 ms]
      [Choose CSet: 0.0 ms]
      [Ref Proc: 0.2 ms]
      [Ref Enq: 0.0 ms]
      [Redirty Cards: 0.2 ms]
      [Humongous Register: 0.8 ms]
      [Humongous Reclaim: 0.2 ms]
      [Free CSet: 0.2 ms]
   [Eden: 314.0M(314.0M)->0.0B(240.0M) Survivors: 1024.0K->40.0M Heap: 2222.9M(3483.0M)->2133.0M(3583.0M)]
 [Times: user=0.19 sys=0.02, real=0.08 secs] 
2018-01-08T14:40:29.564+0300: 1.680: [GC pause (G1 Humongous Allocation) (young) (initial-mark), 0.0223566 secs]
   [Parallel Time: 19.9 ms, GC Workers: 4]
      [GC Worker Start (ms): Min: 1681.0, Avg: 1681.1, Max: 1681.3, Diff: 0.3]
      [Ext Root Scanning (ms): Min: 0.0, Avg: 1.1, Max: 3.8, Diff: 3.8, Sum: 4.4]
      [Update RS (ms): Min: 0.0, Avg: 1.3, Max: 2.2, Diff: 2.2, Sum: 5.3]
         [Processed Buffers: Min: 0, Avg: 3.0, Max: 5, Diff: 5, Sum: 12]
      [Scan RS (ms): Min: 1.3, Avg: 3.6, Max: 6.4, Diff: 5.1, Sum: 14.5]
      [Code Root Scanning (ms): Min: 0.0, Avg: 0.0, Max: 0.0, Diff: 0.0, Sum: 0.0]
      [Object Copy (ms): Min: 7.4, Avg: 10.5, Max: 13.0, Diff: 5.5, Sum: 42.1]
      [Termination (ms): Min: 0.0, Avg: 0.9, Max: 1.3, Diff: 1.3, Sum: 3.8]
         [Termination Attempts: Min: 1, Avg: 1.2, Max: 2, Diff: 1, Sum: 5]
      [GC Worker Other (ms): Min: 0.0, Avg: 0.4, Max: 1.7, Diff: 1.7, Sum: 1.7]
      [GC Worker Total (ms): Min: 17.2, Avg: 18.0, Max: 19.9, Diff: 2.6, Sum: 71.8]
      [GC Worker End (ms): Min: 1698.5, Avg: 1699.1, Max: 1700.8, Diff: 2.3]
   [Code Root Fixup: 0.0 ms]
   [Code Root Purge: 0.0 ms]
   [Clear CT: 0.1 ms]
   [Other: 2.3 ms]
      [Choose CSet: 0.0 ms]
      [Ref Proc: 0.1 ms]
      [Ref Enq: 0.0 ms]
      [Redirty Cards: 0.2 ms]
      [Humongous Register: 0.9 ms]
      [Humongous Reclaim: 0.2 ms]
      [Free CSet: 0.1 ms]
   [Eden: 24.0M(240.0M)->0.0B(174.0M) Survivors: 40.0M->9216.0K Heap: 2156.1M(3583.0M)->2141.9M(3663.0M)]
 [Times: user=0.05 sys=0.01, real=0.02 secs] 
2018-01-08T14:40:29.586+0300: 1.702: [GC concurrent-root-region-scan-start]
2018-01-08T14:40:29.604+0300: 1.720: [GC concurrent-root-region-scan-end, 0.0180397 secs]
2018-01-08T14:40:29.604+0300: 1.720: [GC concurrent-mark-start]
2018-01-08T14:40:29.687+0300: 1.803: [GC pause (G1 Evacuation Pause) (young), 0.0293919 secs]
   [Parallel Time: 27.3 ms, GC Workers: 4]
      [GC Worker Start (ms): Min: 1804.4, Avg: 1806.2, Max: 1811.0, Diff: 6.6]
      [Ext Root Scanning (ms): Min: 0.0, Avg: 0.1, Max: 0.2, Diff: 0.2, Sum: 0.5]
      [Update RS (ms): Min: 0.0, Avg: 1.6, Max: 2.9, Diff: 2.9, Sum: 6.5]
         [Processed Buffers: Min: 0, Avg: 3.0, Max: 5, Diff: 5, Sum: 12]
      [Scan RS (ms): Min: 0.0, Avg: 0.0, Max: 0.1, Diff: 0.1, Sum: 0.1]
      [Code Root Scanning (ms): Min: 0.0, Avg: 0.0, Max: 0.0, Diff: 0.0, Sum: 0.0]
      [Object Copy (ms): Min: 20.6, Avg: 23.6, Max: 25.1, Diff: 4.6, Sum: 94.5]
      [Termination (ms): Min: 0.0, Avg: 0.0, Max: 0.1, Diff: 0.1, Sum: 0.1]
         [Termination Attempts: Min: 1, Avg: 1.0, Max: 1, Diff: 0, Sum: 4]
      [GC Worker Other (ms): Min: 0.0, Avg: 0.0, Max: 0.0, Diff: 0.0, Sum: 0.1]
      [GC Worker Total (ms): Min: 20.6, Avg: 25.5, Max: 27.2, Diff: 6.6, Sum: 101.8]
      [GC Worker End (ms): Min: 1831.6, Avg: 1831.6, Max: 1831.6, Diff: 0.0]
   [Code Root Fixup: 0.0 ms]
   [Code Root Purge: 0.0 ms]
   [Clear CT: 0.1 ms]
   [Other: 2.0 ms]
      [Choose CSet: 0.0 ms]
      [Ref Proc: 0.1 ms]
      [Ref Enq: 0.0 ms]
      [Redirty Cards: 0.1 ms]
      [Humongous Register: 1.0 ms]
      [Humongous Reclaim: 0.2 ms]
      [Free CSet: 0.1 ms]
   [Eden: 174.0M(174.0M)->0.0B(163.0M) Survivors: 9216.0K->23.0M Heap: 2519.7M(3663.0M)->2522.6M(3727.0M)]
 [Times: user=0.09 sys=0.00, real=0.03 secs] 
2018-01-08T14:40:29.729+0300: 1.845: [GC concurrent-mark-end, 0.1248942 secs]
2018-01-08T14:40:29.729+0300: 1.845: [GC remark 2018-01-08T14:40:29.729+0300: 1.845: [Finalize Marking, 0.0056679 secs] 2018-01-08T14:40:29.735+0300: 1.851: [GC ref-proc, 0.0000756 secs] 2018-01-08T14:40:29.735+0300: 1.851: [Unloading, 0.0012520 secs], 0.0119406 secs]
 [Times: user=0.03 sys=0.00, real=0.01 secs] 
2018-01-08T14:40:29.742+0300: 1.858: [GC cleanup 2579M->2579M(3727M), 0.0050585 secs]
 [Times: user=0.01 sys=0.00, real=0.00 secs] 
2018-01-08T14:40:29.805+0300: 1.921: [GC pause (G1 Evacuation Pause) (young), 0.0586599 secs]
   [Parallel Time: 56.8 ms, GC Workers: 4]
      [GC Worker Start (ms): Min: 1922.3, Avg: 1923.3, Max: 1924.1, Diff: 1.8]
      [Ext Root Scanning (ms): Min: 0.0, Avg: 0.1, Max: 0.3, Diff: 0.3, Sum: 0.3]
      [Update RS (ms): Min: 0.0, Avg: 0.6, Max: 1.7, Diff: 1.7, Sum: 2.4]
         [Processed Buffers: Min: 0, Avg: 5.0, Max: 10, Diff: 10, Sum: 20]
      [Scan RS (ms): Min: 0.0, Avg: 0.0, Max: 0.1, Diff: 0.1, Sum: 0.2]
      [Code Root Scanning (ms): Min: 0.0, Avg: 0.0, Max: 0.0, Diff: 0.0, Sum: 0.0]
      [Object Copy (ms): Min: 49.8, Avg: 51.4, Max: 55.0, Diff: 5.2, Sum: 205.5]
      [Termination (ms): Min: 0.0, Avg: 3.7, Max: 4.9, Diff: 4.9, Sum: 14.8]
         [Termination Attempts: Min: 1, Avg: 1.0, Max: 1, Diff: 0, Sum: 4]
      [GC Worker Other (ms): Min: 0.0, Avg: 0.0, Max: 0.0, Diff: 0.0, Sum: 0.0]
      [GC Worker Total (ms): Min: 55.0, Avg: 55.8, Max: 56.7, Diff: 1.8, Sum: 223.2]
      [GC Worker End (ms): Min: 1979.1, Avg: 1979.1, Max: 1979.1, Diff: 0.0]
   [Code Root Fixup: 0.0 ms]
   [Code Root Purge: 0.0 ms]
   [Clear CT: 0.1 ms]
   [Other: 1.8 ms]
      [Choose CSet: 0.0 ms]
      [Ref Proc: 0.1 ms]
      [Ref Enq: 0.0 ms]
      [Redirty Cards: 0.0 ms]
      [Humongous Register: 1.1 ms]
      [Humongous Reclaim: 0.2 ms]
      [Free CSet: 0.1 ms]
   [Eden: 156.0M(163.0M)->0.0B(172.0M) Survivors: 23.0M->24.0M Heap: 2861.7M(3727.0M)->2865.7M(3925.0M)]
 [Times: user=0.05 sys=0.05, real=0.06 secs] 
2018-01-08T14:40:29.870+0300: 1.986: [GC pause (G1 Humongous Allocation) (young) (initial-mark), 0.0133410 secs]
   [Parallel Time: 11.5 ms, GC Workers: 4]
      [GC Worker Start (ms): Min: 1987.7, Avg: 1987.8, Max: 1987.9, Diff: 0.3]
      [Ext Root Scanning (ms): Min: 0.0, Avg: 1.8, Max: 6.1, Diff: 6.1, Sum: 7.3]
      [Update RS (ms): Min: 2.1, Avg: 7.0, Max: 9.4, Diff: 7.3, Sum: 27.8]
         [Processed Buffers: Min: 7, Avg: 10.0, Max: 13, Diff: 6, Sum: 40]
      [Scan RS (ms): Min: 0.0, Avg: 0.0, Max: 0.0, Diff: 0.0, Sum: 0.0]
      [Code Root Scanning (ms): Min: 0.0, Avg: 0.0, Max: 0.0, Diff: 0.0, Sum: 0.0]
      [Object Copy (ms): Min: 1.5, Avg: 2.4, Max: 3.4, Diff: 1.9, Sum: 9.8]
      [Termination (ms): Min: 0.0, Avg: 0.1, Max: 0.1, Diff: 0.1, Sum: 0.4]
         [Termination Attempts: Min: 1, Avg: 1.0, Max: 1, Diff: 0, Sum: 4]
      [GC Worker Other (ms): Min: 0.0, Avg: 0.0, Max: 0.0, Diff: 0.0, Sum: 0.0]
      [GC Worker Total (ms): Min: 11.2, Avg: 11.3, Max: 11.5, Diff: 0.3, Sum: 45.3]
      [GC Worker End (ms): Min: 1999.1, Avg: 1999.1, Max: 1999.1, Diff: 0.0]
   [Code Root Fixup: 0.0 ms]
   [Code Root Purge: 0.0 ms]
   [Clear CT: 0.0 ms]
   [Other: 1.8 ms]
      [Choose CSet: 0.0 ms]
      [Ref Proc: 0.0 ms]
      [Ref Enq: 0.0 ms]
      [Redirty Cards: 0.0 ms]
      [Humongous Register: 1.1 ms]
      [Humongous Reclaim: 0.2 ms]
      [Free CSet: 0.0 ms]
   [Eden: 2048.0K(172.0M)->0.0B(194.0M) Survivors: 24.0M->2048.0K Heap: 2867.2M(3925.0M)->2866.9M(3937.0M)]
 [Times: user=0.04 sys=0.00, real=0.01 secs] 
2018-01-08T14:40:29.884+0300: 2.000: [GC concurrent-root-region-scan-start]
2018-01-08T14:40:29.884+0300: 2.000: [GC concurrent-root-region-scan-end, 0.0000377 secs]
2018-01-08T14:40:29.884+0300: 2.000: [GC concurrent-mark-start]
2018-01-08T14:40:29.894+0300: 2.011: [GC concurrent-mark-end, 0.0106830 secs]
2018-01-08T14:40:29.895+0300: 2.011: [GC remark 2018-01-08T14:40:29.895+0300: 2.011: [Finalize Marking, 0.0001440 secs] 2018-01-08T14:40:29.895+0300: 2.011: [GC ref-proc, 0.0000760 secs] 2018-01-08T14:40:29.895+0300: 2.011: [Unloading, 0.0011286 secs], 0.0032669 secs]
 [Times: user=0.00 sys=0.00, real=0.01 secs] 
2018-01-08T14:40:29.898+0300: 2.014: [GC cleanup 2915M->788M(3937M), 0.0033683 secs]
 [Times: user=0.02 sys=0.00, real=0.00 secs] 
2018-01-08T14:40:29.901+0300: 2.017: [GC concurrent-cleanup-start]
2018-01-08T14:40:29.917+0300: 2.033: [GC concurrent-cleanup-end, 0.0158615 secs]
2018-01-08T14:40:29.980+0300: 2.096: [GC pause (G1 Evacuation Pause) (young), 0.0254334 secs]
   [Parallel Time: 24.0 ms, GC Workers: 4]
      [GC Worker Start (ms): Min: 2096.4, Avg: 2096.6, Max: 2096.8, Diff: 0.4]
      [Ext Root Scanning (ms): Min: 0.0, Avg: 0.1, Max: 0.2, Diff: 0.2, Sum: 0.5]
      [Update RS (ms): Min: 0.1, Avg: 0.4, Max: 1.0, Diff: 0.8, Sum: 1.8]
         [Processed Buffers: Min: 3, Avg: 6.2, Max: 8, Diff: 5, Sum: 25]
      [Scan RS (ms): Min: 0.0, Avg: 0.0, Max: 0.1, Diff: 0.0, Sum: 0.1]
      [Code Root Scanning (ms): Min: 0.0, Avg: 0.0, Max: 0.0, Diff: 0.0, Sum: 0.0]
      [Object Copy (ms): Min: 22.7, Avg: 23.2, Max: 23.4, Diff: 0.7, Sum: 92.7]
      [Termination (ms): Min: 0.0, Avg: 0.1, Max: 0.1, Diff: 0.1, Sum: 0.3]
         [Termination Attempts: Min: 1, Avg: 1.0, Max: 1, Diff: 0, Sum: 4]
      [GC Worker Other (ms): Min: 0.0, Avg: 0.0, Max: 0.0, Diff: 0.0, Sum: 0.1]
      [GC Worker Total (ms): Min: 23.6, Avg: 23.9, Max: 24.0, Diff: 0.4, Sum: 95.5]
      [GC Worker End (ms): Min: 2120.4, Avg: 2120.4, Max: 2120.4, Diff: 0.0]
   [Code Root Fixup: 0.0 ms]
   [Code Root Purge: 0.0 ms]
   [Clear CT: 0.1 ms]
   [Other: 1.3 ms]
      [Choose CSet: 0.0 ms]
      [Ref Proc: 0.1 ms]
      [Ref Enq: 0.0 ms]
      [Redirty Cards: 0.1 ms]
      [Humongous Register: 0.5 ms]
      [Humongous Reclaim: 0.1 ms]
      [Free CSet: 0.1 ms]
   [Eden: 194.0M(194.0M)->0.0B(400.0M) Survivors: 2048.0K->25.0M Heap: 1187.8M(3937.0M)->1185.1M(3946.0M)]
 [Times: user=0.09 sys=0.00, real=0.02 secs] 
2018-01-08T14:40:30.066+0300: 2.182: [GC pause (G1 Humongous Allocation) (young) (initial-mark), 0.0345916 secs]
   [Parallel Time: 33.0 ms, GC Workers: 4]
      [GC Worker Start (ms): Min: 2184.9, Avg: 2185.5, Max: 2186.0, Diff: 1.2]
      [Ext Root Scanning (ms): Min: 1.0, Avg: 3.8, Max: 11.9, Diff: 10.9, Sum: 15.3]
      [Update RS (ms): Min: 0.0, Avg: 0.5, Max: 1.5, Diff: 1.5, Sum: 2.0]
         [Processed Buffers: Min: 0, Avg: 6.2, Max: 13, Diff: 13, Sum: 25]
      [Scan RS (ms): Min: 0.0, Avg: 0.0, Max: 0.1, Diff: 0.1, Sum: 0.1]
      [Code Root Scanning (ms): Min: 0.0, Avg: 0.0, Max: 0.0, Diff: 0.0, Sum: 0.0]
      [Object Copy (ms): Min: 17.9, Avg: 21.6, Max: 29.1, Diff: 11.1, Sum: 86.6]
      [Termination (ms): Min: 0.0, Avg: 4.6, Max: 9.1, Diff: 9.1, Sum: 18.4]
         [Termination Attempts: Min: 1, Avg: 1.0, Max: 1, Diff: 0, Sum: 4]
      [GC Worker Other (ms): Min: 0.0, Avg: 0.0, Max: 0.0, Diff: 0.0, Sum: 0.1]
      [GC Worker Total (ms): Min: 30.1, Avg: 30.6, Max: 31.2, Diff: 1.2, Sum: 122.5]
      [GC Worker End (ms): Min: 2216.1, Avg: 2216.1, Max: 2216.1, Diff: 0.0]
   [Code Root Fixup: 0.0 ms]
   [Code Root Purge: 0.0 ms]
   [Clear CT: 0.1 ms]
   [Other: 1.5 ms]
      [Choose CSet: 0.0 ms]
      [Ref Proc: 0.1 ms]
      [Ref Enq: 0.0 ms]
      [Redirty Cards: 0.0 ms]
      [Humongous Register: 0.5 ms]
      [Humongous Reclaim: 0.1 ms]
      [Free CSet: 0.1 ms]
   [Eden: 128.0M(400.0M)->0.0B(497.0M) Survivors: 25.0M->54.0M Heap: 1479.6M(3946.0M)->1478.7M(3954.0M)]
 [Times: user=0.07 sys=0.00, real=0.04 secs] 
2018-01-08T14:40:30.101+0300: 2.217: [GC concurrent-root-region-scan-start]
2018-01-08T14:40:30.101+0300: 2.217: [GC concurrent-root-region-scan-end, 0.0003441 secs]
2018-01-08T14:40:30.101+0300: 2.217: [GC concurrent-mark-start]
2018-01-08T14:40:30.106+0300: 2.222: [GC concurrent-mark-end, 0.0048305 secs]
2018-01-08T14:40:30.106+0300: 2.222: [GC remark 2018-01-08T14:40:30.106+0300: 2.223: [Finalize Marking, 0.0002116 secs] 2018-01-08T14:40:30.107+0300: 2.223: [GC ref-proc, 0.0000752 secs] 2018-01-08T14:40:30.107+0300: 2.223: [Unloading, 0.0008098 secs], 0.0059137 secs]
 [Times: user=0.00 sys=0.00, real=0.01 secs] 
2018-01-08T14:40:30.116+0300: 2.232: [GC cleanup 1515M->1515M(3954M), 0.0057050 secs]
 [Times: user=0.01 sys=0.00, real=0.01 secs] 
2018-01-08T14:40:30.772+0300: 2.888: [GC pause (G1 Evacuation Pause) (young), 0.1070384 secs]
   [Parallel Time: 104.7 ms, GC Workers: 4]
      [GC Worker Start (ms): Min: 2888.9, Avg: 2890.2, Max: 2892.4, Diff: 3.5]
      [Ext Root Scanning (ms): Min: 0.0, Avg: 0.1, Max: 0.3, Diff: 0.3, Sum: 0.3]
      [Update RS (ms): Min: 0.0, Avg: 0.6, Max: 2.1, Diff: 2.1, Sum: 2.3]
         [Processed Buffers: Min: 0, Avg: 5.0, Max: 14, Diff: 14, Sum: 20]
      [Scan RS (ms): Min: 0.0, Avg: 0.1, Max: 0.2, Diff: 0.2, Sum: 0.4]
      [Code Root Scanning (ms): Min: 0.0, Avg: 0.0, Max: 0.0, Diff: 0.0, Sum: 0.0]
      [Object Copy (ms): Min: 96.2, Avg: 97.1, Max: 97.7, Diff: 1.4, Sum: 388.5]
      [Termination (ms): Min: 0.7, Avg: 2.0, Max: 2.4, Diff: 1.7, Sum: 7.9]
         [Termination Attempts: Min: 1, Avg: 1.0, Max: 1, Diff: 0, Sum: 4]
      [GC Worker Other (ms): Min: 0.0, Avg: 0.7, Max: 2.8, Diff: 2.8, Sum: 2.9]
      [GC Worker Total (ms): Min: 100.4, Avg: 100.6, Max: 101.1, Diff: 0.7, Sum: 402.3]
      [GC Worker End (ms): Min: 2990.0, Avg: 2990.7, Max: 2992.9, Diff: 2.8]
   [Code Root Fixup: 0.0 ms]
   [Code Root Purge: 0.0 ms]
   [Clear CT: 0.2 ms]
   [Other: 2.1 ms]
      [Choose CSet: 0.0 ms]
      [Ref Proc: 0.3 ms]
      [Ref Enq: 0.0 ms]
      [Redirty Cards: 0.3 ms]
      [Humongous Register: 0.8 ms]
      [Humongous Reclaim: 0.2 ms]
      [Free CSet: 0.3 ms]
   [Eden: 497.0M(497.0M)->0.0B(293.0M) Survivors: 54.0M->69.0M Heap: 2424.3M(3954.0M)->2341.4M(3960.0M)]
 [Times: user=0.27 sys=0.02, real=0.11 secs] 
2018-01-08T14:40:30.881+0300: 2.997: [GC pause (G1 Humongous Allocation) (young) (initial-mark), 0.0981250 secs]
   [Parallel Time: 96.6 ms, GC Workers: 4]
      [GC Worker Start (ms): Min: 2997.7, Avg: 2997.9, Max: 2998.0, Diff: 0.3]
      [Ext Root Scanning (ms): Min: 0.0, Avg: 0.5, Max: 0.7, Diff: 0.7, Sum: 1.9]
      [Update RS (ms): Min: 73.5, Avg: 73.7, Max: 74.2, Diff: 0.7, Sum: 294.9]
         [Processed Buffers: Min: 72, Avg: 89.0, Max: 95, Diff: 23, Sum: 356]
      [Scan RS (ms): Min: 0.0, Avg: 0.1, Max: 0.2, Diff: 0.2, Sum: 0.6]
      [Code Root Scanning (ms): Min: 0.0, Avg: 0.0, Max: 0.0, Diff: 0.0, Sum: 0.0]
      [Object Copy (ms): Min: 21.9, Avg: 22.0, Max: 22.3, Diff: 0.3, Sum: 88.2]
      [Termination (ms): Min: 0.0, Avg: 0.0, Max: 0.0, Diff: 0.0, Sum: 0.1]
         [Termination Attempts: Min: 1, Avg: 191.2, Max: 307, Diff: 306, Sum: 765]
      [GC Worker Other (ms): Min: 0.0, Avg: 0.0, Max: 0.0, Diff: 0.0, Sum: 0.0]
      [GC Worker Total (ms): Min: 96.3, Avg: 96.4, Max: 96.6, Diff: 0.3, Sum: 385.7]
      [GC Worker End (ms): Min: 3094.3, Avg: 3094.3, Max: 3094.3, Diff: 0.0]
   [Code Root Fixup: 0.0 ms]
   [Code Root Purge: 0.0 ms]
   [Clear CT: 0.0 ms]
   [Other: 1.5 ms]
      [Choose CSet: 0.0 ms]
      [Ref Proc: 0.1 ms]
      [Ref Enq: 0.0 ms]
      [Redirty Cards: 0.0 ms]
      [Humongous Register: 0.7 ms]
      [Humongous Reclaim: 0.2 ms]
      [Free CSet: 0.1 ms]
   [Eden: 1024.0K(293.0M)->0.0B(295.0M) Survivors: 69.0M->1024.0K Heap: 2342.3M(3960.0M)->2342.8M(3965.0M)]
 [Times: user=0.34 sys=0.01, real=0.10 secs] 
2018-01-08T14:40:30.979+0300: 3.095: [GC concurrent-root-region-scan-start]
2018-01-08T14:40:30.979+0300: 3.095: [GC concurrent-root-region-scan-end, 0.0000388 secs]
2018-01-08T14:40:30.979+0300: 3.095: [GC concurrent-mark-start]
2018-01-08T14:40:30.987+0300: 3.103: [GC concurrent-mark-end, 0.0079758 secs]
2018-01-08T14:40:30.987+0300: 3.103: [GC remark 2018-01-08T14:40:30.987+0300: 3.103: [Finalize Marking, 0.0001291 secs] 2018-01-08T14:40:30.987+0300: 3.103: [GC ref-proc, 0.0000711 secs] 2018-01-08T14:40:30.988+0300: 3.104: [Unloading, 0.0005033 secs], 0.0015125 secs]
 [Times: user=0.00 sys=0.00, real=0.01 secs] 
2018-01-08T14:40:30.989+0300: 3.105: [GC cleanup 2363M->158M(3965M), 0.0041510 secs]
 [Times: user=0.02 sys=0.00, real=0.00 secs] 
2018-01-08T14:40:30.993+0300: 3.109: [GC concurrent-cleanup-start]
2018-01-08T14:40:31.009+0300: 3.125: [GC concurrent-cleanup-end, 0.0158352 secs]
2018-01-08T14:40:31.111+0300: 3.227: [GC pause (G1 Evacuation Pause) (young), 0.0423305 secs]
   [Parallel Time: 40.8 ms, GC Workers: 4]
      [GC Worker Start (ms): Min: 3227.8, Avg: 3228.6, Max: 3231.1, Diff: 3.3]
      [Ext Root Scanning (ms): Min: 0.0, Avg: 0.1, Max: 0.2, Diff: 0.2, Sum: 0.5]
      [Update RS (ms): Min: 0.0, Avg: 0.2, Max: 0.3, Diff: 0.3, Sum: 0.8]
         [Processed Buffers: Min: 0, Avg: 4.5, Max: 6, Diff: 6, Sum: 18]
      [Scan RS (ms): Min: 0.0, Avg: 0.0, Max: 0.1, Diff: 0.1, Sum: 0.2]
      [Code Root Scanning (ms): Min: 0.0, Avg: 0.0, Max: 0.0, Diff: 0.0, Sum: 0.0]
      [Object Copy (ms): Min: 37.3, Avg: 39.4, Max: 40.2, Diff: 2.9, Sum: 157.7]
      [Termination (ms): Min: 0.0, Avg: 0.1, Max: 0.1, Diff: 0.1, Sum: 0.3]
         [Termination Attempts: Min: 1, Avg: 1.0, Max: 1, Diff: 0, Sum: 4]
      [GC Worker Other (ms): Min: 0.0, Avg: 0.0, Max: 0.0, Diff: 0.0, Sum: 0.1]
      [GC Worker Total (ms): Min: 37.4, Avg: 39.9, Max: 40.8, Diff: 3.3, Sum: 159.6]
      [GC Worker End (ms): Min: 3268.5, Avg: 3268.5, Max: 3268.5, Diff: 0.0]
   [Code Root Fixup: 0.0 ms]
   [Code Root Purge: 0.0 ms]
   [Clear CT: 0.1 ms]
   [Other: 1.4 ms]
      [Choose CSet: 0.0 ms]
      [Ref Proc: 0.1 ms]
      [Ref Enq: 0.0 ms]
      [Redirty Cards: 0.3 ms]
      [Humongous Register: 0.2 ms]
      [Humongous Reclaim: 0.1 ms]
      [Free CSet: 0.2 ms]
   [Eden: 295.0M(295.0M)->0.0B(607.0M) Survivors: 1024.0K->37.0M Heap: 776.5M(3965.0M)->780.0M(3969.0M)]
 [Times: user=0.11 sys=0.00, real=0.04 secs] 
2018-01-08T14:40:31.331+0300: 3.447: [GC pause (G1 Humongous Allocation) (young) (initial-mark), 0.0636083 secs]
   [Parallel Time: 61.7 ms, GC Workers: 4]
      [GC Worker Start (ms): Min: 3448.4, Avg: 3448.5, Max: 3448.6, Diff: 0.2]
      [Ext Root Scanning (ms): Min: 0.0, Avg: 3.4, Max: 4.5, Diff: 4.5, Sum: 13.5]
      [Update RS (ms): Min: 0.0, Avg: 0.4, Max: 1.6, Diff: 1.6, Sum: 1.6]
         [Processed Buffers: Min: 0, Avg: 7.8, Max: 31, Diff: 31, Sum: 31]
      [Scan RS (ms): Min: 0.0, Avg: 0.1, Max: 0.2, Diff: 0.2, Sum: 0.3]
      [Code Root Scanning (ms): Min: 0.0, Avg: 0.0, Max: 0.0, Diff: 0.0, Sum: 0.0]
      [Object Copy (ms): Min: 56.9, Avg: 57.6, Max: 59.4, Diff: 2.5, Sum: 230.2]
      [Termination (ms): Min: 0.0, Avg: 0.1, Max: 0.1, Diff: 0.1, Sum: 0.3]
         [Termination Attempts: Min: 1, Avg: 1.0, Max: 1, Diff: 0, Sum: 4]
      [GC Worker Other (ms): Min: 0.0, Avg: 0.0, Max: 0.0, Diff: 0.0, Sum: 0.0]
      [GC Worker Total (ms): Min: 61.4, Avg: 61.5, Max: 61.6, Diff: 0.2, Sum: 246.0]
      [GC Worker End (ms): Min: 3510.0, Avg: 3510.0, Max: 3510.0, Diff: 0.0]
   [Code Root Fixup: 0.0 ms]
   [Code Root Purge: 0.0 ms]
   [Clear CT: 0.1 ms]
   [Other: 1.8 ms]
      [Choose CSet: 0.0 ms]
      [Ref Proc: 0.2 ms]
      [Ref Enq: 0.0 ms]
      [Redirty Cards: 0.1 ms]
      [Humongous Register: 0.6 ms]
      [Humongous Reclaim: 0.1 ms]
      [Free CSet: 0.2 ms]
   [Eden: 413.0M(607.0M)->0.0B(675.0M) Survivors: 37.0M->81.0M Heap: 1712.6M(3969.0M)->1714.4M(3972.0M)]
 [Times: user=0.17 sys=0.01, real=0.06 secs] 
2018-01-08T14:40:31.395+0300: 3.511: [GC concurrent-root-region-scan-start]
2018-01-08T14:40:31.397+0300: 3.514: [GC concurrent-root-region-scan-end, 0.0022861 secs]
2018-01-08T14:40:31.397+0300: 3.514: [GC concurrent-mark-start]
2018-01-08T14:40:31.403+0300: 3.519: [GC concurrent-mark-end, 0.0053476 secs]
2018-01-08T14:40:31.403+0300: 3.519: [GC remark 2018-01-08T14:40:31.403+0300: 3.519: [Finalize Marking, 0.0002277 secs] 2018-01-08T14:40:31.403+0300: 3.519: [GC ref-proc, 0.0000677 secs] 2018-01-08T14:40:31.403+0300: 3.519: [Unloading, 0.0005392 secs], 0.0036670 secs]
 [Times: user=0.01 sys=0.00, real=0.00 secs] 
2018-01-08T14:40:31.407+0300: 3.523: [GC cleanup 1754M->1754M(3972M), 0.0025710 secs]
 [Times: user=0.01 sys=0.00, real=0.01 secs] 
2018-01-08T14:40:32.178+0300: 4.294: [GC pause (G1 Evacuation Pause) (young) (to-space exhausted), 0.1846018 secs]
   [Parallel Time: 150.6 ms, GC Workers: 4]
      [GC Worker Start (ms): Min: 4295.3, Avg: 4295.3, Max: 4295.4, Diff: 0.1]
      [Ext Root Scanning (ms): Min: 0.1, Avg: 0.1, Max: 0.2, Diff: 0.1, Sum: 0.6]
      [Update RS (ms): Min: 3.1, Avg: 3.6, Max: 4.7, Diff: 1.7, Sum: 14.4]
         [Processed Buffers: Min: 63, Avg: 64.0, Max: 65, Diff: 2, Sum: 256]
      [Scan RS (ms): Min: 0.0, Avg: 0.2, Max: 0.4, Diff: 0.4, Sum: 0.8]
      [Code Root Scanning (ms): Min: 0.0, Avg: 0.0, Max: 0.0, Diff: 0.0, Sum: 0.0]
      [Object Copy (ms): Min: 141.3, Avg: 142.4, Max: 145.6, Diff: 4.2, Sum: 569.7]
      [Termination (ms): Min: 0.0, Avg: 4.1, Max: 5.5, Diff: 5.5, Sum: 16.4]
         [Termination Attempts: Min: 1, Avg: 1.0, Max: 1, Diff: 0, Sum: 4]
      [GC Worker Other (ms): Min: 0.0, Avg: 0.0, Max: 0.0, Diff: 0.0, Sum: 0.1]
      [GC Worker Total (ms): Min: 150.4, Avg: 150.5, Max: 150.5, Diff: 0.1, Sum: 602.0]
      [GC Worker End (ms): Min: 4445.8, Avg: 4445.8, Max: 4445.8, Diff: 0.0]
   [Code Root Fixup: 0.0 ms]
   [Code Root Purge: 0.0 ms]
   [Clear CT: 0.2 ms]
   [Other: 33.8 ms]
      [Evacuation Failure: 32.2 ms]
      [Choose CSet: 0.0 ms]
      [Ref Proc: 0.1 ms]
      [Ref Enq: 0.0 ms]
      [Redirty Cards: 0.1 ms]
      [Humongous Register: 0.9 ms]
      [Humongous Reclaim: 0.2 ms]
      [Free CSet: 0.2 ms]
   [Eden: 675.0M(675.0M)->0.0B(196.0M) Survivors: 81.0M->3072.0K Heap: 3046.0M(3972.0M)->3056.4M(3982.0M)]
 [Times: user=0.31 sys=0.00, real=0.18 secs] 
2018-01-08T14:40:32.373+0300: 4.489: [GC pause (G1 Humongous Allocation) (young) (initial-mark), 0.0621150 secs]
   [Parallel Time: 59.9 ms, GC Workers: 4]
      [GC Worker Start (ms): Min: 4490.3, Avg: 4490.4, Max: 4490.4, Diff: 0.0]
      [Ext Root Scanning (ms): Min: 0.1, Avg: 0.2, Max: 0.2, Diff: 0.0, Sum: 0.6]
      [Update RS (ms): Min: 57.7, Avg: 58.0, Max: 58.3, Diff: 0.6, Sum: 232.2]
         [Processed Buffers: Min: 90, Avg: 93.8, Max: 96, Diff: 6, Sum: 375]
      [Scan RS (ms): Min: 0.0, Avg: 0.2, Max: 0.5, Diff: 0.5, Sum: 0.7]
      [Code Root Scanning (ms): Min: 0.0, Avg: 0.0, Max: 0.0, Diff: 0.0, Sum: 0.0]
      [Object Copy (ms): Min: 1.3, Avg: 1.4, Max: 1.4, Diff: 0.1, Sum: 5.4]
      [Termination (ms): Min: 0.0, Avg: 0.0, Max: 0.0, Diff: 0.0, Sum: 0.0]
         [Termination Attempts: Min: 1, Avg: 1.0, Max: 1, Diff: 0, Sum: 4]
      [GC Worker Other (ms): Min: 0.0, Avg: 0.0, Max: 0.0, Diff: 0.0, Sum: 0.0]
      [GC Worker Total (ms): Min: 59.7, Avg: 59.7, Max: 59.8, Diff: 0.0, Sum: 239.0]
      [GC Worker End (ms): Min: 4550.1, Avg: 4550.1, Max: 4550.1, Diff: 0.0]
   [Code Root Fixup: 0.0 ms]
   [Code Root Purge: 0.0 ms]
   [Clear CT: 0.2 ms]
   [Other: 2.1 ms]
      [Choose CSet: 0.0 ms]
      [Ref Proc: 0.2 ms]
      [Ref Enq: 0.0 ms]
      [Redirty Cards: 0.1 ms]
      [Humongous Register: 1.2 ms]
      [Humongous Reclaim: 0.2 ms]
      [Free CSet: 0.1 ms]
   [Eden: 2048.0K(196.0M)->0.0B(194.0M) Survivors: 3072.0K->5120.0K Heap: 3058.4M(3982.0M)->3058.3M(3982.0M)]
 [Times: user=0.23 sys=0.00, real=0.06 secs] 
2018-01-08T14:40:32.435+0300: 4.551: [GC concurrent-root-region-scan-start]
2018-01-08T14:40:32.441+0300: 4.557: [GC pause (G1 Humongous Allocation) (young)2018-01-08T14:40:32.442+0300: 4.558: [GC concurrent-root-region-scan-end, 0.0072153 secs]
2018-01-08T14:40:32.442+0300: 4.558: [GC concurrent-mark-start]
 (to-space exhausted), 0.0198830 secs]
   [Root Region Scan Waiting: 1.3 ms]
   [Parallel Time: 14.0 ms, GC Workers: 4]
      [GC Worker Start (ms): Min: 4559.8, Avg: 4561.5, Max: 4562.4, Diff: 2.6]
      [Ext Root Scanning (ms): Min: 0.0, Avg: 0.1, Max: 0.3, Diff: 0.3, Sum: 0.3]
      [Update RS (ms): Min: 4.1, Avg: 5.4, Max: 6.5, Diff: 2.4, Sum: 21.8]
         [Processed Buffers: Min: 2, Avg: 22.5, Max: 34, Diff: 32, Sum: 90]
      [Scan RS (ms): Min: 0.0, Avg: 0.4, Max: 0.9, Diff: 0.9, Sum: 1.7]
      [Code Root Scanning (ms): Min: 0.0, Avg: 0.0, Max: 0.0, Diff: 0.0, Sum: 0.0]
      [Object Copy (ms): Min: 6.0, Avg: 6.3, Max: 6.4, Diff: 0.3, Sum: 25.0]
      [Termination (ms): Min: 0.0, Avg: 0.0, Max: 0.1, Diff: 0.1, Sum: 0.1]
         [Termination Attempts: Min: 1, Avg: 1.0, Max: 1, Diff: 0, Sum: 4]
      [GC Worker Other (ms): Min: 0.0, Avg: 0.0, Max: 0.0, Diff: 0.0, Sum: 0.0]
      [GC Worker Total (ms): Min: 11.3, Avg: 12.2, Max: 13.9, Diff: 2.6, Sum: 48.9]
      [GC Worker End (ms): Min: 4573.7, Avg: 4573.7, Max: 4573.7, Diff: 0.0]
   [Code Root Fixup: 0.0 ms]
   [Code Root Purge: 0.0 ms]
   [Clear CT: 0.0 ms]
   [Other: 4.6 ms]
      [Evacuation Failure: 2.6 ms]
      [Choose CSet: 0.0 ms]
      [Ref Proc: 0.1 ms]
      [Ref Enq: 0.0 ms]
      [Redirty Cards: 0.1 ms]
      [Humongous Register: 1.4 ms]
      [Humongous Reclaim: 0.2 ms]
      [Free CSet: 0.0 ms]
   [Eden: 10.0M(194.0M)->0.0B(199.0M) Survivors: 5120.0K->0.0B Heap: 3081.2M(3982.0M)->3081.2M(3982.0M)]
 [Times: user=0.03 sys=0.00, real=0.02 secs] 
2018-01-08T14:40:32.461+0300: 4.577: [Full GC (Allocation Failure)  3081M->725M(2420M), 0.1544017 secs]
   [Eden: 0.0B(199.0M)->0.0B(689.0M) Survivors: 0.0B->0.0B Heap: 3081.2M(3982.0M)->725.9M(2420.0M)], [Metaspace: 3894K->3894K(1056768K)]
 [Times: user=0.10 sys=0.07, real=0.15 secs] 
2018-01-08T14:40:32.616+0300: 4.732: [GC concurrent-mark-abort]
2018-01-08T14:40:32.630+0300: 4.747: [GC pause (G1 Humongous Allocation) (young) (initial-mark), 0.0079087 secs]
   [Parallel Time: 5.5 ms, GC Workers: 4]
      [GC Worker Start (ms): Min: 4747.0, Avg: 4747.2, Max: 4747.3, Diff: 0.3]
      [Ext Root Scanning (ms): Min: 0.0, Avg: 0.9, Max: 2.9, Diff: 2.9, Sum: 3.5]
      [Update RS (ms): Min: 0.0, Avg: 0.5, Max: 1.1, Diff: 1.1, Sum: 1.9]
         [Processed Buffers: Min: 0, Avg: 6.2, Max: 9, Diff: 9, Sum: 25]
      [Scan RS (ms): Min: 0.0, Avg: 0.0, Max: 0.0, Diff: 0.0, Sum: 0.0]
      [Code Root Scanning (ms): Min: 0.0, Avg: 0.0, Max: 0.0, Diff: 0.0, Sum: 0.0]
      [Object Copy (ms): Min: 2.0, Avg: 3.7, Max: 4.5, Diff: 2.5, Sum: 14.9]
      [Termination (ms): Min: 0.0, Avg: 0.2, Max: 0.3, Diff: 0.3, Sum: 0.9]
         [Termination Attempts: Min: 1, Avg: 1.8, Max: 3, Diff: 2, Sum: 7]
      [GC Worker Other (ms): Min: 0.0, Avg: 0.0, Max: 0.0, Diff: 0.0, Sum: 0.1]
      [GC Worker Total (ms): Min: 5.2, Avg: 5.3, Max: 5.5, Diff: 0.3, Sum: 21.3]
      [GC Worker End (ms): Min: 4752.5, Avg: 4752.5, Max: 4752.5, Diff: 0.0]
   [Code Root Fixup: 0.0 ms]
   [Code Root Purge: 0.0 ms]
   [Clear CT: 0.1 ms]
   [Other: 2.3 ms]
      [Choose CSet: 0.0 ms]
      [Ref Proc: 0.2 ms]
      [Ref Enq: 0.0 ms]
      [Redirty Cards: 0.1 ms]
      [Humongous Register: 0.4 ms]
      [Humongous Reclaim: 0.1 ms]
      [Free CSet: 0.1 ms]
   [Eden: 34.0M(689.0M)->0.0B(735.0M) Survivors: 0.0B->33.0M Heap: 803.6M(2420.0M)->802.4M(2733.0M)]
 [Times: user=0.02 sys=0.00, real=0.01 secs] 
2018-01-08T14:40:32.638+0300: 4.755: [GC concurrent-root-region-scan-start]
2018-01-08T14:40:32.639+0300: 4.755: [GC concurrent-root-region-scan-end, 0.0002411 secs]
2018-01-08T14:40:32.639+0300: 4.755: [GC concurrent-mark-start]
2018-01-08T14:40:32.643+0300: 4.759: [GC concurrent-mark-end, 0.0046476 secs]
2018-01-08T14:40:32.644+0300: 4.760: [GC remark 2018-01-08T14:40:32.644+0300: 4.760: [Finalize Marking, 0.0001335 secs] 2018-01-08T14:40:32.644+0300: 4.760: [GC ref-proc, 0.0000666 secs] 2018-01-08T14:40:32.644+0300: 4.760: [Unloading, 0.0009009 secs], 0.0039895 secs]
 [Times: user=0.01 sys=0.00, real=0.00 secs] 
2018-01-08T14:40:32.648+0300: 4.764: [GC cleanup 816M->816M(2733M), 0.0030002 secs]
 [Times: user=0.00 sys=0.00, real=0.01 secs] 
2018-01-08T14:40:32.942+0300: 5.058: [GC pause (G1 Evacuation Pause) (young), 0.0991101 secs]
   [Parallel Time: 97.3 ms, GC Workers: 4]
      [GC Worker Start (ms): Min: 5059.0, Avg: 5060.7, Max: 5061.4, Diff: 2.4]
      [Ext Root Scanning (ms): Min: 0.0, Avg: 0.1, Max: 0.3, Diff: 0.3, Sum: 0.3]
      [Update RS (ms): Min: 0.0, Avg: 0.4, Max: 1.6, Diff: 1.6, Sum: 1.6]
         [Processed Buffers: Min: 0, Avg: 8.5, Max: 33, Diff: 33, Sum: 34]
      [Scan RS (ms): Min: 0.0, Avg: 0.1, Max: 0.2, Diff: 0.1, Sum: 0.4]
      [Code Root Scanning (ms): Min: 0.0, Avg: 0.0, Max: 0.0, Diff: 0.0, Sum: 0.0]
      [Object Copy (ms): Min: 85.8, Avg: 88.2, Max: 94.8, Diff: 9.1, Sum: 352.8]
      [Termination (ms): Min: 0.0, Avg: 6.7, Max: 9.0, Diff: 9.0, Sum: 27.0]
         [Termination Attempts: Min: 1, Avg: 1.2, Max: 2, Diff: 1, Sum: 5]
      [GC Worker Other (ms): Min: 0.0, Avg: 0.0, Max: 0.0, Diff: 0.0, Sum: 0.1]
      [GC Worker Total (ms): Min: 94.8, Avg: 95.5, Max: 97.2, Diff: 2.4, Sum: 382.2]
      [GC Worker End (ms): Min: 5156.2, Avg: 5156.2, Max: 5156.3, Diff: 0.0]
   [Code Root Fixup: 0.0 ms]
   [Code Root Purge: 0.0 ms]
   [Clear CT: 0.1 ms]
   [Other: 1.7 ms]
      [Choose CSet: 0.0 ms]
      [Ref Proc: 0.0 ms]
      [Ref Enq: 0.0 ms]
      [Redirty Cards: 0.0 ms]
      [Humongous Register: 0.5 ms]
      [Humongous Reclaim: 0.2 ms]
      [Free CSet: 0.3 ms]
   [Eden: 557.0M(735.0M)->0.0B(200.0M) Survivors: 33.0M->96.0M Heap: 2042.4M(2735.0M)->2040.2M(3455.0M)]
 [Times: user=0.13 sys=0.16, real=0.10 secs] 
2018-01-08T14:40:33.042+0300: 5.158: [GC pause (G1 Humongous Allocation) (young) (initial-mark), 0.0144250 secs]
   [Parallel Time: 12.8 ms, GC Workers: 4]
      [GC Worker Start (ms): Min: 5158.5, Avg: 5158.5, Max: 5158.5, Diff: 0.0]
      [Ext Root Scanning (ms): Min: 0.2, Avg: 0.2, Max: 0.2, Diff: 0.0, Sum: 0.6]
      [Update RS (ms): Min: 0.2, Avg: 0.4, Max: 0.7, Diff: 0.6, Sum: 1.4]
         [Processed Buffers: Min: 1, Avg: 1.5, Max: 2, Diff: 1, Sum: 6]
      [Scan RS (ms): Min: 0.0, Avg: 0.0, Max: 0.0, Diff: 0.0, Sum: 0.0]
      [Code Root Scanning (ms): Min: 0.0, Avg: 0.0, Max: 0.0, Diff: 0.0, Sum: 0.0]
      [Object Copy (ms): Min: 11.8, Avg: 12.1, Max: 12.2, Diff: 0.4, Sum: 48.3]
      [Termination (ms): Min: 0.0, Avg: 0.1, Max: 0.2, Diff: 0.2, Sum: 0.4]
         [Termination Attempts: Min: 1, Avg: 1.8, Max: 2, Diff: 1, Sum: 7]
      [GC Worker Other (ms): Min: 0.0, Avg: 0.0, Max: 0.0, Diff: 0.0, Sum: 0.0]
      [GC Worker Total (ms): Min: 12.7, Avg: 12.7, Max: 12.7, Diff: 0.0, Sum: 50.8]
      [GC Worker End (ms): Min: 5171.2, Avg: 5171.3, Max: 5171.3, Diff: 0.0]
   [Code Root Fixup: 0.0 ms]
   [Code Root Purge: 0.0 ms]
   [Clear CT: 0.0 ms]
   [Other: 1.6 ms]
      [Choose CSet: 0.0 ms]
      [Ref Proc: 0.1 ms]
      [Ref Enq: 0.0 ms]
      [Redirty Cards: 0.1 ms]
      [Humongous Register: 0.5 ms]
      [Humongous Reclaim: 0.2 ms]
      [Free CSet: 0.1 ms]
   [Eden: 1024.0K(200.0M)->0.0B(255.0M) Survivors: 96.0M->1024.0K Heap: 2041.0M(3455.0M)->2040.7M(3561.0M)]
 [Times: user=0.05 sys=0.00, real=0.01 secs] 
2018-01-08T14:40:33.056+0300: 5.172: [GC concurrent-root-region-scan-start]
2018-01-08T14:40:33.056+0300: 5.172: [GC concurrent-root-region-scan-end, 0.0000322 secs]
2018-01-08T14:40:33.056+0300: 5.172: [GC concurrent-mark-start]
2018-01-08T14:40:33.067+0300: 5.183: [GC concurrent-mark-end, 0.0108042 secs]
2018-01-08T14:40:33.067+0300: 5.183: [GC remark 2018-01-08T14:40:33.067+0300: 5.183: [Finalize Marking, 0.0001216 secs] 2018-01-08T14:40:33.068+0300: 5.184: [GC ref-proc, 0.0000717 secs] 2018-01-08T14:40:33.068+0300: 5.184: [Unloading, 0.0005401 secs], 0.0042264 secs]
 [Times: user=0.02 sys=0.00, real=0.01 secs] 
2018-01-08T14:40:33.072+0300: 5.188: [GC cleanup 2075M->2075M(3561M), 0.0020266 secs]
 [Times: user=0.01 sys=0.00, real=0.00 secs] 
2018-01-08T14:40:33.566+0300: 5.682: [GC pause (G1 Evacuation Pause) (young), 0.0457212 secs]
   [Parallel Time: 43.5 ms, GC Workers: 4]
      [GC Worker Start (ms): Min: 5683.1, Avg: 5686.3, Max: 5690.4, Diff: 7.3]
      [Ext Root Scanning (ms): Min: 0.0, Avg: 0.1, Max: 0.2, Diff: 0.2, Sum: 0.4]
      [Update RS (ms): Min: 0.0, Avg: 0.8, Max: 2.2, Diff: 2.2, Sum: 3.2]
         [Processed Buffers: Min: 0, Avg: 7.5, Max: 16, Diff: 16, Sum: 30]
      [Scan RS (ms): Min: 0.0, Avg: 0.1, Max: 0.4, Diff: 0.4, Sum: 0.5]
      [Code Root Scanning (ms): Min: 0.0, Avg: 0.0, Max: 0.0, Diff: 0.0, Sum: 0.0]
      [Object Copy (ms): Min: 36.0, Avg: 39.1, Max: 41.7, Diff: 5.7, Sum: 156.5]
      [Termination (ms): Min: 0.0, Avg: 0.0, Max: 0.0, Diff: 0.0, Sum: 0.0]
         [Termination Attempts: Min: 1, Avg: 1.0, Max: 1, Diff: 0, Sum: 4]
      [GC Worker Other (ms): Min: 0.0, Avg: 0.0, Max: 0.0, Diff: 0.0, Sum: 0.1]
      [GC Worker Total (ms): Min: 36.1, Avg: 40.2, Max: 43.4, Diff: 7.3, Sum: 160.7]
      [GC Worker End (ms): Min: 5726.5, Avg: 5726.5, Max: 5726.5, Diff: 0.0]
   [Code Root Fixup: 0.0 ms]
   [Code Root Purge: 0.0 ms]
   [Clear CT: 0.1 ms]
   [Other: 2.1 ms]
      [Choose CSet: 0.0 ms]
      [Ref Proc: 0.2 ms]
      [Ref Enq: 0.0 ms]
      [Redirty Cards: 0.1 ms]
      [Humongous Register: 1.0 ms]
      [Humongous Reclaim: 0.2 ms]
      [Free CSet: 0.2 ms]
   [Eden: 255.0M(255.0M)->0.0B(150.0M) Survivors: 1024.0K->32.0M Heap: 2406.7M(3561.0M)->2295.9M(3646.0M)]
 [Times: user=0.12 sys=0.00, real=0.05 secs] 
2018-01-08T14:40:33.612+0300: 5.728: [GC pause (G1 Humongous Allocation) (young) (initial-mark), 0.0653067 secs]
   [Parallel Time: 63.5 ms, GC Workers: 4]
      [GC Worker Start (ms): Min: 5729.1, Avg: 5729.1, Max: 5729.2, Diff: 0.1]
      [Ext Root Scanning (ms): Min: 0.1, Avg: 0.2, Max: 0.2, Diff: 0.1, Sum: 0.7]
      [Update RS (ms): Min: 54.2, Avg: 54.4, Max: 54.7, Diff: 0.5, Sum: 217.7]
         [Processed Buffers: Min: 62, Avg: 82.2, Max: 90, Diff: 28, Sum: 329]
      [Scan RS (ms): Min: 0.0, Avg: 0.0, Max: 0.0, Diff: 0.0, Sum: 0.0]
      [Code Root Scanning (ms): Min: 0.0, Avg: 0.0, Max: 0.0, Diff: 0.0, Sum: 0.0]
      [Object Copy (ms): Min: 8.5, Avg: 8.8, Max: 9.0, Diff: 0.4, Sum: 35.1]
      [Termination (ms): Min: 0.0, Avg: 0.0, Max: 0.0, Diff: 0.0, Sum: 0.0]
         [Termination Attempts: Min: 1, Avg: 49.0, Max: 72, Diff: 71, Sum: 196]
      [GC Worker Other (ms): Min: 0.0, Avg: 0.0, Max: 0.0, Diff: 0.0, Sum: 0.0]
      [GC Worker Total (ms): Min: 63.3, Avg: 63.4, Max: 63.4, Diff: 0.1, Sum: 253.5]
      [GC Worker End (ms): Min: 5792.5, Avg: 5792.5, Max: 5792.5, Diff: 0.0]
   [Code Root Fixup: 0.0 ms]
   [Code Root Purge: 0.0 ms]
   [Clear CT: 0.0 ms]
   [Other: 1.8 ms]
      [Choose CSet: 0.0 ms]
      [Ref Proc: 0.1 ms]
      [Ref Enq: 0.0 ms]
      [Redirty Cards: 0.1 ms]
      [Humongous Register: 0.9 ms]
      [Humongous Reclaim: 0.2 ms]
      [Free CSet: 0.1 ms]
   [Eden: 1024.0K(150.0M)->0.0B(184.0M) Survivors: 32.0M->1024.0K Heap: 2296.7M(3646.0M)->2301.4M(3714.0M)]
 [Times: user=0.23 sys=0.00, real=0.07 secs] 
2018-01-08T14:40:33.677+0300: 5.794: [GC concurrent-root-region-scan-start]
2018-01-08T14:40:33.683+0300: 5.799: [GC concurrent-root-region-scan-end, 0.0055550 secs]
2018-01-08T14:40:33.683+0300: 5.799: [GC concurrent-mark-start]
2018-01-08T14:40:33.698+0300: 5.814: [GC concurrent-mark-end, 0.0153069 secs]
2018-01-08T14:40:33.703+0300: 5.819: [GC remark 2018-01-08T14:40:33.703+0300: 5.819: [Finalize Marking, 0.0014562 secs] 2018-01-08T14:40:33.705+0300: 5.821: [GC ref-proc, 0.0000623 secs] 2018-01-08T14:40:33.705+0300: 5.821: [Unloading, 0.0005716 secs], 0.0034517 secs]
 [Times: user=0.01 sys=0.00, real=0.00 secs] 
2018-01-08T14:40:33.707+0300: 5.823: [GC cleanup 2376M->267M(3714M), 0.0034540 secs]
 [Times: user=0.01 sys=0.00, real=0.01 secs] 
2018-01-08T14:40:33.710+0300: 5.827: [GC concurrent-cleanup-start]
2018-01-08T14:40:33.726+0300: 5.842: [GC concurrent-cleanup-end, 0.0153837 secs]
2018-01-08T14:40:33.789+0300: 5.905: [GC pause (G1 Evacuation Pause) (young), 0.0256476 secs]
   [Parallel Time: 23.9 ms, GC Workers: 4]
      [GC Worker Start (ms): Min: 5905.6, Avg: 5905.6, Max: 5905.6, Diff: 0.1]
      [Ext Root Scanning (ms): Min: 0.1, Avg: 0.1, Max: 0.2, Diff: 0.1, Sum: 0.6]
      [Update RS (ms): Min: 0.2, Avg: 0.3, Max: 0.4, Diff: 0.1, Sum: 1.2]
         [Processed Buffers: Min: 6, Avg: 6.0, Max: 6, Diff: 0, Sum: 24]
      [Scan RS (ms): Min: 0.0, Avg: 0.0, Max: 0.0, Diff: 0.0, Sum: 0.1]
      [Code Root Scanning (ms): Min: 0.0, Avg: 0.0, Max: 0.0, Diff: 0.0, Sum: 0.0]
      [Object Copy (ms): Min: 23.2, Avg: 23.3, Max: 23.4, Diff: 0.2, Sum: 93.1]
      [Termination (ms): Min: 0.0, Avg: 0.1, Max: 0.1, Diff: 0.1, Sum: 0.4]
         [Termination Attempts: Min: 1, Avg: 1.0, Max: 1, Diff: 0, Sum: 4]
      [GC Worker Other (ms): Min: 0.0, Avg: 0.0, Max: 0.0, Diff: 0.0, Sum: 0.1]
      [GC Worker Total (ms): Min: 23.8, Avg: 23.8, Max: 23.9, Diff: 0.1, Sum: 95.4]
      [GC Worker End (ms): Min: 5929.4, Avg: 5929.5, Max: 5929.5, Diff: 0.0]
   [Code Root Fixup: 0.0 ms]
   [Code Root Purge: 0.0 ms]
   [Clear CT: 0.1 ms]
   [Other: 1.6 ms]
      [Choose CSet: 0.0 ms]
      [Ref Proc: 0.1 ms]
      [Ref Enq: 0.0 ms]
      [Redirty Cards: 0.1 ms]
      [Humongous Register: 0.2 ms]
      [Humongous Reclaim: 0.1 ms]
      [Free CSet: 0.1 ms]
   [Eden: 184.0M(184.0M)->0.0B(1071.0M) Survivors: 1024.0K->24.0M Heap: 615.4M(3714.0M)->620.8M(3768.0M)]
 [Times: user=0.10 sys=0.00, real=0.02 secs] 
2018-01-08T14:40:34.020+0300: 6.136: [GC pause (G1 Humongous Allocation) (young) (initial-mark), 0.0679236 secs]
   [Parallel Time: 66.1 ms, GC Workers: 4]
      [GC Worker Start (ms): Min: 6136.8, Avg: 6136.8, Max: 6136.8, Diff: 0.0]
      [Ext Root Scanning (ms): Min: 0.1, Avg: 0.2, Max: 0.2, Diff: 0.0, Sum: 0.7]
      [Update RS (ms): Min: 0.3, Avg: 0.4, Max: 0.7, Diff: 0.4, Sum: 1.8]
         [Processed Buffers: Min: 7, Avg: 7.5, Max: 8, Diff: 1, Sum: 30]
      [Scan RS (ms): Min: 0.0, Avg: 0.1, Max: 0.1, Diff: 0.1, Sum: 0.3]
      [Code Root Scanning (ms): Min: 0.0, Avg: 0.0, Max: 0.0, Diff: 0.0, Sum: 0.0]
      [Object Copy (ms): Min: 65.1, Avg: 65.2, Max: 65.4, Diff: 0.3, Sum: 260.9]
      [Termination (ms): Min: 0.0, Avg: 0.1, Max: 0.2, Diff: 0.2, Sum: 0.2]
         [Termination Attempts: Min: 1, Avg: 1.0, Max: 1, Diff: 0, Sum: 4]
      [GC Worker Other (ms): Min: 0.0, Avg: 0.0, Max: 0.0, Diff: 0.0, Sum: 0.1]
      [GC Worker Total (ms): Min: 66.0, Avg: 66.0, Max: 66.0, Diff: 0.1, Sum: 264.0]
      [GC Worker End (ms): Min: 6202.8, Avg: 6202.8, Max: 6202.8, Diff: 0.0]
   [Code Root Fixup: 0.0 ms]
   [Code Root Purge: 0.0 ms]
   [Clear CT: 0.1 ms]
   [Other: 1.7 ms]
      [Choose CSet: 0.0 ms]
      [Ref Proc: 0.2 ms]
      [Ref Enq: 0.0 ms]
      [Redirty Cards: 0.1 ms]
      [Humongous Register: 0.4 ms]
      [Humongous Reclaim: 0.1 ms]
      [Free CSet: 0.3 ms]
   [Eden: 492.0M(1071.0M)->0.0B(668.0M) Survivors: 24.0M->137.0M Heap: 1701.2M(3768.0M)->1708.8M(3811.0M)]
 [Times: user=0.24 sys=0.01, real=0.06 secs] 
2018-01-08T14:40:34.088+0300: 6.204: [GC concurrent-root-region-scan-start]
2018-01-08T14:40:34.089+0300: 6.205: [GC concurrent-root-region-scan-end, 0.0005260 secs]
2018-01-08T14:40:34.089+0300: 6.205: [GC concurrent-mark-start]
2018-01-08T14:40:34.094+0300: 6.210: [GC concurrent-mark-end, 0.0050346 secs]
2018-01-08T14:40:34.094+0300: 6.210: [GC remark 2018-01-08T14:40:34.094+0300: 6.210: [Finalize Marking, 0.0001690 secs] 2018-01-08T14:40:34.094+0300: 6.210: [GC ref-proc, 0.0000626 secs] 2018-01-08T14:40:34.094+0300: 6.210: [Unloading, 0.0005841 secs], 0.0035382 secs]
 [Times: user=0.01 sys=0.00, real=0.01 secs] 
2018-01-08T14:40:34.098+0300: 6.214: [GC cleanup 1732M->1732M(3811M), 0.0022519 secs]
 [Times: user=0.01 sys=0.00, real=0.00 secs] 
2018-01-08T14:40:34.741+0300: 6.857: [GC pause (G1 Evacuation Pause) (young) (to-space exhausted), 0.2044061 secs]
   [Parallel Time: 174.8 ms, GC Workers: 4]
      [GC Worker Start (ms): Min: 6858.1, Avg: 6858.3, Max: 6858.8, Diff: 0.7]
      [Ext Root Scanning (ms): Min: 0.0, Avg: 0.1, Max: 0.2, Diff: 0.2, Sum: 0.5]
      [Update RS (ms): Min: 0.0, Avg: 0.6, Max: 1.6, Diff: 1.6, Sum: 2.6]
         [Processed Buffers: Min: 0, Avg: 7.0, Max: 11, Diff: 11, Sum: 28]
      [Scan RS (ms): Min: 0.0, Avg: 0.2, Max: 0.3, Diff: 0.3, Sum: 0.8]
      [Code Root Scanning (ms): Min: 0.0, Avg: 0.0, Max: 0.0, Diff: 0.0, Sum: 0.0]
      [Object Copy (ms): Min: 172.2, Avg: 172.8, Max: 173.8, Diff: 1.6, Sum: 691.1]
      [Termination (ms): Min: 0.0, Avg: 0.8, Max: 1.6, Diff: 1.6, Sum: 3.3]
         [Termination Attempts: Min: 1, Avg: 1.0, Max: 1, Diff: 0, Sum: 4]
      [GC Worker Other (ms): Min: 0.0, Avg: 0.0, Max: 0.0, Diff: 0.0, Sum: 0.1]
      [GC Worker Total (ms): Min: 174.1, Avg: 174.6, Max: 174.8, Diff: 0.7, Sum: 698.4]
      [GC Worker End (ms): Min: 7032.9, Avg: 7032.9, Max: 7032.9, Diff: 0.0]
   [Code Root Fixup: 0.0 ms]
   [Code Root Purge: 0.0 ms]
   [Clear CT: 0.2 ms]
   [Other: 29.4 ms]
      [Evacuation Failure: 27.7 ms]
      [Choose CSet: 0.0 ms]
      [Ref Proc: 0.1 ms]
      [Ref Enq: 0.0 ms]
      [Redirty Cards: 0.3 ms]
      [Humongous Register: 0.8 ms]
      [Humongous Reclaim: 0.2 ms]
      [Free CSet: 0.2 ms]
   [Eden: 662.0M(668.0M)->0.0B(164.0M) Survivors: 137.0M->35.0M Heap: 2964.8M(3812.0M)->2964.5M(3982.0M)]
 [Times: user=0.29 sys=0.05, real=0.20 secs] 
2018-01-08T14:40:34.946+0300: 7.062: [GC pause (G1 Humongous Allocation) (young) (initial-mark), 0.0711192 secs]
   [Parallel Time: 69.6 ms, GC Workers: 4]
      [GC Worker Start (ms): Min: 7062.7, Avg: 7063.1, Max: 7063.2, Diff: 0.5]
      [Ext Root Scanning (ms): Min: 0.0, Avg: 1.5, Max: 2.8, Diff: 2.8, Sum: 6.1]
      [Update RS (ms): Min: 56.0, Avg: 57.6, Max: 59.2, Diff: 3.2, Sum: 230.5]
         [Processed Buffers: Min: 92, Avg: 95.2, Max: 101, Diff: 9, Sum: 381]
      [Scan RS (ms): Min: 0.0, Avg: 0.0, Max: 0.0, Diff: 0.0, Sum: 0.0]
      [Code Root Scanning (ms): Min: 0.0, Avg: 0.0, Max: 0.0, Diff: 0.0, Sum: 0.0]
      [Object Copy (ms): Min: 9.9, Avg: 10.1, Max: 10.3, Diff: 0.5, Sum: 40.3]
      [Termination (ms): Min: 0.0, Avg: 0.0, Max: 0.0, Diff: 0.0, Sum: 0.0]
         [Termination Attempts: Min: 1, Avg: 67.2, Max: 103, Diff: 102, Sum: 269]
      [GC Worker Other (ms): Min: 0.0, Avg: 0.0, Max: 0.0, Diff: 0.0, Sum: 0.0]
      [GC Worker Total (ms): Min: 69.1, Avg: 69.2, Max: 69.6, Diff: 0.5, Sum: 277.0]
      [GC Worker End (ms): Min: 7132.3, Avg: 7132.3, Max: 7132.3, Diff: 0.0]
   [Code Root Fixup: 0.0 ms]
   [Code Root Purge: 0.0 ms]
   [Clear CT: 0.0 ms]
   [Other: 1.4 ms]
      [Choose CSet: 0.0 ms]
      [Ref Proc: 0.1 ms]
      [Ref Enq: 0.0 ms]
      [Redirty Cards: 0.1 ms]
      [Humongous Register: 0.7 ms]
      [Humongous Reclaim: 0.2 ms]
      [Free CSet: 0.1 ms]
   [Eden: 1024.0K(164.0M)->0.0B(198.0M) Survivors: 35.0M->1024.0K Heap: 2965.4M(3982.0M)->2966.0M(3982.0M)]
 [Times: user=0.26 sys=0.00, real=0.08 secs] 
2018-01-08T14:40:35.017+0300: 7.133: [GC concurrent-root-region-scan-start]
2018-01-08T14:40:35.029+0300: 7.145: [GC concurrent-root-region-scan-end, 0.0116542 secs]
2018-01-08T14:40:35.029+0300: 7.145: [GC concurrent-mark-start]
2018-01-08T14:40:35.037+0300: 7.153: [GC concurrent-mark-end, 0.0086046 secs]
2018-01-08T14:40:35.038+0300: 7.154: [GC remark 2018-01-08T14:40:35.038+0300: 7.154: [Finalize Marking, 0.0001573 secs] 2018-01-08T14:40:35.038+0300: 7.154: [GC ref-proc, 0.0000824 secs] 2018-01-08T14:40:35.038+0300: 7.154: [Unloading, 0.0004831 secs], 0.0023284 secs]
 [Times: user=0.00 sys=0.00, real=0.00 secs] 
2018-01-08T14:40:35.040+0300: 7.156: [GC cleanup 3013M->736M(3982M), 0.0093580 secs]
 [Times: user=0.02 sys=0.00, real=0.01 secs] 
2018-01-08T14:40:35.049+0300: 7.166: [GC concurrent-cleanup-start]
2018-01-08T14:40:35.066+0300: 7.182: [GC concurrent-cleanup-end, 0.0166918 secs]
2018-01-08T14:40:35.131+0300: 7.247: [GC pause (G1 Evacuation Pause) (young), 0.0410195 secs]
   [Parallel Time: 39.6 ms, GC Workers: 4]
      [GC Worker Start (ms): Min: 7247.1, Avg: 7247.6, Max: 7247.8, Diff: 0.7]
      [Ext Root Scanning (ms): Min: 0.0, Avg: 0.1, Max: 0.3, Diff: 0.3, Sum: 0.3]
      [Update RS (ms): Min: 0.2, Avg: 0.5, Max: 1.1, Diff: 0.9, Sum: 1.9]
         [Processed Buffers: Min: 5, Avg: 8.0, Max: 15, Diff: 10, Sum: 32]
      [Scan RS (ms): Min: 0.0, Avg: 0.0, Max: 0.0, Diff: 0.0, Sum: 0.1]
      [Code Root Scanning (ms): Min: 0.0, Avg: 0.0, Max: 0.0, Diff: 0.0, Sum: 0.0]
      [Object Copy (ms): Min: 26.4, Avg: 29.4, Max: 38.1, Diff: 11.6, Sum: 117.5]
      [Termination (ms): Min: 0.0, Avg: 9.0, Max: 12.1, Diff: 12.1, Sum: 36.2]
         [Termination Attempts: Min: 1, Avg: 1.0, Max: 1, Diff: 0, Sum: 4]
      [GC Worker Other (ms): Min: 0.0, Avg: 0.0, Max: 0.0, Diff: 0.0, Sum: 0.1]
      [GC Worker Total (ms): Min: 38.8, Avg: 39.0, Max: 39.5, Diff: 0.7, Sum: 156.1]
      [GC Worker End (ms): Min: 7286.6, Avg: 7286.7, Max: 7286.7, Diff: 0.0]
   [Code Root Fixup: 0.0 ms]
   [Code Root Purge: 0.0 ms]
   [Clear CT: 0.1 ms]
   [Other: 1.3 ms]
      [Choose CSet: 0.0 ms]
      [Ref Proc: 0.2 ms]
      [Ref Enq: 0.0 ms]
      [Redirty Cards: 0.2 ms]
      [Humongous Register: 0.4 ms]
      [Humongous Reclaim: 0.1 ms]
      [Free CSet: 0.1 ms]
   [Eden: 198.0M(198.0M)->0.0B(1089.0M) Survivors: 1024.0K->25.0M Heap: 1137.7M(3982.0M)->1136.6M(3982.0M)]
 [Times: user=0.12 sys=0.01, real=0.04 secs] 
2018-01-08T14:40:35.242+0300: 7.358: [GC pause (G1 Humongous Allocation) (young) (initial-mark), 0.0280983 secs]
   [Parallel Time: 26.3 ms, GC Workers: 4]
      [GC Worker Start (ms): Min: 7359.0, Avg: 7359.0, Max: 7359.2, Diff: 0.2]
      [Ext Root Scanning (ms): Min: 0.2, Avg: 5.0, Max: 10.0, Diff: 9.8, Sum: 19.9]
      [Update RS (ms): Min: 0.0, Avg: 0.4, Max: 1.1, Diff: 1.1, Sum: 1.6]
         [Processed Buffers: Min: 0, Avg: 6.0, Max: 13, Diff: 13, Sum: 24]
      [Scan RS (ms): Min: 0.0, Avg: 0.0, Max: 0.1, Diff: 0.1, Sum: 0.1]
      [Code Root Scanning (ms): Min: 0.0, Avg: 0.0, Max: 0.0, Diff: 0.0, Sum: 0.0]
      [Object Copy (ms): Min: 16.2, Avg: 20.7, Max: 25.4, Diff: 9.2, Sum: 82.9]
      [Termination (ms): Min: 0.0, Avg: 0.0, Max: 0.1, Diff: 0.1, Sum: 0.2]
         [Termination Attempts: Min: 1, Avg: 1.0, Max: 1, Diff: 0, Sum: 4]
      [GC Worker Other (ms): Min: 0.0, Avg: 0.0, Max: 0.0, Diff: 0.0, Sum: 0.1]
      [GC Worker Total (ms): Min: 26.0, Avg: 26.2, Max: 26.3, Diff: 0.2, Sum: 104.8]
      [GC Worker End (ms): Min: 7385.2, Avg: 7385.2, Max: 7385.2, Diff: 0.0]
   [Code Root Fixup: 0.0 ms]
   [Code Root Purge: 0.0 ms]
   [Clear CT: 0.2 ms]
   [Other: 1.6 ms]
      [Choose CSet: 0.0 ms]
      [Ref Proc: 0.2 ms]
      [Ref Enq: 0.0 ms]
      [Redirty Cards: 0.2 ms]
      [Humongous Register: 0.5 ms]
      [Humongous Reclaim: 0.1 ms]
      [Free CSet: 0.1 ms]
   [Eden: 166.0M(1089.0M)->0.0B(895.0M) Survivors: 25.0M->140.0M Heap: 1515.9M(3982.0M)->1518.0M(3982.0M)]
 [Times: user=0.08 sys=0.00, real=0.03 secs] 
2018-01-08T14:40:35.270+0300: 7.386: [GC concurrent-root-region-scan-start]
2018-01-08T14:40:35.273+0300: 7.389: [GC concurrent-root-region-scan-end, 0.0029167 secs]
2018-01-08T14:40:35.273+0300: 7.389: [GC concurrent-mark-start]
2018-01-08T14:40:35.279+0300: 7.395: [GC concurrent-mark-end, 0.0058343 secs]
2018-01-08T14:40:35.279+0300: 7.395: [GC remark 2018-01-08T14:40:35.279+0300: 7.395: [Finalize Marking, 0.0002105 secs] 2018-01-08T14:40:35.280+0300: 7.396: [GC ref-proc, 0.0000656 secs] 2018-01-08T14:40:35.280+0300: 7.396: [Unloading, 0.0006236 secs], 0.0034729 secs]
 [Times: user=0.01 sys=0.00, real=0.00 secs] 
2018-01-08T14:40:35.283+0300: 7.399: [GC cleanup 1565M->1565M(3982M), 0.0021915 secs]
 [Times: user=0.01 sys=0.00, real=0.00 secs] 
2018-01-08T14:40:35.978+0300: 8.094: [GC pause (G1 Humongous Allocation) (young) (to-space exhausted), 0.1880128 secs]
   [Parallel Time: 147.9 ms, GC Workers: 4]
      [GC Worker Start (ms): Min: 8095.2, Avg: 8095.7, Max: 8097.0, Diff: 1.8]
      [Ext Root Scanning (ms): Min: 0.0, Avg: 0.1, Max: 0.2, Diff: 0.2, Sum: 0.5]
      [Update RS (ms): Min: 0.0, Avg: 0.9, Max: 2.5, Diff: 2.5, Sum: 3.7]
         [Processed Buffers: Min: 0, Avg: 14.5, Max: 30, Diff: 30, Sum: 58]
      [Scan RS (ms): Min: 0.0, Avg: 0.2, Max: 0.3, Diff: 0.3, Sum: 0.7]
      [Code Root Scanning (ms): Min: 0.0, Avg: 0.0, Max: 0.0, Diff: 0.0, Sum: 0.0]
      [Object Copy (ms): Min: 145.2, Avg: 145.7, Max: 146.7, Diff: 1.6, Sum: 582.7]
      [Termination (ms): Min: 0.0, Avg: 0.5, Max: 0.6, Diff: 0.6, Sum: 1.8]
         [Termination Attempts: Min: 1, Avg: 1.2, Max: 2, Diff: 1, Sum: 5]
      [GC Worker Other (ms): Min: 0.0, Avg: 0.0, Max: 0.0, Diff: 0.0, Sum: 0.1]
      [GC Worker Total (ms): Min: 146.1, Avg: 147.4, Max: 147.9, Diff: 1.8, Sum: 589.6]
      [GC Worker End (ms): Min: 8243.1, Avg: 8243.1, Max: 8243.1, Diff: 0.0]
   [Code Root Fixup: 0.0 ms]
   [Code Root Purge: 0.0 ms]
   [Clear CT: 0.3 ms]
   [Other: 39.8 ms]
      [Evacuation Failure: 38.2 ms]
      [Choose CSet: 0.0 ms]
      [Ref Proc: 0.1 ms]
      [Ref Enq: 0.0 ms]
      [Redirty Cards: 0.2 ms]
      [Humongous Register: 0.7 ms]
      [Humongous Reclaim: 0.2 ms]
      [Free CSet: 0.2 ms]
   [Eden: 829.0M(895.0M)->0.0B(199.0M) Survivors: 140.0M->0.0B Heap: 3092.1M(3982.0M)->3092.2M(3982.0M)]
 [Times: user=0.27 sys=0.00, real=0.18 secs] 
2018-01-08T14:40:36.167+0300: 8.283: [Full GC (Allocation Failure)  3092M->741M(2471M), 0.1562489 secs]
   [Eden: 0.0B(199.0M)->0.0B(767.0M) Survivors: 0.0B->0.0B Heap: 3092.2M(3982.0M)->741.1M(2471.0M)], [Metaspace: 3894K->3894K(1056768K)]
 [Times: user=0.10 sys=0.06, real=0.16 secs] 
2018-01-08T14:40:36.344+0300: 8.460: [GC pause (G1 Humongous Allocation) (young) (initial-mark), 0.0067059 secs]
   [Parallel Time: 4.4 ms, GC Workers: 4]
      [GC Worker Start (ms): Min: 8460.8, Avg: 8460.9, Max: 8461.0, Diff: 0.2]
      [Ext Root Scanning (ms): Min: 0.0, Avg: 0.5, Max: 1.7, Diff: 1.7, Sum: 2.2]
      [Update RS (ms): Min: 0.0, Avg: 0.5, Max: 0.9, Diff: 0.9, Sum: 1.9]
         [Processed Buffers: Min: 0, Avg: 7.8, Max: 11, Diff: 11, Sum: 31]
      [Scan RS (ms): Min: 0.0, Avg: 0.0, Max: 0.0, Diff: 0.0, Sum: 0.0]
      [Code Root Scanning (ms): Min: 0.0, Avg: 0.0, Max: 0.0, Diff: 0.0, Sum: 0.0]
      [Object Copy (ms): Min: 2.5, Avg: 3.2, Max: 3.6, Diff: 1.1, Sum: 12.8]
      [Termination (ms): Min: 0.0, Avg: 0.0, Max: 0.0, Diff: 0.0, Sum: 0.1]
         [Termination Attempts: Min: 1, Avg: 1.0, Max: 1, Diff: 0, Sum: 4]
      [GC Worker Other (ms): Min: 0.0, Avg: 0.0, Max: 0.0, Diff: 0.0, Sum: 0.1]
      [GC Worker Total (ms): Min: 4.1, Avg: 4.3, Max: 4.4, Diff: 0.2, Sum: 17.1]
      [GC Worker End (ms): Min: 8465.1, Avg: 8465.1, Max: 8465.1, Diff: 0.0]
   [Code Root Fixup: 0.0 ms]
   [Code Root Purge: 0.0 ms]
   [Clear CT: 0.1 ms]
   [Other: 2.2 ms]
      [Choose CSet: 0.0 ms]
      [Ref Proc: 0.2 ms]
      [Ref Enq: 0.0 ms]
      [Redirty Cards: 0.0 ms]
      [Humongous Register: 0.4 ms]
      [Humongous Reclaim: 0.1 ms]
      [Free CSet: 0.1 ms]
   [Eden: 28.0M(767.0M)->0.0B(793.0M) Survivors: 0.0B->29.0M Heap: 816.6M(2471.0M)->817.5M(2774.0M)]
 [Times: user=0.02 sys=0.01, real=0.01 secs] 
2018-01-08T14:40:36.351+0300: 8.467: [GC concurrent-root-region-scan-start]
2018-01-08T14:40:36.351+0300: 8.467: [GC concurrent-root-region-scan-end, 0.0000854 secs]
2018-01-08T14:40:36.351+0300: 8.467: [GC concurrent-mark-start]
2018-01-08T14:40:36.356+0300: 8.472: [GC concurrent-mark-end, 0.0045603 secs]
2018-01-08T14:40:36.356+0300: 8.472: [GC remark 2018-01-08T14:40:36.356+0300: 8.472: [Finalize Marking, 0.0045971 secs] 2018-01-08T14:40:36.360+0300: 8.477: [GC ref-proc, 0.0000853 secs] 2018-01-08T14:40:36.361+0300: 8.477: [Unloading, 0.0008309 secs], 0.0084537 secs]
 [Times: user=0.02 sys=0.00, real=0.01 secs] 
2018-01-08T14:40:36.364+0300: 8.481: [GC cleanup 832M->832M(2774M), 0.0029008 secs]
 [Times: user=0.00 sys=0.00, real=0.00 secs] 
2018-01-08T14:40:36.784+0300: 8.900: [GC pause (G1 Evacuation Pause) (young), 0.1213090 secs]
   [Parallel Time: 119.4 ms, GC Workers: 4]
      [GC Worker Start (ms): Min: 8900.4, Avg: 8900.7, Max: 8901.4, Diff: 1.1]
      [Ext Root Scanning (ms): Min: 0.0, Avg: 0.1, Max: 0.2, Diff: 0.2, Sum: 0.5]
      [Update RS (ms): Min: 0.0, Avg: 0.5, Max: 0.7, Diff: 0.7, Sum: 1.8]
         [Processed Buffers: Min: 0, Avg: 6.5, Max: 10, Diff: 10, Sum: 26]
      [Scan RS (ms): Min: 0.0, Avg: 0.1, Max: 0.2, Diff: 0.2, Sum: 0.3]
      [Code Root Scanning (ms): Min: 0.0, Avg: 0.0, Max: 0.0, Diff: 0.0, Sum: 0.0]
      [Object Copy (ms): Min: 118.3, Avg: 118.4, Max: 118.5, Diff: 0.2, Sum: 473.6]
      [Termination (ms): Min: 0.0, Avg: 0.0, Max: 0.0, Diff: 0.0, Sum: 0.0]
         [Termination Attempts: Min: 1, Avg: 1.0, Max: 1, Diff: 0, Sum: 4]
      [GC Worker Other (ms): Min: 0.0, Avg: 0.0, Max: 0.0, Diff: 0.0, Sum: 0.1]
      [GC Worker Total (ms): Min: 118.3, Avg: 119.1, Max: 119.4, Diff: 1.1, Sum: 476.4]
      [GC Worker End (ms): Min: 9019.8, Avg: 9019.8, Max: 9019.8, Diff: 0.0]
   [Code Root Fixup: 0.0 ms]
   [Code Root Purge: 0.0 ms]
   [Clear CT: 0.1 ms]
   [Other: 1.8 ms]
      [Choose CSet: 0.0 ms]
      [Ref Proc: 0.0 ms]
      [Ref Enq: 0.0 ms]
      [Redirty Cards: 0.0 ms]
      [Humongous Register: 0.6 ms]
      [Humongous Reclaim: 0.1 ms]
      [Free CSet: 0.3 ms]
   [Eden: 607.0M(793.0M)->0.0B(227.0M) Survivors: 29.0M->103.0M Heap: 2077.6M(2774.0M)->2052.1M(3504.0M)]
 [Times: user=0.19 sys=0.12, real=0.12 secs] 
2018-01-08T14:40:37.241+0300: 9.357: [GC pause (G1 Humongous Allocation) (young) (initial-mark), 0.0399256 secs]
   [Parallel Time: 37.6 ms, GC Workers: 4]
      [GC Worker Start (ms): Min: 9358.2, Avg: 9358.3, Max: 9358.3, Diff: 0.1]
      [Ext Root Scanning (ms): Min: 0.1, Avg: 0.2, Max: 0.2, Diff: 0.1, Sum: 0.6]
      [Update RS (ms): Min: 3.2, Avg: 3.6, Max: 4.5, Diff: 1.3, Sum: 14.4]
         [Processed Buffers: Min: 6, Avg: 6.8, Max: 8, Diff: 2, Sum: 27]
      [Scan RS (ms): Min: 0.5, Avg: 2.4, Max: 5.7, Diff: 5.2, Sum: 9.7]
      [Code Root Scanning (ms): Min: 0.0, Avg: 0.0, Max: 0.0, Diff: 0.0, Sum: 0.0]
      [Object Copy (ms): Min: 28.0, Avg: 31.2, Max: 32.3, Diff: 4.3, Sum: 124.9]
      [Termination (ms): Min: 0.0, Avg: 0.0, Max: 0.0, Diff: 0.0, Sum: 0.0]
         [Termination Attempts: Min: 1, Avg: 55.8, Max: 105, Diff: 104, Sum: 223]
      [GC Worker Other (ms): Min: 0.0, Avg: 0.0, Max: 0.1, Diff: 0.0, Sum: 0.1]
      [GC Worker Total (ms): Min: 37.4, Avg: 37.4, Max: 37.5, Diff: 0.2, Sum: 149.8]
      [GC Worker End (ms): Min: 9395.7, Avg: 9395.7, Max: 9395.7, Diff: 0.0]
   [Code Root Fixup: 0.0 ms]
   [Code Root Purge: 0.0 ms]
   [Clear CT: 0.2 ms]
   [Other: 2.2 ms]
      [Choose CSet: 0.0 ms]
      [Ref Proc: 0.1 ms]
      [Ref Enq: 0.0 ms]
      [Redirty Cards: 0.2 ms]
      [Humongous Register: 0.8 ms]
      [Humongous Reclaim: 0.2 ms]
      [Free CSet: 0.2 ms]
   [Eden: 116.0M(227.0M)->0.0B(269.0M) Survivors: 103.0M->39.0M Heap: 2168.1M(3504.0M)->2089.9M(3600.0M)]
 [Times: user=0.13 sys=0.00, real=0.04 secs] 
2018-01-08T14:40:37.281+0300: 9.397: [GC concurrent-root-region-scan-start]
2018-01-08T14:40:37.384+0300: 9.500: [GC concurrent-root-region-scan-end, 0.1023792 secs]
2018-01-08T14:40:37.384+0300: 9.500: [GC concurrent-mark-start]
2018-01-08T14:40:37.405+0300: 9.521: [GC pause (G1 Evacuation Pause) (young), 0.0552854 secs]
   [Parallel Time: 53.4 ms, GC Workers: 4]
      [GC Worker Start (ms): Min: 9521.8, Avg: 9521.8, Max: 9521.9, Diff: 0.1]
      [Ext Root Scanning (ms): Min: 0.1, Avg: 0.1, Max: 0.2, Diff: 0.1, Sum: 0.6]
      [Update RS (ms): Min: 0.5, Avg: 0.9, Max: 1.6, Diff: 1.0, Sum: 3.5]
         [Processed Buffers: Min: 12, Avg: 12.0, Max: 12, Diff: 0, Sum: 48]
      [Scan RS (ms): Min: 0.0, Avg: 0.1, Max: 0.2, Diff: 0.1, Sum: 0.3]
      [Code Root Scanning (ms): Min: 0.0, Avg: 0.0, Max: 0.0, Diff: 0.0, Sum: 0.0]
      [Object Copy (ms): Min: 51.6, Avg: 52.2, Max: 52.5, Diff: 0.9, Sum: 208.6]
      [Termination (ms): Min: 0.0, Avg: 0.0, Max: 0.1, Diff: 0.1, Sum: 0.2]
         [Termination Attempts: Min: 1, Avg: 1.0, Max: 1, Diff: 0, Sum: 4]
      [GC Worker Other (ms): Min: 0.0, Avg: 0.0, Max: 0.0, Diff: 0.0, Sum: 0.1]
      [GC Worker Total (ms): Min: 53.3, Avg: 53.3, Max: 53.4, Diff: 0.1, Sum: 213.3]
      [GC Worker End (ms): Min: 9575.2, Avg: 9575.2, Max: 9575.2, Diff: 0.0]
   [Code Root Fixup: 0.0 ms]
   [Code Root Purge: 0.0 ms]
   [Clear CT: 0.1 ms]
   [Other: 1.8 ms]
      [Choose CSet: 0.0 ms]
      [Ref Proc: 0.0 ms]
      [Ref Enq: 0.0 ms]
      [Redirty Cards: 0.1 ms]
      [Humongous Register: 1.0 ms]
      [Humongous Reclaim: 0.2 ms]
      [Free CSet: 0.2 ms]
   [Eden: 269.0M(269.0M)->0.0B(156.0M) Survivors: 39.0M->39.0M Heap: 2693.3M(3600.0M)->2704.7M(3914.0M)]
 [Times: user=0.13 sys=0.05, real=0.06 secs] 
2018-01-08T14:40:37.479+0300: 9.595: [GC concurrent-mark-end, 0.0951813 secs]
2018-01-08T14:40:37.479+0300: 9.595: [GC remark 2018-01-08T14:40:37.479+0300: 9.595: [Finalize Marking, 0.0000875 secs] 2018-01-08T14:40:37.479+0300: 9.595: [GC ref-proc, 0.0000633 secs] 2018-01-08T14:40:37.479+0300: 9.595: [Unloading, 0.0005850 secs], 0.0047441 secs]
 [Times: user=0.02 sys=0.00, real=0.00 secs] 
2018-01-08T14:40:37.484+0300: 9.600: [GC cleanup 2780M->2780M(3914M), 0.0037676 secs]
 [Times: user=0.01 sys=0.00, real=0.00 secs] 
2018-01-08T14:40:37.539+0300: 9.655: [GC pause (G1 Evacuation Pause) (young) (to-space exhausted), 0.0189249 secs]
   [Parallel Time: 16.0 ms, GC Workers: 4]
      [GC Worker Start (ms): Min: 9656.5, Avg: 9657.3, Max: 9658.9, Diff: 2.4]
      [Ext Root Scanning (ms): Min: 0.0, Avg: 0.1, Max: 0.2, Diff: 0.2, Sum: 0.4]
      [Update RS (ms): Min: 1.9, Avg: 2.6, Max: 3.6, Diff: 1.7, Sum: 10.3]
         [Processed Buffers: Min: 7, Avg: 39.0, Max: 56, Diff: 49, Sum: 156]
      [Scan RS (ms): Min: 0.0, Avg: 0.0, Max: 0.1, Diff: 0.0, Sum: 0.1]
      [Code Root Scanning (ms): Min: 0.0, Avg: 0.0, Max: 0.0, Diff: 0.0, Sum: 0.0]
      [Object Copy (ms): Min: 11.2, Avg: 12.2, Max: 12.8, Diff: 1.5, Sum: 48.7]
      [Termination (ms): Min: 0.0, Avg: 0.2, Max: 0.4, Diff: 0.4, Sum: 0.7]
         [Termination Attempts: Min: 1, Avg: 1.5, Max: 2, Diff: 1, Sum: 6]
      [GC Worker Other (ms): Min: 0.0, Avg: 0.0, Max: 0.0, Diff: 0.0, Sum: 0.0]
      [GC Worker Total (ms): Min: 13.5, Avg: 15.1, Max: 15.9, Diff: 2.4, Sum: 60.3]
      [GC Worker End (ms): Min: 9672.4, Avg: 9672.4, Max: 9672.4, Diff: 0.0]
   [Code Root Fixup: 0.0 ms]
   [Code Root Purge: 0.0 ms]
   [Clear CT: 0.1 ms]
   [Other: 2.9 ms]
      [Evacuation Failure: 0.6 ms]
      [Choose CSet: 0.0 ms]
      [Ref Proc: 0.7 ms]
      [Ref Enq: 0.0 ms]
      [Redirty Cards: 0.0 ms]
      [Humongous Register: 1.1 ms]
      [Humongous Reclaim: 0.2 ms]
      [Free CSet: 0.1 ms]
   [Eden: 116.0M(156.0M)->0.0B(174.0M) Survivors: 39.0M->25.0M Heap: 2956.2M(3917.0M)->2965.0M(3982.0M)]
 [Times: user=0.03 sys=0.01, real=0.02 secs] 
2018-01-08T14:40:37.558+0300: 9.674: [GC pause (G1 Humongous Allocation) (young) (initial-mark), 0.0071546 secs]
   [Parallel Time: 5.3 ms, GC Workers: 4]
      [GC Worker Start (ms): Min: 9675.6, Avg: 9675.7, Max: 9675.8, Diff: 0.2]
      [Ext Root Scanning (ms): Min: 0.0, Avg: 2.1, Max: 4.0, Diff: 4.0, Sum: 8.2]
      [Update RS (ms): Min: 0.0, Avg: 0.8, Max: 2.2, Diff: 2.2, Sum: 3.1]
         [Processed Buffers: Min: 0, Avg: 2.8, Max: 8, Diff: 8, Sum: 11]
      [Scan RS (ms): Min: 0.0, Avg: 0.0, Max: 0.0, Diff: 0.0, Sum: 0.0]
      [Code Root Scanning (ms): Min: 0.0, Avg: 0.0, Max: 0.0, Diff: 0.0, Sum: 0.0]
      [Object Copy (ms): Min: 0.9, Avg: 2.1, Max: 4.1, Diff: 3.3, Sum: 8.4]
      [Termination (ms): Min: 0.0, Avg: 0.2, Max: 0.3, Diff: 0.3, Sum: 0.9]
         [Termination Attempts: Min: 1, Avg: 1.0, Max: 1, Diff: 0, Sum: 4]
      [GC Worker Other (ms): Min: 0.0, Avg: 0.0, Max: 0.0, Diff: 0.0, Sum: 0.0]
      [GC Worker Total (ms): Min: 5.0, Avg: 5.2, Max: 5.2, Diff: 0.2, Sum: 20.7]
      [GC Worker End (ms): Min: 9680.9, Avg: 9680.9, Max: 9680.9, Diff: 0.0]
   [Code Root Fixup: 0.0 ms]
   [Code Root Purge: 0.0 ms]
   [Clear CT: 0.1 ms]
   [Other: 1.7 ms]
      [Choose CSet: 0.0 ms]
      [Ref Proc: 0.2 ms]
      [Ref Enq: 0.0 ms]
      [Redirty Cards: 0.1 ms]
      [Humongous Register: 1.0 ms]
      [Humongous Reclaim: 0.2 ms]
      [Free CSet: 0.1 ms]
   [Eden: 1024.0K(174.0M)->0.0B(198.0M) Survivors: 25.0M->1024.0K Heap: 2965.9M(3982.0M)->2965.1M(3982.0M)]
 [Times: user=0.02 sys=0.00, real=0.00 secs] 
2018-01-08T14:40:37.566+0300: 9.682: [GC concurrent-root-region-scan-start]
2018-01-08T14:40:37.566+0300: 9.682: [GC concurrent-root-region-scan-end, 0.0000412 secs]
2018-01-08T14:40:37.566+0300: 9.682: [GC concurrent-mark-start]
2018-01-08T14:40:37.575+0300: 9.691: [GC pause (G1 Humongous Allocation) (young) (to-space exhausted), 0.0041079 secs]
   [Parallel Time: 1.9 ms, GC Workers: 4]
      [GC Worker Start (ms): Min: 9692.0, Avg: 9692.1, Max: 9692.1, Diff: 0.1]
      [Ext Root Scanning (ms): Min: 0.1, Avg: 0.2, Max: 0.2, Diff: 0.1, Sum: 0.6]
      [Update RS (ms): Min: 0.5, Avg: 1.1, Max: 1.7, Diff: 1.1, Sum: 4.3]
         [Processed Buffers: Min: 12, Avg: 12.2, Max: 13, Diff: 1, Sum: 49]
      [Scan RS (ms): Min: 0.0, Avg: 0.0, Max: 0.0, Diff: 0.0, Sum: 0.0]
      [Code Root Scanning (ms): Min: 0.0, Avg: 0.0, Max: 0.0, Diff: 0.0, Sum: 0.0]
      [Object Copy (ms): Min: 0.0, Avg: 0.1, Max: 0.3, Diff: 0.3, Sum: 0.4]
      [Termination (ms): Min: 0.0, Avg: 0.5, Max: 0.8, Diff: 0.8, Sum: 2.0]
         [Termination Attempts: Min: 1, Avg: 1.0, Max: 1, Diff: 0, Sum: 4]
      [GC Worker Other (ms): Min: 0.0, Avg: 0.0, Max: 0.0, Diff: 0.0, Sum: 0.0]
      [GC Worker Total (ms): Min: 1.8, Avg: 1.8, Max: 1.9, Diff: 0.1, Sum: 7.4]
      [GC Worker End (ms): Min: 9693.9, Avg: 9693.9, Max: 9693.9, Diff: 0.0]
   [Code Root Fixup: 0.0 ms]
   [Code Root Purge: 0.0 ms]
   [Clear CT: 0.1 ms]
   [Other: 2.1 ms]
      [Evacuation Failure: 0.3 ms]
      [Choose CSet: 0.0 ms]
      [Ref Proc: 0.2 ms]
      [Ref Enq: 0.0 ms]
      [Redirty Cards: 0.0 ms]
      [Humongous Register: 1.4 ms]
      [Humongous Reclaim: 0.1 ms]
      [Free CSet: 0.0 ms]
   [Eden: 25.0M(198.0M)->0.0B(199.0M) Survivors: 1024.0K->0.0B Heap: 3008.7M(3982.0M)->3009.3M(3982.0M)]
 [Times: user=0.00 sys=0.00, real=0.01 secs] 
2018-01-08T14:40:37.579+0300: 9.695: [Full GC (Allocation Failure)  3009M->839M(2797M), 0.1468128 secs]
   [Eden: 0.0B(199.0M)->0.0B(745.0M) Survivors: 0.0B->0.0B Heap: 3009.3M(3982.0M)->839.0M(2797.0M)], [Metaspace: 3894K->3894K(1056768K)]
 [Times: user=0.11 sys=0.04, real=0.14 secs] 
2018-01-08T14:40:37.726+0300: 9.842: [GC concurrent-mark-abort]
2018-01-08T14:40:37.745+0300: 9.861: [GC pause (G1 Humongous Allocation) (young) (initial-mark), 0.0122498 secs]
   [Parallel Time: 9.5 ms, GC Workers: 4]
      [GC Worker Start (ms): Min: 9861.5, Avg: 9861.9, Max: 9862.0, Diff: 0.5]
      [Ext Root Scanning (ms): Min: 0.0, Avg: 1.5, Max: 2.9, Diff: 2.8, Sum: 6.2]
      [Update RS (ms): Min: 0.0, Avg: 0.7, Max: 1.6, Diff: 1.6, Sum: 2.7]
         [Processed Buffers: Min: 0, Avg: 12.0, Max: 25, Diff: 25, Sum: 48]
      [Scan RS (ms): Min: 0.0, Avg: 0.0, Max: 0.0, Diff: 0.0, Sum: 0.0]
      [Code Root Scanning (ms): Min: 0.0, Avg: 0.0, Max: 0.0, Diff: 0.0, Sum: 0.0]
      [Object Copy (ms): Min: 5.0, Avg: 6.2, Max: 7.5, Diff: 2.5, Sum: 24.7]
      [Termination (ms): Min: 0.0, Avg: 0.5, Max: 1.0, Diff: 1.0, Sum: 2.0]
         [Termination Attempts: Min: 1, Avg: 1.0, Max: 1, Diff: 0, Sum: 4]
      [GC Worker Other (ms): Min: 0.0, Avg: 0.0, Max: 0.0, Diff: 0.0, Sum: 0.0]
      [GC Worker Total (ms): Min: 8.8, Avg: 8.9, Max: 9.2, Diff: 0.5, Sum: 35.6]
      [GC Worker End (ms): Min: 9870.8, Avg: 9870.8, Max: 9870.8, Diff: 0.0]
   [Code Root Fixup: 0.0 ms]
   [Code Root Purge: 0.0 ms]
   [Clear CT: 0.1 ms]
   [Other: 2.6 ms]
      [Choose CSet: 0.0 ms]
      [Ref Proc: 0.2 ms]
      [Ref Enq: 0.0 ms]
      [Redirty Cards: 0.2 ms]
      [Humongous Register: 0.4 ms]
      [Humongous Reclaim: 0.1 ms]
      [Free CSet: 0.1 ms]
   [Eden: 51.0M(745.0M)->0.0B(765.0M) Survivors: 0.0B->50.0M Heap: 941.6M(2797.0M)->941.2M(3034.0M)]
 [Times: user=0.02 sys=0.00, real=0.02 secs] 
2018-01-08T14:40:37.757+0300: 9.873: [GC concurrent-root-region-scan-start]
2018-01-08T14:40:37.757+0300: 9.873: [GC concurrent-root-region-scan-end, 0.0001068 secs]
2018-01-08T14:40:37.757+0300: 9.873: [GC concurrent-mark-start]
2018-01-08T14:40:37.761+0300: 9.877: [GC concurrent-mark-end, 0.0038527 secs]
2018-01-08T14:40:37.761+0300: 9.877: [GC remark 2018-01-08T14:40:37.761+0300: 9.877: [Finalize Marking, 0.0001719 secs] 2018-01-08T14:40:37.761+0300: 9.877: [GC ref-proc, 0.0000668 secs] 2018-01-08T14:40:37.761+0300: 9.877: [Unloading, 0.0007850 secs], 0.0042107 secs]
 [Times: user=0.01 sys=0.00, real=0.00 secs] 
2018-01-08T14:40:37.765+0300: 9.881: [GC cleanup 941M->941M(3034M), 0.0050207 secs]
 [Times: user=0.01 sys=0.00, real=0.01 secs] 
2018-01-08T14:40:38.458+0300: 10.574: [GC pause (G1 Evacuation Pause) (young), 0.1507575 secs]
   [Parallel Time: 148.9 ms, GC Workers: 4]
      [GC Worker Start (ms): Min: 10574.4, Avg: 10575.6, Max: 10576.9, Diff: 2.5]
      [Ext Root Scanning (ms): Min: 0.0, Avg: 0.1, Max: 0.2, Diff: 0.2, Sum: 0.5]
      [Update RS (ms): Min: 0.0, Avg: 0.8, Max: 2.0, Diff: 2.0, Sum: 3.1]
         [Processed Buffers: Min: 0, Avg: 13.0, Max: 27, Diff: 27, Sum: 52]
      [Scan RS (ms): Min: 0.0, Avg: 0.2, Max: 0.5, Diff: 0.5, Sum: 0.6]
      [Code Root Scanning (ms): Min: 0.0, Avg: 0.0, Max: 0.0, Diff: 0.0, Sum: 0.0]
      [Object Copy (ms): Min: 146.3, Avg: 146.5, Max: 146.9, Diff: 0.7, Sum: 586.1]
      [Termination (ms): Min: 0.0, Avg: 0.0, Max: 0.0, Diff: 0.0, Sum: 0.0]
         [Termination Attempts: Min: 1, Avg: 1.0, Max: 1, Diff: 0, Sum: 4]
      [GC Worker Other (ms): Min: 0.0, Avg: 0.1, Max: 0.2, Diff: 0.2, Sum: 0.3]
      [GC Worker Total (ms): Min: 146.3, Avg: 147.6, Max: 148.9, Diff: 2.5, Sum: 590.6]
      [GC Worker End (ms): Min: 10723.3, Avg: 10723.3, Max: 10723.3, Diff: 0.0]
   [Code Root Fixup: 0.0 ms]
   [Code Root Purge: 0.0 ms]
   [Clear CT: 0.2 ms]
   [Other: 1.7 ms]
      [Choose CSet: 0.0 ms]
      [Ref Proc: 0.0 ms]
      [Ref Enq: 0.0 ms]
      [Redirty Cards: 0.1 ms]
      [Humongous Register: 0.6 ms]
      [Humongous Reclaim: 0.1 ms]
      [Free CSet: 0.4 ms]
   [Eden: 707.0M(765.0M)->0.0B(247.0M) Survivors: 50.0M->102.0M Heap: 2302.4M(3035.0M)->2202.4M(3750.0M)]
 [Times: user=0.28 sys=0.15, real=0.14 secs] 
2018-01-08T14:40:38.609+0300: 10.725: [GC pause (G1 Humongous Allocation) (young) (initial-mark), 0.1290972 secs]
   [Parallel Time: 127.6 ms, GC Workers: 4]
      [GC Worker Start (ms): Min: 10725.9, Avg: 10725.9, Max: 10725.9, Diff: 0.0]
      [Ext Root Scanning (ms): Min: 0.2, Avg: 0.2, Max: 0.2, Diff: 0.0, Sum: 0.6]
      [Update RS (ms): Min: 106.7, Avg: 106.8, Max: 106.8, Diff: 0.1, Sum: 427.1]
         [Processed Buffers: Min: 82, Avg: 90.5, Max: 96, Diff: 14, Sum: 362]
      [Scan RS (ms): Min: 0.0, Avg: 0.0, Max: 0.1, Diff: 0.1, Sum: 0.2]
      [Code Root Scanning (ms): Min: 0.0, Avg: 0.0, Max: 0.0, Diff: 0.0, Sum: 0.0]
      [Object Copy (ms): Min: 20.5, Avg: 20.5, Max: 20.6, Diff: 0.0, Sum: 82.2]
      [Termination (ms): Min: 0.0, Avg: 0.0, Max: 0.0, Diff: 0.0, Sum: 0.0]
         [Termination Attempts: Min: 1, Avg: 64.8, Max: 100, Diff: 99, Sum: 259]
      [GC Worker Other (ms): Min: 0.0, Avg: 0.0, Max: 0.0, Diff: 0.0, Sum: 0.0]
      [GC Worker Total (ms): Min: 127.6, Avg: 127.6, Max: 127.6, Diff: 0.0, Sum: 510.2]
      [GC Worker End (ms): Min: 10853.5, Avg: 10853.5, Max: 10853.5, Diff: 0.0]
   [Code Root Fixup: 0.0 ms]
   [Code Root Purge: 0.0 ms]
   [Clear CT: 0.0 ms]
   [Other: 1.5 ms]
      [Choose CSet: 0.0 ms]
      [Ref Proc: 0.1 ms]
      [Ref Enq: 0.0 ms]
      [Redirty Cards: 0.0 ms]
      [Humongous Register: 0.6 ms]
      [Humongous Reclaim: 0.2 ms]
      [Free CSet: 0.1 ms]
   [Eden: 2048.0K(247.0M)->0.0B(265.0M) Survivors: 102.0M->2048.0K Heap: 2204.3M(3750.0M)->2208.1M(3797.0M)]
 [Times: user=0.48 sys=0.00, real=0.13 secs] 
2018-01-08T14:40:38.738+0300: 10.854: [GC concurrent-root-region-scan-start]
2018-01-08T14:40:38.741+0300: 10.857: [GC concurrent-root-region-scan-end, 0.0024278 secs]
2018-01-08T14:40:38.741+0300: 10.857: [GC concurrent-mark-start]
2018-01-08T14:40:38.748+0300: 10.864: [GC concurrent-mark-end, 0.0067979 secs]
2018-01-08T14:40:38.748+0300: 10.864: [GC remark 2018-01-08T14:40:38.748+0300: 10.864: [Finalize Marking, 0.0067265 secs] 2018-01-08T14:40:38.755+0300: 10.871: [GC ref-proc, 0.0000767 secs] 2018-01-08T14:40:38.755+0300: 10.871: [Unloading, 0.0004769 secs], 0.0080351 secs]
 [Times: user=0.02 sys=0.00, real=0.01 secs] 
2018-01-08T14:40:38.756+0300: 10.872: [GC cleanup 2231M->143M(3797M), 0.0076725 secs]
 [Times: user=0.03 sys=0.00, real=0.01 secs] 
2018-01-08T14:40:38.764+0300: 10.880: [GC concurrent-cleanup-start]
2018-01-08T14:40:38.779+0300: 10.895: [GC concurrent-cleanup-end, 0.0149139 secs]
2018-01-08T14:40:38.885+0300: 11.001: [GC pause (G1 Evacuation Pause) (young), 0.0396820 secs]
   [Parallel Time: 37.6 ms, GC Workers: 4]
      [GC Worker Start (ms): Min: 11001.3, Avg: 11003.0, Max: 11004.8, Diff: 3.5]
      [Ext Root Scanning (ms): Min: 0.0, Avg: 0.1, Max: 0.3, Diff: 0.3, Sum: 0.3]
      [Update RS (ms): Min: 0.0, Avg: 0.6, Max: 1.7, Diff: 1.7, Sum: 2.6]
         [Processed Buffers: Min: 0, Avg: 15.0, Max: 40, Diff: 40, Sum: 60]
      [Scan RS (ms): Min: 0.0, Avg: 0.0, Max: 0.1, Diff: 0.1, Sum: 0.2]
      [Code Root Scanning (ms): Min: 0.0, Avg: 0.0, Max: 0.0, Diff: 0.0, Sum: 0.0]
      [Object Copy (ms): Min: 34.0, Avg: 35.0, Max: 35.5, Diff: 1.5, Sum: 140.2]
      [Termination (ms): Min: 0.0, Avg: 0.1, Max: 0.1, Diff: 0.1, Sum: 0.2]
         [Termination Attempts: Min: 1, Avg: 1.0, Max: 1, Diff: 0, Sum: 4]
      [GC Worker Other (ms): Min: 0.0, Avg: 0.0, Max: 0.0, Diff: 0.0, Sum: 0.1]
      [GC Worker Total (ms): Min: 34.1, Avg: 35.9, Max: 37.5, Diff: 3.5, Sum: 143.5]
      [GC Worker End (ms): Min: 11038.9, Avg: 11038.9, Max: 11038.9, Diff: 0.0]
   [Code Root Fixup: 0.0 ms]
   [Code Root Purge: 0.0 ms]
   [Clear CT: 0.2 ms]
   [Other: 1.8 ms]
      [Choose CSet: 0.0 ms]
      [Ref Proc: 0.3 ms]
      [Ref Enq: 0.0 ms]
      [Redirty Cards: 0.3 ms]
      [Humongous Register: 0.2 ms]
      [Humongous Reclaim: 0.1 ms]
      [Free CSet: 0.2 ms]
   [Eden: 265.0M(265.0M)->0.0B(1092.0M) Survivors: 2048.0K->34.0M Heap: 734.9M(3797.0M)->741.3M(3834.0M)]
 [Times: user=0.10 sys=0.00, real=0.04 secs] 
2018-01-08T14:40:39.104+0300: 11.220: [GC pause (G1 Humongous Allocation) (young) (initial-mark), 0.0667800 secs]
   [Parallel Time: 64.7 ms, GC Workers: 4]
      [GC Worker Start (ms): Min: 11220.8, Avg: 11220.8, Max: 11220.8, Diff: 0.1]
      [Ext Root Scanning (ms): Min: 0.1, Avg: 0.2, Max: 0.2, Diff: 0.1, Sum: 0.7]
      [Update RS (ms): Min: 0.7, Avg: 0.9, Max: 1.3, Diff: 0.6, Sum: 3.5]
         [Processed Buffers: Min: 14, Avg: 15.8, Max: 17, Diff: 3, Sum: 63]
      [Scan RS (ms): Min: 0.0, Avg: 0.1, Max: 0.1, Diff: 0.1, Sum: 0.3]
      [Code Root Scanning (ms): Min: 0.0, Avg: 0.0, Max: 0.0, Diff: 0.0, Sum: 0.0]
      [Object Copy (ms): Min: 63.1, Avg: 63.4, Max: 63.6, Diff: 0.5, Sum: 253.6]
      [Termination (ms): Min: 0.0, Avg: 0.0, Max: 0.1, Diff: 0.1, Sum: 0.2]
         [Termination Attempts: Min: 1, Avg: 1.2, Max: 2, Diff: 1, Sum: 5]
      [GC Worker Other (ms): Min: 0.0, Avg: 0.0, Max: 0.0, Diff: 0.0, Sum: 0.1]
      [GC Worker Total (ms): Min: 64.6, Avg: 64.6, Max: 64.6, Diff: 0.1, Sum: 258.4]
      [GC Worker End (ms): Min: 11285.4, Avg: 11285.4, Max: 11285.4, Diff: 0.0]
   [Code Root Fixup: 0.0 ms]
   [Code Root Purge: 0.0 ms]
   [Clear CT: 0.3 ms]
   [Other: 1.8 ms]
      [Choose CSet: 0.0 ms]
      [Ref Proc: 0.2 ms]
      [Ref Enq: 0.0 ms]
      [Redirty Cards: 0.2 ms]
      [Humongous Register: 0.5 ms]
      [Humongous Reclaim: 0.1 ms]
      [Free CSet: 0.3 ms]
   [Eden: 448.0M(1092.0M)->0.0B(677.0M) Survivors: 34.0M->141.0M Heap: 1694.7M(3834.0M)->1699.9M(3864.0M)]
 [Times: user=0.19 sys=0.00, real=0.07 secs] 
2018-01-08T14:40:39.171+0300: 11.287: [GC concurrent-root-region-scan-start]
2018-01-08T14:40:39.172+0300: 11.288: [GC concurrent-root-region-scan-end, 0.0005286 secs]
2018-01-08T14:40:39.172+0300: 11.288: [GC concurrent-mark-start]
2018-01-08T14:40:39.177+0300: 11.293: [GC concurrent-mark-end, 0.0051638 secs]
2018-01-08T14:40:39.177+0300: 11.294: [GC remark 2018-01-08T14:40:39.177+0300: 11.294: [Finalize Marking, 0.0001224 secs] 2018-01-08T14:40:39.178+0300: 11.294: [GC ref-proc, 0.0000822 secs] 2018-01-08T14:40:39.178+0300: 11.294: [Unloading, 0.0005768 secs], 0.0034927 secs]
 [Times: user=0.01 sys=0.00, real=0.00 secs] 
2018-01-08T14:40:39.181+0300: 11.297: [GC cleanup 1731M->1731M(3864M), 0.0021639 secs]
 [Times: user=0.01 sys=0.00, real=0.00 secs] 
2018-01-08T14:40:39.821+0300: 11.938: [GC pause (G1 Evacuation Pause) (young) (to-space exhausted), 0.1970301 secs]
   [Parallel Time: 165.0 ms, GC Workers: 4]
      [GC Worker Start (ms): Min: 11938.7, Avg: 11938.8, Max: 11938.9, Diff: 0.1]
      [Ext Root Scanning (ms): Min: 0.1, Avg: 0.1, Max: 0.2, Diff: 0.1, Sum: 0.6]
      [Update RS (ms): Min: 0.7, Avg: 1.2, Max: 2.4, Diff: 1.7, Sum: 4.7]
         [Processed Buffers: Min: 14, Avg: 14.5, Max: 15, Diff: 1, Sum: 58]
      [Scan RS (ms): Min: 0.0, Avg: 0.2, Max: 0.4, Diff: 0.3, Sum: 0.8]
      [Code Root Scanning (ms): Min: 0.0, Avg: 0.0, Max: 0.0, Diff: 0.0, Sum: 0.0]
      [Object Copy (ms): Min: 161.7, Avg: 162.8, Max: 163.3, Diff: 1.6, Sum: 651.3]
      [Termination (ms): Min: 0.0, Avg: 0.1, Max: 0.3, Diff: 0.3, Sum: 0.6]
         [Termination Attempts: Min: 1, Avg: 1.0, Max: 1, Diff: 0, Sum: 4]
      [GC Worker Other (ms): Min: 0.0, Avg: 0.0, Max: 0.1, Diff: 0.0, Sum: 0.1]
      [GC Worker Total (ms): Min: 164.5, Avg: 164.5, Max: 164.6, Diff: 0.2, Sum: 658.1]
      [GC Worker End (ms): Min: 12103.3, Avg: 12103.3, Max: 12103.4, Diff: 0.0]
   [Code Root Fixup: 0.0 ms]
   [Code Root Purge: 0.0 ms]
   [Clear CT: 0.3 ms]
   [Other: 31.8 ms]
      [Evacuation Failure: 30.0 ms]
      [Choose CSet: 0.0 ms]
      [Ref Proc: 0.2 ms]
      [Ref Enq: 0.0 ms]
      [Redirty Cards: 0.1 ms]
      [Humongous Register: 0.9 ms]
      [Humongous Reclaim: 0.2 ms]
      [Free CSet: 0.3 ms]
   [Eden: 677.0M(677.0M)->0.0B(176.0M) Survivors: 141.0M->23.0M Heap: 2971.5M(3864.0M)->2973.7M(3982.0M)]
 [Times: user=0.30 sys=0.03, real=0.20 secs] 
2018-01-08T14:40:40.025+0300: 12.141: [GC pause (G1 Humongous Allocation) (young) (initial-mark), 0.0679062 secs]
   [Parallel Time: 65.8 ms, GC Workers: 4]
      [GC Worker Start (ms): Min: 12142.4, Avg: 12142.8, Max: 12143.0, Diff: 0.6]
      [Ext Root Scanning (ms): Min: 0.0, Avg: 0.2, Max: 0.6, Diff: 0.6, Sum: 0.8]
      [Update RS (ms): Min: 57.9, Avg: 58.1, Max: 58.4, Diff: 0.6, Sum: 232.5]
         [Processed Buffers: Min: 80, Avg: 88.5, Max: 96, Diff: 16, Sum: 354]
      [Scan RS (ms): Min: 0.0, Avg: 0.2, Max: 0.4, Diff: 0.4, Sum: 0.7]
      [Code Root Scanning (ms): Min: 0.0, Avg: 0.0, Max: 0.0, Diff: 0.0, Sum: 0.0]
      [Object Copy (ms): Min: 6.7, Avg: 6.8, Max: 6.9, Diff: 0.2, Sum: 27.3]
      [Termination (ms): Min: 0.0, Avg: 0.0, Max: 0.0, Diff: 0.0, Sum: 0.0]
         [Termination Attempts: Min: 1, Avg: 1.0, Max: 1, Diff: 0, Sum: 4]
      [GC Worker Other (ms): Min: 0.0, Avg: 0.0, Max: 0.0, Diff: 0.0, Sum: 0.1]
      [GC Worker Total (ms): Min: 65.2, Avg: 65.3, Max: 65.7, Diff: 0.6, Sum: 261.4]
      [GC Worker End (ms): Min: 12208.2, Avg: 12208.2, Max: 12208.2, Diff: 0.0]
   [Code Root Fixup: 0.0 ms]
   [Code Root Purge: 0.0 ms]
   [Clear CT: 0.1 ms]
   [Other: 2.0 ms]
      [Choose CSet: 0.0 ms]
      [Ref Proc: 0.2 ms]
      [Ref Enq: 0.0 ms]
      [Redirty Cards: 0.1 ms]
      [Humongous Register: 1.1 ms]
      [Humongous Reclaim: 0.2 ms]
      [Free CSet: 0.1 ms]
   [Eden: 2048.0K(176.0M)->0.0B(197.0M) Survivors: 23.0M->2048.0K Heap: 2975.7M(3982.0M)->2974.1M(3982.0M)]
 [Times: user=0.25 sys=0.00, real=0.07 secs] 
2018-01-08T14:40:40.093+0300: 12.209: [GC concurrent-root-region-scan-start]
2018-01-08T14:40:40.101+0300: 12.217: [GC concurrent-root-region-scan-end, 0.0075992 secs]
2018-01-08T14:40:40.101+0300: 12.217: [GC concurrent-mark-start]
2018-01-08T14:40:40.113+0300: 12.230: [GC concurrent-mark-end, 0.0126342 secs]
2018-01-08T14:40:40.114+0300: 12.230: [GC remark 2018-01-08T14:40:40.114+0300: 12.230: [Finalize Marking, 0.0000796 secs] 2018-01-08T14:40:40.114+0300: 12.230: [GC ref-proc, 0.0000726 secs] 2018-01-08T14:40:40.114+0300: 12.230: [Unloading, 0.0005509 secs], 0.0022545 secs]
 [Times: user=0.01 sys=0.00, real=0.00 secs] 
2018-01-08T14:40:40.116+0300: 12.232: [GC cleanup 3062M->756M(3982M), 0.0039167 secs]
 [Times: user=0.01 sys=0.00, real=0.01 secs] 
2018-01-08T14:40:40.120+0300: 12.236: [GC concurrent-cleanup-start]
2018-01-08T14:40:40.134+0300: 12.250: [GC concurrent-cleanup-end, 0.0136478 secs]
2018-01-08T14:40:40.230+0300: 12.347: [GC pause (G1 Evacuation Pause) (young), 0.0305973 secs]
   [Parallel Time: 29.0 ms, GC Workers: 4]
      [GC Worker Start (ms): Min: 12347.2, Avg: 12347.6, Max: 12347.7, Diff: 0.5]
      [Ext Root Scanning (ms): Min: 0.0, Avg: 0.1, Max: 0.3, Diff: 0.3, Sum: 0.3]
      [Update RS (ms): Min: 2.8, Avg: 3.0, Max: 3.5, Diff: 0.7, Sum: 12.1]
         [Processed Buffers: Min: 58, Avg: 61.2, Max: 69, Diff: 11, Sum: 245]
      [Scan RS (ms): Min: 0.0, Avg: 0.0, Max: 0.1, Diff: 0.1, Sum: 0.1]
      [Code Root Scanning (ms): Min: 0.0, Avg: 0.0, Max: 0.0, Diff: 0.0, Sum: 0.0]
      [Object Copy (ms): Min: 24.8, Avg: 25.4, Max: 25.6, Diff: 0.8, Sum: 101.6]
      [Termination (ms): Min: 0.0, Avg: 0.1, Max: 0.1, Diff: 0.1, Sum: 0.2]
         [Termination Attempts: Min: 1, Avg: 1.0, Max: 1, Diff: 0, Sum: 4]
      [GC Worker Other (ms): Min: 0.0, Avg: 0.0, Max: 0.0, Diff: 0.0, Sum: 0.1]
      [GC Worker Total (ms): Min: 28.5, Avg: 28.6, Max: 29.0, Diff: 0.5, Sum: 114.4]
      [GC Worker End (ms): Min: 12376.2, Avg: 12376.2, Max: 12376.2, Diff: 0.0]
   [Code Root Fixup: 0.0 ms]
   [Code Root Purge: 0.0 ms]
   [Clear CT: 0.1 ms]
   [Other: 1.5 ms]
      [Choose CSet: 0.0 ms]
      [Ref Proc: 0.2 ms]
      [Ref Enq: 0.0 ms]
      [Redirty Cards: 0.1 ms]
      [Humongous Register: 0.4 ms]
      [Humongous Reclaim: 0.1 ms]
      [Free CSet: 0.1 ms]
   [Eden: 197.0M(197.0M)->0.0B(982.0M) Survivors: 2048.0K->25.0M Heap: 1077.5M(3982.0M)->1082.8M(3982.0M)]
 [Times: user=0.10 sys=0.01, real=0.03 secs] 
2018-01-08T14:40:40.345+0300: 12.461: [GC pause (G1 Humongous Allocation) (young) (initial-mark), 0.0293082 secs]
   [Parallel Time: 27.7 ms, GC Workers: 4]
      [GC Worker Start (ms): Min: 12462.1, Avg: 12462.1, Max: 12462.2, Diff: 0.0]
      [Ext Root Scanning (ms): Min: 0.1, Avg: 0.2, Max: 0.2, Diff: 0.0, Sum: 0.7]
      [Update RS (ms): Min: 0.8, Avg: 1.0, Max: 1.7, Diff: 0.9, Sum: 4.1]
         [Processed Buffers: Min: 17, Avg: 17.8, Max: 18, Diff: 1, Sum: 71]
      [Scan RS (ms): Min: 0.0, Avg: 0.0, Max: 0.0, Diff: 0.0, Sum: 0.1]
      [Code Root Scanning (ms): Min: 0.0, Avg: 0.0, Max: 0.0, Diff: 0.0, Sum: 0.0]
      [Object Copy (ms): Min: 25.7, Avg: 26.3, Max: 26.5, Diff: 0.9, Sum: 105.2]
      [Termination (ms): Min: 0.0, Avg: 0.0, Max: 0.0, Diff: 0.0, Sum: 0.1]
         [Termination Attempts: Min: 1, Avg: 1.0, Max: 1, Diff: 0, Sum: 4]
      [GC Worker Other (ms): Min: 0.0, Avg: 0.0, Max: 0.0, Diff: 0.0, Sum: 0.1]
      [GC Worker Total (ms): Min: 27.5, Avg: 27.6, Max: 27.6, Diff: 0.0, Sum: 110.2]
      [GC Worker End (ms): Min: 12489.7, Avg: 12489.7, Max: 12489.7, Diff: 0.0]
   [Code Root Fixup: 0.0 ms]
   [Code Root Purge: 0.0 ms]
   [Clear CT: 0.1 ms]
   [Other: 1.5 ms]
      [Choose CSet: 0.0 ms]
      [Ref Proc: 0.2 ms]
      [Ref Enq: 0.0 ms]
      [Redirty Cards: 0.1 ms]
      [Humongous Register: 0.5 ms]
      [Humongous Reclaim: 0.1 ms]
      [Free CSet: 0.1 ms]
   [Eden: 188.0M(982.0M)->0.0B(840.0M) Survivors: 25.0M->126.0M Heap: 1532.4M(3982.0M)->1534.5M(3982.0M)]
 [Times: user=0.11 sys=0.00, real=0.03 secs] 
2018-01-08T14:40:40.375+0300: 12.491: [GC concurrent-root-region-scan-start]
2018-01-08T14:40:40.375+0300: 12.491: [GC concurrent-root-region-scan-end, 0.0004744 secs]
2018-01-08T14:40:40.375+0300: 12.491: [GC concurrent-mark-start]
2018-01-08T14:40:40.384+0300: 12.500: [GC concurrent-mark-end, 0.0086314 secs]
2018-01-08T14:40:40.384+0300: 12.500: [GC remark 2018-01-08T14:40:40.384+0300: 12.500: [Finalize Marking, 0.0001951 secs] 2018-01-08T14:40:40.384+0300: 12.500: [GC ref-proc, 0.0000686 secs] 2018-01-08T14:40:40.384+0300: 12.500: [Unloading, 0.0005642 secs], 0.0032850 secs]
 [Times: user=0.01 sys=0.00, real=0.00 secs] 
2018-01-08T14:40:40.387+0300: 12.504: [GC cleanup 1586M->1586M(3982M), 0.0022847 secs]
 [Times: user=0.01 sys=0.00, real=0.01 secs] 
Heap
 garbage-first heap   total 4077568K, used 2321228K [0x00000006c7200000, 0x00000006c7307c70, 0x00000007c0000000)
  region size 1024K, 535 young (547840K), 126 survivors (129024K)
 Metaspace       used 3900K, capacity 4720K, committed 4864K, reserved 1056768K
  class space    used 442K, capacity 507K, committed 512K, reserved 1048576K
