Java HotSpot(TM) 64-Bit Server VM (25.60-b23) for linux-amd64 JRE (1.8.0_60-b27), built on Aug  4 2015 12:19:40 by "java_re" with gcc 4.3.0 20080428 (Red Hat 4.3.0-8)
Memory: 4k page, physical 16303120k(4173392k free), swap 3998716k(3512732k free)
CommandLine flags: -XX:InitialHeapSize=260849920 -XX:MaxHeapSize=4173598720 -XX:ParallelGCThreads=2 -XX:+PrintGC -XX:+PrintGCDateStamps -XX:+PrintGCDetails -XX:+PrintGCTimeStamps -XX:+UseCompressedClassPointers -XX:+UseCompressedOops -XX:+UseParallelGC 
2018-01-06T18:48:14.758+0300: 0.125: [GC (Allocation Failure) [PSYoungGen: 64126K->10222K(74752K)] 64126K->59943K(245760K), 0.0106854 secs] [Times: user=0.01 sys=0.01, real=0.01 secs] 
2018-01-06T18:48:14.782+0300: 0.149: [GC (Allocation Failure) [PSYoungGen: 74616K->10226K(139264K)] 124337K->124214K(310272K), 0.0133439 secs] [Times: user=0.02 sys=0.00, real=0.01 secs] 
2018-01-06T18:48:14.795+0300: 0.162: [Full GC (Ergonomics) [PSYoungGen: 10226K->0K(139264K)] [ParOldGen: 113988K->124177K(272384K)] 124214K->124177K(411648K), [Metaspace: 3843K->3843K(1056768K)], 0.0152053 secs] [Times: user=0.02 sys=0.01, real=0.02 secs] 
2018-01-06T18:48:14.838+0300: 0.205: [GC (Allocation Failure) [PSYoungGen: 128834K->10223K(139264K)] 253011K->252582K(411648K), 0.0250470 secs] [Times: user=0.03 sys=0.02, real=0.02 secs] 
2018-01-06T18:48:14.863+0300: 0.230: [Full GC (Ergonomics) [PSYoungGen: 10223K->0K(139264K)] [ParOldGen: 242358K->252549K(488448K)] 252582K->252549K(627712K), [Metaspace: 3847K->3847K(1056768K)], 0.0232313 secs] [Times: user=0.04 sys=0.00, real=0.03 secs] 
2018-01-06T18:48:14.911+0300: 0.279: [GC (Allocation Failure) [PSYoungGen: 129010K->10224K(219648K)] 381560K->381078K(708096K), 0.0252368 secs] [Times: user=0.03 sys=0.02, real=0.03 secs] 
2018-01-06T18:48:14.937+0300: 0.304: [Full GC (Ergonomics) [PSYoungGen: 10224K->0K(219648K)] [ParOldGen: 370854K->381063K(670720K)] 381078K->381063K(890368K), [Metaspace: 3847K->3847K(1056768K)], 0.0546408 secs] [Times: user=0.10 sys=0.00, real=0.05 secs] 
2018-01-06T18:48:15.036+0300: 0.404: [GC (Allocation Failure) [PSYoungGen: 209044K->10239K(240640K)] 590108K->589016K(911360K), 0.0401252 secs] [Times: user=0.04 sys=0.04, real=0.04 secs] 
2018-01-06T18:48:15.077+0300: 0.444: [Full GC (Ergonomics) [PSYoungGen: 10239K->0K(240640K)] [ParOldGen: 578776K->588991K(984064K)] 589016K->588991K(1224704K), [Metaspace: 3847K->3847K(1056768K)], 0.0372891 secs] [Times: user=0.06 sys=0.01, real=0.03 secs] 
2018-01-06T18:48:15.156+0300: 0.523: [GC (Allocation Failure) [PSYoungGen: 230400K->220154K(496128K)] 819391K->818230K(1480192K), 0.0467546 secs] [Times: user=0.05 sys=0.04, real=0.04 secs] 
2018-01-06T18:48:15.255+0300: 0.622: [GC (Allocation Failure) [PSYoungGen: 495629K->260592K(536576K)] 1093705K->1092471K(1520640K), 0.0937565 secs] [Times: user=0.08 sys=0.10, real=0.10 secs] 
2018-01-06T18:48:15.349+0300: 0.716: [Full GC (Ergonomics) [PSYoungGen: 260592K->108467K(536576K)] [ParOldGen: 831878K->983959K(1472000K)] 1092471K->1092426K(2008576K), [Metaspace: 3847K->3847K(1056768K)], 0.0827574 secs] [Times: user=0.12 sys=0.04, real=0.08 secs] 
2018-01-06T18:48:15.480+0300: 0.847: [GC (Allocation Failure) [PSYoungGen: 384435K->382486K(827904K)] 1368394K->1366445K(2299904K), 0.0730691 secs] [Times: user=0.08 sys=0.07, real=0.07 secs] 
2018-01-06T18:48:15.627+0300: 0.994: [GC (Allocation Failure) [PSYoungGen: 787478K->452601K(857600K)] 1771437K->1768704K(2329600K), 0.1491446 secs] [Times: user=0.19 sys=0.09, real=0.15 secs] 
2018-01-06T18:48:15.776+0300: 1.143: [Full GC (Ergonomics) [PSYoungGen: 452601K->297144K(857600K)] [ParOldGen: 1316102K->1471522K(2056704K)] 1768704K->1768667K(2914304K), [Metaspace: 3847K->3847K(1056768K)], 0.1542289 secs] [Times: user=0.27 sys=0.03, real=0.15 secs] 
2018-01-06T18:48:16.437+0300: 1.804: [GC (Allocation Failure) [PSYoungGen: 702136K->452598K(906240K)] 2173659K->2066605K(2962944K), 0.1338379 secs] [Times: user=0.23 sys=0.03, real=0.13 secs] 
2018-01-06T18:48:16.642+0300: 2.009: [GC (Allocation Failure) [PSYoungGen: 906230K->452595K(906240K)] 2520237K->2517947K(2971648K), 0.1914706 secs] [Times: user=0.29 sys=0.08, real=0.19 secs] 
2018-01-06T18:48:16.834+0300: 2.201: [Full GC (Ergonomics) [PSYoungGen: 452595K->0K(906240K)] [ParOldGen: 2065351K->471017K(1168384K)] 2517947K->471017K(2074624K), [Metaspace: 3907K->3907K(1056768K)], 0.1422672 secs] [Times: user=0.18 sys=0.04, real=0.15 secs] 
2018-01-06T18:48:17.032+0300: 2.399: [GC (Allocation Failure) [PSYoungGen: 453632K->450338K(906240K)] 924649K->921355K(2074624K), 0.0816783 secs] [Times: user=0.16 sys=0.00, real=0.08 secs] 
2018-01-06T18:48:17.163+0300: 2.530: [GC (Allocation Failure) [PSYoungGen: 903970K->450900K(906240K)] 1374987K->1372193K(2074624K), 0.1577230 secs] [Times: user=0.30 sys=0.00, real=0.15 secs] 
2018-01-06T18:48:17.321+0300: 2.688: [Full GC (Ergonomics) [PSYoungGen: 450900K->204367K(906240K)] [ParOldGen: 921292K->1167718K(1965056K)] 1372193K->1372086K(2871296K), [Metaspace: 3907K->3907K(1056768K)], 0.1565549 secs] [Times: user=0.30 sys=0.00, real=0.16 secs] 
2018-01-06T18:48:17.529+0300: 2.896: [GC (Allocation Failure) [PSYoungGen: 657999K->450663K(906240K)] 1825718K->1822755K(2871296K), 0.1235639 secs] [Times: user=0.18 sys=0.05, real=0.14 secs] 
2018-01-06T18:48:18.147+0300: 3.515: [GC (Allocation Failure) [PSYoungGen: 904295K->366316K(906240K)] 2276387K->2189011K(2871296K), 0.1576271 secs] [Times: user=0.23 sys=0.08, real=0.16 secs] 
2018-01-06T18:48:18.305+0300: 3.672: [Full GC (Ergonomics) [PSYoungGen: 366316K->0K(906240K)] [ParOldGen: 1822695K->148742K(1022976K)] 2189011K->148742K(1929216K), [Metaspace: 3907K->3907K(1056768K)], 0.0669031 secs] [Times: user=0.06 sys=0.03, real=0.06 secs] 
2018-01-06T18:48:18.428+0300: 3.795: [GC (Allocation Failure) [PSYoungGen: 453435K->450491K(906240K)] 602177K->599233K(1929216K), 0.0777836 secs] [Times: user=0.14 sys=0.00, real=0.08 secs] 
2018-01-06T18:48:18.559+0300: 3.926: [GC (Allocation Failure) [PSYoungGen: 904123K->450826K(906240K)] 1052865K->1050023K(1929216K), 0.1523603 secs] [Times: user=0.30 sys=0.00, real=0.15 secs] 
2018-01-06T18:48:18.711+0300: 4.078: [Full GC (Ergonomics) [PSYoungGen: 450826K->27723K(906240K)] [ParOldGen: 599196K->1022255K(1967104K)] 1050023K->1049978K(2873344K), [Metaspace: 3907K->3907K(1056768K)], 0.1542374 secs] [Times: user=0.30 sys=0.00, real=0.16 secs] 
2018-01-06T18:48:18.919+0300: 4.287: [GC (Allocation Failure) [PSYoungGen: 481355K->450358K(906240K)] 1503610K->1500337K(2873344K), 0.0848954 secs] [Times: user=0.16 sys=0.00, real=0.09 secs] 
2018-01-06T18:48:19.055+0300: 4.422: [GC (Allocation Failure) [PSYoungGen: 903990K->451039K(906240K)] 1953969K->1951330K(2873344K), 0.1608534 secs] [Times: user=0.24 sys=0.07, real=0.17 secs] 
2018-01-06T18:48:19.216+0300: 4.583: [Full GC (Ergonomics) [PSYoungGen: 451039K->0K(906240K)] [ParOldGen: 1500291K->1951238K(2718720K)] 1951330K->1951238K(3624960K), [Metaspace: 3907K->3907K(1056768K)], 0.1838436 secs] [Times: user=0.27 sys=0.07, real=0.18 secs] 
2018-01-06T18:48:19.878+0300: 5.245: [GC (Allocation Failure) [PSYoungGen: 453632K->366562K(906240K)] 2404870K->2317800K(3624960K), 0.0741829 secs] [Times: user=0.14 sys=0.00, real=0.07 secs] 
2018-01-06T18:48:20.003+0300: 5.370: [GC (Allocation Failure) [PSYoungGen: 820194K->450607K(906240K)] 2771432K->2742803K(3624960K), 0.1552122 secs] [Times: user=0.22 sys=0.07, real=0.15 secs] 
2018-01-06T18:48:20.158+0300: 5.526: [Full GC (Ergonomics) [PSYoungGen: 450607K->0K(906240K)] [ParOldGen: 2292195K->709574K(1747456K)] 2742803K->709574K(2653696K), [Metaspace: 3907K->3907K(1056768K)], 0.1578750 secs] [Times: user=0.25 sys=0.03, real=0.16 secs] 
2018-01-06T18:48:20.369+0300: 5.736: [GC (Allocation Failure) [PSYoungGen: 453632K->450683K(906240K)] 1163206K->1160257K(2653696K), 0.0801527 secs] [Times: user=0.16 sys=0.00, real=0.08 secs] 
2018-01-06T18:48:20.500+0300: 5.867: [GC (Allocation Failure) [PSYoungGen: 904315K->450420K(906240K)] 1613889K->1610636K(2653696K), 0.1621883 secs] [Times: user=0.31 sys=0.00, real=0.16 secs] 
2018-01-06T18:48:20.662+0300: 6.029: [Full GC (Ergonomics) [PSYoungGen: 450420K->0K(906240K)] [ParOldGen: 1160215K->1610547K(2712576K)] 1610636K->1610547K(3618816K), [Metaspace: 3907K->3907K(1056768K)], 0.2485615 secs] [Times: user=0.47 sys=0.00, real=0.25 secs] 
2018-01-06T18:48:21.144+0300: 6.511: [GC (Allocation Failure) [PSYoungGen: 453632K->418866K(906240K)] 2064179K->2029413K(3618816K), 0.0906643 secs] [Times: user=0.17 sys=0.00, real=0.08 secs] 
2018-01-06T18:48:21.559+0300: 6.926: [GC (Allocation Failure) [PSYoungGen: 872254K->399069K(906240K)] 2482801K->2418609K(3618816K), 0.1600073 secs] [Times: user=0.24 sys=0.07, real=0.16 secs] 
2018-01-06T18:48:21.772+0300: 7.139: [GC (Allocation Failure) [PSYoungGen: 852701K->451026K(906240K)] 2872241K->2853846K(3618816K), 0.1612961 secs] [Times: user=0.24 sys=0.07, real=0.16 secs] 
2018-01-06T18:48:21.933+0300: 7.300: [Full GC (Ergonomics) [PSYoungGen: 451026K->0K(906240K)] [ParOldGen: 2402820K->801235K(1963520K)] 2853846K->801235K(2869760K), [Metaspace: 3907K->3907K(1056768K)], 0.1773196 secs] [Times: user=0.28 sys=0.03, real=0.18 secs] 
2018-01-06T18:48:22.163+0300: 7.530: [GC (Allocation Failure) [PSYoungGen: 453632K->450920K(906240K)] 1254867K->1252155K(2869760K), 0.0793678 secs] [Times: user=0.16 sys=0.00, real=0.07 secs] 
2018-01-06T18:48:22.294+0300: 7.661: [GC (Allocation Failure) [PSYoungGen: 904552K->450613K(906240K)] 1705787K->1702708K(2869760K), 0.1556283 secs] [Times: user=0.31 sys=0.00, real=0.16 secs] 
2018-01-06T18:48:22.923+0300: 8.291: [GC (Allocation Failure) [PSYoungGen: 904245K->371363K(906240K)] 2156340K->2074016K(2869760K), 0.1578724 secs] [Times: user=0.32 sys=0.00, real=0.15 secs] 
2018-01-06T18:48:23.081+0300: 8.449: [Full GC (Ergonomics) [PSYoungGen: 371363K->86489K(906240K)] [ParOldGen: 1702652K->1963360K(2718720K)] 2074016K->2049850K(3624960K), [Metaspace: 3907K->3907K(1056768K)], 0.5761957 secs] [Times: user=1.10 sys=0.00, real=0.58 secs] 
2018-01-06T18:48:23.735+0300: 9.102: [GC (Allocation Failure) [PSYoungGen: 540121K->445959K(906240K)] 2503482K->2495818K(3624960K), 0.1104825 secs] [Times: user=0.19 sys=0.01, real=0.12 secs] 
2018-01-06T18:48:23.845+0300: 9.212: [Full GC (Ergonomics) [PSYoungGen: 445959K->0K(906240K)] [ParOldGen: 2049858K->441939K(1717248K)] 2495818K->441939K(2623488K), [Metaspace: 3907K->3907K(1056768K)], 0.1003936 secs] [Times: user=0.16 sys=0.01, real=0.10 secs] 
2018-01-06T18:48:24.000+0300: 9.368: [GC (Allocation Failure) [PSYoungGen: 453632K->450650K(906240K)] 895571K->892589K(2623488K), 0.0762260 secs] [Times: user=0.15 sys=0.00, real=0.08 secs] 
2018-01-06T18:48:24.130+0300: 9.497: [GC (Allocation Failure) [PSYoungGen: 904282K->450726K(906240K)] 1346221K->1343288K(2623488K), 0.1520325 secs] [Times: user=0.29 sys=0.00, real=0.15 secs] 
2018-01-06T18:48:24.334+0300: 9.702: [GC (Allocation Failure) [PSYoungGen: 903878K->450704K(906240K)] 1796440K->1793927K(2623488K), 0.1527558 secs] [Times: user=0.31 sys=0.00, real=0.16 secs] 
2018-01-06T18:48:24.487+0300: 9.854: [Full GC (Ergonomics) [PSYoungGen: 450704K->76816K(906240K)] [ParOldGen: 1343223K->1717006K(2718720K)] 1793927K->1793822K(3624960K), [Metaspace: 3907K->3907K(1056768K)], 0.2657544 secs] [Times: user=0.50 sys=0.00, real=0.26 secs] 
2018-01-06T18:48:25.234+0300: 10.601: [GC (Allocation Failure) [PSYoungGen: 530448K->366155K(906240K)] 2247454K->2159986K(3624960K), 0.0906985 secs] [Times: user=0.16 sys=0.02, real=0.10 secs] 
2018-01-06T18:48:25.377+0300: 10.744: [GC (Allocation Failure) [PSYoungGen: 819787K->450470K(906240K)] 2613618K->2584890K(3624960K), 0.1565620 secs] [Times: user=0.25 sys=0.05, real=0.15 secs] 
2018-01-06T18:48:25.533+0300: 10.900: [Full GC (Ergonomics) [PSYoungGen: 450470K->0K(906240K)] [ParOldGen: 2134420K->543545K(1908736K)] 2584890K->543545K(2814976K), [Metaspace: 3907K->3907K(1056768K)], 0.1143562 secs] [Times: user=0.20 sys=0.01, real=0.12 secs] 
2018-01-06T18:48:25.699+0300: 11.066: [GC (Allocation Failure) [PSYoungGen: 453632K->450640K(906240K)] 997177K->994186K(2814976K), 0.0797748 secs] [Times: user=0.14 sys=0.00, real=0.08 secs] 
2018-01-06T18:48:25.832+0300: 11.199: [GC (Allocation Failure) [PSYoungGen: 904272K->450415K(906240K)] 1447818K->1444541K(2814976K), 0.1517651 secs] [Times: user=0.30 sys=0.00, real=0.16 secs] 
2018-01-06T18:48:26.037+0300: 11.404: [GC (Allocation Failure) [PSYoungGen: 904047K->451066K(906240K)] 1898173K->1895537K(2814976K), 0.1555443 secs] [Times: user=0.30 sys=0.00, real=0.15 secs] 
2018-01-06T18:48:26.193+0300: 11.560: [Full GC (Ergonomics) [PSYoungGen: 451066K->0K(906240K)] [ParOldGen: 1444470K->1895436K(2718720K)] 1895537K->1895436K(3624960K), [Metaspace: 3907K->3907K(1056768K)], 0.2824865 secs] [Times: user=0.54 sys=0.01, real=0.29 secs] 
2018-01-06T18:48:26.959+0300: 12.326: [GC (Allocation Failure) [PSYoungGen: 453632K->366449K(906240K)] 2349068K->2261885K(3624960K), 0.0760751 secs] [Times: user=0.14 sys=0.00, real=0.08 secs] 
2018-01-06T18:48:27.085+0300: 12.452: [GC (Allocation Failure) [PSYoungGen: 820081K->450429K(906240K)] 2715517K->2686731K(3624960K), 0.1573544 secs] [Times: user=0.26 sys=0.05, real=0.15 secs] 
2018-01-06T18:48:27.242+0300: 12.609: [Full GC (Ergonomics) [PSYoungGen: 450429K->0K(906240K)] [ParOldGen: 2236302K->645620K(2087936K)] 2686731K->645620K(2994176K), [Metaspace: 3907K->3907K(1056768K)], 0.1302057 secs] [Times: user=0.23 sys=0.00, real=0.13 secs] 
2018-01-06T18:48:27.424+0300: 12.792: [GC (Allocation Failure) [PSYoungGen: 453632K->450887K(906240K)] 1099252K->1096507K(2994176K), 0.0776035 secs] [Times: user=0.15 sys=0.00, real=0.07 secs] 
2018-01-06T18:48:27.555+0300: 12.922: [GC (Allocation Failure) [PSYoungGen: 904519K->450643K(906240K)] 1550139K->1547113K(2994176K), 0.1532465 secs] [Times: user=0.30 sys=0.00, real=0.16 secs] 
2018-01-06T18:48:27.806+0300: 13.173: [GC (Allocation Failure) [PSYoungGen: 904275K->441920K(906240K)] 2000745K->1988959K(2994176K), 0.1551297 secs] [Times: user=0.30 sys=0.00, real=0.15 secs] 
2018-01-06T18:48:27.961+0300: 13.329: [Full GC (Ergonomics) [PSYoungGen: 441920K->0K(906240K)] [ParOldGen: 1547038K->1986219K(2718720K)] 1988959K->1986219K(3624960K), [Metaspace: 3907K->3907K(1056768K)], 0.3038681 secs] [Times: user=0.59 sys=0.00, real=0.31 secs] 
2018-01-06T18:48:28.700+0300: 14.067: [GC (Allocation Failure) [PSYoungGen: 453632K->374970K(906240K)] 2439851K->2361189K(3624960K), 0.0727654 secs] [Times: user=0.14 sys=0.00, real=0.07 secs] 
2018-01-06T18:48:28.773+0300: 14.140: [Full GC (Ergonomics) [PSYoungGen: 374970K->0K(906240K)] [ParOldGen: 1986219K->303788K(1852928K)] 2361189K->303788K(2759168K), [Metaspace: 3907K->3907K(1056768K)], 0.0733306 secs] [Times: user=0.12 sys=0.01, real=0.08 secs] 
2018-01-06T18:48:28.898+0300: 14.265: [GC (Allocation Failure) [PSYoungGen: 453632K->450889K(906240K)] 757420K->754677K(2759168K), 0.0818951 secs] [Times: user=0.15 sys=0.00, real=0.08 secs] 
2018-01-06T18:48:29.034+0300: 14.401: [GC (Allocation Failure) [PSYoungGen: 904246K->451206K(906240K)] 1208035K->1205834K(2759168K), 0.1627254 secs] [Times: user=0.30 sys=0.00, real=0.17 secs] 
2018-01-06T18:48:29.255+0300: 14.622: [GC (Allocation Failure) [PSYoungGen: 904838K->450604K(906240K)] 1659466K->1656379K(2759168K), 0.1564512 secs] [Times: user=0.31 sys=0.00, real=0.16 secs] 
2018-01-06T18:48:29.411+0300: 14.779: [Full GC (Ergonomics) [PSYoungGen: 450604K->0K(906240K)] [ParOldGen: 1205774K->1656289K(2718720K)] 1656379K->1656289K(3624960K), [Metaspace: 3907K->3907K(1056768K)], 0.2399285 secs] [Times: user=0.46 sys=0.00, real=0.24 secs] 
2018-01-06T18:48:29.992+0300: 15.360: [GC (Allocation Failure) [PSYoungGen: 453632K->396904K(906240K)] 2109921K->2053194K(3624960K), 0.0807342 secs] [Times: user=0.15 sys=0.00, real=0.08 secs] 
2018-01-06T18:48:30.280+0300: 15.647: [GC (Allocation Failure) [PSYoungGen: 850376K->420819K(906240K)] 2506666K->2457528K(3624960K), 0.1563892 secs] [Times: user=0.26 sys=0.04, real=0.16 secs] 
2018-01-06T18:48:30.436+0300: 15.803: [Full GC (Ergonomics) [PSYoungGen: 420819K->0K(906240K)] [ParOldGen: 2036708K->392857K(2060800K)] 2457528K->392857K(2967040K), [Metaspace: 3907K->3907K(1056768K)], 0.0820671 secs] [Times: user=0.14 sys=0.00, real=0.08 secs] 
2018-01-06T18:48:30.572+0300: 15.939: [GC (Allocation Failure) [PSYoungGen: 453632K->450808K(906240K)] 846489K->843665K(2967040K), 0.0781785 secs] [Times: user=0.16 sys=0.00, real=0.08 secs] 
2018-01-06T18:48:30.705+0300: 16.072: [GC (Allocation Failure) [PSYoungGen: 904440K->450814K(906240K)] 1297297K->1294387K(2967040K), 0.1622298 secs] [Times: user=0.31 sys=0.00, real=0.16 secs] 
2018-01-06T18:48:30.923+0300: 16.290: [GC (Allocation Failure) [PSYoungGen: 904446K->450849K(906240K)] 1748019K->1745157K(2967040K), 0.1559806 secs] [Times: user=0.31 sys=0.00, real=0.16 secs] 
2018-01-06T18:48:31.079+0300: 16.446: [Full GC (Ergonomics) [PSYoungGen: 450849K->0K(906240K)] [ParOldGen: 1294308K->1745054K(2718720K)] 1745157K->1745054K(3624960K), [Metaspace: 3907K->3907K(1056768K)], 0.2614252 secs] [Times: user=0.50 sys=0.00, real=0.26 secs] 
Heap
 PSYoungGen      total 906240K, used 422771K [0x000000076d100000, 0x00000007c0000000, 0x00000007c0000000)
  eden space 453632K, 93% used [0x000000076d100000,0x0000000786ddce10,0x0000000788c00000)
  from space 452608K, 0% used [0x00000007a4600000,0x00000007a4600000,0x00000007c0000000)
  to   space 452608K, 0% used [0x0000000788c00000,0x0000000788c00000,0x00000007a4600000)
 ParOldGen       total 2718720K, used 1745054K [0x00000006c7200000, 0x000000076d100000, 0x000000076d100000)
  object space 2718720K, 64% used [0x00000006c7200000,0x0000000731a27b90,0x000000076d100000)
 Metaspace       used 3913K, capacity 4720K, committed 4864K, reserved 1056768K
  class space    used 442K, capacity 507K, committed 512K, reserved 1048576K
