Java HotSpot(TM) 64-Bit Server VM (25.60-b23) for linux-amd64 JRE (1.8.0_60-b27), built on Aug  4 2015 12:19:40 by "java_re" with gcc 4.3.0 20080428 (Red Hat 4.3.0-8)
Memory: 4k page, physical 16303120k(4153776k free), swap 3998716k(3512828k free)
CommandLine flags: -XX:InitialHeapSize=260849920 -XX:MaxHeapSize=4173598720 -XX:ParallelGCThreads=4 -XX:+PrintGC -XX:+PrintGCDateStamps -XX:+PrintGCDetails -XX:+PrintGCTimeStamps -XX:+UseCompressedClassPointers -XX:+UseCompressedOops -XX:+UseParallelGC 
2018-01-06T18:48:49.191+0300: 0.152: [GC (Allocation Failure) [PSYoungGen: 64434K->10218K(74752K)] 64434K->60447K(245760K), 0.0183621 secs] [Times: user=0.02 sys=0.00, real=0.02 secs] 
2018-01-06T18:48:49.225+0300: 0.187: [GC (Allocation Failure) [PSYoungGen: 74284K->10212K(139264K)] 124513K->124431K(310272K), 0.0190672 secs] [Times: user=0.03 sys=0.01, real=0.02 secs] 
2018-01-06T18:48:49.244+0300: 0.206: [Full GC (Ergonomics) [PSYoungGen: 10212K->0K(139264K)] [ParOldGen: 114219K->124382K(273408K)] 124431K->124382K(412672K), [Metaspace: 3832K->3832K(1056768K)], 0.0262201 secs] [Times: user=0.05 sys=0.00, real=0.02 secs] 
2018-01-06T18:48:49.297+0300: 0.259: [GC (Allocation Failure) [PSYoungGen: 128598K->10235K(139264K)] 252981K->252551K(412672K), 0.0183587 secs] [Times: user=0.03 sys=0.03, real=0.02 secs] 
2018-01-06T18:48:49.316+0300: 0.278: [Full GC (Ergonomics) [PSYoungGen: 10235K->0K(139264K)] [ParOldGen: 242316K->252492K(498688K)] 252551K->252492K(637952K), [Metaspace: 3833K->3833K(1056768K)], 0.0392227 secs] [Times: user=0.11 sys=0.01, real=0.03 secs] 
2018-01-06T18:48:49.378+0300: 0.339: [GC (Allocation Failure) [PSYoungGen: 128770K->10218K(203264K)] 381263K->380823K(701952K), 0.0166541 secs] [Times: user=0.02 sys=0.04, real=0.01 secs] 
2018-01-06T18:48:49.394+0300: 0.356: [Full GC (Ergonomics) [PSYoungGen: 10218K->0K(203264K)] [ParOldGen: 370604K->380772K(687104K)] 380823K->380772K(890368K), [Metaspace: 3833K->3833K(1056768K)], 0.0233477 secs] [Times: user=0.07 sys=0.01, real=0.03 secs] 
2018-01-06T18:48:49.459+0300: 0.421: [GC (Allocation Failure) [PSYoungGen: 193024K->10236K(232960K)] 573796K->572858K(920064K), 0.0268820 secs] [Times: user=0.04 sys=0.04, real=0.03 secs] 
2018-01-06T18:48:49.486+0300: 0.448: [Full GC (Ergonomics) [PSYoungGen: 10236K->0K(232960K)] [ParOldGen: 562622K->572812K(983040K)] 572858K->572812K(1216000K), [Metaspace: 3833K->3833K(1056768K)], 0.0344748 secs] [Times: user=0.12 sys=0.01, real=0.03 secs] 
2018-01-06T18:48:49.563+0300: 0.524: [GC (Allocation Failure) [PSYoungGen: 222122K->208880K(456192K)] 794935K->793849K(1439232K), 0.0305394 secs] [Times: user=0.05 sys=0.05, real=0.03 secs] 
2018-01-06T18:48:49.639+0300: 0.600: [GC (Allocation Failure) [PSYoungGen: 456176K->246266K(493568K)] 1041145K->1039855K(1476608K), 0.0792139 secs] [Times: user=0.08 sys=0.12, real=0.08 secs] 
2018-01-06T18:48:49.718+0300: 0.680: [Full GC (Ergonomics) [PSYoungGen: 246266K->57144K(493568K)] [ParOldGen: 793589K->982636K(1484800K)] 1039855K->1039781K(1978368K), [Metaspace: 3833K->3833K(1056768K)], 0.0904315 secs] [Times: user=0.13 sys=0.06, real=0.09 secs] 
2018-01-06T18:48:49.865+0300: 0.827: [GC (Allocation Failure) [PSYoungGen: 303987K->302953K(738304K)] 1286624K->1285590K(2223104K), 0.0432094 secs] [Times: user=0.08 sys=0.06, real=0.04 secs] 
2018-01-06T18:48:49.975+0300: 0.937: [GC (Allocation Failure) [PSYoungGen: 648992K->421881K(768000K)] 1631628K->1629702K(2252800K), 0.1441555 secs] [Times: user=0.26 sys=0.07, real=0.14 secs] 
2018-01-06T18:48:50.196+0300: 1.158: [GC (Allocation Failure) [PSYoungGen: 767993K->452601K(906240K)] 1975814K->1973462K(2427904K), 0.1882890 secs] [Times: user=0.20 sys=0.11, real=0.19 secs] 
2018-01-06T18:48:50.385+0300: 1.346: [Full GC (Ergonomics) [PSYoungGen: 452601K->451993K(906240K)] [ParOldGen: 1520860K->1521396K(2148352K)] 1973462K->1973389K(3054592K), [Metaspace: 3833K->3833K(1056768K)], 0.3892044 secs] [Times: user=0.78 sys=0.02, real=0.38 secs] 
2018-01-06T18:48:51.323+0300: 2.285: [GC (Allocation Failure) [PSYoungGen: 905625K->452584K(906240K)] 2427021K->2324007K(3054592K), 0.1647741 secs] [Times: user=0.35 sys=0.06, real=0.16 secs] 
2018-01-06T18:48:51.488+0300: 2.450: [Full GC (Ergonomics) [PSYoungGen: 452584K->0K(906240K)] [ParOldGen: 1871423K->260039K(985088K)] 2324007K->260039K(1891328K), [Metaspace: 3894K->3894K(1056768K)], 0.1310290 secs] [Times: user=0.17 sys=0.04, real=0.13 secs] 
2018-01-06T18:48:51.713+0300: 2.675: [GC (Allocation Failure) [PSYoungGen: 453632K->450839K(906240K)] 713671K->710879K(1891328K), 0.1081373 secs] [Times: user=0.22 sys=0.00, real=0.11 secs] 
2018-01-06T18:48:51.888+0300: 2.850: [GC (Allocation Failure) [PSYoungGen: 904471K->452598K(906240K)] 1164511K->1162080K(1891328K), 0.1346194 secs] [Times: user=0.49 sys=0.00, real=0.13 secs] 
2018-01-06T18:48:52.022+0300: 2.984: [Full GC (Ergonomics) [PSYoungGen: 452598K->177509K(906240K)] [ParOldGen: 709481K->984541K(1825280K)] 1162080K->1162050K(2731520K), [Metaspace: 3894K->3894K(1056768K)], 0.1914832 secs] [Times: user=0.66 sys=0.00, real=0.19 secs] 
2018-01-06T18:48:52.271+0300: 3.233: [GC (Allocation Failure) [PSYoungGen: 631141K->450651K(906240K)] 1615682K->1612718K(2731520K), 0.1209912 secs] [Times: user=0.35 sys=0.04, real=0.12 secs] 
2018-01-06T18:48:52.655+0300: 3.616: [GC (Allocation Failure) [PSYoungGen: 904283K->417450K(906240K)] 2066350K->2030124K(2731520K), 0.1307921 secs] [Times: user=0.30 sys=0.08, real=0.14 secs] 
2018-01-06T18:48:52.786+0300: 3.747: [Full GC (Ergonomics) [PSYoungGen: 417450K->195036K(906240K)] [ParOldGen: 1612673K->1824797K(2718720K)] 2030124K->2019834K(3624960K), [Metaspace: 3894K->3894K(1056768K)], 0.3328571 secs] [Times: user=1.02 sys=0.07, real=0.33 secs] 
2018-01-06T18:48:53.453+0300: 4.416: [GC (Allocation Failure) [PSYoungGen: 648668K->400467K(906240K)] 2473466K->2420320K(3624960K), 0.0956692 secs] [Times: user=0.26 sys=0.03, real=0.10 secs] 
2018-01-06T18:48:53.602+0300: 4.564: [GC (Allocation Failure) [PSYoungGen: 853650K->449974K(906240K)] 2873502K->2854879K(3624960K), 0.1335371 secs] [Times: user=0.33 sys=0.10, real=0.14 secs] 
2018-01-06T18:48:53.736+0300: 4.697: [Full GC (Ergonomics) [PSYoungGen: 449974K->0K(906240K)] [ParOldGen: 2404905K->802702K(1783296K)] 2854879K->802702K(2689536K), [Metaspace: 3894K->3894K(1056768K)], 0.1837771 secs] [Times: user=0.35 sys=0.03, real=0.18 secs] 
2018-01-06T18:48:54.003+0300: 4.965: [GC (Allocation Failure) [PSYoungGen: 453632K->450054K(906240K)] 1256334K->1252757K(2689536K), 0.0774708 secs] [Times: user=0.21 sys=0.00, real=0.07 secs] 
2018-01-06T18:48:54.146+0300: 5.108: [GC (Allocation Failure) [PSYoungGen: 903686K->450653K(906240K)] 1706389K->1703332K(2689536K), 0.1479001 secs] [Times: user=0.41 sys=0.00, real=0.14 secs] 
2018-01-06T18:48:54.294+0300: 5.256: [Full GC (Ergonomics) [PSYoungGen: 450653K->0K(906240K)] [ParOldGen: 1252679K->1703233K(2718720K)] 1703332K->1703233K(3624960K), [Metaspace: 3894K->3894K(1056768K)], 0.3063834 secs] [Times: user=0.85 sys=0.00, real=0.31 secs] 
2018-01-06T18:48:55.118+0300: 6.080: [GC (Allocation Failure) [PSYoungGen: 453632K->371296K(906240K)] 2156865K->2074529K(3624960K), 0.0730825 secs] [Times: user=0.25 sys=0.01, real=0.07 secs] 
2018-01-06T18:48:55.277+0300: 6.239: [GC (Allocation Failure) [PSYoungGen: 824669K->446270K(906240K)] 2527902K->2496526K(3624960K), 0.1481066 secs] [Times: user=0.41 sys=0.04, real=0.15 secs] 
2018-01-06T18:48:55.485+0300: 6.447: [GC (Allocation Failure) [PSYoungGen: 899902K->450423K(906240K)] 2950158K->2945561K(3624960K), 0.1423788 secs] [Times: user=0.38 sys=0.12, real=0.14 secs] 
2018-01-06T18:48:55.627+0300: 6.589: [Full GC (Ergonomics) [PSYoungGen: 450423K->0K(906240K)] [ParOldGen: 2495137K->892964K(2044416K)] 2945561K->892964K(2950656K), [Metaspace: 3894K->3894K(1056768K)], 0.1807529 secs] [Times: user=0.51 sys=0.03, real=0.18 secs] 
2018-01-06T18:48:55.858+0300: 6.820: [GC (Allocation Failure) [PSYoungGen: 453632K->450287K(906240K)] 1346596K->1343251K(2950656K), 0.0711269 secs] [Times: user=0.24 sys=0.00, real=0.07 secs] 
2018-01-06T18:48:55.980+0300: 6.941: [GC (Allocation Failure) [PSYoungGen: 903919K->450972K(906240K)] 1796883K->1794168K(2950656K), 0.1375743 secs] [Times: user=0.45 sys=0.00, real=0.14 secs] 
2018-01-06T18:48:56.646+0300: 7.608: [GC (Allocation Failure) [PSYoungGen: 904604K->366873K(906240K)] 2247800K->2160965K(2950656K), 0.1656152 secs] [Times: user=0.48 sys=0.00, real=0.16 secs] 
2018-01-06T18:48:56.812+0300: 7.774: [Full GC (Ergonomics) [PSYoungGen: 366873K->0K(906240K)] [ParOldGen: 1794092K->71763K(1325056K)] 2160965K->71763K(2231296K), [Metaspace: 3894K->3894K(1056768K)], 0.0606026 secs] [Times: user=0.06 sys=0.03, real=0.06 secs] 
2018-01-06T18:48:56.933+0300: 7.894: [GC (Allocation Failure) [PSYoungGen: 453632K->450990K(906240K)] 525395K->522753K(2231296K), 0.0878376 secs] [Times: user=0.28 sys=0.00, real=0.09 secs] 
2018-01-06T18:48:57.080+0300: 8.042: [GC (Allocation Failure) [PSYoungGen: 904195K->450313K(906240K)] 975958K->973013K(2231296K), 0.1539336 secs] [Times: user=0.53 sys=0.00, real=0.15 secs] 
2018-01-06T18:48:57.286+0300: 8.248: [GC (Allocation Failure) [PSYoungGen: 903945K->450611K(906240K)] 1426645K->1423530K(2231296K), 0.1339941 secs] [Times: user=0.50 sys=0.00, real=0.13 secs] 
2018-01-06T18:48:57.420+0300: 8.382: [Full GC (Ergonomics) [PSYoungGen: 450611K->98354K(906240K)] [ParOldGen: 972918K->1325051K(2654208K)] 1423530K->1423406K(3560448K), [Metaspace: 3894K->3894K(1056768K)], 0.2175909 secs] [Times: user=0.80 sys=0.00, real=0.22 secs] 
2018-01-06T18:48:57.689+0300: 8.651: [GC (Allocation Failure) [PSYoungGen: 551653K->450560K(906240K)] 1876705K->1873985K(3560448K), 0.0882627 secs] [Times: user=0.23 sys=0.02, real=0.09 secs] 
2018-01-06T18:48:58.290+0300: 9.252: [GC (Allocation Failure) [PSYoungGen: 903517K->365874K(906240K)] 2326942K->2239818K(3560448K), 0.1218100 secs] [Times: user=0.24 sys=0.13, real=0.12 secs] 
2018-01-06T18:48:58.462+0300: 9.423: [GC (Allocation Failure) [PSYoungGen: 819506K->450232K(906240K)] 2693450K->2664452K(3560448K), 0.1226115 secs] [Times: user=0.31 sys=0.09, real=0.13 secs] 
2018-01-06T18:48:58.584+0300: 9.546: [Full GC (Ergonomics) [PSYoungGen: 450232K->0K(906240K)] [ParOldGen: 2214220K->602155K(1955328K)] 2664452K->602155K(2861568K), [Metaspace: 3894K->3894K(1056768K)], 0.1160668 secs] [Times: user=0.35 sys=0.02, real=0.11 secs] 
2018-01-06T18:48:58.749+0300: 9.711: [GC (Allocation Failure) [PSYoungGen: 453632K->451060K(906240K)] 1055787K->1053215K(2861568K), 0.0705513 secs] [Times: user=0.25 sys=0.00, real=0.07 secs] 
2018-01-06T18:48:58.872+0300: 9.834: [GC (Allocation Failure) [PSYoungGen: 904692K->451181K(906240K)] 1506847K->1504342K(2861568K), 0.1340109 secs] [Times: user=0.50 sys=0.00, real=0.14 secs] 
2018-01-06T18:48:59.058+0300: 10.020: [GC (Allocation Failure) [PSYoungGen: 904813K->450590K(906240K)] 1957974K->1954833K(2861568K), 0.1351230 secs] [Times: user=0.48 sys=0.00, real=0.13 secs] 
2018-01-06T18:48:59.193+0300: 10.155: [Full GC (Ergonomics) [PSYoungGen: 450590K->0K(906240K)] [ParOldGen: 1504243K->1954686K(2718720K)] 1954833K->1954686K(3624960K), [Metaspace: 3894K->3894K(1056768K)], 0.2964426 secs] [Times: user=1.07 sys=0.00, real=0.30 secs] 
2018-01-06T18:49:00.009+0300: 10.971: [GC (Allocation Failure) [PSYoungGen: 453632K->366952K(906240K)] 2408318K->2321638K(3624960K), 0.0668382 secs] [Times: user=0.22 sys=0.00, real=0.07 secs] 
2018-01-06T18:49:00.132+0300: 11.094: [GC (Allocation Failure) [PSYoungGen: 820584K->450483K(906240K)] 2775270K->2746546K(3624960K), 0.1443627 secs] [Times: user=0.40 sys=0.07, real=0.15 secs] 
2018-01-06T18:49:00.277+0300: 11.238: [Full GC (Ergonomics) [PSYoungGen: 450483K->0K(906240K)] [ParOldGen: 2296063K->693626K(2104832K)] 2746546K->693626K(3011072K), [Metaspace: 3894K->3894K(1056768K)], 0.1594932 secs] [Times: user=0.46 sys=0.00, real=0.16 secs] 
2018-01-06T18:49:00.490+0300: 11.452: [GC (Allocation Failure) [PSYoungGen: 453632K->450858K(906240K)] 1147258K->1144485K(3011072K), 0.0861387 secs] [Times: user=0.27 sys=0.01, real=0.09 secs] 
2018-01-06T18:49:00.641+0300: 11.603: [GC (Allocation Failure) [PSYoungGen: 904490K->450745K(906240K)] 1598117K->1595173K(3011072K), 0.1419026 secs] [Times: user=0.45 sys=0.00, real=0.15 secs] 
2018-01-06T18:49:00.930+0300: 11.892: [GC (Allocation Failure) [PSYoungGen: 904377K->435100K(906240K)] 2048805K->2030243K(3011072K), 0.1392060 secs] [Times: user=0.47 sys=0.00, real=0.14 secs] 
2018-01-06T18:49:01.070+0300: 12.031: [Full GC (Ergonomics) [PSYoungGen: 435100K->0K(906240K)] [ParOldGen: 1595143K->2025244K(2718720K)] 2030243K->2025244K(3624960K), [Metaspace: 3894K->3894K(1056768K)], 0.3326259 secs] [Times: user=1.19 sys=0.00, real=0.33 secs] 
2018-01-06T18:49:01.831+0300: 12.793: [GC (Allocation Failure) [PSYoungGen: 453632K->382726K(906240K)] 2478876K->2407971K(3624960K), 0.0699868 secs] [Times: user=0.19 sys=0.00, real=0.07 secs] 
2018-01-06T18:49:01.901+0300: 12.863: [Full GC (Ergonomics) [PSYoungGen: 382726K->0K(906240K)] [ParOldGen: 2025244K->318448K(1836032K)] 2407971K->318448K(2742272K), [Metaspace: 3894K->3894K(1056768K)], 0.0705759 secs] [Times: user=0.19 sys=0.00, real=0.07 secs] 
2018-01-06T18:49:02.022+0300: 12.984: [GC (Allocation Failure) [PSYoungGen: 453629K->451037K(906240K)] 772078K->769486K(2742272K), 0.0677874 secs] [Times: user=0.22 sys=0.00, real=0.07 secs] 
2018-01-06T18:49:02.142+0300: 13.104: [GC (Allocation Failure) [PSYoungGen: 904083K->450153K(906240K)] 1222532K->1219557K(2742272K), 0.1330771 secs] [Times: user=0.50 sys=0.01, real=0.14 secs] 
2018-01-06T18:49:02.326+0300: 13.288: [GC (Allocation Failure) [PSYoungGen: 903785K->450705K(906240K)] 1673189K->1670198K(2742272K), 0.1334950 secs] [Times: user=0.50 sys=0.00, real=0.13 secs] 
2018-01-06T18:49:02.460+0300: 13.422: [Full GC (Ergonomics) [PSYoungGen: 450705K->0K(906240K)] [ParOldGen: 1219492K->1670065K(2718720K)] 1670198K->1670065K(3624960K), [Metaspace: 3894K->3894K(1056768K)], 0.2610541 secs] [Times: user=0.92 sys=0.00, real=0.26 secs] 
2018-01-06T18:49:03.079+0300: 14.040: [GC (Allocation Failure) [PSYoungGen: 453632K->397169K(906240K)] 2123697K->2067234K(3624960K), 0.0651221 secs] [Times: user=0.22 sys=0.00, real=0.07 secs] 
2018-01-06T18:49:03.363+0300: 14.325: [GC (Allocation Failure) [PSYoungGen: 850801K->420521K(906240K)] 2520866K->2471350K(3624960K), 0.1209204 secs] [Times: user=0.40 sys=0.05, real=0.13 secs] 
2018-01-06T18:49:03.484+0300: 14.446: [Full GC (Ergonomics) [PSYoungGen: 420521K->0K(906240K)] [ParOldGen: 2050828K->392280K(2038272K)] 2471350K->392280K(2944512K), [Metaspace: 3894K->3894K(1056768K)], 0.0736079 secs] [Times: user=0.23 sys=0.00, real=0.07 secs] 
2018-01-06T18:49:03.608+0300: 14.570: [GC (Allocation Failure) [PSYoungGen: 453632K->450688K(906240K)] 845912K->842969K(2944512K), 0.0666672 secs] [Times: user=0.26 sys=0.00, real=0.06 secs] 
2018-01-06T18:49:03.727+0300: 14.689: [GC (Allocation Failure) [PSYoungGen: 904320K->450820K(906240K)] 1296601K->1293697K(2944512K), 0.1344333 secs] [Times: user=0.49 sys=0.00, real=0.13 secs] 
2018-01-06T18:49:03.913+0300: 14.874: [GC (Allocation Failure) [PSYoungGen: 903759K->449923K(906240K)] 1746637K->1743542K(2944512K), 0.1335646 secs] [Times: user=0.50 sys=0.00, real=0.14 secs] 
2018-01-06T18:49:04.046+0300: 15.008: [Full GC (Ergonomics) [PSYoungGen: 449923K->0K(906240K)] [ParOldGen: 1293619K->1743435K(2718720K)] 1743542K->1743435K(3624960K), [Metaspace: 3894K->3894K(1056768K)], 0.2674373 secs] [Times: user=0.98 sys=0.00, real=0.26 secs] 
2018-01-06T18:49:04.843+0300: 15.805: [GC (Allocation Failure) [PSYoungGen: 453632K->366176K(906240K)] 2197067K->2109611K(3624960K), 0.0617693 secs] [Times: user=0.21 sys=0.01, real=0.06 secs] 
2018-01-06T18:49:04.954+0300: 15.916: [GC (Allocation Failure) [PSYoungGen: 819307K->450025K(906240K)] 2562742K->2534094K(3624960K), 0.1240896 secs] [Times: user=0.44 sys=0.01, real=0.13 secs] 
2018-01-06T18:49:05.078+0300: 16.040: [Full GC (Ergonomics) [PSYoungGen: 450025K->0K(906240K)] [ParOldGen: 2084069K->489918K(2248192K)] 2534094K->489918K(3154432K), [Metaspace: 3894K->3894K(1056768K)], 0.0878214 secs] [Times: user=0.30 sys=0.00, real=0.09 secs] 
2018-01-06T18:49:05.220+0300: 16.182: [GC (Allocation Failure) [PSYoungGen: 453632K->451160K(906240K)] 943550K->941078K(3154432K), 0.0691632 secs] [Times: user=0.24 sys=0.00, real=0.07 secs] 
2018-01-06T18:49:05.342+0300: 16.304: [GC (Allocation Failure) [PSYoungGen: 904718K->450568K(906240K)] 1394636K->1391565K(3154432K), 0.1343750 secs] [Times: user=0.51 sys=0.00, real=0.14 secs] 
2018-01-06T18:49:05.529+0300: 16.491: [GC (Allocation Failure) [PSYoungGen: 903904K->450346K(906240K)] 1844901K->1841825K(3154432K), 0.1349398 secs] [Times: user=0.51 sys=0.00, real=0.14 secs] 
Heap
 PSYoungGen      total 906240K, used 787392K [0x000000076d100000, 0x00000007c0000000, 0x00000007c0000000)
  eden space 453632K, 74% used [0x000000076d100000,0x0000000781a256b8,0x0000000788c00000)
  from space 452608K, 99% used [0x0000000788c00000,0x00000007a43ca9e8,0x00000007a4600000)
  to   space 452608K, 0% used [0x00000007a4600000,0x00000007a4600000,0x00000007c0000000)
 ParOldGen       total 2248192K, used 1391479K [0x00000006c7200000, 0x0000000750580000, 0x000000076d100000)
  object space 2248192K, 61% used [0x00000006c7200000,0x000000071c0ddd30,0x0000000750580000)
 Metaspace       used 3900K, capacity 4720K, committed 4864K, reserved 1056768K
  class space    used 442K, capacity 507K, committed 512K, reserved 1048576K
