Java HotSpot(TM) 64-Bit Server VM (25.60-b23) for linux-amd64 JRE (1.8.0_60-b27), built on Aug  4 2015 12:19:40 by "java_re" with gcc 4.3.0 20080428 (Red Hat 4.3.0-8)
Memory: 4k page, physical 16303120k(4088828k free), swap 3998716k(3562488k free)
CommandLine flags: -XX:InitialHeapSize=260849920 -XX:MaxHeapSize=4173598720 -XX:+PrintGC -XX:+PrintGCDateStamps -XX:+PrintGCDetails -XX:+PrintGCTimeStamps -XX:+UseCompressedClassPointers -XX:+UseCompressedOops -XX:+UseSerialGC 
2018-01-06T18:29:11.769+0300: 0.153: [GC (Allocation Failure) 2018-01-06T18:29:11.770+0300: 0.153: [DefNew: 68230K->8511K(76800K), 0.0236713 secs] 68230K->64097K(247488K), 0.0237652 secs] [Times: user=0.01 sys=0.01, real=0.02 secs] 
2018-01-06T18:29:11.806+0300: 0.190: [GC (Allocation Failure) 2018-01-06T18:29:11.806+0300: 0.190: [DefNew: 76699K->8509K(76800K), 0.0268620 secs] 132285K->132190K(247488K), 0.0269431 secs] [Times: user=0.02 sys=0.01, real=0.02 secs] 
2018-01-06T18:29:11.846+0300: 0.230: [GC (Allocation Failure) 2018-01-06T18:29:11.846+0300: 0.230: [DefNew: 76768K->8510K(76800K), 0.0292380 secs]2018-01-06T18:29:11.876+0300: 0.259: [Tenured: 191857K->191864K(192000K), 0.0044335 secs] 200449K->200368K(268800K), [Metaspace: 3846K->3846K(1056768K)], 0.0339087 secs] [Times: user=0.02 sys=0.01, real=0.03 secs] 
2018-01-06T18:29:11.907+0300: 0.290: [GC (Allocation Failure) 2018-01-06T18:29:11.907+0300: 0.290: [DefNew: 128058K->15931K(144000K), 0.0448029 secs] 319922K->319564K(463776K), 0.0448826 secs] [Times: user=0.03 sys=0.02, real=0.04 secs] 
2018-01-06T18:29:11.976+0300: 0.359: [GC (Allocation Failure) 2018-01-06T18:29:11.976+0300: 0.359: [DefNew: 143798K->15934K(144000K), 0.0488763 secs]2018-01-06T18:29:12.025+0300: 0.408: [Tenured: 431318K->431330K(431508K), 0.0063147 secs] 447431K->447252K(575508K), [Metaspace: 3847K->3847K(1056768K)], 0.0555356 secs] [Times: user=0.04 sys=0.02, real=0.05 secs] 
2018-01-06T18:29:12.092+0300: 0.476: [GC (Allocation Failure) 2018-01-06T18:29:12.092+0300: 0.476: [DefNew: 287562K->35900K(323584K), 0.0970554 secs] 718893K->717259K(1042472K), 0.0971378 secs] [Times: user=0.06 sys=0.03, real=0.10 secs] 
2018-01-06T18:29:12.241+0300: 0.624: [GC (Allocation Failure) 2018-01-06T18:29:12.241+0300: 0.624: [DefNew: 323580K->35901K(323584K), 0.1087878 secs]2018-01-06T18:29:12.349+0300: 0.733: [Tenured: 967467K->967494K(967548K), 0.0117999 secs] 1004939K->1003368K(1291132K), [Metaspace: 3847K->3847K(1056768K)], 0.1211769 secs] [Times: user=0.05 sys=0.07, real=0.12 secs] 
2018-01-06T18:29:12.497+0300: 0.881: [GC (Allocation Failure) 2018-01-06T18:29:12.497+0300: 0.881: [DefNew: 645120K->80575K(725696K), 0.2113756 secs] 1612614K->1608894K(2338188K), 0.2114578 secs] [Times: user=0.11 sys=0.10, real=0.21 secs] 
2018-01-06T18:29:13.269+0300: 1.652: [GC (Allocation Failure) 2018-01-06T18:29:13.269+0300: 1.652: [DefNew: 725695K->80576K(725696K), 0.2520996 secs]2018-01-06T18:29:13.521+0300: 1.904: [Tenured: 2059169K->66576K(2059204K), 0.0201804 secs] 2254014K->66576K(2784900K), [Metaspace: 3900K->3900K(1056768K)], 0.2919577 secs] [Times: user=0.17 sys=0.12, real=0.29 secs] 
2018-01-06T18:29:13.640+0300: 2.024: [GC (Allocation Failure) 2018-01-06T18:29:13.640+0300: 2.024: [DefNew: 645120K->80574K(725696K), 0.1502178 secs] 711696K->707246K(2338188K), 0.1502943 secs] [Times: user=0.15 sys=0.00, real=0.15 secs] 
2018-01-06T18:29:13.858+0300: 2.242: [GC (Allocation Failure) 2018-01-06T18:29:13.858+0300: 2.242: [DefNew: 725694K->80575K(725696K), 0.1664932 secs] 1352366K->1347561K(2338188K), 0.1665683 secs] [Times: user=0.17 sys=0.00, real=0.17 secs] 
2018-01-06T18:29:14.092+0300: 2.475: [GC (Allocation Failure) 2018-01-06T18:29:14.092+0300: 2.475: [DefNew: 725695K->80575K(725696K), 0.1961942 secs]2018-01-06T18:29:14.288+0300: 2.672: [Tenured: 1907302K->1907362K(1907400K), 0.0236868 secs] 1992681K->1987877K(2633096K), [Metaspace: 3900K->3900K(1056768K)], 0.2205755 secs] [Times: user=0.17 sys=0.05, real=0.22 secs] 
2018-01-06T18:29:14.915+0300: 3.299: [GC (Allocation Failure) 2018-01-06T18:29:14.915+0300: 3.299: [DefNew: 1087424K->1087424K(1223296K), 0.0000171 secs]2018-01-06T18:29:14.915+0300: 3.299: [Tenured: 1907362K->747796K(2718400K), 0.1759844 secs] 2994786K->747796K(3941696K), [Metaspace: 8227K->8227K(1056768K)], 0.1761187 secs] [Times: user=0.17 sys=0.00, real=0.17 secs] 
2018-01-06T18:29:15.202+0300: 3.586: [GC (Allocation Failure) 2018-01-06T18:29:15.203+0300: 3.586: [DefNew: 1087424K->135871K(1223296K), 0.2629734 secs] 1835220K->1827390K(3941696K), 0.2630648 secs] [Times: user=0.24 sys=0.02, real=0.27 secs] 
2018-01-06T18:29:16.094+0300: 4.478: [GC (Allocation Failure) 2018-01-06T18:29:16.094+0300: 4.478: [DefNew: 1223295K->135871K(1223296K), 0.4254372 secs] 2914814K->2797697K(3941696K), 0.4255178 secs] [Times: user=0.20 sys=0.22, real=0.43 secs] 
2018-01-06T18:29:16.634+0300: 5.017: [GC (Allocation Failure) 2018-01-06T18:29:16.634+0300: 5.017: [DefNew: 1223295K->1223295K(1223296K), 0.0000172 secs]2018-01-06T18:29:16.634+0300: 5.017: [Tenured: 2661825K->1888310K(2718400K), 0.4228902 secs] 3885121K->1888310K(3941696K), [Metaspace: 8227K->8227K(1056768K)], 0.4230339 secs] [Times: user=0.42 sys=0.00, real=0.43 secs] 
2018-01-06T18:29:17.731+0300: 6.115: [GC (Allocation Failure) 2018-01-06T18:29:17.731+0300: 6.115: [DefNew: 1087424K->1087424K(1223296K), 0.0000304 secs]2018-01-06T18:29:17.731+0300: 6.115: [Tenured: 1888310K->691419K(2718400K), 0.1766321 secs] 2975734K->691419K(3941696K), [Metaspace: 8227K->8227K(1056768K)], 0.1767822 secs] [Times: user=0.18 sys=0.00, real=0.18 secs] 
2018-01-06T18:29:18.020+0300: 6.404: [GC (Allocation Failure) 2018-01-06T18:29:18.020+0300: 6.404: [DefNew: 1087424K->135871K(1223296K), 0.2580663 secs] 1778843K->1772509K(3941696K), 0.2581416 secs] [Times: user=0.26 sys=0.00, real=0.26 secs] 
2018-01-06T18:29:18.902+0300: 7.285: [GC (Allocation Failure) 2018-01-06T18:29:18.902+0300: 7.285: [DefNew: 1223295K->1223295K(1223296K), 0.0000171 secs]2018-01-06T18:29:18.902+0300: 7.285: [Tenured: 1636638K->721512K(2718400K), 0.1796574 secs] 2859933K->721512K(3941696K), [Metaspace: 8227K->8227K(1056768K)], 0.1803463 secs] [Times: user=0.17 sys=0.00, real=0.18 secs] 
2018-01-06T18:29:19.192+0300: 7.576: [GC (Allocation Failure) 2018-01-06T18:29:19.192+0300: 7.576: [DefNew: 1074880K->134334K(1209216K), 0.2473866 secs] 1796392K->1790436K(3896284K), 0.2474664 secs] [Times: user=0.25 sys=0.00, real=0.25 secs] 
2018-01-06T18:29:20.064+0300: 8.448: [GC (Allocation Failure) 2018-01-06T18:29:20.064+0300: 8.448: [DefNew: 1209214K->1209214K(1209216K), 0.0000169 secs]2018-01-06T18:29:20.064+0300: 8.448: [Tenured: 1656101K->675980K(2687068K), 0.1678766 secs] 2865316K->675980K(3896284K), [Metaspace: 8227K->8227K(1056768K)], 0.1793764 secs] [Times: user=0.17 sys=0.01, real=0.18 secs] 
2018-01-06T18:29:20.346+0300: 8.729: [GC (Allocation Failure) 2018-01-06T18:29:20.346+0300: 8.729: [DefNew: 1005568K->125631K(1131200K), 0.2309485 secs] 1681548K->1675302K(3644752K), 0.2310296 secs] [Times: user=0.23 sys=0.00, real=0.23 secs] 
2018-01-06T18:29:21.200+0300: 9.584: [GC (Allocation Failure) 2018-01-06T18:29:21.200+0300: 9.584: [DefNew: 1131199K->125632K(1131200K), 0.2865609 secs] 2680870K->2564294K(3644752K), 0.2866454 secs] [Times: user=0.29 sys=0.00, real=0.29 secs] 
2018-01-06T18:29:21.590+0300: 9.973: [GC (Allocation Failure) 2018-01-06T18:29:21.590+0300: 9.974: [DefNew: 1131200K->1131200K(1131200K), 0.0000187 secs]2018-01-06T18:29:21.590+0300: 9.974: [Tenured: 2438662K->1492693K(2513552K), 0.3521878 secs] 3569862K->1492693K(3644752K), [Metaspace: 8227K->8227K(1056768K)], 0.3523009 secs] [Times: user=0.35 sys=0.00, real=0.35 secs] 
2018-01-06T18:29:22.615+0300: 10.999: [GC (Allocation Failure) 2018-01-06T18:29:22.615+0300: 10.999: [DefNew: 1005568K->125631K(1131200K), 0.2540470 secs] 2498261K->2381768K(3644752K), 0.2541301 secs] [Times: user=0.26 sys=0.00, real=0.26 secs] 
2018-01-06T18:29:22.973+0300: 11.356: [GC (Allocation Failure) 2018-01-06T18:29:22.973+0300: 11.356: [DefNew: 1131199K->1131199K(1131200K), 0.0000175 secs]2018-01-06T18:29:22.973+0300: 11.356: [Tenured: 2256136K->1347425K(2513552K), 0.3173985 secs] 3387336K->1347425K(3644752K), [Metaspace: 8227K->8227K(1056768K)], 0.3175222 secs] [Times: user=0.32 sys=0.00, real=0.32 secs] 
2018-01-06T18:29:23.984+0300: 12.367: [GC (Allocation Failure) 2018-01-06T18:29:23.984+0300: 12.367: [DefNew: 1005568K->125632K(1131200K), 0.2638565 secs] 2352993K->2236162K(3644752K), 0.2639395 secs] [Times: user=0.26 sys=0.00, real=0.26 secs] 
2018-01-06T18:29:24.352+0300: 12.736: [GC (Allocation Failure) 2018-01-06T18:29:24.352+0300: 12.736: [DefNew: 1131200K->1131200K(1131200K), 0.0000195 secs]2018-01-06T18:29:24.352+0300: 12.736: [Tenured: 2110530K->1168083K(2513552K), 0.2782550 secs] 3241730K->1168083K(3644752K), [Metaspace: 8227K->8227K(1056768K)], 0.2783711 secs] [Times: user=0.28 sys=0.00, real=0.28 secs] 
2018-01-06T18:29:25.330+0300: 13.713: [GC (Allocation Failure) 2018-01-06T18:29:25.330+0300: 13.713: [DefNew: 1005568K->125632K(1131200K), 0.2774500 secs] 2173651K->2049632K(3644752K), 0.2775290 secs] [Times: user=0.28 sys=0.00, real=0.28 secs] 
Heap
 def new generation   total 1131200K, used 165855K [0x00000006c7200000, 0x0000000713d60000, 0x000000071a150000)
  eden space 1005568K,   4% used [0x00000006c7200000, 0x00000006c9947cd8, 0x0000000704800000)
  from space 125632K, 100% used [0x000000070c2b0000, 0x0000000713d60000, 0x0000000713d60000)
  to   space 125632K,   0% used [0x0000000704800000, 0x0000000704800000, 0x000000070c2b0000)
 tenured generation   total 2513552K, used 1924000K [0x000000071a150000, 0x00000007b37f4000, 0x00000007c0000000)
   the space 2513552K,  76% used [0x000000071a150000, 0x000000078f8381e8, 0x000000078f838200, 0x00000007b37f4000)
 Metaspace       used 8237K, capacity 8404K, committed 8576K, reserved 1056768K
  class space    used 985K, capacity 1038K, committed 1152K, reserved 1048576K
